07-19 22:16:28.630   711   825 V AlarmManager: triggered: act=com.google.android.location.ALARM_WAKEUP_LOCATOR Pkg: com.google.android.gms
07-19 22:16:28.630   711   825 D AlarmManager: [Alarm][userspace]: Android alarm wakeup device when screen off nowRTC-nextWakeup diffTime: 0 WakeupAppName: *walarm*:com.google.android.location.ALARM_WAKEUP_LOCATOR
07-19 22:16:28.660   711   879 D WifiService: releaseWifiLockLocked: WifiLock{NlpWifiLock type=2 binder=android.os.BinderProxy@63e0373}
07-19 22:16:28.680   711   723 W ActivityManager: App Op not allow to start app com.tranzmate/10042
07-19 22:16:28.700   711  1358 W BroadcastQueue: Reject to launch app com.tranzmate/10042 for broadcast: App Op 63
07-19 22:16:29.040   711   725 W BroadcastQueue: Reject to launch app br.com.mobicare.oiwifi/10184 for broadcast: App Op 63
07-19 22:16:39.180   307   701 E NetlinkEvent: NetlinkEvent::FindParam(): Parameter 'UID' not found
07-19 22:16:59.990   711   825 D AlarmManager: [Alarm][userspace]:Doesn't Android setting RTC time wakeup device nowRTC-nextWakeup diffTime: -162943 when screen off
07-19 22:17:12.860   307   701 E NetlinkEvent: NetlinkEvent::FindParam(): Parameter 'UID' not found
07-19 22:17:12.860   711  1289 I ActivityManager: Killing 10240:com.asus.UpdateLauncher/1000 (adj 15): empty for 1822s
07-19 22:17:12.940   711  1289 I ActivityManager: Killing 10223:com.asus.asuszenuipcsuite/u0a2 (adj 15): empty for 1822s
07-19 22:17:13.020   711  1323 D ActivityManager: cleanUpApplicationRecord -- 10240
07-19 22:17:13.030   711  1338 D ActivityManager: cleanUpApplicationRecord -- 10223
07-19 22:17:23.760   711   825 D AlarmManager: [Alarm][userspace]:Doesn't Android setting RTC time wakeup device nowRTC-nextWakeup diffTime: -139174 when screen off
07-19 22:17:28.900   307   701 E NetlinkEvent: NetlinkEvent::FindParam(): Parameter 'UID' not found
07-19 22:18:18.500   307   701 E NetlinkEvent: NetlinkEvent::FindParam(): Parameter 'UID' not found
07-19 22:18:28.710   711   825 D AlarmManager: [Alarm][userspace]:Doesn't Android setting RTC time wakeup device nowRTC-nextWakeup diffTime: -74225 when screen off
07-19 22:18:37.620   307   701 E NetlinkEvent: NetlinkEvent::FindParam(): Parameter 'UID' not found
07-19 22:19:09.190   899   899 D PowerUI : oldTemp=267, mTemp=266
07-19 22:19:09.200   899   899 D PowerUI : show_hot_plug_dialog: true
07-19 22:19:09.200   899   899 D PowerUI : show_otg_cable_dialog: true
07-19 22:19:42.930   711   825 V AlarmManager: triggered: act=CONTEXT_MANAGER_ALARM_WAKEUP_77033 Pkg: com.google.android.gms
07-19 22:19:42.930   711   825 D AlarmManager: [Alarm][userspace]: Android alarm wakeup device when screen off nowRTC-nextWakeup diffTime: 0 WakeupAppName: *walarm*:CONTEXT_MANAGER_ALARM_WAKEUP_77033
07-19 22:19:42.960   711  1358 W ActivityManager: App Op not allow to start app com.tranzmate/10042
07-19 22:19:42.990   711   879 W BroadcastQueue: Reject to launch app com.tranzmate/10042 for broadcast: App Op 63
07-19 22:19:43.160   711   725 W ContextImpl: Calling a method in the system process without a qualified user: android.app.ContextImpl.sendBroadcast:784 com.android.server.AppOpsService$MdmLocationReq.run:1890 android.os.Handler.handleCallback:739 android.os.Handler.dispatchMessage:95 android.os.Looper.loop:148 
07-19 22:19:43.180   711   725 W ContextImpl: Calling a method in the system process without a qualified user: android.app.ContextImpl.sendBroadcast:784 com.android.server.AppOpsService$MdmLocationReq.run:1890 android.os.Handler.handleCallback:739 android.os.Handler.dispatchMessage:95 android.os.Looper.loop:148 
07-19 22:19:43.310   307   701 E NetlinkEvent: NetlinkEvent::FindParam(): Parameter 'UID' not found
07-19 22:19:45.470   711   725 W ContextImpl: Calling a method in the system process without a qualified user: android.app.ContextImpl.sendBroadcast:784 com.android.server.AppOpsService$MdmLocationReq.run:1890 android.os.Handler.handleCallback:739 android.os.Handler.dispatchMessage:95 android.os.Looper.loop:148 
07-19 22:19:45.610   711   725 W ContextImpl: Calling a method in the system process without a qualified user: android.app.ContextImpl.sendBroadcast:784 com.android.server.AppOpsService$MdmLocationReq.run:1890 android.os.Handler.handleCallback:739 android.os.Handler.dispatchMessage:95 android.os.Looper.loop:148 
07-19 22:19:45.650   711   725 W ContextImpl: Calling a method in the system process without a qualified user: android.app.ContextImpl.sendBroadcast:784 com.android.server.AppOpsService$MdmLocationReq.run:1890 android.os.Handler.handleCallback:739 android.os.Handler.dispatchMessage:95 android.os.Looper.loop:148 
07-19 22:19:45.790   711   725 W ContextImpl: Calling a method in the system process without a qualified user: android.app.ContextImpl.sendBroadcast:784 com.android.server.AppOpsService$MdmLocationReq.run:1890 android.os.Handler.handleCallback:739 android.os.Handler.dispatchMessage:95 android.os.Looper.loop:148 
07-19 22:19:53.790   711   723 W BroadcastQueue: Reject to launch app com.tranzmate/10042 for broadcast: App Op 63
07-19 22:19:59.990   711   825 D AlarmManager: [Alarm][userspace]:Doesn't Android setting RTC time wakeup device nowRTC-nextWakeup diffTime: -83641 when screen off
07-19 22:20:00.690   711   724 I UsageStatsService: User[0] Flushing usage stats to disk
07-19 22:20:00.860   307   701 E NetlinkEvent: NetlinkEvent::FindParam(): Parameter 'UID' not found
07-19 22:20:09.660   899   899 D PowerUI : oldTemp=266, mTemp=266
07-19 22:20:09.670   899   899 D PowerUI : show_hot_plug_dialog: true
07-19 22:20:09.670   899   899 D PowerUI : show_otg_cable_dialog: true
07-19 22:21:00.440   711   825 D AlarmManager: [Alarm][userspace]:Doesn't Android setting RTC time wakeup device nowRTC-nextWakeup diffTime: -23185 when screen off
07-19 22:21:10.140   899   899 D PowerUI : oldTemp=266, mTemp=265
07-19 22:21:10.150   899   899 D PowerUI : show_hot_plug_dialog: true
07-19 22:21:10.150   899   899 D PowerUI : show_otg_cable_dialog: true
07-19 22:21:23.640   711   825 V AlarmManager: triggered: act=com.google.android.location.ALARM_WAKEUP_LOCATOR Pkg: com.google.android.gms
07-19 22:21:23.650   711   825 D AlarmManager: [Alarm][userspace]: Android alarm wakeup device when screen off nowRTC-nextWakeup diffTime: 0 WakeupAppName: *walarm*:com.google.android.location.ALARM_WAKEUP_LOCATOR
07-19 22:21:23.680   711  1358 D WifiService: acquireWifiLockLocked: WifiLock{NlpWifiLock type=2 binder=android.os.BinderProxy@966d77d}
07-19 22:21:28.680   711   825 V AlarmManager: triggered: act=com.google.android.location.ALARM_WAKEUP_LOCATOR Pkg: com.google.android.gms
07-19 22:21:28.680   711   825 D AlarmManager: [Alarm][userspace]: Android alarm wakeup device when screen off nowRTC-nextWakeup diffTime: 0 WakeupAppName: *walarm*:com.google.android.location.ALARM_WAKEUP_LOCATOR
07-19 22:21:28.720   711  1360 D WifiService: releaseWifiLockLocked: WifiLock{NlpWifiLock type=2 binder=android.os.BinderProxy@966d77d}
07-19 22:21:28.760   711  1289 W ActivityManager: App Op not allow to start app com.tranzmate/10042
07-19 22:21:28.780   711  1290 W BroadcastQueue: Reject to launch app com.tranzmate/10042 for broadcast: App Op 63
07-19 22:21:29.410   711   725 W BroadcastQueue: Reject to launch app br.com.mobicare.oiwifi/10184 for broadcast: App Op 63
07-19 22:21:39.730   307   701 E NetlinkEvent: NetlinkEvent::FindParam(): Parameter 'UID' not found
07-19 22:21:54.980   307   701 E NetlinkEvent: NetlinkEvent::FindParam(): Parameter 'UID' not found
07-19 22:21:59.990   711   825 D AlarmManager: [Alarm][userspace]:Doesn't Android setting RTC time wakeup device nowRTC-nextWakeup diffTime: -263694 when screen off
07-19 22:22:10.630   899   899 D PowerUI : oldTemp=265, mTemp=265
07-19 22:22:10.640   899   899 D PowerUI : show_hot_plug_dialog: true
07-19 22:22:10.640   899   899 D PowerUI : show_otg_cable_dialog: true
07-19 22:22:23.750   711   825 D AlarmManager: [Alarm][userspace]:Doesn't Android setting RTC time wakeup device nowRTC-nextWakeup diffTime: -239926 when screen off
07-19 22:23:28.790   711   825 D AlarmManager: [Alarm][userspace]:Doesn't Android setting RTC time wakeup device nowRTC-nextWakeup diffTime: -174899 when screen off
07-19 22:23:44.140   307   701 E NetlinkEvent: NetlinkEvent::FindParam(): Parameter 'UID' not found
07-19 22:23:59.180   307   701 E NetlinkEvent: NetlinkEvent::FindParam(): Parameter 'UID' not found
07-19 22:24:02.970   307   701 E NetlinkEvent: NetlinkEvent::FindParam(): Parameter 'UID' not found
07-19 22:24:03.050   711  1290 I ActivityManager: Start proc 10855:com.google.android.videos/u0a133 for service com.google.android.videos/.service.drm.RefreshLicenseTaskService
07-19 22:24:03.390   711  1289 I ActivityManager: Start proc 10888:com.android.vending/u0a44 for service com.android.vending/com.google.android.finsky.contentfilter.impl.ContentFiltersService
07-19 22:24:03.490   711  1265 D WifiService: acquireWifiLockLocked: WifiLock{com.google.android.videos.service.drm.LicenseRefresher_tasks type=3 binder=android.os.BinderProxy@c024d0b}
07-19 22:24:03.500   711  1358 D WifiService: releaseWifiLockLocked: WifiLock{com.google.android.videos.service.drm.LicenseRefresher_tasks type=3 binder=android.os.BinderProxy@c024d0b}
07-19 22:24:04.010   711  1358 I ActivityManager: Killing 9611:com.instagram.android/u0a205 (adj 15): empty for 2034s
07-19 22:24:04.090   711   877 D ActivityManager: cleanUpApplicationRecord -- 9611
07-19 22:24:11.590   899   899 D PowerUI : oldTemp=265, mTemp=265
07-19 22:24:11.600   899   899 D PowerUI : show_hot_plug_dialog: true
07-19 22:24:11.600   899   899 D PowerUI : show_otg_cable_dialog: true
07-19 22:24:18.180   307   701 E NetlinkEvent: NetlinkEvent::FindParam(): Parameter 'UID' not found
07-19 22:25:08.720   711   725 I ProcessStatsService: Prepared write state in 8ms
07-19 22:25:12.060   899   899 D PowerUI : oldTemp=265, mTemp=264
07-19 22:25:12.070   899   899 D PowerUI : show_hot_plug_dialog: true
07-19 22:25:12.070   899   899 D PowerUI : show_otg_cable_dialog: true
07-19 22:26:12.540   899   899 D PowerUI : oldTemp=264, mTemp=263
07-19 22:26:12.560   899   899 D PowerUI : show_hot_plug_dialog: true
07-19 22:26:12.560   899   899 D PowerUI : show_otg_cable_dialog: true
07-19 22:26:23.690   711   825 V AlarmManager: triggered: act=com.google.android.location.ALARM_WAKEUP_LOCATOR Pkg: com.google.android.gms
07-19 22:26:23.700   711   825 D AlarmManager: [Alarm][userspace]: Android alarm wakeup device when screen off nowRTC-nextWakeup diffTime: 0 WakeupAppName: *walarm*:com.google.android.location.ALARM_WAKEUP_LOCATOR
07-19 22:26:23.730   711  1323 W ActivityManager: App Op not allow to start app com.tranzmate/10042
07-19 22:26:23.770   711  1338 D WifiService: acquireWifiLockLocked: WifiLock{NlpWifiLock type=2 binder=android.os.BinderProxy@966d77d}
07-19 22:26:23.790   711  1417 W BroadcastQueue: Reject to launch app com.tranzmate/10042 for broadcast: App Op 63
07-19 22:26:28.780   711   825 V AlarmManager: triggered: act=com.google.android.location.ALARM_WAKEUP_LOCATOR Pkg: com.google.android.gms
07-19 22:26:28.780   711   825 D AlarmManager: [Alarm][userspace]: Android alarm wakeup device when screen off nowRTC-nextWakeup diffTime: 0 WakeupAppName: *walarm*:com.google.android.location.ALARM_WAKEUP_LOCATOR
07-19 22:26:28.810   711  1290 D WifiService: releaseWifiLockLocked: WifiLock{NlpWifiLock type=2 binder=android.os.BinderProxy@966d77d}
07-19 22:26:29.150   711   725 W BroadcastQueue: Reject to launch app br.com.mobicare.oiwifi/10184 for broadcast: App Op 63
07-19 22:26:29.170   307   701 E NetlinkEvent: NetlinkEvent::FindParam(): Parameter 'UID' not found
07-19 22:26:32.430   711   725 W BroadcastQueue: Reject to launch app com.tranzmate/10042 for broadcast: App Op 63
07-19 22:26:45.260   307   701 E NetlinkEvent: NetlinkEvent::FindParam(): Parameter 'UID' not found
07-19 22:26:59.990   711   825 D AlarmManager: [Alarm][userspace]:Doesn't Android setting RTC time wakeup device nowRTC-nextWakeup diffTime: -283675 when screen off
07-19 22:27:13.030   899   899 D PowerUI : oldTemp=263, mTemp=263
07-19 22:27:13.040   899   899 D PowerUI : show_hot_plug_dialog: true
07-19 22:27:13.040   899   899 D PowerUI : show_otg_cable_dialog: true
07-19 22:27:23.820   711   825 D AlarmManager: [Alarm][userspace]:Doesn't Android setting RTC time wakeup device nowRTC-nextWakeup diffTime: -259850 when screen off
07-19 22:27:50.010   307   701 E NetlinkEvent: NetlinkEvent::FindParam(): Parameter 'UID' not found
07-19 22:28:06.060   307   701 E NetlinkEvent: NetlinkEvent::FindParam(): Parameter 'UID' not found
07-19 22:28:13.510   899   899 D PowerUI : oldTemp=263, mTemp=262
07-19 22:28:13.510   899   899 D PowerUI : show_hot_plug_dialog: true
07-19 22:28:13.510   899   899 D PowerUI : show_otg_cable_dialog: true
07-19 22:28:28.840   711   825 D AlarmManager: [Alarm][userspace]:Doesn't Android setting RTC time wakeup device nowRTC-nextWakeup diffTime: -194834 when screen off
07-19 22:28:55.540   307   701 E NetlinkEvent: NetlinkEvent::FindParam(): Parameter 'UID' not found
07-19 22:29:13.980   899   899 D PowerUI : oldTemp=262, mTemp=262
07-19 22:29:13.990   899   899 D PowerUI : show_hot_plug_dialog: true
07-19 22:29:13.990   899   899 D PowerUI : show_otg_cable_dialog: true
07-19 22:29:19.180   307   701 E NetlinkEvent: NetlinkEvent::FindParam(): Parameter 'UID' not found
07-19 22:30:14.460   899   899 D PowerUI : oldTemp=262, mTemp=262
07-19 22:30:14.470   899   899 D PowerUI : show_hot_plug_dialog: true
07-19 22:30:14.470   899   899 D PowerUI : show_otg_cable_dialog: true
07-19 22:30:25.370   307   701 E NetlinkEvent: NetlinkEvent::FindParam(): Parameter 'UID' not found
07-19 22:30:25.370   711  1417 I ActivityManager: Killing 10670:com.asus.sysmonitor/u0a51 (adj 15): empty for 1821s
07-19 22:30:25.460   711  1338 D ActivityManager: cleanUpApplicationRecord -- 10670
07-19 22:30:45.220   307   701 E NetlinkEvent: NetlinkEvent::FindParam(): Parameter 'UID' not found
07-19 22:31:23.700   711   825 D AlarmManager: [Alarm][userspace]:Doesn't Android setting RTC time wakeup device nowRTC-nextWakeup diffTime: -19968 when screen off
07-19 22:31:29.470   307   701 E NetlinkEvent: NetlinkEvent::FindParam(): Parameter 'UID' not found
07-19 22:31:43.660   711   825 V AlarmManager: triggered: act=com.facebook.rti.mqtt.f.e.ACTION_BACKUP_ALARM.FBNS.com.instagram.android pkg=com.instagram.android Pkg: com.instagram.android
07-19 22:31:43.670   711   825 D AlarmManager: [Alarm][userspace]: Android alarm wakeup device when screen off nowRTC-nextWakeup diffTime: 0 WakeupAppName: *walarm*:com.facebook.rti.mqtt.f.e.ACTION_BACKUP_ALARM.FBNS.com.instagram.android
07-19 22:31:43.700   711   825 V AlarmManager: triggered: act=X.06v.ACTION_BACKUP_ALARM.MqttLite.com.facebook.orca pkg=com.facebook.orca Pkg: com.facebook.orca
07-19 22:31:43.710   711   825 D AlarmManager: [Alarm][userspace]: Android alarm wakeup device when screen off nowRTC-nextWakeup diffTime: 0 WakeupAppName: *walarm*:X.06v.ACTION_BACKUP_ALARM.MqttLite.com.facebook.orca
07-19 22:31:43.730   711   825 V AlarmManager: triggered: act=X.0AI.ACTION_BACKUP_ALARM.FBNS.com.facebook.katana pkg=com.facebook.katana Pkg: com.facebook.katana
07-19 22:31:43.740   711  1289 W ActivityManager: App Op not allow to start app com.tranzmate/10042
07-19 22:31:43.740   711   825 D AlarmManager: [Alarm][userspace]: Android alarm wakeup device when screen off nowRTC-nextWakeup diffTime: 0 WakeupAppName: *walarm*:X.0AI.ACTION_BACKUP_ALARM.FBNS.com.facebook.katana
07-19 22:31:43.800   711   722 W BroadcastQueue: Reject to launch app com.tranzmate/10042 for broadcast: App Op 63
07-19 22:31:50.040   711   825 V AlarmManager: triggered: act=com.facebook.rti.mqtt.e.e.ACTION_INEXACT_ALARM.FBNS.com.instagram.android pkg=com.instagram.android Pkg: com.instagram.android
07-19 22:31:50.040   711   825 V AlarmManager: triggered: act=X.06w.ACTION_INEXACT_ALARM.MqttLite.com.facebook.orca pkg=com.facebook.orca Pkg: com.facebook.orca
07-19 22:31:50.040   711   825 V AlarmManager: triggered: act=com.google.android.location.ALARM_WAKEUP_LOCATOR Pkg: com.google.android.gms
07-19 22:31:50.040   711   825 V AlarmManager: triggered: cmp=com.mcdo.mcdonalds/co.vmob.sdk.activity.ActivityService Pkg: com.mcdo.mcdonalds
07-19 22:31:50.040   711   825 W ActivityManager: App Op not allow to start app com.mcdo.mcdonalds/10187
07-19 22:31:50.040   711   825 D AlarmManager: [Alarm][userspace]: Android alarm wakeup device when screen off nowRTC-nextWakeup diffTime: 0 WakeupAppName: *walarm*:com.facebook.rti.mqtt.e.e.ACTION_INEXACT_ALARM.FBNS.com.instagram.android
07-19 22:31:50.040   711  1338 D WifiService: acquireWifiLockLocked: WifiLock{NlpWifiLock type=2 binder=android.os.BinderProxy@3a2f675}
07-19 22:31:50.080   711  1360 I ActivityManager: Start proc 10979:com.whatsapp/u0a161 for broadcast com.whatsapp/.AlarmBroadcastReceiver
07-19 22:31:50.310   711   836 D WifiService: New client listening to asynchronous messages
07-19 22:31:50.330 10979 10979 D ActivityThread: Loading provider com.whatsapp.provider.contact: com.whatsapp.contact.ContactProvider
07-19 22:31:51.030   711  1350 I ActivityManager: Killing 10587:com.asus.deskclock:main/u0a82 (adj 15): empty for 1906s
07-19 22:31:51.080   711  1360 D ActivityManager: cleanUpApplicationRecord -- 10587
07-19 22:31:52.090   711  1417 I ActivityManager: Start proc 11056:android.process.acore/u0a30 for content provider com.android.providers.contacts/.ContactsProvider2
07-19 22:31:55.040   711   825 V AlarmManager: triggered: act=com.google.android.location.ALARM_WAKEUP_LOCATOR Pkg: com.google.android.gms
07-19 22:31:55.050   711   825 D AlarmManager: [Alarm][userspace]: Android alarm wakeup device when screen off nowRTC-nextWakeup diffTime: 0 WakeupAppName: *walarm*:com.google.android.location.ALARM_WAKEUP_LOCATOR
07-19 22:31:55.080   711  1289 D WifiService: releaseWifiLockLocked: WifiLock{NlpWifiLock type=2 binder=android.os.BinderProxy@3a2f675}
07-19 22:31:55.100   711  1350 W ActivityManager: App Op not allow to start app com.tranzmate/10042
07-19 22:31:55.260  3598  3598 I gpsd    : GpsHalPowerControlRuntimePm(disable)
07-19 22:31:55.560   711   725 W BroadcastQueue: Reject to launch app br.com.mobicare.oiwifi/10184 for broadcast: App Op 63
07-19 22:31:59.990   711   825 D AlarmManager: [Alarm][userspace]:Doesn't Android setting RTC time wakeup device nowRTC-nextWakeup diffTime: -50042 when screen off
07-19 22:32:07.030   711   725 I ActivityManager: Waited long enough for: ServiceRecord{ff60ab1 u0 com.whatsapp/.messaging.MessageService}
07-19 22:32:12.040  3598  3598 I gpsd    : GpsHalPowerControlRuntimePm(enable)
07-19 22:32:12.620   307   701 E NetlinkEvent: NetlinkEvent::FindParam(): Parameter 'UID' not found
07-19 22:32:15.420   899   899 D PowerUI : oldTemp=262, mTemp=262
07-19 22:32:15.430   899   899 D PowerUI : show_hot_plug_dialog: true
07-19 22:32:15.430   899   899 D PowerUI : show_otg_cable_dialog: true
07-19 22:32:50.050   711   825 V AlarmManager: triggered: act=com.whatsapp.messaging.m.CLIENT_PINGER_ACTION Pkg: com.whatsapp
07-19 22:32:50.050   711   825 V AlarmManager: triggered: cmp=com.mcdo.mcdonalds/co.vmob.sdk.location.geofence.GeofenceService Pkg: com.mcdo.mcdonalds
07-19 22:32:50.050   711   825 W ActivityManager: App Op not allow to start app com.mcdo.mcdonalds/10187
07-19 22:32:50.050   711   825 D AlarmManager: [Alarm][userspace]: Android alarm wakeup device when screen off nowRTC-nextWakeup diffTime: 0 WakeupAppName: *walarm*:com.whatsapp.messaging.m.CLIENT_PINGER_ACTION
07-19 22:32:50.080   307   701 E NetlinkEvent: NetlinkEvent::FindParam(): Parameter 'UID' not found
07-19 22:32:59.990   711   825 D AlarmManager: [Alarm][userspace]:Doesn't Android setting RTC time wakeup device nowRTC-nextWakeup diffTime: -230057 when screen off
07-19 22:33:19.660   307   701 E NetlinkEvent: NetlinkEvent::FindParam(): Parameter 'UID' not found
07-19 22:33:27.730   307   701 E NetlinkEvent: NetlinkEvent::FindParam(): Parameter 'UID' not found
07-19 22:33:42.980   307   701 E NetlinkEvent: NetlinkEvent::FindParam(): Parameter 'UID' not found
07-19 22:33:50.170   711   825 D AlarmManager: [Alarm][userspace]:Doesn't Android setting RTC time wakeup device nowRTC-nextWakeup diffTime: -179885 when screen off
07-19 22:33:55.110   711   825 D AlarmManager: [Alarm][userspace]:Doesn't Android setting RTC time wakeup device nowRTC-nextWakeup diffTime: -174940 when screen off
07-19 22:33:59.960   711   825 D AlarmManager: [Alarm][userspace]:Doesn't Android setting RTC time wakeup device nowRTC-nextWakeup diffTime: -170091 when screen off
07-19 22:34:04.140   307   701 E NetlinkEvent: NetlinkEvent::FindParam(): Parameter 'UID' not found
07-19 22:34:16.380   899   899 D PowerUI : oldTemp=262, mTemp=261
07-19 22:34:16.380   899   899 D PowerUI : show_hot_plug_dialog: true
07-19 22:34:16.380   899   899 D PowerUI : show_otg_cable_dialog: true
07-19 22:34:19.300   307   701 E NetlinkEvent: NetlinkEvent::FindParam(): Parameter 'UID' not found
07-19 22:34:29.380   307   701 E NetlinkEvent: NetlinkEvent::FindParam(): Parameter 'UID' not found
07-19 22:34:44.620   307   701 E NetlinkEvent: NetlinkEvent::FindParam(): Parameter 'UID' not found
07-19 22:35:16.860   899   899 D PowerUI : oldTemp=261, mTemp=261
07-19 22:35:16.870   899   899 D PowerUI : show_hot_plug_dialog: true
07-19 22:35:16.870   899   899 D PowerUI : show_otg_cable_dialog: true
07-19 22:35:21.080   307   701 E NetlinkEvent: NetlinkEvent::FindParam(): Parameter 'UID' not found
07-19 22:35:36.860   307   701 E NetlinkEvent: NetlinkEvent::FindParam(): Parameter 'UID' not found
07-19 22:35:51.290   307   701 E NetlinkEvent: NetlinkEvent::FindParam(): Parameter 'UID' not found
07-19 22:35:55.080   711   722 I ActivityManager: Start proc 11084:com.android.chrome/u0a77 for service com.android.chrome/org.chromium.chrome.browser.ChromeBackgroundService
07-19 22:35:55.970   711  1358 I ActivityManager: Killing 10685:com.asus.appinstallationservice/u0a185 (adj 15): empty for 2151s
07-19 22:35:56.030   711  1417 D ActivityManager: cleanUpApplicationRecord -- 10685
07-19 22:35:56.030   711  1375 D ConnectivityService: listenForNetwork for Listen from uid/pid:10077/11084 for NetworkRequest [ id=294, legacyType=-1, [ Capabilities: INTERNET&NOT_RESTRICTED&TRUSTED] ]
07-19 22:36:17.340   899   899 D PowerUI : oldTemp=261, mTemp=261
07-19 22:36:17.340   899   899 D PowerUI : show_hot_plug_dialog: true
07-19 22:36:17.340   899   899 D PowerUI : show_otg_cable_dialog: true
07-19 22:36:23.180   307   701 E NetlinkEvent: NetlinkEvent::FindParam(): Parameter 'UID' not found
07-19 22:36:26.170   307   701 E NetlinkEvent: NetlinkEvent::FindParam(): Parameter 'UID' not found
07-19 22:36:41.500   307   701 E NetlinkEvent: NetlinkEvent::FindParam(): Parameter 'UID' not found
07-19 22:36:50.060   711   825 V AlarmManager: triggered: cmp=com.google.android.gms/.checkin.EventLogServiceReceiver Pkg: com.google.android.gms
07-19 22:36:50.060   711   825 V AlarmManager: triggered: act=com.whatsapp.messaging.m.CLIENT_PINGER_ACTION Pkg: com.whatsapp
07-19 22:36:50.060   711   825 V AlarmManager: triggered: act=com.google.android.location.ALARM_WAKEUP_LOCATOR Pkg: com.google.android.gms
07-19 22:36:50.060   711   825 D AlarmManager: [Alarm][userspace]: Android alarm wakeup device when screen off nowRTC-nextWakeup diffTime: 0 WakeupAppName: *walarm*:com.google.android.gms/.checkin.EventLogServiceReceiver
07-19 22:36:50.110   711   877 W ActivityManager: App Op not allow to start app com.tranzmate/10042
07-19 22:36:50.190   307   701 E NetlinkEvent: NetlinkEvent::FindParam(): Parameter 'UID' not found
07-19 22:36:50.200   711  1358 D WifiService: acquireWifiLockLocked: WifiLock{NlpWifiLock type=2 binder=android.os.BinderProxy@d8c9a69}
07-19 22:36:50.210   711  1360 W BroadcastQueue: Reject to launch app com.tranzmate/10042 for broadcast: App Op 63
07-19 22:36:55.200   711   825 V AlarmManager: triggered: act=com.google.android.location.ALARM_WAKEUP_LOCATOR Pkg: com.google.android.gms
07-19 22:36:55.200   711   825 D AlarmManager: [Alarm][userspace]: Android alarm wakeup device when screen off nowRTC-nextWakeup diffTime: 0 WakeupAppName: *walarm*:com.google.android.location.ALARM_WAKEUP_LOCATOR
07-19 22:36:55.710   711  1290 D WifiService: releaseWifiLockLocked: WifiLock{NlpWifiLock type=2 binder=android.os.BinderProxy@d8c9a69}
07-19 22:36:55.720   711  1338 W ActivityManager: App Op not allow to start app com.tranzmate/10042
07-19 22:36:59.900   711  1360 W BroadcastQueue: Reject to launch app br.com.mobicare.oiwifi/10184 for broadcast: App Op 63
07-19 22:36:59.990   711   825 D AlarmManager: [Alarm][userspace]:Doesn't Android setting RTC time wakeup device nowRTC-nextWakeup diffTime: -290210 when screen off
07-19 22:37:06.940   307   701 E NetlinkEvent: NetlinkEvent::FindParam(): Parameter 'UID' not found
07-19 22:37:09.830   711   827 I PowerManagerService: Waking up from sleep (uid 1000)...
07-19 22:37:09.830   711   732 I DisplayPowerController: Blocking screen on until initial contents have been drawn.
07-19 22:37:09.840   307   701 E NetlinkEvent: NetlinkEvent::FindParam(): Parameter 'UID' not found
07-19 22:37:09.840   711   711 D NotificationService: updateLightsLocked turnOff
07-19 22:37:09.900   711   730 I DisplayManagerService: Display device changed state: "Tela integrada", ON
07-19 22:37:09.900   711   711 I DeviceIdleController: becomeActiveLocked, reason = screen
07-19 22:37:09.980   711   732 I DisplayPowerController: Unblocked screen on after 157 ms
07-19 22:37:10.030  1673  1673 W ContextImpl: Calling a method in the system process without a qualified user: android.app.ContextImpl.sendBroadcast:784 android.content.ContextWrapper.sendBroadcast:403 com.asus.powersaver.PowerSaverService$13.onReceive:-1 android.app.LoadedApk$ReceiverDispatcher$Args.run:884 android.os.Handler.handleCallback:739 
07-19 22:37:10.070   711   981 W ActivityManager: Permission Denial: opening provider android.support.v4.content.FileProvider from ProcessRecord{5fd468d 10605:com.asus.weathertime/u0a136} (pid=10605, uid=10136) that is not exported from uid 10025
07-19 22:37:10.150 10605 10605 I PackageParser: com.asus.weathertime: compat added android.permission.WRITE_EXTERNAL_STORAGE android.permission.READ_PHONE_STATE
07-19 22:37:10.420   711   725 W BroadcastQueue: Reject to launch app com.tranzmate/10042 for broadcast: App Op 63
07-19 22:37:11.780   899   899 D PowerUI : oldTemp=261, mTemp=261
07-19 22:37:11.780   899   899 D PowerUI : show_hot_plug_dialog: true
07-19 22:37:11.780   899   899 D PowerUI : show_otg_cable_dialog: true
07-19 22:37:12.200   899   899 D PowerUI : oldTemp=261, mTemp=262
07-19 22:37:12.210   899   899 D PowerUI : show_hot_plug_dialog: true
07-19 22:37:12.210   899   899 D PowerUI : show_otg_cable_dialog: true
07-19 22:37:12.220   711   711 D NotificationService: updateLightsLocked turnOff
07-19 22:37:12.220   711   711 D NotificationService: updateLightsLocked turnOff
07-19 22:37:12.250   711   725 I ActivityManager: Start proc 11196:com.asus.asuszenuipcsuite/u0a2 for broadcast com.asus.asuszenuipcsuite/.USBReceiver
07-19 22:37:12.260   711  1323 I ActivityManager: Killing 8514:com.asus.deskclock:ui/u0a82 (adj 15): empty for 2227s
07-19 22:37:12.350   711   722 D ActivityManager: cleanUpApplicationRecord -- 8514
07-19 22:37:12.700   711   879 I WindowManager: Screenshot max retries 4 of Token{e257610 ActivityRecord{62fead3 u0 com.ionicframework.ionic2restauth891032/.MainActivity t1649}} appWin=Window{95d406e u0 com.ionicframework.ionic2restauth891032/com.ionicframework.ionic2restauth891032.MainActivity} drawState=4
07-19 22:37:12.770   711  1360 D NotificationService: updateLightsLocked turnOff
07-19 22:37:12.790   711  1271 I ActivityManager: Start proc 11211:com.asus.UpdateLauncher/1000 for broadcast com.asus.UpdateLauncher/.UpdateLauncherIntentReceiver
07-19 22:37:12.910 11211 11211 W ContextImpl: Calling a method in the system process without a qualified user: android.app.ContextImpl.startService:1242 android.content.ContextWrapper.startService:588 android.content.ContextWrapper.startService:588 com.asus.UpdateLauncher.UpdateLauncherIntentReceiver.onReceive:-1 android.app.ActivityThread.handleReceiver:2765 
07-19 22:37:12.970   711  1375 W BroadcastQueue: Reject to launch app com.asus.linkrim/10111 for broadcast: App Op 63
07-19 22:37:13.540   711  1271 I ActivityManager: Start proc 11226:com.android.providers.calendar/u0a29 for content provider com.android.providers.calendar/.CalendarProvider2
07-19 22:37:14.900   711  1358 I ActivityManager: Start proc 11246:com.google.android.calendar/u0a91 for broadcast com.google.android.calendar/.alerts.AlertReceiver
07-19 22:37:14.980   711  1360 I ActivityManager: Start proc 11259:com.asus.photoclusteringservice/u0a26 for content provider com.asus.server.azs/com.asus.photoclusteringservice.PhotoEventContentProvider
07-19 22:37:15.090   711   825 V AlarmManager: triggered: act=CONTEXT_MANAGER_ALARM_WAKEUP_77033 Pkg: com.google.android.gms
07-19 22:37:15.280   711   879 W BroadcastQueue: Reject to launch app com.waze/10167 for broadcast: App Op 63
07-19 22:37:17.820   899   899 D PowerUI : oldTemp=262, mTemp=262
07-19 22:37:17.830   899   899 D PowerUI : show_hot_plug_dialog: true
07-19 22:37:17.830   899   899 D PowerUI : show_otg_cable_dialog: true
07-19 22:37:21.780   711   732 I PowerManagerService: Nap time (uid 1000)...
07-19 22:37:21.780   711   732 I PowerManagerService: Going to sleep due to screen timeout (uid 1000)...
07-19 22:37:21.780   711   732 I PowerManagerService: Sleeping (uid 1000)...
07-19 22:37:21.780   711   711 W InputMethodManagerService: Got RemoteException sending setActive(false) notification to pid 8514 uid 10082
07-19 22:37:22.370   711   730 I DisplayManagerService: Display device changed state: "Tela integrada", OFF
07-19 22:37:22.430   711   711 D NotificationService: updateLightsLocked turnOff
07-19 22:37:22.490  1673  1789 W ContextImpl: Calling a method in the system process without a qualified user: android.app.ContextImpl.bindService:1306 android.content.ContextWrapper.bindService:611 com.google.android.gms.common.stats.b.a:-1 com.google.android.gms.common.stats.b.a:-1 com.google.android.gms.analytics.internal.zzh$zza.zzhi:-1 
07-19 22:37:22.520   711   725 W BroadcastQueue: Reject to launch app com.tranzmate/10042 for broadcast: App Op 63
07-19 22:37:35.500   307   701 E NetlinkEvent: NetlinkEvent::FindParam(): Parameter 'UID' not found
07-19 22:37:50.240   711   825 D AlarmManager: [Alarm][userspace]:Doesn't Android setting RTC time wakeup device nowRTC-nextWakeup diffTime: -32286 when screen off
07-19 22:37:59.990   711   825 D AlarmManager: [Alarm][userspace]:Doesn't Android setting RTC time wakeup device nowRTC-nextWakeup diffTime: -22543 when screen off
07-19 22:38:18.310   899   899 D PowerUI : oldTemp=262, mTemp=261
07-19 22:38:18.320   899   899 D PowerUI : show_hot_plug_dialog: true
07-19 22:38:18.320   899   899 D PowerUI : show_otg_cable_dialog: true
07-19 22:38:22.330   307   701 E NetlinkEvent: NetlinkEvent::FindParam(): Parameter 'UID' not found
07-19 22:38:22.530   711   825 V AlarmManager: triggered: act=android.intent.action.SCREEN_OFF cmp=com.asus.mobilemanager/.Initializer$InitializerService Pkg: com.asus.mobilemanagerservice
07-19 22:38:22.530   711   825 D AlarmManager: [Alarm][userspace]: Android alarm wakeup device when screen off nowRTC-nextWakeup diffTime: 0 WakeupAppName: *walarm*:android.intent.action.SCREEN_OFF
07-19 22:38:22.580   711   981 I ActivityManager: Killing 10855:com.google.android.videos/u0a133 (adj 15): kill background
07-19 22:38:22.660   711   981 D ActivityManager: cleanUpApplicationRecord -- 10855
07-19 22:38:22.660   711   981 W ActivityManager: App Op not allow to restart app com.google.android.videos/10133
07-19 22:38:22.660   711  1417 W ActivityManager: Spurious death for ProcessRecord{ce79e93 0:com.google.android.videos/u0a133}, curProc for 10855: null
07-19 22:38:48.060   307   701 E NetlinkEvent: NetlinkEvent::FindParam(): Parameter 'UID' not found
07-19 22:38:55.730   711   825 D AlarmManager: [Alarm][userspace]:Doesn't Android setting RTC time wakeup device nowRTC-nextWakeup diffTime: -26683 when screen off
07-19 22:38:59.990   711   825 D AlarmManager: [Alarm][userspace]:Doesn't Android setting RTC time wakeup device nowRTC-nextWakeup diffTime: -22418 when screen off
07-19 22:39:18.780   899   899 D PowerUI : oldTemp=261, mTemp=260
07-19 22:39:18.790   899   899 D PowerUI : show_hot_plug_dialog: true
07-19 22:39:18.790   899   899 D PowerUI : show_otg_cable_dialog: true
07-19 22:39:21.010   307   701 E NetlinkEvent: NetlinkEvent::FindParam(): Parameter 'UID' not found
07-19 22:39:22.410   711   825 V AlarmManager: triggered: act=X.3Gp.ACTION_ALARM.com.facebook.katana.Mqtt_Wakeup pkg=com.facebook.katana Pkg: com.facebook.katana
07-19 22:39:22.410   711   825 D AlarmManager: [Alarm][userspace]: Android alarm wakeup device when screen off nowRTC-nextWakeup diffTime: 0 WakeupAppName: *walarm*:X.3Gp.ACTION_ALARM.com.facebook.katana.Mqtt_Wakeup
07-19 22:39:22.430   711   825 V AlarmManager: triggered: act=X.0rQ.ACTION_ALARM.com.facebook.orca.Mqtt_Wakeup pkg=com.facebook.orca Pkg: com.facebook.orca
07-19 22:39:22.430   711   825 D AlarmManager: [Alarm][userspace]: Android alarm wakeup device when screen off nowRTC-nextWakeup diffTime: 0 WakeupAppName: *walarm*:X.0rQ.ACTION_ALARM.com.facebook.orca.Mqtt_Wakeup
07-19 22:39:22.440   711  1360 W ActivityManager: App Op not allow to start app com.tranzmate/10042
07-19 22:39:22.480   711   722 W BroadcastQueue: Reject to launch app com.tranzmate/10042 for broadcast: App Op 63
07-19 22:39:52.940   307   701 E NetlinkEvent: NetlinkEvent::FindParam(): Parameter 'UID' not found
07-19 22:39:56.850   307   701 E NetlinkEvent: NetlinkEvent::FindParam(): Parameter 'UID' not found
07-19 22:39:59.990   711   825 D AlarmManager: [Alarm][userspace]:Doesn't Android setting RTC time wakeup device nowRTC-nextWakeup diffTime: -15472 when screen off
07-19 22:40:15.470   711   825 V AlarmManager: triggered: act=com.whatsapp.messaging.m.CLIENT_PINGER_ACTION Pkg: com.whatsapp
07-19 22:40:15.480   711   825 D AlarmManager: [Alarm][userspace]: Android alarm wakeup device when screen off nowRTC-nextWakeup diffTime: 0 WakeupAppName: *walarm*:com.whatsapp.messaging.m.CLIENT_PINGER_ACTION
07-19 22:40:19.260   899   899 D PowerUI : oldTemp=260, mTemp=259
07-19 22:40:19.280   899   899 D PowerUI : show_hot_plug_dialog: true
07-19 22:40:19.280   899   899 D PowerUI : show_otg_cable_dialog: true
07-19 22:40:41.700   307   701 E NetlinkEvent: NetlinkEvent::FindParam(): Parameter 'UID' not found
07-19 22:41:00.000   711   825 D AlarmManager: [Alarm][userspace]:Doesn't Android setting RTC time wakeup device nowRTC-nextWakeup diffTime: -50209 when screen off
07-19 22:41:01.800   307   701 E NetlinkEvent: NetlinkEvent::FindParam(): Parameter 'UID' not found
07-19 22:41:01.810   711   981 I ActivityManager: Killing 10127:com.google.android.apps.photos/u0a208 (adj 15): empty for 1800s
07-19 22:41:01.910   711   879 D ActivityManager: cleanUpApplicationRecord -- 10127
07-19 22:41:19.740   899   899 D PowerUI : oldTemp=259, mTemp=258
07-19 22:41:19.750   899   899 D PowerUI : show_hot_plug_dialog: true
07-19 22:41:19.750   899   899 D PowerUI : show_otg_cable_dialog: true
07-19 22:41:21.580   307   701 E NetlinkEvent: NetlinkEvent::FindParam(): Parameter 'UID' not found
07-19 22:41:22.460   711   825 D AlarmManager: [Alarm][userspace]:Doesn't Android setting RTC time wakeup device nowRTC-nextWakeup diffTime: -27747 when screen off
07-19 22:41:50.210   711   825 V AlarmManager: triggered: act=com.google.android.location.ALARM_WAKEUP_LOCATOR Pkg: com.google.android.gms
07-19 22:41:50.220   711   825 D AlarmManager: [Alarm][userspace]: Android alarm wakeup device when screen off nowRTC-nextWakeup diffTime: 0 WakeupAppName: *walarm*:com.google.android.location.ALARM_WAKEUP_LOCATOR
07-19 22:41:50.260   711  1265 W ActivityManager: App Op not allow to start app com.tranzmate/10042
07-19 22:41:50.300   711   723 D WifiService: acquireWifiLockLocked: WifiLock{NlpWifiLock type=2 binder=android.os.BinderProxy@2fe532a}
07-19 22:41:50.320   711   879 W BroadcastQueue: Reject to launch app com.tranzmate/10042 for broadcast: App Op 63
07-19 22:41:50.460   307   701 E NetlinkEvent: NetlinkEvent::FindParam(): Parameter 'UID' not found
07-19 22:41:50.510   711  1417 D WifiService: acquireWifiLockLocked: WifiLock{NlpWifiLock type=2 binder=android.os.BinderProxy@22b1c85}
07-19 22:41:50.510   711  1271 D WifiService: acquireWifiLockLocked: WifiLock{NlpWifiLock type=2 binder=android.os.BinderProxy@2e9dada}
07-19 22:41:51.870   711  1289 D WifiService: releaseWifiLockLocked: WifiLock{NlpWifiLock type=2 binder=android.os.BinderProxy@2e9dada}
07-19 22:41:51.870   711  1358 D WifiService: releaseWifiLockLocked: WifiLock{NlpWifiLock type=2 binder=android.os.BinderProxy@22b1c85}
07-19 22:41:52.040   711   825 V AlarmManager: triggered: act=com.whatsapp.messaging.m.LOGOUT_ACTION pkg=com.whatsapp Pkg: com.whatsapp
07-19 22:41:52.040   711   825 D AlarmManager: [Alarm][userspace]: Android alarm wakeup device when screen off nowRTC-nextWakeup diffTime: 0 WakeupAppName: *walarm*:com.whatsapp.messaging.m.LOGOUT_ACTION
07-19 22:41:55.310   711   825 V AlarmManager: triggered: act=com.google.android.location.ALARM_WAKEUP_LOCATOR Pkg: com.google.android.gms
07-19 22:41:55.310   711   825 D AlarmManager: [Alarm][userspace]: Android alarm wakeup device when screen off nowRTC-nextWakeup diffTime: 0 WakeupAppName: *walarm*:com.google.android.location.ALARM_WAKEUP_LOCATOR
07-19 22:41:55.340   711   722 D WifiService: releaseWifiLockLocked: WifiLock{NlpWifiLock type=2 binder=android.os.BinderProxy@2fe532a}
07-19 22:41:56.420   711   725 W BroadcastQueue: Reject to launch app br.com.mobicare.oiwifi/10184 for broadcast: App Op 63
07-19 22:41:59.990   711   825 D AlarmManager: [Alarm][userspace]:Doesn't Android setting RTC time wakeup device nowRTC-nextWakeup diffTime: -189845 when screen off
07-19 22:42:20.220   899   899 D PowerUI : oldTemp=258, mTemp=257
07-19 22:42:20.230   899   899 D PowerUI : show_hot_plug_dialog: true
07-19 22:42:20.230   899   899 D PowerUI : show_otg_cable_dialog: true
07-19 22:42:22.180   307   701 E NetlinkEvent: NetlinkEvent::FindParam(): Parameter 'UID' not found
07-19 22:42:33.310   307   701 E NetlinkEvent: NetlinkEvent::FindParam(): Parameter 'UID' not found
07-19 22:42:50.300   307   701 E NetlinkEvent: NetlinkEvent::FindParam(): Parameter 'UID' not found
07-19 22:42:50.370   711   825 D AlarmManager: [Alarm][userspace]:Doesn't Android setting RTC time wakeup device nowRTC-nextWakeup diffTime: -139465 when screen off
07-19 22:43:20.700   899   899 D PowerUI : oldTemp=257, mTemp=255
07-19 22:43:20.710   899   899 D PowerUI : show_hot_plug_dialog: true
07-19 22:43:20.710   899   899 D PowerUI : show_otg_cable_dialog: true
07-19 22:43:33.040   307   701 E NetlinkEvent: NetlinkEvent::FindParam(): Parameter 'UID' not found
07-19 22:43:48.140   307   701 E NetlinkEvent: NetlinkEvent::FindParam(): Parameter 'UID' not found
07-19 22:43:55.350   711   825 D AlarmManager: [Alarm][userspace]:Doesn't Android setting RTC time wakeup device nowRTC-nextWakeup diffTime: -74477 when screen off
07-19 22:43:59.120   307   701 E NetlinkEvent: NetlinkEvent::FindParam(): Parameter 'UID' not found
07-19 22:44:17.820   307   701 E NetlinkEvent: NetlinkEvent::FindParam(): Parameter 'UID' not found
07-19 22:44:59.990   711   825 D AlarmManager: [Alarm][userspace]:Doesn't Android setting RTC time wakeup device nowRTC-nextWakeup diffTime: -9845 when screen off
07-19 22:45:09.840   711   825 V AlarmManager: triggered: act=X.3Gp.ACTION_ALARM.com.facebook.katana.Mqtt_Wakeup pkg=com.facebook.katana Pkg: com.facebook.katana
07-19 22:45:09.840   711   825 D AlarmManager: [Alarm][userspace]: Android alarm wakeup device when screen off nowRTC-nextWakeup diffTime: 1 WakeupAppName: *walarm*:X.3Gp.ACTION_ALARM.com.facebook.katana.Mqtt_Wakeup
07-19 22:45:09.910   711  1375 W ActivityManager: App Op not allow to start app com.tranzmate/10042
07-19 22:45:09.950   711  1375 W BroadcastQueue: Reject to launch app com.tranzmate/10042 for broadcast: App Op 63
07-19 22:45:21.670   899   899 D PowerUI : oldTemp=255, mTemp=254
07-19 22:45:21.680   899   899 D PowerUI : show_hot_plug_dialog: true
07-19 22:45:21.680   899   899 D PowerUI : show_otg_cable_dialog: true
07-19 22:45:23.190   307   701 E NetlinkEvent: NetlinkEvent::FindParam(): Parameter 'UID' not found
07-19 22:45:38.460   307   701 E NetlinkEvent: NetlinkEvent::FindParam(): Parameter 'UID' not found
07-19 22:45:52.060   307   701 E NetlinkEvent: NetlinkEvent::FindParam(): Parameter 'UID' not found
07-19 22:45:59.990   711   825 D AlarmManager: [Alarm][userspace]:Doesn't Android setting RTC time wakeup device nowRTC-nextWakeup diffTime: -50319 when screen off
07-19 22:46:12.300   307   701 E NetlinkEvent: NetlinkEvent::FindParam(): Parameter 'UID' not found
07-19 22:46:22.140   899   899 D PowerUI : oldTemp=254, mTemp=253
07-19 22:46:22.150   899   899 D PowerUI : show_hot_plug_dialog: true
07-19 22:46:22.150   899   899 D PowerUI : show_otg_cable_dialog: true
07-19 22:46:25.140   307   701 E NetlinkEvent: NetlinkEvent::FindParam(): Parameter 'UID' not found
07-19 22:46:50.310   711   825 V AlarmManager: triggered: act=com.facebook.rti.mqtt.e.e.ACTION_INEXACT_ALARM.FBNS.com.instagram.android pkg=com.instagram.android Pkg: com.instagram.android
07-19 22:46:50.310   711   825 V AlarmManager: triggered: act=X.06w.ACTION_INEXACT_ALARM.MqttLite.com.facebook.orca pkg=com.facebook.orca Pkg: com.facebook.orca
07-19 22:46:50.310   711   825 V AlarmManager: triggered: act=com.facebook.rti.mqtt.f.e.ACTION_INEXACT_ALARM.FBNS.com.instagram.android pkg=com.instagram.android Pkg: com.instagram.android
07-19 22:46:50.310   711   825 V AlarmManager: triggered: act=X.06v.ACTION_INEXACT_ALARM.MqttLite.com.facebook.orca pkg=com.facebook.orca Pkg: com.facebook.orca
07-19 22:46:50.310   711   825 V AlarmManager: triggered: act=X.0AI.ACTION_INEXACT_ALARM.FBNS.com.facebook.katana pkg=com.facebook.katana Pkg: com.facebook.katana
07-19 22:46:50.320   711   825 V AlarmManager: triggered: act=com.google.android.location.ALARM_WAKEUP_LOCATOR Pkg: com.google.android.gms
07-19 22:46:50.320   711   825 D AlarmManager: [Alarm][userspace]: Android alarm wakeup device when screen off nowRTC-nextWakeup diffTime: 1 WakeupAppName: *walarm*:com.facebook.rti.mqtt.e.e.ACTION_INEXACT_ALARM.FBNS.com.instagram.android
07-19 22:46:50.420   711  1271 D WifiService: acquireWifiLockLocked: WifiLock{NlpWifiLock type=2 binder=android.os.BinderProxy@3ab1c16}
07-19 22:46:55.420   711   825 V AlarmManager: triggered: act=com.google.android.location.ALARM_WAKEUP_LOCATOR Pkg: com.google.android.gms
07-19 22:46:55.420   711   825 D AlarmManager: [Alarm][userspace]: Android alarm wakeup device when screen off nowRTC-nextWakeup diffTime: 0 WakeupAppName: *walarm*:com.google.android.location.ALARM_WAKEUP_LOCATOR
07-19 22:46:55.450   711   981 D WifiService: releaseWifiLockLocked: WifiLock{NlpWifiLock type=2 binder=android.os.BinderProxy@3ab1c16}
07-19 22:46:55.480   711  1350 W ActivityManager: App Op not allow to start app com.tranzmate/10042
07-19 22:46:55.550   711  1350 W BroadcastQueue: Reject to launch app com.tranzmate/10042 for broadcast: App Op 63
07-19 22:46:55.840   711   725 W BroadcastQueue: Reject to launch app br.com.mobicare.oiwifi/10184 for broadcast: App Op 63
07-19 22:46:59.990   711   825 D AlarmManager: [Alarm][userspace]:Doesn't Android setting RTC time wakeup device nowRTC-nextWakeup diffTime: -36233 when screen off
07-19 22:47:07.300   307   701 E NetlinkEvent: NetlinkEvent::FindParam(): Parameter 'UID' not found
07-19 22:47:22.470   711   825 D AlarmManager: [Alarm][userspace]:Doesn't Android setting RTC time wakeup device nowRTC-nextWakeup diffTime: -13752 when screen off
07-19 22:47:22.620   899   899 D PowerUI : oldTemp=253, mTemp=253
07-19 22:47:22.620   899   899 D PowerUI : show_hot_plug_dialog: true
07-19 22:47:22.620   899   899 D PowerUI : show_otg_cable_dialog: true
07-19 22:47:30.180   307   701 E NetlinkEvent: NetlinkEvent::FindParam(): Parameter 'UID' not found
07-19 22:47:36.220   711   825 V AlarmManager: triggered: act=CONTEXT_MANAGER_ALARM_WAKEUP_77033 Pkg: com.google.android.gms
07-19 22:47:36.220   711   825 D AlarmManager: [Alarm][userspace]: Android alarm wakeup device when screen off nowRTC-nextWakeup diffTime: 0 WakeupAppName: *walarm*:CONTEXT_MANAGER_ALARM_WAKEUP_77033
07-19 22:47:50.380   307   701 E NetlinkEvent: NetlinkEvent::FindParam(): Parameter 'UID' not found
07-19 22:47:50.450   711   825 D AlarmManager: [Alarm][userspace]:Doesn't Android setting RTC time wakeup device nowRTC-nextWakeup diffTime: -239972 when screen off
07-19 22:47:55.980   307   701 E NetlinkEvent: NetlinkEvent::FindParam(): Parameter 'UID' not found
07-19 22:47:59.990   711   825 D AlarmManager: [Alarm][userspace]:Doesn't Android setting RTC time wakeup device nowRTC-nextWakeup diffTime: -230431 when screen off
07-19 22:48:11.860   307   701 E NetlinkEvent: NetlinkEvent::FindParam(): Parameter 'UID' not found
07-19 22:48:23.100   899   899 D PowerUI : oldTemp=253, mTemp=253
07-19 22:48:23.110   899   899 D PowerUI : show_hot_plug_dialog: true
07-19 22:48:23.110   899   899 D PowerUI : show_otg_cable_dialog: true
07-19 22:48:55.560   711   825 D AlarmManager: [Alarm][userspace]:Doesn't Android setting RTC time wakeup device nowRTC-nextWakeup diffTime: -174865 when screen off
07-19 22:48:55.970   307   701 E NetlinkEvent: NetlinkEvent::FindParam(): Parameter 'UID' not found
07-19 22:49:11.940   307   701 E NetlinkEvent: NetlinkEvent::FindParam(): Parameter 'UID' not found
07-19 22:49:23.580   899   899 D PowerUI : oldTemp=253, mTemp=252
07-19 22:49:23.590   899   899 D PowerUI : show_hot_plug_dialog: true
07-19 22:49:23.590   899   899 D PowerUI : show_otg_cable_dialog: true
07-19 22:50:01.500   307   701 E NetlinkEvent: NetlinkEvent::FindParam(): Parameter 'UID' not found
07-19 22:50:16.540   307   701 E NetlinkEvent: NetlinkEvent::FindParam(): Parameter 'UID' not found
07-19 22:50:22.280   307   701 E NetlinkEvent: NetlinkEvent::FindParam(): Parameter 'UID' not found
07-19 22:50:24.070   899   899 D PowerUI : oldTemp=252, mTemp=251
07-19 22:50:24.080   899   899 D PowerUI : show_hot_plug_dialog: true
07-19 22:50:24.080   899   899 D PowerUI : show_otg_cable_dialog: true
07-19 22:50:37.500   307   701 E NetlinkEvent: NetlinkEvent::FindParam(): Parameter 'UID' not found
07-19 22:51:24.540   899   899 D PowerUI : oldTemp=251, mTemp=251
07-19 22:51:24.550   899   899 D PowerUI : show_hot_plug_dialog: true
07-19 22:51:24.550   899   899 D PowerUI : show_otg_cable_dialog: true
07-19 22:51:43.570   307   701 E NetlinkEvent: NetlinkEvent::FindParam(): Parameter 'UID' not found
07-19 22:51:50.420   711   825 V AlarmManager: triggered: act=com.google.android.location.ALARM_WAKEUP_LOCATOR Pkg: com.google.android.gms
07-19 22:51:50.430   711   825 D AlarmManager: [Alarm][userspace]: Android alarm wakeup device when screen off nowRTC-nextWakeup diffTime: 0 WakeupAppName: *walarm*:com.google.android.location.ALARM_WAKEUP_LOCATOR
07-19 22:51:51.920   711  1290 W ActivityManager: App Op not allow to start app com.tranzmate/10042
07-19 22:51:51.960   711  1323 D WifiService: acquireWifiLockLocked: WifiLock{NlpWifiLock type=2 binder=android.os.BinderProxy@ac80262}
07-19 22:51:51.990   711  1360 W BroadcastQueue: Reject to launch app com.tranzmate/10042 for broadcast: App Op 63
07-19 22:51:56.970   711   825 V AlarmManager: triggered: act=com.google.android.location.ALARM_WAKEUP_LOCATOR Pkg: com.google.android.gms
07-19 22:51:56.970   711   825 D AlarmManager: [Alarm][userspace]: Android alarm wakeup device when screen off nowRTC-nextWakeup diffTime: 0 WakeupAppName: *walarm*:com.google.android.location.ALARM_WAKEUP_LOCATOR
07-19 22:51:56.980   711   722 D WifiService: releaseWifiLockLocked: WifiLock{NlpWifiLock type=2 binder=android.os.BinderProxy@ac80262}
07-19 22:51:57.400   711   725 W BroadcastQueue: Reject to launch app br.com.mobicare.oiwifi/10184 for broadcast: App Op 63
07-19 22:51:59.990   711   825 D AlarmManager: [Alarm][userspace]:Doesn't Android setting RTC time wakeup device nowRTC-nextWakeup diffTime: -238464 when screen off
07-19 22:52:00.540   307   701 E NetlinkEvent: NetlinkEvent::FindParam(): Parameter 'UID' not found
07-19 22:52:25.020   899   899 D PowerUI : oldTemp=251, mTemp=251
07-19 22:52:25.030   899   899 D PowerUI : show_hot_plug_dialog: true
07-19 22:52:25.030   899   899 D PowerUI : show_otg_cable_dialog: true
07-19 22:52:52.010   711   825 D AlarmManager: [Alarm][userspace]:Doesn't Android setting RTC time wakeup device nowRTC-nextWakeup diffTime: -186451 when screen off
07-19 22:53:16.050   307   701 E NetlinkEvent: NetlinkEvent::FindParam(): Parameter 'UID' not found
07-19 22:53:25.500   899   899 D PowerUI : oldTemp=251, mTemp=250
07-19 22:53:25.520   899   899 D PowerUI : show_hot_plug_dialog: true
07-19 22:53:25.520   899   899 D PowerUI : show_otg_cable_dialog: true
07-19 22:53:31.260   307   701 E NetlinkEvent: NetlinkEvent::FindParam(): Parameter 'UID' not found
07-19 22:53:56.990   711   825 D AlarmManager: [Alarm][userspace]:Doesn't Android setting RTC time wakeup device nowRTC-nextWakeup diffTime: -121465 when screen off
