D/MobileDataStateTracker(  559): ia: Broadcast received: android.intent.action.ANY_DATA_STATE apnType=ia
D/dalvikvm(  193): GC_EXPLICIT freed 59K, 8% free 2600K/2808K, paused 1ms+0ms, total 8ms
D/MobileDataStateTracker(  559): ia: Received state=DISCONNECTED, old=DISCONNECTED, reason=dataEnabled
W/Resources(  193): Preloaded drawable resource #0x10801ea (android:drawable/btn_toggle_off_normal_holo_light) that varies with configuration!!
D/MobileDataStateTracker(  559): supl: Broadcast received: android.intent.action.ANY_DATA_STATE apnType=supl
W/Resources(  193): Preloaded drawable resource #0x10801e9 (android:drawable/btn_toggle_off_normal_holo_dark) that varies with configuration!!
D/MobileDataStateTracker(  559): supl: Received state=DISCONNECTED, old=DISCONNECTED, reason=dataEnabled
W/Resources(  193): Preloaded drawable resource #0x10801e8 (android:drawable/btn_toggle_off_focused_holo_light) that varies with configuration!!
D/MobileDataStateTracker(  559): ims: Broadcast received: android.intent.action.ANY_DATA_STATE apnType=ims
W/Resources(  193): Preloaded drawable resource #0x10801e7 (android:drawable/btn_toggle_off_focused_holo_dark) that varies with configuration!!
D/MobileDataStateTracker(  559): ims: Received state=DISCONNECTED, old=DISCONNECTED, reason=dataEnabled
D/dalvikvm(  193): GC_EXPLICIT freed 59K, 8% free 2601K/2808K, paused 0ms+0ms, total 4ms
D/MobileDataStateTracker(  559): default: Broadcast received: android.intent.action.ANY_DATA_STATE apnType=default
W/Resources(  193): Preloaded drawable resource #0x10801e6 (android:drawable/btn_toggle_off_disabled_holo_light) that varies with configuration!!
D/MobileDataStateTracker(  559): default: Received state=DISCONNECTED, old=DISCONNECTED, reason=dataEnabled
W/Resources(  193): Preloaded drawable resource #0x10801e5 (android:drawable/btn_toggle_off_disabled_holo_dark) that varies with configuration!!
D/MobileDataStateTracker(  559): mms: Broadcast received: android.intent.action.ANY_DATA_STATE apnType=mms
W/Resources(  193): Preloaded drawable resource #0x10801e4 (android:drawable/btn_toggle_off_disabled_focused_holo_light) that varies with configuration!!
D/MobileDataStateTracker(  559): mms: Received state=DISCONNECTED, old=DISCONNECTED, reason=dataEnabled
W/Resources(  193): Preloaded drawable resource #0x10801e3 (android:drawable/btn_toggle_off_disabled_focused_holo_dark) that varies with configuration!!
D/MobileDataStateTracker(  559): cbs: Broadcast received: android.intent.action.ANY_DATA_STATE apnType=cbs
D/dalvikvm(  193): GC_EXPLICIT freed 59K, 8% free 2601K/2808K, paused 1ms+0ms, total 6ms
D/MobileDataStateTracker(  559): cbs: Received state=DISCONNECTED, old=DISCONNECTED, reason=dataEnabled
W/Resources(  193): Preloaded drawable resource #0x10801f5 (android:drawable/btn_toggle_on_normal_holo_light) that varies with configuration!!
D/MobileDataStateTracker(  559): hipri: Broadcast received: android.intent.action.ANY_DATA_STATE apnType=hipri
W/Resources(  193): Preloaded drawable resource #0x10801f1 (android:drawable/btn_toggle_on_disabled_holo_light) that varies with configuration!!
D/MobileDataStateTracker(  559): hipri: Received state=CONNECTED, old=CONNECTING, reason=connected
W/Resources(  193): Preloaded drawable resource #0x10801f7 (android:drawable/btn_toggle_on_pressed_holo_light) that varies with configuration!!
D/MobileDataStateTracker(  559): hipri: setDetailed state, old =CONNECTING and new state=CONNECTED
W/Resources(  193): Preloaded drawable resource #0x10801f3 (android:drawable/btn_toggle_on_focused_holo_light) that varies with configuration!!
D/ConnectivityService(  559): ConnectivityChange for mobile_hipri: CONNECTED/CONNECTED
W/Resources(  193): Preloaded drawable resource #0x10801f5 (android:drawable/btn_toggle_on_normal_holo_light) that varies with configuration!!
I/BootReceiver(  559): Copying audit failures to DropBox
W/Resources(  193): Preloaded drawable resource #0x10801ef (android:drawable/btn_toggle_on_disabled_focused_holo_light) that varies with configuration!!
I/BootReceiver(  559): Checking for fsck errors
W/Resources(  193): Preloaded drawable resource #0x10801f1 (android:drawable/btn_toggle_on_disabled_holo_light) that varies with configuration!!
E/NetdConnector(  559): NDC Command {35 interface fwmark exempt add 8.8.8.8/32} took too long (520ms)
W/Resources(  193): Preloaded drawable resource #0x10801ea (android:drawable/btn_toggle_off_normal_holo_light) that varies with configuration!!
D/Nat464Xlat(  559): requiresClat: netType=5, hasIPv4Address=true
W/Resources(  193): Preloaded drawable resource #0x10801e6 (android:drawable/btn_toggle_off_disabled_holo_light) that varies with configuration!!
I/ActivityManager(  559): Delay finish: com.android.providers.downloads/.DownloadReceiver
W/Resources(  193): Preloaded drawable resource #0x10801ec (android:drawable/btn_toggle_off_pressed_holo_light) that varies with configuration!!
I/ActivityManager(  559): Resuming delayed broadcast
W/Resources(  193): Preloaded drawable resource #0x10801e8 (android:drawable/btn_toggle_off_focused_holo_light) that varies with configuration!!
I/ActivityManager(  559): Delay finish: com.android.providers.media/.MediaScannerReceiver
W/Resources(  193): Preloaded drawable resource #0x10801ea (android:drawable/btn_toggle_off_normal_holo_light) that varies with configuration!!
D/MobileDataStateTracker(  559): hipri: isProvisioningNetwork: retVal=false
W/Resources(  193): Preloaded drawable resource #0x10801e4 (android:drawable/btn_toggle_off_disabled_focused_holo_light) that varies with configuration!!
D/ConnectivityService(  559): [CheckMp] isMobileOk: isProvisioningNetwork is false, continue
W/Resources(  193): Preloaded drawable resource #0x10801e6 (android:drawable/btn_toggle_off_disabled_holo_light) that varies with configuration!!
I/ActivityManager(  559): Resuming delayed broadcast
W/Resources(  193): Preloaded drawable resource #0x10801e1 (android:drawable/btn_toggle_holo_light) that varies with configuration!!
I/ActivityManager(  559): Start proc com.android.mms for broadcast com.android.mms/.transaction.MmsSystemEventReceiver: pid=1097 uid=10009 gids={50009, 3003, 1028, 1015}
D/dalvikvm(  193): GC_EXPLICIT freed 75K, 4% free 2737K/2824K, paused 0ms+1ms, total 4ms
D/CountryDetector(  559): The first listener is added
W/Resources(  193): Preloaded drawable resource #0x10801f4 (android:drawable/btn_toggle_on_normal_holo_dark) that varies with configuration!!
I/ActivityManager(  559): Delay finish: com.android.mms/.transaction.MmsSystemEventReceiver
W/Resources(  193): Preloaded drawable resource #0x10801f0 (android:drawable/btn_toggle_on_disabled_holo_dark) that varies with configuration!!
I/ActivityManager(  559): Resuming delayed broadcast
W/Resources(  193): Preloaded drawable resource #0x10801f6 (android:drawable/btn_toggle_on_pressed_holo_dark) that varies with configuration!!
I/ActivityManager(  559): Delay finish: com.android.mms/.transaction.SmsReceiver
W/Resources(  193): Preloaded drawable resource #0x10801f2 (android:drawable/btn_toggle_on_focused_holo_dark) that varies with configuration!!
I/ActivityManager(  559): Resuming delayed broadcast
W/Resources(  193): Preloaded drawable resource #0x10801f4 (android:drawable/btn_toggle_on_normal_holo_dark) that varies with configuration!!
I/ActivityManager(  559): Start proc com.android.onetimeinitializer for broadcast com.android.onetimeinitializer/.OneTimeInitializerReceiver: pid=1125 uid=10011 gids={50011}
W/Resources(  193): Preloaded drawable resource #0x10801ee (android:drawable/btn_toggle_on_disabled_focused_holo_dark) that varies with configuration!!
I/ActivityManager(  559): Start proc com.android.voicedialer for broadcast com.android.voicedialer/.VoiceDialerReceiver: pid=1140 uid=10014 gids={50014, 3002}
W/Resources(  193): Preloaded drawable resource #0x10801f0 (android:drawable/btn_toggle_on_disabled_holo_dark) that varies with configuration!!
I/ActivityManager(  559): Start proc com.android.calendar for broadcast com.android.calendar/.alerts.AlertReceiver: pid=1153 uid=10021 gids={50021, 3003}
W/Resources(  193): Preloaded drawable resource #0x10801e9 (android:drawable/btn_toggle_off_normal_holo_dark) that varies with configuration!!
I/ActivityManager(  559): Start proc com.android.email for broadcast com.android.email/.service.EmailBroadcastReceiver: pid=1176 uid=10029 gids={50029, 3003, 1028, 1015}
W/Resources(  193): Preloaded drawable resource #0x10801e5 (android:drawable/btn_toggle_off_disabled_holo_dark) that varies with configuration!!
D/ActivityThread( 1176): Loading provider com.android.email.provider;com.android.email.notifier: com.android.email.provider.EmailProvider
W/Resources(  193): Preloaded drawable resource #0x10801eb (android:drawable/btn_toggle_off_pressed_holo_dark) that varies with configuration!!
I/ActivityManager(  559): Delay finish: com.android.email/.service.EmailBroadcastReceiver
W/Resources(  193): Preloaded drawable resource #0x10801e7 (android:drawable/btn_toggle_off_focused_holo_dark) that varies with configuration!!
W/ActivityManager(  559): Unable to start service Intent { cmp=com.android.email/.service.AttachmentDownloadService } U=0: not found
W/Resources(  193): Preloaded drawable resource #0x10801e9 (android:drawable/btn_toggle_off_normal_holo_dark) that varies with configuration!!
I/ActivityManager(  559): Delaying start of: ServiceRecord{52972f04 u0 com.android.exchange/.service.EmailSyncAdapterService}
W/Resources(  193): Preloaded drawable resource #0x10801e3 (android:drawable/btn_toggle_off_disabled_focused_holo_dark) that varies with configuration!!
I/ActivityManager(  559): Start proc com.android.exchange for service com.android.exchange/.service.EmailSyncAdapterService: pid=1197 uid=10030 gids={50030, 3003, 1028, 1015}
W/Resources(  193): Preloaded drawable resource #0x10801e5 (android:drawable/btn_toggle_off_disabled_holo_dark) that varies with configuration!!
W/ActivityManager(  559): Unable to start service Intent { cmp=com.android.email/.service.AttachmentDownloadService } U=0: not found
W/Resources(  193): Preloaded drawable resource #0x10801e0 (android:drawable/btn_toggle_holo_dark) that varies with configuration!!
I/ActivityManager(  559): Resuming delayed broadcast
D/dalvikvm(  193): GC_EXPLICIT freed 224K, 8% free 2724K/2952K, paused 1ms+1ms, total 5ms
I/ActivityManager(  559): Start proc com.genymotion.superuser for broadcast com.genymotion.superuser/com.koushikdutta.superuser.SuCheckerReceiver: pid=1211 uid=1000 gids={41000, 1028, 1015, 3002, 3001, 3003}
W/Resources(  193): Preloaded drawable resource #0x108064c (android:drawable/textfield_multiline_default_holo_light) that varies with configuration!!
I/ActivityManager(  559): Delay finish: com.android.settings/.widget.SettingsAppWidgetProvider
W/Resources(  193): Preloaded drawable resource #0x1080650 (android:drawable/textfield_multiline_disabled_holo_light) that varies with configuration!!
I/ActivityManager(  559): Resuming delayed broadcast
W/Resources(  193): Preloaded drawable resource #0x108064a (android:drawable/textfield_multiline_activated_holo_light) that varies with configuration!!
I/ActivityManager(  559): Delay finish: com.android.mms/.transaction.SmsReceiver
W/Resources(  193): Preloaded drawable resource #0x1080652 (android:drawable/textfield_multiline_focused_holo_light) that varies with configuration!!
I/ActivityManager(  559): Resuming delayed broadcast
W/Resources(  193): Preloaded drawable resource #0x108064c (android:drawable/textfield_multiline_default_holo_light) that varies with configuration!!
I/ActivityManager(  559): Delay finish: com.android.calendar/.alerts.AlertReceiver
W/Resources(  193): Preloaded drawable resource #0x108064e (android:drawable/textfield_multiline_disabled_focused_holo_light) that varies with configuration!!
D/ConnectivityService(  559): setProvNotificationVisible: E visible=false networkType=1 extraInfo=null url=null
W/Resources(  193): Preloaded drawable resource #0x1080650 (android:drawable/textfield_multiline_disabled_holo_light) that varies with configuration!!
I/ActivityManager(  559): Resuming delayed broadcast
W/Resources(  193): Preloaded drawable resource #0x108063f (android:drawable/textfield_default_holo_light) that varies with configuration!!
I/ActivityManager(  559): Delay finish: com.android.providers.calendar/.CalendarProviderBroadcastReceiver
W/Resources(  193): Preloaded drawable resource #0x1080644 (android:drawable/textfield_disabled_holo_light) that varies with configuration!!
I/ActivityManager(  559): Resuming delayed broadcast
W/Resources(  193): Preloaded drawable resource #0x1080637 (android:drawable/textfield_activated_holo_light) that varies with configuration!!
I/ActivityManager(  559): Waited long enough for: ServiceRecord{5294848c u0 com.android.music/.MediaPlaybackService}
W/Resources(  193): Preloaded drawable resource #0x1080647 (android:drawable/textfield_focused_holo_light) that varies with configuration!!
D/MobileDataStateTracker(  559): default: setPolicyDataEnable(enabled=true)
W/Resources(  193): Preloaded drawable resource #0x108063f (android:drawable/textfield_default_holo_light) that varies with configuration!!
D/MobileDataStateTracker(  559): default: setPolicyDataEnable(enabled=true)
W/Resources(  193): Preloaded drawable resource #0x1080642 (android:drawable/textfield_disabled_focused_holo_light) that varies with configuration!!
D/MobileDataStateTracker(  559): default: setPolicyDataEnable(enabled=true)
W/Resources(  193): Preloaded drawable resource #0x1080644 (android:drawable/textfield_disabled_holo_light) that varies with configuration!!
D/MobileDataStateTracker(  559): default: setPolicyDataEnable(enabled=true)
W/Resources(  193): Preloaded drawable resource #0x1080258 (android:drawable/edit_text_holo_light) that varies with configuration!!
D/MobileDataStateTracker(  559): default: setPolicyDataEnable(enabled=true)
D/dalvikvm(  193): GC_EXPLICIT freed 210K, 8% free 2725K/2952K, paused 1ms+1ms, total 7ms
D/MobileDataStateTracker(  559): default: setPolicyDataEnable(enabled=true)
W/Resources(  193): Preloaded drawable resource #0x108064b (android:drawable/textfield_multiline_default_holo_dark) that varies with configuration!!
D/MobileDataStateTracker(  559): default: setPolicyDataEnable(enabled=true)
W/Resources(  193): Preloaded drawable resource #0x108064f (android:drawable/textfield_multiline_disabled_holo_dark) that varies with configuration!!
D/MobileDataStateTracker(  559): default: setPolicyDataEnable(enabled=true)
W/Resources(  193): Preloaded drawable resource #0x1080649 (android:drawable/textfield_multiline_activated_holo_dark) that varies with configuration!!
D/MobileDataStateTracker(  559): default: setPolicyDataEnable(enabled=true)
W/Resources(  193): Preloaded drawable resource #0x1080651 (android:drawable/textfield_multiline_focused_holo_dark) that varies with configuration!!
D/MobileDataStateTracker(  559): default: setPolicyDataEnable(enabled=true)
W/Resources(  193): Preloaded drawable resource #0x108064b (android:drawable/textfield_multiline_default_holo_dark) that varies with configuration!!
D/MobileDataStateTracker(  559): default: setPolicyDataEnable(enabled=true)
W/Resources(  193): Preloaded drawable resource #0x108064d (android:drawable/textfield_multiline_disabled_focused_holo_dark) that varies with configuration!!
D/MobileDataStateTracker(  559): default: setPolicyDataEnable(enabled=true)
W/Resources(  193): Preloaded drawable resource #0x108064f (android:drawable/textfield_multiline_disabled_holo_dark) that varies with configuration!!
D/MobileDataStateTracker(  559): default: setPolicyDataEnable(enabled=true)
W/Resources(  193): Preloaded drawable resource #0x108063e (android:drawable/textfield_default_holo_dark) that varies with configuration!!
I/ActivityManager(  559): Waited long enough for: ServiceRecord{5296a6ec u0 com.android.calendar/.alerts.InitAlarmsService}
W/Resources(  193): Preloaded drawable resource #0x1080643 (android:drawable/textfield_disabled_holo_dark) that varies with configuration!!
W/Resources(  193): Preloaded drawable resource #0x1080636 (android:drawable/textfield_activated_holo_dark) that varies with configuration!!
W/Resources(  193): Preloaded drawable resource #0x1080646 (android:drawable/textfield_focused_holo_dark) that varies with configuration!!
W/Resources(  193): Preloaded drawable resource #0x108063e (android:drawable/textfield_default_holo_dark) that varies with configuration!!
W/Resources(  193): Preloaded drawable resource #0x1080641 (android:drawable/textfield_disabled_focused_holo_dark) that varies with configuration!!
W/Resources(  193): Preloaded drawable resource #0x1080643 (android:drawable/textfield_disabled_holo_dark) that varies with configuration!!
W/Resources(  193): Preloaded drawable resource #0x1080257 (android:drawable/edit_text_holo_dark) that varies with configuration!!
D/dalvikvm(  193): GC_EXPLICIT freed 209K, 8% free 2726K/2952K, paused 0ms+1ms, total 5ms
W/Resources(  193): Preloaded drawable resource #0x1080633 (android:drawable/text_select_handle_left) that varies with configuration!!
W/Resources(  193): Preloaded drawable resource #0x1080635 (android:drawable/text_select_handle_right) that varies with configuration!!
D/dalvikvm(  193): GC_EXPLICIT freed 276K, 14% free 2540K/2952K, paused 0ms+1ms, total 6ms
W/Resources(  193): Preloaded drawable resource #0x1080630 (android:drawable/text_edit_paste_window) that varies with configuration!!
W/Resources(  193): Preloaded drawable resource #0x108026d (android:drawable/expander_close_holo_dark) that varies with configuration!!
W/Resources(  193): Preloaded drawable resource #0x108026e (android:drawable/expander_close_holo_light) that varies with configuration!!
D/dalvikvm(  193): GC_EXPLICIT freed 5K, 13% free 2587K/2952K, paused 1ms+0ms, total 4ms
W/Resources(  193): Preloaded drawable resource #0x108026d (android:drawable/expander_close_holo_dark) that varies with configuration!!
W/Resources(  193): Preloaded drawable resource #0x1080274 (android:drawable/expander_open_holo_dark) that varies with configuration!!
W/Resources(  193): Preloaded drawable resource #0x1080270 (android:drawable/expander_group_holo_dark) that varies with configuration!!
W/Resources(  193): Preloaded drawable resource #0x108026e (android:drawable/expander_close_holo_light) that varies with configuration!!
W/Resources(  193): Preloaded drawable resource #0x1080275 (android:drawable/expander_open_holo_light) that varies with configuration!!
W/Resources(  193): Preloaded drawable resource #0x1080271 (android:drawable/expander_group_holo_light) that varies with configuration!!
D/dalvikvm(  193): GC_EXPLICIT freed 54K, 12% free 2606K/2952K, paused 0ms+1ms, total 5ms
W/Resources(  193): Preloaded drawable resource #0x108041d (android:drawable/list_selector_disabled_holo_dark) that varies with configuration!!
W/Resources(  193): Preloaded drawable resource #0x108041d (android:drawable/list_selector_disabled_holo_dark) that varies with configuration!!
W/Resources(  193): Preloaded drawable resource #0x10803fe (android:drawable/list_pressed_holo_dark) that varies with configuration!!
W/Resources(  193): Preloaded drawable resource #0x10803fc (android:drawable/list_longpressed_holo_dark) that varies with configuration!!
W/Resources(  193): Preloaded drawable resource #0x108041a (android:drawable/list_selector_background_transition_holo_dark) that varies with configuration!!
W/Resources(  193): Preloaded drawable resource #0x10803fe (android:drawable/list_pressed_holo_dark) that varies with configuration!!
W/Resources(  193): Preloaded drawable resource #0x10803fc (android:drawable/list_longpressed_holo_dark) that varies with configuration!!
W/Resources(  193): Preloaded drawable resource #0x108041a (android:drawable/list_selector_background_transition_holo_dark) that varies with configuration!!
W/Resources(  193): Preloaded drawable resource #0x10803f7 (android:drawable/list_focused_holo) that varies with configuration!!
W/Resources(  193): Preloaded drawable resource #0x1080421 (android:drawable/list_selector_holo_dark) that varies with configuration!!
W/Resources(  193): Preloaded drawable resource #0x108041e (android:drawable/list_selector_disabled_holo_light) that varies with configuration!!
W/Resources(  193): Preloaded drawable resource #0x108041e (android:drawable/list_selector_disabled_holo_light) that varies with configuration!!
W/Resources(  193): Preloaded drawable resource #0x10803ff (android:drawable/list_pressed_holo_light) that varies with configuration!!
W/Resources(  193): Preloaded drawable resource #0x10803fd (android:drawable/list_longpressed_holo_light) that varies with configuration!!
W/Resources(  193): Preloaded drawable resource #0x108041b (android:drawable/list_selector_background_transition_holo_light) that varies with configuration!!
W/Resources(  193): Preloaded drawable resource #0x10803ff (android:drawable/list_pressed_holo_light) that varies with configuration!!
W/Resources(  193): Preloaded drawable resource #0x10803fd (android:drawable/list_longpressed_holo_light) that varies with configuration!!
W/Resources(  193): Preloaded drawable resource #0x108041b (android:drawable/list_selector_background_transition_holo_light) that varies with configuration!!
W/Resources(  193): Preloaded drawable resource #0x10803f7 (android:drawable/list_focused_holo) that varies with configuration!!
W/Resources(  193): Preloaded drawable resource #0x1080422 (android:drawable/list_selector_holo_light) that varies with configuration!!
D/dalvikvm(  193): GC_EXPLICIT freed 92K, 13% free 2593K/2952K, paused 1ms+0ms, total 5ms
W/Resources(  193): Preloaded drawable resource #0x1080401 (android:drawable/list_section_divider_holo_light) that varies with configuration!!
W/Resources(  193): Preloaded drawable resource #0x1080400 (android:drawable/list_section_divider_holo_dark) that varies with configuration!!
W/Resources(  193): Preloaded drawable resource #0x1080432 (android:drawable/menu_hardkey_panel_holo_dark) that varies with configuration!!
W/Resources(  193): Preloaded drawable resource #0x1080433 (android:drawable/menu_hardkey_panel_holo_light) that varies with configuration!!
D/dalvikvm(  193): GC_EXPLICIT freed 55K, 12% free 2600K/2952K, paused 1ms+1ms, total 5ms
W/Resources(  193): Preloaded drawable resource #0x108043a (android:drawable/menu_submenu_background) that varies with configuration!!
W/Resources(  193): Preloaded drawable resource #0x1080431 (android:drawable/menu_dropdown_panel_holo_light) that varies with configuration!!
D/dalvikvm(  193): GC_EXPLICIT freed 58K, 12% free 2614K/2952K, paused 0ms+1ms, total 6ms
W/Resources(  193): Preloaded drawable resource #0x1080430 (android:drawable/menu_dropdown_panel_holo_dark) that varies with configuration!!
W/Resources(  193): Preloaded drawable resource #0x1080437 (android:drawable/menu_popup_panel_holo_light) that varies with configuration!!
D/dalvikvm(  193): GC_EXPLICIT freed 72K, 12% free 2610K/2952K, paused 0ms+0ms, total 5ms
W/Resources(  193): Preloaded drawable resource #0x1080436 (android:drawable/menu_popup_panel_holo_dark) that varies with configuration!!
W/Resources(  193): Preloaded drawable resource #0x1080437 (android:drawable/menu_popup_panel_holo_light) that varies with configuration!!
W/Resources(  193): Preloaded drawable resource #0x1080431 (android:drawable/menu_dropdown_panel_holo_light) that varies with configuration!!
W/Resources(  193): Preloaded drawable resource #0x1080435 (android:drawable/menu_panel_holo_light) that varies with configuration!!
D/dalvikvm(  193): GC_EXPLICIT freed 70K, 11% free 2643K/2952K, paused 0ms+0ms, total 5ms
W/Resources(  193): Preloaded drawable resource #0x1080436 (android:drawable/menu_popup_panel_holo_dark) that varies with configuration!!
W/Resources(  193): Preloaded drawable resource #0x1080430 (android:drawable/menu_dropdown_panel_holo_dark) that varies with configuration!!
W/Resources(  193): Preloaded drawable resource #0x1080434 (android:drawable/menu_panel_holo_dark) that varies with configuration!!
D/dalvikvm(  193): GC_EXPLICIT freed 102K, 12% free 2610K/2952K, paused 0ms+0ms, total 4ms
W/Resources(  193): Preloaded drawable resource #0x108047c (android:drawable/overscroll_edge) that varies with configuration!!
D/dalvikvm(  193): GC_EXPLICIT freed 164K, 14% free 2545K/2952K, paused 1ms+1ms, total 7ms
D/dalvikvm(  193): GC_FOR_ALLOC freed <1K, 14% free 2546K/2952K, paused 3ms, total 4ms
D/dalvikvm(  193): GC_FOR_ALLOC freed <1K, 11% free 3647K/4056K, paused 6ms, total 6ms
W/Resources(  193): Preloaded drawable resource #0x108047d (android:drawable/overscroll_glow) that varies with configuration!!
D/dalvikvm(  193): GC_EXPLICIT freed 1102K, 38% free 2546K/4056K, paused 0ms+0ms, total 4ms
W/Resources(  193): Preloaded drawable resource #0x1080545 (android:drawable/spinner_16_outer_holo) that varies with configuration!!
W/Resources(  193): Preloaded drawable resource #0x1080544 (android:drawable/spinner_16_inner_holo) that varies with configuration!!
W/Resources(  193): Preloaded drawable resource #0x1080549 (android:drawable/spinner_48_outer_holo) that varies with configuration!!
W/Resources(  193): Preloaded drawable resource #0x1080548 (android:drawable/spinner_48_inner_holo) that varies with configuration!!
D/dalvikvm(  193): GC_EXPLICIT freed 85K, 38% free 2547K/4056K, paused 1ms+0ms, total 5ms
W/Resources(  193): Preloaded drawable resource #0x108054b (android:drawable/spinner_76_outer_holo) that varies with configuration!!
D/dalvikvm(  193): GC_EXPLICIT freed 92K, 38% free 2546K/4056K, paused 1ms+1ms, total 5ms
W/Resources(  193): Preloaded drawable resource #0x108054a (android:drawable/spinner_76_inner_holo) that varies with configuration!!
D/dalvikvm(  193): GC_EXPLICIT freed 92K, 38% free 2546K/4056K, paused 0ms+1ms, total 8ms
W/Resources(  193): Preloaded drawable resource #0x10804c5 (android:drawable/progress_bg_holo_dark) that varies with configuration!!
W/Resources(  193): Preloaded drawable resource #0x10804c6 (android:drawable/progress_bg_holo_light) that varies with configuration!!
W/Resources(  193): Preloaded drawable resource #0x10804c5 (android:drawable/progress_bg_holo_dark) that varies with configuration!!
W/Resources(  193): Preloaded drawable resource #0x10804d2 (android:drawable/progress_secondary_holo_dark) that varies with configuration!!
W/Resources(  193): Preloaded drawable resource #0x10804d0 (android:drawable/progress_primary_holo_dark) that varies with configuration!!
W/Resources(  193): Preloaded drawable resource #0x10804c7 (android:drawable/progress_horizontal_holo_dark) that varies with configuration!!
W/Resources(  193): Preloaded drawable resource #0x10804c6 (android:drawable/progress_bg_holo_light) that varies with configuration!!
W/Resources(  193): Preloaded drawable resource #0x10804d3 (android:drawable/progress_secondary_holo_light) that varies with configuration!!
W/Resources(  193): Preloaded drawable resource #0x10804d1 (android:drawable/progress_primary_holo_light) that varies with configuration!!
W/Resources(  193): Preloaded drawable resource #0x10804c8 (android:drawable/progress_horizontal_holo_light) that varies with configuration!!
W/Resources(  193): Preloaded drawable resource #0x10804db (android:drawable/progressbar_indeterminate_holo1) that varies with configuration!!
W/Resources(  193): Preloaded drawable resource #0x10804dc (android:drawable/progressbar_indeterminate_holo2) that varies with configuration!!
W/Resources(  193): Preloaded drawable resource #0x10804dd (android:drawable/progressbar_indeterminate_holo3) that varies with configuration!!
W/Resources(  193): Preloaded drawable resource #0x10804de (android:drawable/progressbar_indeterminate_holo4) that varies with configuration!!
W/Resources(  193): Preloaded drawable resource #0x10804df (android:drawable/progressbar_indeterminate_holo5) that varies with configuration!!
D/dalvikvm(  193): GC_FOR_ALLOC freed 20K, 18% free 3331K/4056K, paused 5ms, total 5ms
W/Resources(  193): Preloaded drawable resource #0x10804e0 (android:drawable/progressbar_indeterminate_holo6) that varies with configuration!!
W/Resources(  193): Preloaded drawable resource #0x10804e1 (android:drawable/progressbar_indeterminate_holo7) that varies with configuration!!
W/Resources(  193): Preloaded drawable resource #0x10804e2 (android:drawable/progressbar_indeterminate_holo8) that varies with configuration!!
W/Resources(  193): Preloaded drawable resource #0x10804c9 (android:drawable/progress_indeterminate_horizontal_holo) that varies with configuration!!
D/dalvikvm(  193): GC_EXPLICIT freed 1240K, 38% free 2552K/4056K, paused 0ms+0ms, total 4ms
W/Resources(  193): Preloaded drawable resource #0x108054b (android:drawable/spinner_76_outer_holo) that varies with configuration!!
W/Resources(  193): Preloaded drawable resource #0x108054a (android:drawable/spinner_76_inner_holo) that varies with configuration!!
W/Resources(  193): Preloaded drawable resource #0x10804cb (android:drawable/progress_large_holo) that varies with configuration!!
D/dalvikvm(  193): GC_EXPLICIT freed 186K, 38% free 2551K/4056K, paused 1ms+1ms, total 5ms
W/Resources(  193): Preloaded drawable resource #0x1080549 (android:drawable/spinner_48_outer_holo) that varies with configuration!!
W/Resources(  193): Preloaded drawable resource #0x1080548 (android:drawable/spinner_48_inner_holo) that varies with configuration!!
W/Resources(  193): Preloaded drawable resource #0x10804ce (android:drawable/progress_medium_holo) that varies with configuration!!
D/dalvikvm(  193): GC_EXPLICIT freed 77K, 38% free 2551K/4056K, paused 0ms+0ms, total 4ms
W/Resources(  193): Preloaded drawable resource #0x10804d0 (android:drawable/progress_primary_holo_dark) that varies with configuration!!
W/Resources(  193): Preloaded drawable resource #0x10804d1 (android:drawable/progress_primary_holo_light) that varies with configuration!!
W/Resources(  193): Preloaded drawable resource #0x10804d2 (android:drawable/progress_secondary_holo_dark) that varies with configuration!!
W/Resources(  193): Preloaded drawable resource #0x10804d3 (android:drawable/progress_secondary_holo_light) that varies with configuration!!
W/Resources(  193): Preloaded drawable resource #0x1080545 (android:drawable/spinner_16_outer_holo) that varies with configuration!!
W/Resources(  193): Preloaded drawable resource #0x1080544 (android:drawable/spinner_16_inner_holo) that varies with configuration!!
W/Resources(  193): Preloaded drawable resource #0x10804d5 (android:drawable/progress_small_holo) that varies with configuration!!
W/Resources(  193): Preloaded drawable resource #0x1080535 (android:drawable/scrubber_track_holo_dark) that varies with configuration!!
W/Resources(  193): Preloaded drawable resource #0x1080534 (android:drawable/scrubber_secondary_holo) that varies with configuration!!
W/Resources(  193): Preloaded drawable resource #0x1080531 (android:drawable/scrubber_primary_holo) that varies with configuration!!
W/Resources(  193): Preloaded drawable resource #0x1080532 (android:drawable/scrubber_progress_horizontal_holo_dark) that varies with configuration!!
W/Resources(  193): Preloaded drawable resource #0x1080536 (android:drawable/scrubber_track_holo_light) that varies with configuration!!
W/Resources(  193): Preloaded drawable resource #0x1080534 (android:drawable/scrubber_secondary_holo) that varies with configuration!!
W/Resources(  193): Preloaded drawable resource #0x1080531 (android:drawable/scrubber_primary_holo) that varies with configuration!!
W/Resources(  193): Preloaded drawable resource #0x1080533 (android:drawable/scrubber_progress_horizontal_holo_light) that varies with configuration!!
D/dalvikvm(  193): GC_EXPLICIT freed 29K, 37% free 2581K/4056K, paused 1ms+1ms, total 5ms
W/Resources(  193): Preloaded drawable resource #0x1080528 (android:drawable/scrollbar_handle_holo_dark) that varies with configuration!!
W/Resources(  193): Preloaded drawable resource #0x1080529 (android:drawable/scrollbar_handle_holo_light) that varies with configuration!!
D/dalvikvm(  193): GC_EXPLICIT freed 32K, 36% free 2613K/4056K, paused 0ms+0ms, total 5ms
D/dalvikvm(  193): GC_EXPLICIT freed 12K, 35% free 2652K/4056K, paused 0ms+1ms, total 4ms
D/dalvikvm(  193): GC_EXPLICIT freed 3K, 34% free 2699K/4056K, paused 0ms+0ms, total 5ms
D/dalvikvm(  193): GC_EXPLICIT freed 3K, 33% free 2746K/4056K, paused 0ms+0ms, total 8ms
W/Resources(  193): Preloaded drawable resource #0x1080208 (android:drawable/cab_background_bottom_holo_dark) that varies with configuration!!
W/Resources(  193): Preloaded drawable resource #0x108020b (android:drawable/cab_background_top_holo_light) that varies with configuration!!
W/Resources(  193): Preloaded drawable resource #0x1080209 (android:drawable/cab_background_bottom_holo_light) that varies with configuration!!
W/Resources(  193): Preloaded drawable resource #0x10802bc (android:drawable/ic_cab_done_holo_dark) that varies with configuration!!
D/dalvikvm(  193): GC_EXPLICIT freed 23K, 32% free 2776K/4056K, paused 1ms+1ms, total 4ms
W/Resources(  193): Preloaded drawable resource #0x108020a (android:drawable/cab_background_top_holo_dark) that varies with configuration!!
W/Resources(  193): Preloaded drawable resource #0x10802bd (android:drawable/ic_cab_done_holo_light) that varies with configuration!!
W/Resources(  193): Preloaded drawable resource #0x10800d0 (android:drawable/btn_cab_done_default_holo_dark) that varies with configuration!!
W/Resources(  193): Preloaded drawable resource #0x10800d3 (android:drawable/btn_cab_done_focused_holo_light) that varies with configuration!!
W/Resources(  193): Preloaded drawable resource #0x10800d1 (android:drawable/btn_cab_done_default_holo_light) that varies with configuration!!
W/Resources(  193): Preloaded drawable resource #0x10800d6 (android:drawable/btn_cab_done_pressed_holo_dark) that varies with configuration!!
W/Resources(  193): Preloaded drawable resource #0x10800d2 (android:drawable/btn_cab_done_focused_holo_dark) that varies with configuration!!
W/Resources(  193): Preloaded drawable resource #0x10800d7 (android:drawable/btn_cab_done_pressed_holo_light) that varies with configuration!!
W/Resources(  193): Preloaded drawable resource #0x10803ff (android:drawable/list_pressed_holo_light) that varies with configuration!!
W/Resources(  193): Preloaded drawable resource #0x10800d3 (android:drawable/btn_cab_done_focused_holo_light) that varies with configuration!!
W/Resources(  193): Preloaded drawable resource #0x10800d1 (android:drawable/btn_cab_done_default_holo_light) that varies with configuration!!
W/Resources(  193): Preloaded drawable resource #0x10800d5 (android:drawable/btn_cab_done_holo_light) that varies with configuration!!
D/dalvikvm(  193): GC_EXPLICIT freed 60K, 32% free 2768K/4056K, paused 0ms+0ms, total 7ms
W/Resources(  193): Preloaded drawable resource #0x10803fe (android:drawable/list_pressed_holo_dark) that varies with configuration!!
W/Resources(  193): Preloaded drawable resource #0x10800d2 (android:drawable/btn_cab_done_focused_holo_dark) that varies with configuration!!
W/Resources(  193): Preloaded drawable resource #0x10800d0 (android:drawable/btn_cab_done_default_holo_dark) that varies with configuration!!
W/Resources(  193): Preloaded drawable resource #0x10800d4 (android:drawable/btn_cab_done_holo_dark) that varies with configuration!!
W/Resources(  193): Preloaded drawable resource #0x1080038 (android:drawable/ic_menu_close_clear_cancel) that varies with configuration!!
W/Resources(  193): Preloaded drawable resource #0x108033e (android:drawable/ic_menu_copy_holo_dark) that varies with configuration!!
W/Resources(  193): Preloaded drawable resource #0x108033f (android:drawable/ic_menu_copy_holo_light) that varies with configuration!!
D/dalvikvm(  193): GC_EXPLICIT freed 76K, 33% free 2753K/4056K, paused 0ms+1ms, total 6ms
W/Resources(  193): Preloaded drawable resource #0x1080341 (android:drawable/ic_menu_cut_holo_dark) that varies with configuration!!
W/Resources(  193): Preloaded drawable resource #0x1080342 (android:drawable/ic_menu_cut_holo_light) that varies with configuration!!
W/Resources(  193): Preloaded drawable resource #0x1080045 (android:drawable/ic_menu_more) that varies with configuration!!
D/dalvikvm(  193): GC_EXPLICIT freed 56K, 33% free 2751K/4056K, paused 1ms+0ms, total 4ms
W/Resources(  193): Preloaded drawable resource #0x1080355 (android:drawable/ic_menu_moreoverflow_normal_holo_dark) that varies with configuration!!
W/Resources(  193): Preloaded drawable resource #0x1080353 (android:drawable/ic_menu_moreoverflow_holo_dark) that varies with configuration!!
W/Resources(  193): Preloaded drawable resource #0x1080356 (android:drawable/ic_menu_moreoverflow_normal_holo_light) that varies with configuration!!
W/Resources(  193): Preloaded drawable resource #0x1080354 (android:drawable/ic_menu_moreoverflow_holo_light) that varies with configuration!!
W/Resources(  193): Preloaded drawable resource #0x1080359 (android:drawable/ic_menu_paste_holo_dark) that varies with configuration!!
D/dalvikvm(  193): GC_EXPLICIT freed 58K, 33% free 2755K/4056K, paused 1ms+0ms, total 4ms
W/Resources(  193): Preloaded drawable resource #0x108035a (android:drawable/ic_menu_paste_holo_light) that varies with configuration!!
W/Resources(  193): Preloaded drawable resource #0x1080360 (android:drawable/ic_menu_selectall_holo_light) that varies with configuration!!
W/Resources(  193): Preloaded drawable resource #0x108035f (android:drawable/ic_menu_selectall_holo_dark) that varies with configuration!!
D/dalvikvm(  193): GC_EXPLICIT freed 54K, 33% free 2754K/4056K, paused 1ms+0ms, total 6ms
W/Resources(  193): Preloaded drawable resource #0x10802c0 (android:drawable/ic_clear_disabled) that varies with configuration!!
W/Resources(  193): Preloaded drawable resource #0x10802c2 (android:drawable/ic_clear_normal) that varies with configuration!!
W/Resources(  193): Preloaded drawable resource #0x10802bf (android:drawable/ic_clear) that varies with configuration!!
W/Resources(  193): Preloaded drawable resource #0x10802c0 (android:drawable/ic_clear_disabled) that varies with configuration!!
D/dalvikvm(  193): GC_EXPLICIT freed 54K, 33% free 2755K/4056K, paused 3ms+1ms, total 8ms
W/Resources(  193): Preloaded drawable resource #0x10802c2 (android:drawable/ic_clear_normal) that varies with configuration!!
W/Resources(  193): Preloaded drawable resource #0x1080392 (android:drawable/ic_search) that varies with configuration!!
W/Resources(  193): Preloaded drawable resource #0x10802dd (android:drawable/ic_go) that varies with configuration!!
D/dalvikvm(  193): GC_EXPLICIT freed 53K, 33% free 2754K/4056K, paused 1ms+0ms, total 5ms
W/Resources(  193): Preloaded drawable resource #0x108039b (android:drawable/ic_voice_search) that varies with configuration!!
W/Resources(  193): Preloaded drawable resource #0x1080221 (android:drawable/dialog_bottom_holo_dark) that varies with configuration!!
D/dalvikvm(  193): GC_EXPLICIT freed 19K, 32% free 2788K/4056K, paused 1ms+0ms, total 5ms
W/Resources(  193): Preloaded drawable resource #0x1080222 (android:drawable/dialog_bottom_holo_light) that varies with configuration!!
W/Resources(  193): Preloaded drawable resource #0x1080226 (android:drawable/dialog_full_holo_dark) that varies with configuration!!
D/dalvikvm(  193): GC_EXPLICIT freed 36K, 30% free 2848K/4056K, paused 1ms+1ms, total 5ms
W/Resources(  193): Preloaded drawable resource #0x1080227 (android:drawable/dialog_full_holo_light) that varies with configuration!!
D/dalvikvm(  193): GC_EXPLICIT freed 95K, 31% free 2815K/4056K, paused 0ms+1ms, total 18ms
W/Resources(  193): Preloaded drawable resource #0x108022f (android:drawable/dialog_middle_holo_dark) that varies with configuration!!
W/Resources(  193): Preloaded drawable resource #0x1080230 (android:drawable/dialog_middle_holo_light) that varies with configuration!!
D/dalvikvm(  193): GC_EXPLICIT freed 63K, 31% free 2803K/4056K, paused 1ms+0ms, total 5ms
W/Resources(  193): Preloaded drawable resource #0x1080231 (android:drawable/dialog_top_holo_dark) that varies with configuration!!
W/Resources(  193): Preloaded drawable resource #0x1080232 (android:drawable/dialog_top_holo_light) that varies with configuration!!
D/dalvikvm(  193): GC_EXPLICIT freed 51K, 31% free 2822K/4056K, paused 0ms+0ms, total 4ms
W/Resources(  193): Preloaded drawable resource #0x10802d1 (android:drawable/ic_dialog_alert_holo_dark) that varies with configuration!!
W/Resources(  193): Preloaded drawable resource #0x10802d2 (android:drawable/ic_dialog_alert_holo_light) that varies with configuration!!
W/Resources(  193): Preloaded drawable resource #0x10803f4 (android:drawable/list_divider_holo_dark) that varies with configuration!!
W/Resources(  193): Preloaded drawable resource #0x10803f5 (android:drawable/list_divider_holo_light) that varies with configuration!!
W/Resources(  193): Preloaded drawable resource #0x10803f5 (android:drawable/list_divider_holo_light) that varies with configuration!!
W/Resources(  193): Preloaded drawable resource #0x10800bd (android:drawable/ab_transparent_dark_holo) that varies with configuration!!
D/dalvikvm(  193): GC_EXPLICIT freed 106K, 32% free 2767K/4056K, paused 0ms+0ms, total 5ms
W/Resources(  193): Preloaded drawable resource #0x10800bb (android:drawable/ab_stacked_transparent_dark_holo) that varies with configuration!!
W/Resources(  193): Preloaded drawable resource #0x10800a1 (android:drawable/ab_bottom_transparent_dark_holo) that varies with configuration!!
W/Resources(  193): Preloaded drawable resource #0x10800b5 (android:drawable/ab_solid_dark_holo) that varies with configuration!!
W/Resources(  193): Preloaded drawable resource #0x10800b8 (android:drawable/ab_stacked_solid_dark_holo) that varies with configuration!!
W/Resources(  193): Preloaded drawable resource #0x108009e (android:drawable/ab_bottom_solid_dark_holo) that varies with configuration!!
D/dalvikvm(  193): GC_EXPLICIT freed 17K, 31% free 2803K/4056K, paused 1ms+0ms, total 4ms
W/Resources(  193): Preloaded drawable resource #0x10800be (android:drawable/ab_transparent_light_holo) that varies with configuration!!
W/Resources(  193): Preloaded drawable resource #0x10800bc (android:drawable/ab_stacked_transparent_light_holo) that varies with configuration!!
W/Resources(  193): Preloaded drawable resource #0x10800a2 (android:drawable/ab_bottom_transparent_light_holo) that varies with configuration!!
W/Resources(  193): Preloaded drawable resource #0x10800b6 (android:drawable/ab_solid_light_holo) that varies with configuration!!
W/Resources(  193): Preloaded drawable resource #0x10800ba (android:drawable/ab_stacked_solid_light_holo) that varies with configuration!!
D/dalvikvm(  193): GC_EXPLICIT freed 44K, 31% free 2813K/4056K, paused 0ms+0ms, total 4ms
W/Resources(  193): Preloaded drawable resource #0x10800a0 (android:drawable/ab_bottom_solid_light_holo) that varies with configuration!!
W/Resources(  193): Preloaded drawable resource #0x10800b7 (android:drawable/ab_solid_shadow_holo) that varies with configuration!!
W/Resources(  193): Preloaded drawable resource #0x108041d (android:drawable/list_selector_disabled_holo_dark) that varies with configuration!!
W/Resources(  193): Preloaded drawable resource #0x108041d (android:drawable/list_selector_disabled_holo_dark) that varies with configuration!!
W/Resources(  193): Preloaded drawable resource #0x10803fe (android:drawable/list_pressed_holo_dark) that varies with configuration!!
W/Resources(  193): Preloaded drawable resource #0x10803fc (android:drawable/list_longpressed_holo_dark) that varies with configuration!!
W/Resources(  193): Preloaded drawable resource #0x108041a (android:drawable/list_selector_background_transition_holo_dark) that varies with configuration!!
W/Resources(  193): Preloaded drawable resource #0x10803fe (android:drawable/list_pressed_holo_dark) that varies with configuration!!
W/Resources(  193): Preloaded drawable resource #0x10803fc (android:drawable/list_longpressed_holo_dark) that varies with configuration!!
W/Resources(  193): Preloaded drawable resource #0x108041a (android:drawable/list_selector_background_transition_holo_dark) that varies with configuration!!
W/Resources(  193): Preloaded drawable resource #0x10803f7 (android:drawable/list_focused_holo) that varies with configuration!!
W/Resources(  193): Preloaded drawable resource #0x10803b3 (android:drawable/item_background_holo_dark) that varies with configuration!!
D/dalvikvm(  193): GC_EXPLICIT freed 63K, 31% free 2805K/4056K, paused 0ms+0ms, total 6ms
W/Resources(  193): Preloaded drawable resource #0x108041e (android:drawable/list_selector_disabled_holo_light) that varies with configuration!!
W/Resources(  193): Preloaded drawable resource #0x108041e (android:drawable/list_selector_disabled_holo_light) that varies with configuration!!
W/Resources(  193): Preloaded drawable resource #0x10803ff (android:drawable/list_pressed_holo_light) that varies with configuration!!
W/Resources(  193): Preloaded drawable resource #0x10803fd (android:drawable/list_longpressed_holo_light) that varies with configuration!!
W/Resources(  193): Preloaded drawable resource #0x108041b (android:drawable/list_selector_background_transition_holo_light) that varies with configuration!!
W/Resources(  193): Preloaded drawable resource #0x10803ff (android:drawable/list_pressed_holo_light) that varies with configuration!!
W/Resources(  193): Preloaded drawable resource #0x10803fd (android:drawable/list_longpressed_holo_light) that varies with configuration!!
W/Resources(  193): Preloaded drawable resource #0x108041b (android:drawable/list_selector_background_transition_holo_light) that varies with configuration!!
W/Resources(  193): Preloaded drawable resource #0x10803f7 (android:drawable/list_focused_holo) that varies with configuration!!
W/Resources(  193): Preloaded drawable resource #0x10803b4 (android:drawable/item_background_holo_light) that varies with configuration!!
W/Resources(  193): Preloaded drawable resource #0x108027c (android:drawable/fastscroll_thumb_pressed_holo) that varies with configuration!!
W/Resources(  193): Preloaded drawable resource #0x108027a (android:drawable/fastscroll_thumb_default_holo) that varies with configuration!!
W/Resources(  193): Preloaded drawable resource #0x108027b (android:drawable/fastscroll_thumb_holo) that varies with configuration!!
D/dalvikvm(  193): GC_EXPLICIT freed 116K, 32% free 2784K/4056K, paused 1ms+1ms, total 5ms
W/Resources(  193): Preloaded drawable resource #0x108027c (android:drawable/fastscroll_thumb_pressed_holo) that varies with configuration!!
W/Resources(  193): Preloaded drawable resource #0x108027a (android:drawable/fastscroll_thumb_default_holo) that varies with configuration!!
D/dalvikvm(  193): GC_EXPLICIT freed 79K, 32% free 2759K/4056K, paused 0ms+1ms, total 5ms
W/Resources(  193): Preloaded drawable resource #0x1080281 (android:drawable/fastscroll_track_pressed_holo_dark) that varies with configuration!!
W/Resources(  193): Preloaded drawable resource #0x108027d (android:drawable/fastscroll_track_default_holo_dark) that varies with configuration!!
W/Resources(  193): Preloaded drawable resource #0x108027f (android:drawable/fastscroll_track_holo_dark) that varies with configuration!!
W/Resources(  193): Preloaded drawable resource #0x1080281 (android:drawable/fastscroll_track_pressed_holo_dark) that varies with configuration!!
W/Resources(  193): Preloaded drawable resource #0x108027d (android:drawable/fastscroll_track_default_holo_dark) that varies with configuration!!
W/Resources(  193): Preloaded drawable resource #0x1080276 (android:drawable/fastscroll_label_left_holo_dark) that varies with configuration!!
D/dalvikvm(  193): GC_EXPLICIT freed 8K, 30% free 2847K/4056K, paused 1ms+1ms, total 6ms
W/Resources(  193): Preloaded drawable resource #0x1080278 (android:drawable/fastscroll_label_right_holo_dark) that varies with configuration!!
D/dalvikvm(  193): GC_EXPLICIT freed 5K, 28% free 2927K/4056K, paused 0ms+0ms, total 5ms
W/Resources(  193): Preloaded drawable resource #0x1080282 (android:drawable/fastscroll_track_pressed_holo_light) that varies with configuration!!
W/Resources(  193): Preloaded drawable resource #0x108027e (android:drawable/fastscroll_track_default_holo_light) that varies with configuration!!
W/Resources(  193): Preloaded drawable resource #0x1080280 (android:drawable/fastscroll_track_holo_light) that varies with configuration!!
W/Resources(  193): Preloaded drawable resource #0x1080282 (android:drawable/fastscroll_track_pressed_holo_light) that varies with configuration!!
W/Resources(  193): Preloaded drawable resource #0x108027e (android:drawable/fastscroll_track_default_holo_light) that varies with configuration!!
W/Resources(  193): Preloaded drawable resource #0x1080277 (android:drawable/fastscroll_label_left_holo_light) that varies with configuration!!
D/dalvikvm(  193): GC_EXPLICIT freed 176K, 30% free 2847K/4056K, paused 0ms+0ms, total 8ms
W/Resources(  193): Preloaded drawable resource #0x1080279 (android:drawable/fastscroll_label_right_holo_light) that varies with configuration!!
D/dalvikvm(  193): GC_EXPLICIT freed 5K, 28% free 2928K/4056K, paused 0ms+0ms, total 5ms
W/Resources(  193): Preloaded drawable resource #0x108025b (android:drawable/editbox_dropdown_background_dark) that varies with configuration!!
