W/dalvikvm( 2151): VFY: unable to resolve virtual method 2272: Landroid/content/Context;.isDeviceProtectedStorage ()Z
D/dalvikvm( 2151): VFY: replacing opcode 0x6e at 0x0000
I/dalvikvm( 2151): Could not find method android.content.Context.isDeviceProtectedStorage, referenced from method bvv.c
W/dalvikvm( 2151): VFY: unable to resolve virtual method 2272: Landroid/content/Context;.isDeviceProtectedStorage ()Z
D/dalvikvm( 2151): VFY: replacing opcode 0x6e at 0x0000
E/SoftFFmpegVideo(  474): Deinterlacing failed
E/SoftFFmpegVideo(  474): Deinterlacing failed
E/SoftFFmpegVideo(  474): Deinterlacing failed
E/SoftFFmpegVideo(  474): Deinterlacing failed
D/dalvikvm( 2151): GC_CONCURRENT freed 788K, 20% free 3722K/4600K, paused 3ms+4ms, total 25ms
D/dalvikvm( 2151): WAIT_FOR_CONCURRENT_GC blocked 1ms
D/dalvikvm( 2151): WAIT_FOR_CONCURRENT_GC blocked 2ms
D/dalvikvm( 2151): WAIT_FOR_CONCURRENT_GC blocked 3ms
E/SoftFFmpegVideo(  474): Deinterlacing failed
E/SoftFFmpegVideo(  474): Deinterlacing failed
E/SoftFFmpegVideo(  474): Deinterlacing failed
E/SoftFFmpegVideo(  474): Deinterlacing failed
D/dalvikvm( 2151): DexOpt: couldn't find static field Landroid/os/Build;.SUPPORTED_64_BIT_ABIS
W/dalvikvm( 2151): VFY: unable to resolve static field 799 (SUPPORTED_64_BIT_ABIS) in Landroid/os/Build;
D/dalvikvm( 2151): VFY: replacing opcode 0x62 at 0x0012
D/dalvikvm( 2151): DexOpt: couldn't find static field Landroid/os/Build;.SUPPORTED_32_BIT_ABIS
W/dalvikvm( 2151): VFY: unable to resolve static field 798 (SUPPORTED_32_BIT_ABIS) in Landroid/os/Build;
D/dalvikvm( 2151): VFY: replacing opcode 0x62 at 0x0021
D/dalvikvm( 2151): DexOpt: couldn't find static field Landroid/os/Build;.SUPPORTED_ABIS
W/dalvikvm( 2151): VFY: unable to resolve static field 800 (SUPPORTED_ABIS) in Landroid/os/Build;
D/dalvikvm( 2151): VFY: replacing opcode 0x62 at 0x0008
D/dalvikvm( 2151): DexOpt: couldn't find static field Landroid/os/Build;.SUPPORTED_64_BIT_ABIS
W/dalvikvm( 2151): VFY: unable to resolve static field 799 (SUPPORTED_64_BIT_ABIS) in Landroid/os/Build;
D/dalvikvm( 2151): VFY: replacing opcode 0x62 at 0x0008
D/dalvikvm( 2151): DexOpt: couldn't find static field Landroid/os/Build;.SUPPORTED_64_BIT_ABIS
I/dalvikvm( 2151): DexOpt: unable to optimize static field ref 0x031f at 0x17 in Lbxp;.a
D/dalvikvm( 2151): DexOpt: couldn't find static field Landroid/os/Build;.SUPPORTED_32_BIT_ABIS
I/dalvikvm( 2151): DexOpt: unable to optimize static field ref 0x031e at 0x26 in Lbxp;.a
D/dalvikvm( 2151): DexOpt: couldn't find static field Landroid/os/Build;.SUPPORTED_64_BIT_ABIS
I/dalvikvm( 2151): DexOpt: unable to optimize static field ref 0x031f at 0x0d in Lbxp;.b
I/Google Maps Android API( 2151): Google Play services client version: 11020000
I/Google Maps Android API( 2151): Google Play services package version: 11055070
E/SoftFFmpegVideo(  474): Deinterlacing failed
E/SoftFFmpegVideo(  474): Deinterlacing failed
D/dalvikvm( 2151): GC_CONCURRENT freed 348K, 18% free 3786K/4600K, paused 0ms+2ms, total 20ms
I/dalvikvm( 2151): Could not find method android.content.pm.PackageManager.getPackageInstaller, referenced from method jf.a
W/dalvikvm( 2151): VFY: unable to resolve virtual method 2340: Landroid/content/pm/PackageManager;.getPackageInstaller ()Landroid/content/pm/PackageInstaller;
D/dalvikvm( 2151): VFY: replacing opcode 0x6e at 0x0017
E/SoftFFmpegVideo(  474): Deinterlacing failed
E/SoftFFmpegVideo(  474): Deinterlacing failed
E/dalvikvm( 2151): Could not find class 'com.google.android.chimera.Activity', referenced from method jx.b
W/dalvikvm( 2151): VFY: unable to resolve instanceof 622 (Lcom/google/android/chimera/Activity;) in Ljx;
D/dalvikvm( 2151): VFY: replacing opcode 0x20 at 0x0176
E/SoftFFmpegVideo(  474): Deinterlacing failed
E/SoftFFmpegVideo(  474): Deinterlacing failed
D/dalvikvm( 2151): GC_CONCURRENT freed 344K, 17% free 3842K/4600K, paused 1ms+9ms, total 13ms
E/SoftFFmpegVideo(  474): Deinterlacing failed
E/SoftFFmpegVideo(  474): Deinterlacing failed
D/dalvikvm( 2151): GC_CONCURRENT freed 216K, 13% free 4047K/4600K, paused 4ms+2ms, total 13ms
E/SoftFFmpegVideo(  474): Deinterlacing failed
E/SoftFFmpegVideo(  474): Deinterlacing failed
W/agr     ( 2151): copyMemory is missing from platform - proto runtime falling back to safer methods.
D/dalvikvm( 2151): GC_FOR_ALLOC freed 244K, 11% free 4149K/4648K, paused 5ms, total 5ms
I/dalvikvm( 2151): Could not find method android.os.PowerManager.isInteractive, referenced from method com.google.maps.api.android.lib6.drd.aa.a
W/dalvikvm( 2151): VFY: unable to resolve virtual method 2688: Landroid/os/PowerManager;.isInteractive ()Z
D/dalvikvm( 2151): VFY: replacing opcode 0x6e at 0x0047
W/ActivityThread( 2151): ClassLoader.loadClass: The class loader returned by Thread.getContextClassLoader() may fail for processes that host multiple applications. You should explicitly specify a context class loader. For example: Thread.setContextClassLoader(getClass().getClassLoader());
E/SoftFFmpegVideo(  474): Deinterlacing failed
E/SoftFFmpegVideo(  474): Deinterlacing failed
D/dalvikvm( 2151): GC_CONCURRENT freed 289K, 8% free 4324K/4700K, paused 2ms+1ms, total 10ms
I/chromium( 2151): [INFO:CONSOLE(52421)] "EXCEPTION: Uncaught (in promise): TypeError: Cannot call method 'apply' of undefined
I/chromium( 2151): TypeError: Cannot call method 'apply' of undefined
I/chromium( 2151):     at callInstance (file:///android_asset/www/build/main.js:395:50)
I/chromium( 2151):     at GoogleMapsMarker.<anonymous> (file:///android_asset/www/build/main.js:406:20)
I/chromium( 2151):     at GoogleMapsMarker.value [as setTitle] (file:///android_asset/www/build/main.js:593:61)
I/chromium( 2151):     at AboutPage.setupGoogleMap (file:///android_asset/www/build/main.js:56621:16)
I/chromium( 2151):     at file:///android_asset/www/build/main.js:56581:19
I/chromium( 2151):     at t.invoke (file:///android_asset/www/build/polyfills.js:3:9094)
I/chromium( 2151):     at Object.inner.inner.fork.onInvoke (file:///android_asset/www/build/main.js:35976:37)
I/chromium( 2151):     at t.invoke (file:///android_asset/www/build/polyfills.js:3:9045)
I/chromium( 2151):     at e.run (file:///android_asset/www/build/polyfills.js:3:6481)
I/chromium( 2151):     at file:///android_asset/www/build/polyfills.js:3:4583", source: file:///android_asset/www/build/main.js (52421)
I/chromium( 2151): [INFO:CONSOLE(52426)] "ORIGINAL STACKTRACE:", source: file:///android_asset/www/build/main.js (52426)
I/chromium( 2151): [INFO:CONSOLE(52427)] "Error: Uncaught (in promise): TypeError: Cannot call method 'apply' of undefined
I/chromium( 2151): TypeError: Cannot call method 'apply' of undefined
I/chromium( 2151):     at callInstance (file:///android_asset/www/build/main.js:395:50)
I/chromium( 2151):     at GoogleMapsMarker.<anonymous> (file:///android_asset/www/build/main.js:406:20)
I/chromium( 2151):     at GoogleMapsMarker.value [as setTitle] (file:///android_asset/www/build/main.js:593:61)
I/chromium( 2151):     at AboutPage.setupGoogleMap (file:///android_asset/www/build/main.js:56621:16)
I/chromium( 2151):     at file:///android_asset/www/build/main.js:56581:19
I/chromium( 2151):     at t.invoke (file:///android_asset/www/build/polyfills.js:3:9094)
I/chromium( 2151):     at Object.inner.inner.fork.onInvoke (file:///android_asset/www/build/main.js:35976:37)
I/chromium( 2151):     at t.invoke (file:///android_asset/www/build/polyfills.js:3:9045)
I/chromium( 2151):     at e.run (file:///android_asset/www/build/polyfills.js:3:6481)
I/chromium( 2151):     at file:///android_asset/www/build/polyfills.js:3:4583
I/chromium( 2151):     at s (file:///android_asset/www/build/polyfills.js:3:4211)
I/chromium( 2151):     at file:///android_asset/www/build/polyfills.js:3:4612
I/chromium( 2151):     at t.invokeTask (file:///android_asset/www/build/polyfills.js:3:9723)
I/chromium( 2151):     at Object.inner.inner.fork.onInvokeTask (file:///android_asset/www/build/main.js:35967:37)
I/chromium( 2151):     at t.invokeTask (file:///android_asset/www/build/polyfills.js:3:9659)
I/chromium( 2151):     at e.runTask (file:///android_asset/www/build/polyfills.js:3:7083)
I/chromium( 2151):     at i (file:///android_asset/www/build/polyfills.js:3:3671)
I/chromium( 2151):     at HTMLAnchorElement.invoke (file:///android_asset/www/build/polyfills.js:3:10876)", source: file:///android_asset/www/build/main.js (52427)
E/SoftFFmpegVideo(  474): Deinterlacing failed
E/SoftFFmpegVideo(  474): Deinterlacing failed
E/SoftFFmpegVideo(  474): Deinterlacing failed
E/SoftFFmpegVideo(  474): Deinterlacing failed
I/libEGL  ( 2151): eglChooseConfig
I/libEGL  ( 2151): 	EGL_RED_SIZE                    :          8 (0x00000008)
I/libEGL  ( 2151): 	EGL_GREEN_SIZE                  :          8 (0x00000008)
I/libEGL  ( 2151): 	EGL_BLUE_SIZE                   :          8 (0x00000008)
I/libEGL  ( 2151): 	EGL_ALPHA_SIZE                  :          0 (0x00000000)
I/libEGL  ( 2151): 	EGL_DEPTH_SIZE                  :         16 (0x00000010)
I/libEGL  ( 2151): 	EGL_STENCIL_SIZE                :          8 (0x00000008)
I/libEGL  ( 2151): 	EGL_RENDERABLE_TYPE             :          4 (0x00000004)
I/HostConnection( 2151): Using qemu vfiber
D/HostConnection( 2151): HostConnection::get() New Host Connection established 0xb9719e18, tid 2286
I/libEGL  ( 2151): eglChooseConfig
I/libEGL  ( 2151): 	EGL_RED_SIZE                    :          8 (0x00000008)
I/libEGL  ( 2151): 	EGL_GREEN_SIZE                  :          8 (0x00000008)
I/libEGL  ( 2151): 	EGL_BLUE_SIZE                   :          8 (0x00000008)
I/libEGL  ( 2151): 	EGL_ALPHA_SIZE                  :          0 (0x00000000)
I/libEGL  ( 2151): 	EGL_DEPTH_SIZE                  :         16 (0x00000010)
I/libEGL  ( 2151): 	EGL_STENCIL_SIZE                :          8 (0x00000008)
I/libEGL  ( 2151): eglChooseConfig
I/libEGL  ( 2151): 	EGL_RED_SIZE                    :          8 (0x00000008)
I/libEGL  ( 2151): 	EGL_GREEN_SIZE                  :          8 (0x00000008)
I/libEGL  ( 2151): 	EGL_BLUE_SIZE                   :          8 (0x00000008)
I/libEGL  ( 2151): 	EGL_ALPHA_SIZE                  :          0 (0x00000000)
I/libEGL  ( 2151): 	EGL_DEPTH_SIZE                  :         16 (0x00000010)
I/libEGL  ( 2151): 	EGL_STENCIL_SIZE                :          8 (0x00000008)
I/libEGL  ( 2151): EGLConfig[0]
I/libEGL  ( 2151): 	EGL_BUFFER_SIZE                 :         32 (0x00000020)
I/libEGL  ( 2151): 	EGL_ALPHA_SIZE                  :          8 (0x00000008)
I/libEGL  ( 2151): 	EGL_BLUE_SIZE                   :          8 (0x00000008)
I/libEGL  ( 2151): 	EGL_GREEN_SIZE                  :          8 (0x00000008)
I/libEGL  ( 2151): 	EGL_RED_SIZE                    :          8 (0x00000008)
I/libEGL  ( 2151): 	EGL_DEPTH_SIZE                  :         24 (0x00000018)
I/libEGL  ( 2151): 	EGL_STENCIL_SIZE                :          8 (0x00000008)
I/libEGL  ( 2151): 	EGL_CONFIG_CAVEAT               :      12344 (0x00003038)
I/libEGL  ( 2151): 	EGL_CONFIG_ID                   :          2 (0x00000002)
I/libEGL  ( 2151): 	EGL_LEVEL                       :          0 (0x00000000)
I/libEGL  ( 2151): 	EGL_MAX_PBUFFER_HEIGHT          :      16384 (0x00004000)
I/libEGL  ( 2151): 	EGL_MAX_PBUFFER_WIDTH           :      16384 (0x00004000)
I/libEGL  ( 2151): 	EGL_MAX_PBUFFER_PIXELS          :  268435456 (0x10000000)
I/libEGL  ( 2151): 	EGL_NATIVE_RENDERABLE           :          0 (0x00000000)
I/libEGL  ( 2151): 	EGL_NATIVE_VISUAL_ID            :          1 (0x00000001)
I/libEGL  ( 2151): 	EGL_NATIVE_VISUAL_TYPE          :      12344 (0x00003038)
I/libEGL  ( 2151): 	EGL_SAMPLES                     :          0 (0x00000000)
I/libEGL  ( 2151): 	EGL_SAMPLE_BUFFERS              :          0 (0x00000000)
I/libEGL  ( 2151): 	EGL_SURFACE_TYPE                :       1029 (0x00000405)
I/libEGL  ( 2151): 	EGL_TRANSPARENT_TYPE            :      12344 (0x00003038)
I/libEGL  ( 2151): 	EGL_TRANSPARENT_BLUE_VALUE      :          0 (0x00000000)
I/libEGL  ( 2151): 	EGL_TRANSPARENT_GREEN_VALUE     :          0 (0x00000000)
I/libEGL  ( 2151): 	EGL_TRANSPARENT_RED_VALUE       :          0 (0x00000000)
I/libEGL  ( 2151): 	EGL_BIND_TO_TEXTURE_RGB         :          0 (0x00000000)
I/libEGL  ( 2151): 	EGL_BIND_TO_TEXTURE_RGBA        :          1 (0x00000001)
I/libEGL  ( 2151): 	EGL_MIN_SWAP_INTERVAL           :          0 (0x00000000)
I/libEGL  ( 2151): 	EGL_MAX_SWAP_INTERVAL           :          4 (0x00000004)
I/libEGL  ( 2151): 	EGL_LUMINANCE_SIZE              :          0 (0x00000000)
I/libEGL  ( 2151): 	EGL_ALPHA_MASK_SIZE             :          0 (0x00000000)
I/libEGL  ( 2151): 	EGL_COLOR_BUFFER_TYPE           :      12430 (0x0000308e)
I/libEGL  ( 2151): 	EGL_RENDERABLE_TYPE             :         68 (0x00000044)
I/libEGL  ( 2151): 	EGL_CONFORMANT                  :         68 (0x00000044)
E/EGL_emulation( 2151): [getAttribValue] Bad attribute idx
I/libEGL  ( 2151): 	EGL_FRAMEBUFFER_TARGET_ANDROID  :          0 (0x00000000)
E/EGL_emulation( 2151): [getAttribValue] Bad attribute idx
I/libEGL  ( 2151): 	EGL_RECORDABLE_ANDROID          :          0 (0x00000000)
I/libEGL  ( 2151): EGLConfig[1]
I/libEGL  ( 2151): 	EGL_BUFFER_SIZE                 :         32 (0x00000020)
I/libEGL  ( 2151): 	EGL_ALPHA_SIZE                  :          8 (0x00000008)
I/libEGL  ( 2151): 	EGL_BLUE_SIZE                   :          8 (0x00000008)
I/libEGL  ( 2151): 	EGL_GREEN_SIZE                  :          8 (0x00000008)
I/libEGL  ( 2151): 	EGL_RED_SIZE                    :          8 (0x00000008)
I/libEGL  ( 2151): 	EGL_DEPTH_SIZE                  :         24 (0x00000018)
I/libEGL  ( 2151): 	EGL_STENCIL_SIZE                :          8 (0x00000008)
I/libEGL  ( 2151): 	EGL_CONFIG_CAVEAT               :      12344 (0x00003038)
I/libEGL  ( 2151): 	EGL_CONFIG_ID                   :          5 (0x00000005)
I/libEGL  ( 2151): 	EGL_LEVEL                       :          0 (0x00000000)
I/libEGL  ( 2151): 	EGL_MAX_PBUFFER_HEIGHT          :      16384 (0x00004000)
I/libEGL  ( 2151): 	EGL_MAX_PBUFFER_WIDTH           :      16384 (0x00004000)
I/libEGL  ( 2151): 	EGL_MAX_PBUFFER_PIXELS          :  268435456 (0x10000000)
I/libEGL  ( 2151): 	EGL_NATIVE_RENDERABLE           :          0 (0x00000000)
I/libEGL  ( 2151): 	EGL_NATIVE_VISUAL_ID            :          1 (0x00000001)
I/libEGL  ( 2151): 	EGL_NATIVE_VISUAL_TYPE          :      12344 (0x00003038)
I/libEGL  ( 2151): 	EGL_SAMPLES                     :          0 (0x00000000)
I/libEGL  ( 2151): 	EGL_SAMPLE_BUFFERS              :          0 (0x00000000)
I/libEGL  ( 2151): 	EGL_SURFACE_TYPE                :       1029 (0x00000405)
I/libEGL  ( 2151): 	EGL_TRANSPARENT_TYPE            :      12344 (0x00003038)
I/libEGL  ( 2151): 	EGL_TRANSPARENT_BLUE_VALUE      :          0 (0x00000000)
I/libEGL  ( 2151): 	EGL_TRANSPARENT_GREEN_VALUE     :          0 (0x00000000)
I/libEGL  ( 2151): 	EGL_TRANSPARENT_RED_VALUE       :          0 (0x00000000)
I/libEGL  ( 2151): 	EGL_BIND_TO_TEXTURE_RGB         :          0 (0x00000000)
I/libEGL  ( 2151): 	EGL_BIND_TO_TEXTURE_RGBA        :          1 (0x00000001)
I/libEGL  ( 2151): 	EGL_MIN_SWAP_INTERVAL           :          0 (0x00000000)
I/libEGL  ( 2151): 	EGL_MAX_SWAP_INTERVAL           :          4 (0x00000004)
I/libEGL  ( 2151): 	EGL_LUMINANCE_SIZE              :          0 (0x00000000)
I/libEGL  ( 2151): 	EGL_ALPHA_MASK_SIZE             :          0 (0x00000000)
I/libEGL  ( 2151): 	EGL_COLOR_BUFFER_TYPE           :      12430 (0x0000308e)
I/libEGL  ( 2151): 	EGL_RENDERABLE_TYPE             :         68 (0x00000044)
I/libEGL  ( 2151): 	EGL_CONFORMANT                  :         68 (0x00000044)
E/EGL_emulation( 2151): [getAttribValue] Bad attribute idx
I/libEGL  ( 2151): 	EGL_FRAMEBUFFER_TARGET_ANDROID  :          0 (0x00000000)
E/EGL_emulation( 2151): [getAttribValue] Bad attribute idx
I/libEGL  ( 2151): 	EGL_RECORDABLE_ANDROID          :          0 (0x00000000)
E/libEGL  ( 2151): eglCreateContext: config chosen
I/libEGL  ( 2151): 	EGL_BUFFER_SIZE                 :         24 (0x00000018)
I/libEGL  ( 2151): 	EGL_ALPHA_SIZE                  :          0 (0x00000000)
I/libEGL  ( 2151): 	EGL_BLUE_SIZE                   :          8 (0x00000008)
I/libEGL  ( 2151): 	EGL_GREEN_SIZE                  :          8 (0x00000008)
I/libEGL  ( 2151): 	EGL_RED_SIZE                    :          8 (0x00000008)
I/libEGL  ( 2151): 	EGL_DEPTH_SIZE                  :         24 (0x00000018)
I/libEGL  ( 2151): 	EGL_STENCIL_SIZE                :          8 (0x00000008)
I/libEGL  ( 2151): 	EGL_CONFIG_CAVEAT               :      12344 (0x00003038)
I/libEGL  ( 2151): 	EGL_CONFIG_ID                   :          8 (0x00000008)
I/libEGL  ( 2151): 	EGL_LEVEL                       :          0 (0x00000000)
I/libEGL  ( 2151): 	EGL_MAX_PBUFFER_HEIGHT          :      16384 (0x00004000)
I/libEGL  ( 2151): 	EGL_MAX_PBUFFER_WIDTH           :      16384 (0x00004000)
I/libEGL  ( 2151): 	EGL_MAX_PBUFFER_PIXELS          :  268435456 (0x10000000)
I/libEGL  ( 2151): 	EGL_NATIVE_RENDERABLE           :          0 (0x00000000)
I/libEGL  ( 2151): 	EGL_NATIVE_VISUAL_ID            :          2 (0x00000002)
I/libEGL  ( 2151): 	EGL_NATIVE_VISUAL_TYPE          :      12344 (0x00003038)
I/libEGL  ( 2151): 	EGL_SAMPLES                     :          0 (0x00000000)
I/libEGL  ( 2151): 	EGL_SAMPLE_BUFFERS              :          0 (0x00000000)
I/libEGL  ( 2151): 	EGL_SURFACE_TYPE                :       1029 (0x00000405)
I/libEGL  ( 2151): 	EGL_TRANSPARENT_TYPE            :      12344 (0x00003038)
I/libEGL  ( 2151): 	EGL_TRANSPARENT_BLUE_VALUE      :          0 (0x00000000)
I/libEGL  ( 2151): 	EGL_TRANSPARENT_GREEN_VALUE     :          0 (0x00000000)
I/libEGL  ( 2151): 	EGL_TRANSPARENT_RED_VALUE       :          0 (0x00000000)
I/libEGL  ( 2151): 	EGL_BIND_TO_TEXTURE_RGB         :          1 (0x00000001)
I/libEGL  ( 2151): 	EGL_BIND_TO_TEXTURE_RGBA        :          0 (0x00000000)
I/libEGL  ( 2151): 	EGL_MIN_SWAP_INTERVAL           :          0 (0x00000000)
I/libEGL  ( 2151): 	EGL_MAX_SWAP_INTERVAL           :          4 (0x00000004)
I/libEGL  ( 2151): 	EGL_LUMINANCE_SIZE              :          0 (0x00000000)
I/libEGL  ( 2151): 	EGL_ALPHA_MASK_SIZE             :          0 (0x00000000)
I/libEGL  ( 2151): 	EGL_COLOR_BUFFER_TYPE           :      12430 (0x0000308e)
I/libEGL  ( 2151): 	EGL_RENDERABLE_TYPE             :         68 (0x00000044)
I/libEGL  ( 2151): 	EGL_CONFORMANT                  :         68 (0x00000044)
E/EGL_emulation( 2151): [getAttribValue] Bad attribute idx
I/libEGL  ( 2151): 	EGL_FRAMEBUFFER_TARGET_ANDROID  :          0 (0x00000000)
E/EGL_emulation( 2151): [getAttribValue] Bad attribute idx
I/libEGL  ( 2151): 	EGL_RECORDABLE_ANDROID          :          0 (0x00000000)
E/EGL_emulation( 2151): rcCreateContext returned 0
E/EGL_emulation( 2151): tid 2286: eglCreateContext(917): error 0x3003 (EGL_BAD_ALLOC)
W/dalvikvm( 2151): threadid=45: thread exiting with uncaught exception (group=0xa4ce1b38)
E/AndroidRuntime( 2151): FATAL EXCEPTION: GLThread 133
E/AndroidRuntime( 2151): Process: com.ionicframework.ionic2restauth891032, PID: 2151
E/AndroidRuntime( 2151): java.lang.RuntimeException: createContext failed: 12291
E/AndroidRuntime( 2151): 	at com.google.maps.api.android.lib6.gmm6.vector.az.a(:com.google.android.gms.DynamiteModulesB:29)
E/AndroidRuntime( 2151): 	at com.google.maps.api.android.lib6.gmm6.vector.ba.f(:com.google.android.gms.DynamiteModulesB:158)
E/AndroidRuntime( 2151): 	at com.google.maps.api.android.lib6.gmm6.vector.ba.run(:com.google.android.gms.DynamiteModulesB:11)
E/SoftFFmpegVideo(  474): Deinterlacing failed
E/SoftFFmpegVideo(  474): Deinterlacing failed
W/ActivityManager(  535):   Force finishing activity com.ionicframework.ionic2restauth891032/.MainActivity
I/HostConnection(  535): Using qemu vfiber
D/HostConnection(  535): HostConnection::get() New Host Connection established 0xb8fa34a8, tid 813
E/SoftFFmpegVideo(  474): Deinterlacing failed
E/SoftFFmpegVideo(  474): Deinterlacing failed
E/SoftFFmpegVideo(  474): Deinterlacing failed
E/SoftFFmpegVideo(  474): Deinterlacing failed
E/SoftFFmpegVideo(  474): Deinterlacing failed
E/SoftFFmpegVideo(  474): Deinterlacing failed
I/android_os_LeapdroidJNI(  535): Leapdroid_set()
I/android_os_LeapdroidJNI(  535): Leapdroid_set(): setPropVBox(key=android_launched_package, val=com.android.launcher), err=0
W/ActivityManager(  535): resume package=com.android.launcher
E/SoftFFmpegVideo(  474): Deinterlacing failed
E/SoftFFmpegVideo(  474): Deinterlacing failed
D/dalvikvm( 2151): GC_CONCURRENT freed 325K, 9% free 4425K/4844K, paused 3ms+0ms, total 11ms
E/SoftFFmpegVideo(  474): Deinterlacing failed
E/SoftFFmpegVideo(  474): Deinterlacing failed
W/UdcContextManagerHelper(  722): Empty context buffer. Thus might mean that the context is not synced down.
W/GetDeviceDataUploadOptInStatusOp(  722): Empty context model while retrieving upload opt-in status!
W/EGL_emulation(  757): eglSurfaceAttrib not implemented(attribute=12435, value=12436), simply return EGL_TRUE
E/SoftFFmpegVideo(  474): Deinterlacing failed
E/SoftFFmpegVideo(  474): Deinterlacing failed
E/SoftFFmpegVideo(  474): Deinterlacing failed
E/SoftFFmpegVideo(  474): Deinterlacing failed
E/SoftFFmpegVideo(  474): Deinterlacing failed
E/SoftFFmpegVideo(  474): Deinterlacing failed
E/SoftFFmpegVideo(  474): Deinterlacing failed
E/SoftFFmpegVideo(  474): Deinterlacing failed
E/Auth    (  901): [GoogleAccountDataServiceImpl] getToken() -> BAD_AUTHENTICATION. Account: <ELLIDED:667224816>, App: com.google.android.gms, Service: oauth2:https://www.googleapis.com/auth/contextcontroller
E/Auth    (  901): ebt: Long live credential not available.
E/Auth    (  901): 	at ebu.b(:com.google.android.gms:0)
E/Auth    (  901): 	at ebu.a(:com.google.android.gms:17)
E/Auth    (  901): 	at eah.a(:com.google.android.gms:51)
E/Auth    (  901): 	at fgf.a(:com.google.android.gms:7)
E/Auth    (  901): 	at fgf.a(:com.google.android.gms:3)
E/Auth    (  901): 	at ffg.a(:com.google.android.gms:1)
E/Auth    (  901): 	at ffe.a(:com.google.android.gms:17)
E/Auth    (  901): 	at ffe.a(:com.google.android.gms:5)
E/Auth    (  901): 	at bty.a(:com.google.android.gms:192)
E/Auth    (  901): 	at bty.a(:com.google.android.gms:67)
E/Auth    (  901): 	at bty.onTransact(:com.google.android.gms:29)
E/Auth    (  901): 	at android.os.Binder.transact(Binder.java:361)
E/Auth    (  901): 	at bvj.onTransact(:com.google.android.gms:2)
E/Auth    (  901): 	at android.os.Binder.execTransact(Binder.java:404)
E/Auth    (  901): 	at dalvik.system.NativeStart.run(Native Method)
W/Auth    (  901): [GetToken] GetToken failed with status code: BadAuthentication
E/SoftFFmpegVideo(  474): Deinterlacing failed
E/SoftFFmpegVideo(  474): Deinterlacing failed
I/Auth    (  901): [DefaultAuthDelegateChimeraService] Use browser flow? false
W/Auth    (  722): [GoogleAuthUtil] GoogleAuthUtil
W/AuthSessionAuthenticato(  722): Auth related exception is being ignored: BadAuthentication
W/GLSUser (  901): [DeviceKeyStore] Cannot load key: Device key file not found.
W/System.err( 1297): java.io.FileNotFoundException: /data/data/.appwithABI2: open failed: ENOENT (No such file or directory)
E/SoftFFmpegVideo(  474): Deinterlacing failed
E/Drm     (  474): Failed to open plugin directory /vendor/lib/mediadrm
E/SoftFFmpegVideo(  474): Deinterlacing failed
W/System.err( 1297): 	at libcore.io.IoBridge.open(IoBridge.java:409)
W/System.err( 1297): 	at java.io.FileInputStream.<init>(FileInputStream.java:78)
W/System.err( 1297): 	at java.lang.System.getProperty(System.java:432)
W/System.err( 1297): 	at java.lang.System.getProperty(System.java:416)
W/System.err( 1297): 	at lxk.b(:com.google.android.gms:0)
W/System.err( 1297): 	at lxk.<init>(:com.google.android.gms:2)
W/System.err( 1297): 	at lxi.a(:com.google.android.gms:0)
W/System.err( 1297): 	at lxm.a(:com.google.android.gms:14)
W/System.err( 1297): 	at lxm.a(:com.google.android.gms:58)
W/System.err( 1297): 	at lxf.a(:com.google.android.gms:4)
W/System.err( 1297): 	at lxf.onTransact(:com.google.android.gms:22)
W/System.err( 1297): 	at android.os.Binder.execTransact(Binder.java:404)
W/System.err( 1297): 	at dalvik.system.NativeStart.run(Native Method)
W/System.err( 1297): Caused by: libcore.io.ErrnoException: open failed: ENOENT (No such file or directory)
W/System.err( 1297): 	at libcore.io.Posix.open(Native Method)
W/System.err( 1297): 	at libcore.io.BlockGuardOs.open(BlockGuardOs.java:110)
W/System.err( 1297): 	at libcore.io.IoBridge.open(IoBridge.java:393)
W/System.err( 1297): 	... 12 more
W/DG.WV   ( 1297): Widevine DRM not supported on this device
W/DG.WV   ( 1297): android.media.UnsupportedSchemeException: Failed to instantiate drm object.
W/DG.WV   ( 1297): 	at android.media.MediaDrm.native_setup(Native Method)
W/DG.WV   ( 1297): 	at android.media.MediaDrm.<init>(MediaDrm.java:163)
W/DG.WV   ( 1297): 	at lvm.run(:com.google.android.gms:10)
W/DG.WV   ( 1297): 	at jck.run(:com.google.android.gms:24)
W/DG.WV   ( 1297): 	at java.util.concurrent.ThreadPoolExecutor.runWorker(ThreadPoolExecutor.java:1112)
W/DG.WV   ( 1297): 	at java.util.concurrent.ThreadPoolExecutor$Worker.run(ThreadPoolExecutor.java:587)
W/DG.WV   ( 1297): 	at jho.run(:com.google.android.gms:0)
W/DG.WV   ( 1297): 	at java.lang.Thread.run(Thread.java:841)
I/FFmpegExtractor(  474): android-source:0xb9511f50
D/FFMPEG  (  474): android source begin open
D/FFMPEG  (  474): android open, url: android-source:0xb9511f50
D/FFMPEG  (  474): ffmpeg open android data source success, source ptr: 0xb9511f50
D/FFMPEG  (  474): android source open success
E/SoftFFmpegVideo(  474): Deinterlacing failed
I/FFmpegExtractor(  474): android-source:0xb95adaf8
D/FFMPEG  (  474): android source begin open
D/FFMPEG  (  474): android open, url: android-source:0xb95adaf8
D/FFMPEG  (  474): ffmpeg open android data source success, source ptr: 0xb95adaf8
D/FFMPEG  (  474): android source open success
E/SoftFFmpegVideo(  474): Deinterlacing failed
E/SoftFFmpegVideo(  474): Deinterlacing failed
E/SoftFFmpegVideo(  474): Deinterlacing failed
E/SoftFFmpegVideo(  474): Deinterlacing failed
E/SoftFFmpegVideo(  474): Deinterlacing failed
E/SoftFFmpegVideo(  474): Deinterlacing failed
E/SoftFFmpegVideo(  474): Deinterlacing failed
E/SoftFFmpegVideo(  474): Deinterlacing failed
E/SoftFFmpegVideo(  474): Deinterlacing failed
E/SoftFFmpegVideo(  474): Deinterlacing failed
E/SoftFFmpegVideo(  474): Deinterlacing failed
E/SoftFFmpegVideo(  474): Deinterlacing failed
E/SoftFFmpegVideo(  474): Deinterlacing failed
E/SoftFFmpegVideo(  474): Deinterlacing failed
I/FFMPEG  (  474): Input #0, mov,mp4,m4a,3gp,3g2,mj2, from 'android-source:0xb9511f50':
I/FFMPEG  (  474):   Metadata:
I/FFMPEG  (  474):     major_brand     : M4V 
I/FFMPEG  (  474):     minor_version   : 512
I/FFMPEG  (  474):     compatible_brands: isomiso2avc1
I/FFMPEG  (  474):     creation_time   : 1970-01-01 00:00:00
I/FFMPEG  (  474):     encoder         : Lavf52.36.0
I/FFMPEG  (  474):   Duration: 00:10:53.88, start: 0.000000, bitrate: 614 kb/s
I/FFMPEG  (  474):     Stream #0:0(und): Video: h264 (Constrained Baseline) (avc1 / 0x31637661), yuv420p, 480x270 [SAR 1:1 DAR 16:9], 522 kb/s, 24 fps, 24 tbr, 24 tbn, 48 tbc (default)
I/FFMPEG  (  474):     Metadata:
I/FFMPEG  (  474):       creation_time   : 1970-01-01 00:00:00
I/FFMPEG  (  474):       handler_name    : VideoHandler
I/FFMPEG  (  474):     Stream #0:1(und): Audio: aac (mp4a / 0x6134706D), 44100 Hz, stereo, fltp, 87 kb/s (default)
I/FFMPEG  (  474):     Metadata:
I/FFMPEG  (  474):       creation_time   : 1970-01-01 00:00:00
I/FFMPEG  (  474):       handler_name    : SoundHandler
I/FFmpegExtractor(  474): FFmpegExtrator, url: android-source:0xb9511f50, format_name: mov,mp4,m4a,3gp,3g2,mj2, format_long_name: QuickTime / MOV
I/FFmpegExtractor(  474): list the formats suppoted by ffmpeg: 
I/FFmpegExtractor(  474): ========================================
I/FFmpegExtractor(  474): ========================================
D/FFmpegExtractor(  474): suppoted codec(h264) by official Stagefright
D/FFmpegExtractor(  474): suppoted codec(aac) by official Stagefright
D/FFMPEG  (  474): android source close
I/FFmpegExtractor(  474): sniff through BetterSniffFFMPEG success
D/FFmpegExtractor(  474): ffmpeg detected media content as 'video/mp4' with confidence 0.08
I/FFmpegExtractor(  474): support container: video/mp4, but it is caching data source, Don't use ffmpegextractor
E/SoftFFmpegVideo(  474): Deinterlacing failed
E/SoftFFmpegVideo(  474): Deinterlacing failed
E/SoftFFmpegVideo(  474): Deinterlacing failed
E/SoftFFmpegVideo(  474): Deinterlacing failed
E/SoftFFmpegVideo(  474): Deinterlacing failed
E/SoftFFmpegVideo(  474): Deinterlacing failed
E/SoftFFmpegVideo(  474): Deinterlacing failed
D/dalvikvm( 1297): GC_CONCURRENT freed 785K, 20% free 5869K/7256K, paused 1ms+1ms, total 10ms
W/Settings( 1297): Setting install_non_market_apps has moved from android.provider.Settings.Secure to android.provider.Settings.Global.
E/SoftFFmpegVideo(  474): Deinterlacing failed
E/SoftFFmpegVideo(  474): Deinterlacing failed
I/FFMPEG  (  474): Input #0, mov,mp4,m4a,3gp,3g2,mj2, from 'android-source:0xb95adaf8':
I/FFMPEG  (  474):   Metadata:
I/FFMPEG  (  474):     major_brand     : M4V 
I/FFMPEG  (  474):     minor_version   : 512
I/FFMPEG  (  474):     compatible_brands: isomiso2avc1
I/FFMPEG  (  474):     creation_time   : 1970-01-01 00:00:00
I/FFMPEG  (  474):     encoder         : Lavf52.36.0
I/FFMPEG  (  474):   Duration: 00:10:53.88, start: 0.000000, bitrate: 614 kb/s
I/FFMPEG  (  474):     Stream #0:0(und): Video: h264 (Constrained Baseline) (avc1 / 0x31637661), yuv420p, 480x270 [SAR 1:1 DAR 16:9], 522 kb/s, 24 fps, 24 tbr, 24 tbn, 48 tbc (default)
I/FFMPEG  (  474):     Metadata:
I/FFMPEG  (  474):       creation_time   : 1970-01-01 00:00:00
I/FFMPEG  (  474):       handler_name    : VideoHandler
I/FFMPEG  (  474):     Stream #0:1(und): Audio: aac (mp4a / 0x6134706D), 44100 Hz, stereo, fltp, 87 kb/s (default)
I/FFMPEG  (  474):     Metadata:
I/FFMPEG  (  474):       creation_time   : 1970-01-01 00:00:00
I/FFMPEG  (  474):       handler_name    : SoundHandler
I/FFmpegExtractor(  474): FFmpegExtrator, url: android-source:0xb95adaf8, format_name: mov,mp4,m4a,3gp,3g2,mj2, format_long_name: QuickTime / MOV
I/FFmpegExtractor(  474): list the formats suppoted by ffmpeg: 
I/FFmpegExtractor(  474): ========================================
I/FFmpegExtractor(  474): ========================================
D/FFmpegExtractor(  474): suppoted codec(h264) by official Stagefright
D/FFmpegExtractor(  474): suppoted codec(aac) by official Stagefright
D/FFMPEG  (  474): android source close
I/FFmpegExtractor(  474): sniff through BetterSniffFFMPEG success
D/FFmpegExtractor(  474): ffmpeg detected media content as 'video/mp4' with confidence 0.08
I/FFmpegExtractor(  474): support container: video/mp4, but it is caching data source, Don't use ffmpegextractor
I/MediaPlayer( 2151): Info (700,313)
E/linker  ( 1297): Will try to dlopen() filename: /system/lib/egl/libGLESv1_CM_emulation.so
E/linker  ( 1297): dlopen() succeeded
E/linker  ( 1297): Will try to dlopen() filename: /system/lib/egl/libGLESv2_emulation.so
E/linker  ( 1297): dlopen() succeeded
I/HostConnection( 1297): Using qemu vfiber
D/HostConnection( 1297): HostConnection::get() New Host Connection established 0xb93c9f50, tid 1311
I/libEGL  ( 1297): eglChooseConfig
I/libEGL  ( 1297): 	EGL_RED_SIZE                    :          8 (0x00000008)
I/libEGL  ( 1297): 	EGL_GREEN_SIZE                  :          8 (0x00000008)
I/libEGL  ( 1297): 	EGL_BLUE_SIZE                   :          8 (0x00000008)
I/libEGL  ( 1297): 	EGL_ALPHA_SIZE                  :          8 (0x00000008)
I/libEGL  ( 1297): 	EGL_SURFACE_TYPE                :          1 (0x00000001)
I/libEGL  ( 1297): 	EGL_RENDERABLE_TYPE             :          4 (0x00000004)
I/libEGL  ( 1297): EGLConfig[0]
I/libEGL  ( 1297): 	EGL_BUFFER_SIZE                 :         32 (0x00000020)
I/libEGL  ( 1297): 	EGL_ALPHA_SIZE                  :          8 (0x00000008)
I/libEGL  ( 1297): 	EGL_BLUE_SIZE                   :          8 (0x00000008)
I/libEGL  ( 1297): 	EGL_GREEN_SIZE                  :          8 (0x00000008)
I/libEGL  ( 1297): 	EGL_RED_SIZE                    :          8 (0x00000008)
I/libEGL  ( 1297): 	EGL_DEPTH_SIZE                  :          0 (0x00000000)
I/libEGL  ( 1297): 	EGL_STENCIL_SIZE                :          0 (0x00000000)
I/libEGL  ( 1297): 	EGL_CONFIG_CAVEAT               :      12344 (0x00003038)
I/libEGL  ( 1297): 	EGL_CONFIG_ID                   :          1 (0x00000001)
I/libEGL  ( 1297): 	EGL_LEVEL                       :          0 (0x00000000)
I/libEGL  ( 1297): 	EGL_MAX_PBUFFER_HEIGHT          :      16384 (0x00004000)
I/libEGL  ( 1297): 	EGL_MAX_PBUFFER_WIDTH           :      16384 (0x00004000)
I/libEGL  ( 1297): 	EGL_MAX_PBUFFER_PIXELS          :  268435456 (0x10000000)
I/libEGL  ( 1297): 	EGL_NATIVE_RENDERABLE           :          0 (0x00000000)
I/libEGL  ( 1297): 	EGL_NATIVE_VISUAL_ID            :          1 (0x00000001)
I/libEGL  ( 1297): 	EGL_NATIVE_VISUAL_TYPE          :      12344 (0x00003038)
I/libEGL  ( 1297): 	EGL_SAMPLES                     :          0 (0x00000000)
I/libEGL  ( 1297): 	EGL_SAMPLE_BUFFERS              :          0 (0x00000000)
I/libEGL  ( 1297): 	EGL_SURFACE_TYPE                :       1029 (0x00000405)
I/libEGL  ( 1297): 	EGL_TRANSPARENT_TYPE            :      12344 (0x00003038)
I/libEGL  ( 1297): 	EGL_TRANSPARENT_BLUE_VALUE      :          0 (0x00000000)
I/libEGL  ( 1297): 	EGL_TRANSPARENT_GREEN_VALUE     :          0 (0x00000000)
I/libEGL  ( 1297): 	EGL_TRANSPARENT_RED_VALUE       :          0 (0x00000000)
I/libEGL  ( 1297): 	EGL_BIND_TO_TEXTURE_RGB         :          0 (0x00000000)
I/libEGL  ( 1297): 	EGL_BIND_TO_TEXTURE_RGBA        :          1 (0x00000001)
I/libEGL  ( 1297): 	EGL_MIN_SWAP_INTERVAL           :          0 (0x00000000)
I/libEGL  ( 1297): 	EGL_MAX_SWAP_INTERVAL           :          4 (0x00000004)
I/libEGL  ( 1297): 	EGL_LUMINANCE_SIZE              :          0 (0x00000000)
I/libEGL  ( 1297): 	EGL_ALPHA_MASK_SIZE             :          0 (0x00000000)
I/libEGL  ( 1297): 	EGL_COLOR_BUFFER_TYPE           :      12430 (0x0000308e)
I/libEGL  ( 1297): 	EGL_RENDERABLE_TYPE             :         68 (0x00000044)
I/libEGL  ( 1297): 	EGL_CONFORMANT                  :         68 (0x00000044)
E/EGL_emulation( 1297): [getAttribValue] Bad attribute idx
I/libEGL  ( 1297): 	EGL_FRAMEBUFFER_TARGET_ANDROID  :          0 (0x00000000)
E/EGL_emulation( 1297): [getAttribValue] Bad attribute idx
I/libEGL  ( 1297): 	EGL_RECORDABLE_ANDROID          :          0 (0x00000000)
E/libEGL  ( 1297): eglCreateContext: config chosen
I/libEGL  ( 1297): 	EGL_BUFFER_SIZE                 :         32 (0x00000020)
I/libEGL  ( 1297): 	EGL_ALPHA_SIZE                  :          8 (0x00000008)
I/libEGL  ( 1297): 	EGL_BLUE_SIZE                   :          8 (0x00000008)
I/libEGL  ( 1297): 	EGL_GREEN_SIZE                  :          8 (0x00000008)
I/libEGL  ( 1297): 	EGL_RED_SIZE                    :          8 (0x00000008)
I/libEGL  ( 1297): 	EGL_DEPTH_SIZE                  :          0 (0x00000000)
I/libEGL  ( 1297): 	EGL_STENCIL_SIZE                :          0 (0x00000000)
I/libEGL  ( 1297): 	EGL_CONFIG_CAVEAT               :      12344 (0x00003038)
I/libEGL  ( 1297): 	EGL_CONFIG_ID                   :          1 (0x00000001)
I/libEGL  ( 1297): 	EGL_LEVEL                       :          0 (0x00000000)
I/libEGL  ( 1297): 	EGL_MAX_PBUFFER_HEIGHT          :      16384 (0x00004000)
I/libEGL  ( 1297): 	EGL_MAX_PBUFFER_WIDTH           :      16384 (0x00004000)
I/libEGL  ( 1297): 	EGL_MAX_PBUFFER_PIXELS          :  268435456 (0x10000000)
I/libEGL  ( 1297): 	EGL_NATIVE_RENDERABLE           :          0 (0x00000000)
I/libEGL  ( 1297): 	EGL_NATIVE_VISUAL_ID            :          1 (0x00000001)
I/libEGL  ( 1297): 	EGL_NATIVE_VISUAL_TYPE          :      12344 (0x00003038)
I/libEGL  ( 1297): 	EGL_SAMPLES                     :          0 (0x00000000)
I/libEGL  ( 1297): 	EGL_SAMPLE_BUFFERS              :          0 (0x00000000)
I/libEGL  ( 1297): 	EGL_SURFACE_TYPE                :       1029 (0x00000405)
I/libEGL  ( 1297): 	EGL_TRANSPARENT_TYPE            :      12344 (0x00003038)
I/libEGL  ( 1297): 	EGL_TRANSPARENT_BLUE_VALUE      :          0 (0x00000000)
I/libEGL  ( 1297): 	EGL_TRANSPARENT_GREEN_VALUE     :          0 (0x00000000)
I/libEGL  ( 1297): 	EGL_TRANSPARENT_RED_VALUE       :          0 (0x00000000)
I/libEGL  ( 1297): 	EGL_BIND_TO_TEXTURE_RGB         :          0 (0x00000000)
I/libEGL  ( 1297): 	EGL_BIND_TO_TEXTURE_RGBA        :          1 (0x00000001)
I/libEGL  ( 1297): 	EGL_MIN_SWAP_INTERVAL           :          0 (0x00000000)
I/libEGL  ( 1297): 	EGL_MAX_SWAP_INTERVAL           :          4 (0x00000004)
I/libEGL  ( 1297): 	EGL_LUMINANCE_SIZE              :          0 (0x00000000)
I/libEGL  ( 1297): 	EGL_ALPHA_MASK_SIZE             :          0 (0x00000000)
I/libEGL  ( 1297): 	EGL_COLOR_BUFFER_TYPE           :      12430 (0x0000308e)
I/libEGL  ( 1297): 	EGL_RENDERABLE_TYPE             :         68 (0x00000044)
I/libEGL  ( 1297): 	EGL_CONFORMANT                  :         68 (0x00000044)
E/EGL_emulation( 1297): [getAttribValue] Bad attribute idx
I/libEGL  ( 1297): 	EGL_FRAMEBUFFER_TARGET_ANDROID  :          0 (0x00000000)
E/EGL_emulation( 1297): [getAttribValue] Bad attribute idx
I/libEGL  ( 1297): 	EGL_RECORDABLE_ANDROID          :          0 (0x00000000)
W/audio_hw_primary(  474): out_write() limiting sleep time 34284 to 23219
E/linker  ( 1297): Will try to dlopen() filename: /system/lib/egl/libGLESv1_CM_emulation.so
E/linker  ( 1297): dlopen() succeeded
E/linker  ( 1297): Will try to dlopen() filename: /system/lib/egl/libGLESv2_emulation.so
E/linker  ( 1297): dlopen() succeeded
E/SoftFFmpegVideo(  474): Deinterlacing failed
I/libEGL  ( 1297): eglChooseConfig
I/libEGL  ( 1297): 	EGL_RED_SIZE                    :          8 (0x00000008)
I/libEGL  ( 1297): 	EGL_GREEN_SIZE                  :          8 (0x00000008)
I/libEGL  ( 1297): 	EGL_BLUE_SIZE                   :          8 (0x00000008)
I/libEGL  ( 1297): 	EGL_ALPHA_SIZE                  :          8 (0x00000008)
I/libEGL  ( 1297): 	EGL_SURFACE_TYPE                :          1 (0x00000001)
I/libEGL  ( 1297): 	EGL_RENDERABLE_TYPE             :          4 (0x00000004)
I/libEGL  ( 1297): EGLConfig[0]
I/libEGL  ( 1297): 	EGL_BUFFER_SIZE                 :         32 (0x00000020)
I/libEGL  ( 1297): 	EGL_ALPHA_SIZE                  :          8 (0x00000008)
I/libEGL  ( 1297): 	EGL_BLUE_SIZE                   :          8 (0x00000008)
I/libEGL  ( 1297): 	EGL_GREEN_SIZE                  :          8 (0x00000008)
I/libEGL  ( 1297): 	EGL_RED_SIZE                    :          8 (0x00000008)
I/libEGL  ( 1297): 	EGL_DEPTH_SIZE                  :          0 (0x00000000)
I/libEGL  ( 1297): 	EGL_STENCIL_SIZE                :          0 (0x00000000)
I/libEGL  ( 1297): 	EGL_CONFIG_CAVEAT               :      12344 (0x00003038)
I/libEGL  ( 1297): 	EGL_CONFIG_ID                   :          1 (0x00000001)
I/libEGL  ( 1297): 	EGL_LEVEL                       :          0 (0x00000000)
I/libEGL  ( 1297): 	EGL_MAX_PBUFFER_HEIGHT          :      16384 (0x00004000)
I/libEGL  ( 1297): 	EGL_MAX_PBUFFER_WIDTH           :      16384 (0x00004000)
I/libEGL  ( 1297): 	EGL_MAX_PBUFFER_PIXELS          :  268435456 (0x10000000)
I/libEGL  ( 1297): 	EGL_NATIVE_RENDERABLE           :          0 (0x00000000)
I/libEGL  ( 1297): 	EGL_NATIVE_VISUAL_ID            :          1 (0x00000001)
I/libEGL  ( 1297): 	EGL_NATIVE_VISUAL_TYPE          :      12344 (0x00003038)
I/libEGL  ( 1297): 	EGL_SAMPLES                     :          0 (0x00000000)
I/libEGL  ( 1297): 	EGL_SAMPLE_BUFFERS              :          0 (0x00000000)
I/libEGL  ( 1297): 	EGL_SURFACE_TYPE                :       1029 (0x00000405)
I/libEGL  ( 1297): 	EGL_TRANSPARENT_TYPE            :      12344 (0x00003038)
I/libEGL  ( 1297): 	EGL_TRANSPARENT_BLUE_VALUE      :          0 (0x00000000)
I/libEGL  ( 1297): 	EGL_TRANSPARENT_GREEN_VALUE     :          0 (0x00000000)
I/libEGL  ( 1297): 	EGL_TRANSPARENT_RED_VALUE       :          0 (0x00000000)
I/libEGL  ( 1297): 	EGL_BIND_TO_TEXTURE_RGB         :          0 (0x00000000)
I/libEGL  ( 1297): 	EGL_BIND_TO_TEXTURE_RGBA        :          1 (0x00000001)
I/libEGL  ( 1297): 	EGL_MIN_SWAP_INTERVAL           :          0 (0x00000000)
I/libEGL  ( 1297): 	EGL_MAX_SWAP_INTERVAL           :          4 (0x00000004)
I/libEGL  ( 1297): 	EGL_LUMINANCE_SIZE              :          0 (0x00000000)
I/libEGL  ( 1297): 	EGL_ALPHA_MASK_SIZE             :          0 (0x00000000)
I/libEGL  ( 1297): 	EGL_COLOR_BUFFER_TYPE           :      12430 (0x0000308e)
I/libEGL  ( 1297): 	EGL_RENDERABLE_TYPE             :         68 (0x00000044)
I/libEGL  ( 1297): 	EGL_CONFORMANT                  :         68 (0x00000044)
E/EGL_emulation( 1297): [getAttribValue] Bad attribute idx
I/libEGL  ( 1297): 	EGL_FRAMEBUFFER_TARGET_ANDROID  :          0 (0x00000000)
E/EGL_emulation( 1297): [getAttribValue] Bad attribute idx
I/libEGL  ( 1297): 	EGL_RECORDABLE_ANDROID          :          0 (0x00000000)
E/libEGL  ( 1297): eglCreateContext: config chosen
I/libEGL  ( 1297): 	EGL_BUFFER_SIZE                 :         32 (0x00000020)
I/libEGL  ( 1297): 	EGL_ALPHA_SIZE                  :          8 (0x00000008)
I/libEGL  ( 1297): 	EGL_BLUE_SIZE                   :          8 (0x00000008)
I/libEGL  ( 1297): 	EGL_GREEN_SIZE                  :          8 (0x00000008)
I/libEGL  ( 1297): 	EGL_RED_SIZE                    :          8 (0x00000008)
I/libEGL  ( 1297): 	EGL_DEPTH_SIZE                  :          0 (0x00000000)
I/libEGL  ( 1297): 	EGL_STENCIL_SIZE                :          0 (0x00000000)
I/libEGL  ( 1297): 	EGL_CONFIG_CAVEAT               :      12344 (0x00003038)
I/libEGL  ( 1297): 	EGL_CONFIG_ID                   :          1 (0x00000001)
I/libEGL  ( 1297): 	EGL_LEVEL                       :          0 (0x00000000)
I/libEGL  ( 1297): 	EGL_MAX_PBUFFER_HEIGHT          :      16384 (0x00004000)
I/libEGL  ( 1297): 	EGL_MAX_PBUFFER_WIDTH           :      16384 (0x00004000)
I/libEGL  ( 1297): 	EGL_MAX_PBUFFER_PIXELS          :  268435456 (0x10000000)
I/libEGL  ( 1297): 	EGL_NATIVE_RENDERABLE           :          0 (0x00000000)
I/libEGL  ( 1297): 	EGL_NATIVE_VISUAL_ID            :          1 (0x00000001)
I/libEGL  ( 1297): 	EGL_NATIVE_VISUAL_TYPE          :      12344 (0x00003038)
I/libEGL  ( 1297): 	EGL_SAMPLES                     :          0 (0x00000000)
I/libEGL  ( 1297): 	EGL_SAMPLE_BUFFERS              :          0 (0x00000000)
I/libEGL  ( 1297): 	EGL_SURFACE_TYPE                :       1029 (0x00000405)
I/libEGL  ( 1297): 	EGL_TRANSPARENT_TYPE            :      12344 (0x00003038)
I/libEGL  ( 1297): 	EGL_TRANSPARENT_BLUE_VALUE      :          0 (0x00000000)
I/libEGL  ( 1297): 	EGL_TRANSPARENT_GREEN_VALUE     :          0 (0x00000000)
I/libEGL  ( 1297): 	EGL_TRANSPARENT_RED_VALUE       :          0 (0x00000000)
I/libEGL  ( 1297): 	EGL_BIND_TO_TEXTURE_RGB         :          0 (0x00000000)
I/libEGL  ( 1297): 	EGL_BIND_TO_TEXTURE_RGBA        :          1 (0x00000001)
I/libEGL  ( 1297): 	EGL_MIN_SWAP_INTERVAL           :          0 (0x00000000)
I/libEGL  ( 1297): 	EGL_MAX_SWAP_INTERVAL           :          4 (0x00000004)
I/libEGL  ( 1297): 	EGL_LUMINANCE_SIZE              :          0 (0x00000000)
I/libEGL  ( 1297): 	EGL_ALPHA_MASK_SIZE             :          0 (0x00000000)
I/libEGL  ( 1297): 	EGL_COLOR_BUFFER_TYPE           :      12430 (0x0000308e)
I/libEGL  ( 1297): 	EGL_RENDERABLE_TYPE             :         68 (0x00000044)
I/libEGL  ( 1297): 	EGL_CONFORMANT                  :         68 (0x00000044)
E/EGL_emulation( 1297): [getAttribValue] Bad attribute idx
I/libEGL  ( 1297): 	EGL_FRAMEBUFFER_TARGET_ANDROID  :          0 (0x00000000)
E/EGL_emulation( 1297): [getAttribValue] Bad attribute idx
I/libEGL  ( 1297): 	EGL_RECORDABLE_ANDROID          :          0 (0x00000000)
E/SoftFFmpegVideo(  474): Deinterlacing failed
E/SoftFFmpegVideo(  474): Deinterlacing failed
E/SoftFFmpegVideo(  474): Deinterlacing failed
E/SoftFFmpegVideo(  474): Deinterlacing failed
E/SoftFFmpegVideo(  474): Deinterlacing failed
E/SoftFFmpegVideo(  474): Deinterlacing failed
E/SoftFFmpegVideo(  474): Deinterlacing failed
W/SurfaceFlinger(  137): couldn't log to binary event log: overflow.
E/SoftFFmpegVideo(  474): Deinterlacing failed
E/linker  (  474): Will try to dlopen() filename: libstagefright_soft_ffmpegvdec.so
E/linker  (  474): dlopen() succeeded
D/SoftFFmpegVideo(  474): SoftFFmpegVideo component: OMX.ffmpeg.h264.decoder mMode: 0 appData: 0xb9c3f4e0
I/OMXCodec(  474): [OMX.ffmpeg.h264.decoder] AVC profile = 66 (Baseline), level = 30
I/OMXCodec(  474): [OMX.ffmpeg.h264.decoder] video dimensions are 320 x 240
I/OMXCodec(  474): [OMX.ffmpeg.h264.decoder] allocating 5 buffers of size 1382400 on input port
I/OMXCodec(  474): [OMX.ffmpeg.h264.decoder] allocated buffer 0xb98e48a0 on input port
I/OMXCodec(  474): [OMX.ffmpeg.h264.decoder] allocated buffer 0xb9a9d4a8 on input port
I/OMXCodec(  474): [OMX.ffmpeg.h264.decoder] allocated buffer 0xb9cd4440 on input port
I/OMXCodec(  474): [OMX.ffmpeg.h264.decoder] allocated buffer 0xb9576720 on input port
I/OMXCodec(  474): [OMX.ffmpeg.h264.decoder] allocated buffer 0xb9a9b860 on input port
I/OMXCodec(  474): [OMX.ffmpeg.h264.decoder] allocating 2 buffers of size 115200 on output port
I/OMXCodec(  474): [OMX.ffmpeg.h264.decoder] allocated buffer 0xb957daa0 on output port
I/OMXCodec(  474): [OMX.ffmpeg.h264.decoder] allocated buffer 0xb98c5120 on output port
W/TimedEventQueue(  474): Event 745 was not found in the queue, already cancelled?
W/AudioFlinger(  474): session id 13 not found for pid 2151
I/MediaFocusControl(  535):  AudioFocus  abandonAudioFocus() from android.media.AudioManager@527d51d4com.android.org.chromium.media.MediaPlayerListener@5287d150
I/MediaFocusControl(  535): AudioFocus  removeFocusStackEntry(): removing entry for android.media.AudioManager@527d51d4com.android.org.chromium.media.MediaPlayerListener@5287d150
I/HostConnection(  474): Using qemu vfiber
D/HostConnection(  474): HostConnection::get() New Host Connection established 0xb985cb88, tid 562
E/SoftFFmpegVideo(  474): Deinterlacing failed
E/linker  (  474): Will try to dlopen() filename: libstagefright_soft_ffmpegvdec.so
W/linker  (  474): libswscale.so has text relocations. This is wasting memory and is a security risk. Please fix.
E/linker  (  474): dlopen() succeeded
D/SoftFFmpegVideo(  474): SoftFFmpegVideo component: OMX.ffmpeg.h264.decoder mMode: 0 appData: 0xb9be3128
I/OMXCodec(  474): [OMX.ffmpeg.h264.decoder] AVC profile = 66 (Baseline), level = 30
I/OMXCodec(  474): [OMX.ffmpeg.h264.decoder] video dimensions are 320 x 240
I/OMXCodec(  474): [OMX.ffmpeg.h264.decoder] allocating 5 buffers of size 1382400 on input port
I/OMXCodec(  474): [OMX.ffmpeg.h264.decoder] allocated buffer 0xb9a9b700 on input port
I/OMXCodec(  474): [OMX.ffmpeg.h264.decoder] allocated buffer 0xb96e8f20 on input port
I/OMXCodec(  474): [OMX.ffmpeg.h264.decoder] allocated buffer 0xb9530ff8 on input port
I/OMXCodec(  474): [OMX.ffmpeg.h264.decoder] allocated buffer 0xb9a9d620 on input port
I/OMXCodec(  474): [OMX.ffmpeg.h264.decoder] allocated buffer 0xb9527620 on input port
I/OMXCodec(  474): [OMX.ffmpeg.h264.decoder] allocating 2 buffers of size 115200 on output port
I/OMXCodec(  474): [OMX.ffmpeg.h264.decoder] allocated buffer 0xb9576c20 on output port
I/OMXCodec(  474): [OMX.ffmpeg.h264.decoder] allocated buffer 0xb9577f40 on output port
W/TimedEventQueue(  474): Event 741 was not found in the queue, already cancelled?
W/AudioFlinger(  474): session id 14 not found for pid 2151
I/MediaFocusControl(  535):  AudioFocus  abandonAudioFocus() from android.media.AudioManager@527d51d4com.android.org.chromium.media.MediaPlayerListener@5287e958
I/MediaFocusControl(  535): AudioFocus  removeFocusStackEntry(): removing entry for android.media.AudioManager@527d51d4com.android.org.chromium.media.MediaPlayerListener@5287e958
I/AwesomePlayer(  474): Prepare cancelled while waiting for initial cache fill.
I/MediaFocusControl(  535):  AudioFocus  abandonAudioFocus() from android.media.AudioManager@527d51d4com.android.org.chromium.media.MediaPlayerListener@5287f8d4
I/MediaFocusControl(  535): AudioFocus  removeFocusStackEntry(): removing entry for android.media.AudioManager@527d51d4com.android.org.chromium.media.MediaPlayerListener@5287f8d4
E/linker  ( 1297): Will try to dlopen() filename: /system/lib/egl/libGLESv1_CM_emulation.so
E/linker  ( 1297): dlopen() succeeded
E/linker  ( 1297): Will try to dlopen() filename: /system/lib/egl/libGLESv2_emulation.so
E/linker  ( 1297): dlopen() succeeded
I/libEGL  ( 1297): eglChooseConfig
I/libEGL  ( 1297): 	EGL_RED_SIZE                    :          8 (0x00000008)
I/libEGL  ( 1297): 	EGL_GREEN_SIZE                  :          8 (0x00000008)
I/libEGL  ( 1297): 	EGL_BLUE_SIZE                   :          8 (0x00000008)
I/libEGL  ( 1297): 	EGL_ALPHA_SIZE                  :          8 (0x00000008)
I/libEGL  ( 1297): 	EGL_SURFACE_TYPE                :          1 (0x00000001)
I/libEGL  ( 1297): 	EGL_RENDERABLE_TYPE             :          4 (0x00000004)
I/libEGL  ( 1297): EGLConfig[0]
