07-19 23:15:20.390   304   746 D RouteManager: audio-parameter-manager: } Configuration application request
07-19 23:15:20.390   304   746 D RouteManager: doReconsiderRouting: DONE
07-19 23:15:20.390   304   746 D EVENT_THREAD: void CEventThread::run() Do poll with timeout: -1
07-19 23:15:20.390   304   748 E TinyAlsaStream: getFramesAvailable: Unable to get available frames
07-19 23:15:20.390   304   748 E TinyAlsaStream: getFramesAvailable: Unable to get available frames
07-19 23:15:20.399   304   746 I KERNEL  : [294124.143467] snd_intel_sst: Alloc for str 1 pipe 0x90
07-19 23:15:20.390   899  6366 D StatusBar: onNotificationPosted: StatusBarNotification(pkg=android user=UserHandle{-1} id=17040359 tag=null score=0 key=-1|android|17040359|null|1000: Notification(pri=0 contentView=android/0x10900a2 vibrate=null sound=null defaults=0x0 flags=0x2 color=0xff060059 category=sys vis=PRIVATE))
07-19 23:15:20.390   267   267 D hwcomposer: void android::intel::DisplayAnalyzer::handleIdleEntryEvent(int): handling idle entry event, count 0
07-19 23:15:20.390   267   267 I hwcomposer: void android::intel::DisplayAnalyzer::handleIdleEntryEvent(int): Ignoring idle entry as video session is active.
07-19 23:15:20.400  1813  1849 E LocationClientHelper: exception when setting module id
07-19 23:15:20.400  1813  1849 E LocationClientHelper: java.lang.IllegalStateException: Unable to get current module info in ModuleManager created with non-module Context
07-19 23:15:20.400  1813  1849 E LocationClientHelper: 	at com.google.android.chimera.config.ModuleManager.getCurrentModule(:com.google.android.gms:1)
07-19 23:15:20.400  1813  1849 E LocationClientHelper: 	at tpn.a(:com.google.android.gms:17)
07-19 23:15:20.400  1813  1849 E LocationClientHelper: 	at tpr.b(:com.google.android.gms:13)
07-19 23:15:20.400  1813  1849 E LocationClientHelper: 	at too.a(:com.google.android.gms:4)
07-19 23:15:20.400  1813  1849 E LocationClientHelper: 	at kit.b(:com.google.android.gms:3)
07-19 23:15:20.400  1813  1849 E LocationClientHelper: 	at kjv.b(:com.google.android.gms:14)
07-19 23:15:20.400  1813  1849 E LocationClientHelper: 	at kks.b(:com.google.android.gms:7)
07-19 23:15:20.400  1813  1849 E LocationClientHelper: 	at kkk.b(:com.google.android.gms:25)
07-19 23:15:20.400  1813  1849 E LocationClientHelper: 	at txt.a(:com.google.android.gms:6)
07-19 23:15:20.400  1813  1849 E LocationClientHelper: 	at txs.b(:com.google.android.gms:1)
07-19 23:15:20.400  1813  1849 E LocationClientHelper: 	at txs.a(:com.google.android.gms:1)
07-19 23:15:20.400  1813  1849 E LocationClientHelper: 	at txs.a(:com.google.android.gms:15)
07-19 23:15:20.400  1813  1849 E LocationClientHelper: 	at tyc.a(:com.google.android.gms:8)
07-19 23:15:20.400  1813  1849 E LocationClientHelper: 	at ajuo.handleMessage(:com.google.android.gms:21)
07-19 23:15:20.400  1813  1849 E LocationClientHelper: 	at android.os.Handler.dispatchMessage(Handler.java:102)
07-19 23:15:20.400  1813  1849 E LocationClientHelper: 	at akwg.dispatchMessage(:com.google.android.gms:7)
07-19 23:15:20.400  1813  1849 E LocationClientHelper: 	at android.os.Looper.loop(Looper.java:148)
07-19 23:15:20.400  1813  1849 E LocationClientHelper: 	at android.os.HandlerThread.run(HandlerThread.java:61)
07-19 23:15:20.400 13939 13939 I chromium: [INFO:CONSOLE(101088)] "100", source: file:///android_asset/www/build/main.js (101088)
07-19 23:15:20.400   711   725 W ContextImpl: Calling a method in the system process without a qualified user: android.app.ContextImpl.sendBroadcast:784 com.android.server.AppOpsService$MdmLocationReq.run:1890 android.os.Handler.handleCallback:739 android.os.Handler.dispatchMessage:95 android.os.Looper.loop:148 
07-19 23:15:20.403   304   748 I KERNEL  : [294124.146946] snd_intel_sst: Start for str 1 pipe 0x90
07-19 23:15:20.420   304   748 D AudioFlinger: mixer(0xea2c0000) throttle end: throttle time(19)
07-19 23:15:20.420   899   899 D NotificationData: includesDummyNotification:false
07-19 23:15:20.420   899   899 D NotificationGroupManager: Notification(pri=0 contentView=android/0x10900a2 vibrate=null sound=null defaults=0x0 flags=0x2 color=0xff060059 category=sys vis=PRIVATE) not found in mGroupMap
07-19 23:15:20.420  1251  1251 D XT9IME  : onStartInput isInputViewShown() = true isShowInputRequested() = true
07-19 23:15:20.420   899   899 D NotificationGroupManager: Notification(pri=0 contentView=android/0x10900a2 vibrate=null sound=null defaults=0x0 flags=0x2 color=0xff060059 category=sys vis=PRIVATE) !isGroupSummary()
07-19 23:15:20.430   267   267 D hwcomposer: void android::intel::DisplayAnalyzer::handleIdleEntryEvent(int): handling idle entry event, count 0
07-19 23:15:20.430   267   267 I hwcomposer: void android::intel::DisplayAnalyzer::handleIdleEntryEvent(int): Ignoring idle entry as video session is active.
07-19 23:15:20.430   899   899 D NotificationData: includesDummyNotification:false
07-19 23:15:20.430  1251  1251 D ToolbarItemManager: load tb str : 1;2;3;4;5;15;14;13;11;6;7
07-19 23:15:20.440   899   899 D PhoneStatusBar: updateEmptyShadeView
07-19 23:15:20.440  1251  1251 I XT9IME.AlphaInputView: AlphaInputView initTrace pageNumber = 0x0
07-19 23:15:20.450   899   899 D NotificationGroupManager: Notification(pri=0 contentView=android/0x10900a2 vibrate=null sound=null defaults=0x0 flags=0x2 color=0xff060059 category=sys vis=PRIVATE) not found in mGroupMap
07-19 23:15:20.450   899   899 D NotificationGroupManager: Notification(pri=0 contentView=android/0x10900a2 vibrate=null sound=null defaults=0x0 flags=0x2 color=0xff060059 category=sys vis=PRIVATE) !isGroupSummary()
07-19 23:15:20.460   899   899 D NotificationData: includesDummyNotification:false
07-19 23:15:20.460   711   722 I libflp  : flp_proxy_get_batch_size()
07-19 23:15:20.460   899   899 D NotificationData: includesDummyNotification:false
07-19 23:15:20.460   899   899 D PhoneStatusBar: updateEmptyShadeView
07-19 23:15:20.460   711  1265 D WifiService: acquireWifiLockLocked: WifiLock{NlpWifiLock type=2 binder=android.os.BinderProxy@e3324bb}
07-19 23:15:20.470   899   899 D sysuidebug.invisible_qspanel: setQsExpansion() mQsFullyExpanded=false, height <= mQsMinExpansionHeight, mQsExpanded=false, mStackScrollerOverscrolling=false
07-19 23:15:20.520  1251  1251 D ToolbarItemManager: load tb str : 1;2;3;4;5;15;14;13;11;6;7
07-19 23:15:20.520  1251  1251 D ACSDK   : onShowWindow
07-19 23:15:20.520  1251  1251 D XT9IME  : showWindow
07-19 23:15:20.530   899   916 D StatusBar: onNotificationPosted: StatusBarNotification(pkg=android user=UserHandle{-1} id=17040359 tag=null score=0 key=-1|android|17040359|null|1000: Notification(pri=0 contentView=android/0x10900a2 vibrate=null sound=null defaults=0x0 flags=0x2 color=0xff060059 category=sys vis=PRIVATE))
07-19 23:15:20.530   899   899 D NotificationGroupManager: Notification(pri=0 contentView=android/0x10900a2 vibrate=null sound=null defaults=0x0 flags=0x2 color=0xff060059 category=sys vis=PRIVATE) not found in mGroupMap
07-19 23:15:20.530   899   899 D NotificationGroupManager: Notification(pri=0 contentView=android/0x10900a2 vibrate=null sound=null defaults=0x0 flags=0x2 color=0xff060059 category=sys vis=PRIVATE) !isGroupSummary()
07-19 23:15:20.540   899   899 D NotificationData: includesDummyNotification:false
07-19 23:15:20.540   313   313 I dispmgr : waiting for message from kernel.
07-19 23:15:20.540   313   313 I dispmgr : message from kernel received.
07-19 23:15:20.540   899   899 D NotificationData: includesDummyNotification:false
07-19 23:15:20.540   313   313 D         : PwrConsWriteRegisterUlong
07-19 23:15:20.540   899   899 D PhoneStatusBar: updateEmptyShadeView
07-19 23:15:20.550   267   293 D hwcomposer: void android::intel::UeventObserver::onUevent(): received Uevent: REPEATED_FRAME
07-19 23:15:20.550   267   293 D hwcomposer: virtual void android::intel::Hwcomposer::invalidate(): invalidating screen...
07-19 23:15:20.550   899   899 D sysuidebug.invisible_qspanel: setQsExpansion() mQsFullyExpanded=false, height <= mQsMinExpansionHeight, mQsExpanded=false, mStackScrollerOverscrolling=false
07-19 23:15:20.560   267   267 D hwcomposer: void android::intel::DisplayAnalyzer::handleIdleEntryEvent(int): handling idle entry event, count 0
07-19 23:15:20.560   267   267 I hwcomposer: void android::intel::DisplayAnalyzer::handleIdleEntryEvent(int): Ignoring idle entry as video session is active.
07-19 23:15:20.610   711  1885 I libgps  : [proxy_gps_acquire_wakelock_cb][line = 1441]: acquire_wakelock 1
07-19 23:15:20.610   711  1885 I libgps  : [proxy_gps_release_wakelock_cb][line = 1452]: release_wakelock 0
07-19 23:15:20.610   711   724 I libgps  : proxy_gps_inject_location(-23.472222, -46.652138, 19.608999)
07-19 23:15:20.610   711  1885 I libgps  : [proxy_gps_acquire_wakelock_cb][line = 1441]: acquire_wakelock 1
07-19 23:15:20.620   711  1885 I libgps  : [proxy_gps_release_wakelock_cb][line = 1452]: release_wakelock 0
07-19 23:15:20.620 11341 11341 D wpa_supplicant: wlan0: Control interface command 'SIGNAL_POLL'
07-19 23:15:20.620   711  1323 D WifiService: releaseWifiLockLocked: WifiLock{NlpWifiLock type=2 binder=android.os.BinderProxy@e3324bb}
07-19 23:15:20.630  1813 11665 W ctxmgr  : [AclManager]No 2 for (accnt=account#-1175054986#, com.google.android.gms(10036):UserLocationProducer, vrsn=11055000, 0, 3pPkg = null ,  3pMdlId = null ,  pid = 1813). Was: 2 for 1, account#-1175054986#
07-19 23:15:20.630 11341 11341 D wpa_supplicant: CTRL-DEBUG: global_ctrl_sock-sendto: sock=12 sndbuf=212992 outq=0 send_len=47
07-19 23:15:20.630   711   855 D WifiWatchdogStateMachine: RSSI current: 3 new: -55, 4
07-19 23:15:20.630   899  1566 D NetworkController: onReceive: intent=Intent { act=android.net.wifi.RSSI_CHANGED flg=0x4000010 (has extras) }
07-19 23:15:20.630   899  1566 D NetworkController.WifiSignalController: Change in state from: connected=true,enabled=true,level=3,inetCondition=1,iconGroup=IconGroup(Wi-Fi Icons),activityIn=true,activityOut=true,rssi=-58,lastModified=07-19 11:15:19,ssid="casa"
07-19 23:15:20.630   899  1566 D NetworkController.WifiSignalController: 	to: connected=true,enabled=true,level=4,inetCondition=1,iconGroup=IconGroup(Wi-Fi Icons),activityIn=true,activityOut=true,rssi=-55,lastModified=07-19 11:15:19,ssid="casa"
07-19 23:15:20.630   899   899 D SignalClusterView: vpn: GONE
07-19 23:15:20.630   899   899 D SignalClusterView: ethernet: GONE
07-19 23:15:20.630   899   899 D SignalClusterView: wifi: VISIBLE sig=2130838688 inout=2130838671
07-19 23:15:20.630   899   899 D SignalClusterView: mobile: VISIBLE sig=2130838667 typ=0 inout=0 simoff=false
07-19 23:15:20.630   899   899 D SignalClusterView: vpn: GONE
07-19 23:15:20.630   899   899 D SignalClusterView: ethernet: GONE
07-19 23:15:20.630   899   899 D SignalClusterView: wifi: VISIBLE sig=2130838688 inout=2130838671
07-19 23:15:20.630   899   899 D SignalClusterView: mobile: VISIBLE sig=2130838667 typ=0 inout=0 simoff=false
07-19 23:15:20.630   711   837 D ConnectivityService: notifyType CAP_CHANGED for NetworkAgentInfo [WIFI () - 161]
07-19 23:15:20.630   711  1358 W ActivityManager: App Op not allow to start app com.tranzmate/10042
07-19 23:15:20.640   711   837 D ConnectivityService: updateNetworkScore for NetworkAgentInfo [WIFI () - 161] to 60
07-19 23:15:20.640   711   725 W BroadcastQueue: Reject to launch app com.tranzmate/10042 for broadcast: App Op 63
07-19 23:15:20.660   313   313 I dispmgr : waiting for message from kernel.
07-19 23:15:20.660   313   313 I dispmgr : message from kernel received.
07-19 23:15:20.660   313   313 D         : PwrConsWriteRegisterUlong
07-19 23:15:20.670 13939 13939 I chromium: [INFO:CONSOLE(101094)] "app.components.ts.30 lat: -23.4722216, lon: -46.6521383", source: file:///android_asset/www/build/main.js (101094)
07-19 23:15:20.670   711  1289 I libflp  : flp_proxy_get_batch_size()
07-19 23:15:20.670   711   725 W ContextImpl: Calling a method in the system process without a qualified user: android.app.ContextImpl.sendBroadcast:784 com.android.server.AppOpsService$MdmLocationReq.run:1890 android.os.Handler.handleCallback:739 android.os.Handler.dispatchMessage:95 android.os.Looper.loop:148 
07-19 23:15:20.720   313   313 I dispmgr : waiting for message from kernel.
07-19 23:15:20.720   313   313 I dispmgr : message from kernel received.
07-19 23:15:20.720   313   313 D         : PwrConsWriteRegisterUlong
07-19 23:15:20.790   313   313 I dispmgr : waiting for message from kernel.
07-19 23:15:20.790   313   313 I dispmgr : message from kernel received.
07-19 23:15:20.790   313   313 D         : PwrConsWriteRegisterUlong
07-19 23:15:20.840   267   293 D hwcomposer: void android::intel::UeventObserver::onUevent(): received Uevent: REPEATED_FRAME
07-19 23:15:20.840   267   293 D hwcomposer: virtual void android::intel::Hwcomposer::invalidate(): invalidating screen...
07-19 23:15:20.840   267   267 D hwcomposer: void android::intel::DisplayAnalyzer::handleIdleEntryEvent(int): handling idle entry event, count 0
07-19 23:15:20.840   267   267 I hwcomposer: void android::intel::DisplayAnalyzer::handleIdleEntryEvent(int): Ignoring idle entry as video session is active.
07-19 23:15:20.920   267   293 D hwcomposer: void android::intel::UeventObserver::onUevent(): received Uevent: REPEATED_FRAME
07-19 23:15:20.920   267   293 D hwcomposer: virtual void android::intel::Hwcomposer::invalidate(): invalidating screen...
07-19 23:15:20.930   267   267 D hwcomposer: void android::intel::DisplayAnalyzer::handleIdleEntryEvent(int): handling idle entry event, count 0
07-19 23:15:20.930   267   267 I hwcomposer: void android::intel::DisplayAnalyzer::handleIdleEntryEvent(int): Ignoring idle entry as video session is active.
07-19 23:15:21.230   267   293 D hwcomposer: void android::intel::UeventObserver::onUevent(): received Uevent: REPEATED_FRAME
07-19 23:15:21.230   267   293 D hwcomposer: virtual void android::intel::Hwcomposer::invalidate(): invalidating screen...
07-19 23:15:21.230   267   267 D hwcomposer: void android::intel::DisplayAnalyzer::handleIdleEntryEvent(int): handling idle entry event, count 0
07-19 23:15:21.230   267   267 I hwcomposer: void android::intel::DisplayAnalyzer::handleIdleEntryEvent(int): Ignoring idle entry as video session is active.
07-19 23:15:21.290   267   293 D hwcomposer: void android::intel::UeventObserver::onUevent(): received Uevent: REPEATED_FRAME
07-19 23:15:21.290   267   293 D hwcomposer: virtual void android::intel::Hwcomposer::invalidate(): invalidating screen...
07-19 23:15:21.300   267   267 D hwcomposer: void android::intel::DisplayAnalyzer::handleIdleEntryEvent(int): handling idle entry event, count 0
07-19 23:15:21.300   267   267 I hwcomposer: void android::intel::DisplayAnalyzer::handleIdleEntryEvent(int): Ignoring idle entry as video session is active.
07-19 23:15:21.440   201   224 I KERNEL  : [294125.183979] type=1400 audit(1500516921.430:42155): avc: denied { ioctl } for pid=1375 comm="Binder_F" path="socket:[1728199]" dev="sockfs" ino=1728199 ioctlcmd=7704 scontext=u:r:system_server:s0 tcontext=u:r:system_server:s0 tclass=unix_stream_socket permissive=1
07-19 23:15:21.440   201   224 I KERNEL  : [294125.184118] type=1400 audit(1500516921.430:42156): avc: denied { ioctl } for pid=1375 comm="Binder_F" path="socket:[1728199]" dev="sockfs" ino=1728199 ioctlcmd=7704 scontext=u:r:system_server:s0 tcontext=u:r:system_server:s0 tclass=unix_stream_socket permissive=1
07-19 23:15:21.540  1251  1251 D ToolbarItemManager: load tb str : 1;2;3;4;5;15;14;13;11;6;7
07-19 23:15:21.620  1251  1251 D ToolbarItemManager: load tb str : 1;2;3;4;5;15;14;13;11;6;7
07-19 23:15:22.070   267   293 D hwcomposer: void android::intel::UeventObserver::onUevent(): received Uevent: REPEATED_FRAME
07-19 23:15:22.070   267   293 D hwcomposer: virtual void android::intel::Hwcomposer::invalidate(): invalidating screen...
07-19 23:15:22.080   267   267 D hwcomposer: void android::intel::DisplayAnalyzer::handleIdleEntryEvent(int): handling idle entry event, count 0
07-19 23:15:22.080   267   267 I hwcomposer: void android::intel::DisplayAnalyzer::handleIdleEntryEvent(int): Ignoring idle entry as video session is active.
07-19 23:15:22.129   201   224 I KERNEL  : [294125.872611] type=1400 audit(1500516922.110:42157): avc: denied { ioctl } for pid=981 comm="Binder_5" path="socket:[1729630]" dev="sockfs" ino=1729630 ioctlcmd=7704 scontext=u:r:system_server:s0 tcontext=u:r:system_server:s0 tclass=unix_stream_socket permissive=1
07-19 23:15:22.129   201   224 I KERNEL  : [294125.872735] type=1400 audit(1500516922.110:42158): avc: denied { ioctl } for pid=981 comm="Binder_5" path="socket:[1729630]" dev="sockfs" ino=1729630 ioctlcmd=7704 scontext=u:r:system_server:s0 tcontext=u:r:system_server:s0 tclass=unix_stream_socket permissive=1
07-19 23:15:22.210  1251  1251 D ToolbarItemManager: load tb str : 1;2;3;4;5;15;14;13;11;6;7
07-19 23:15:22.230   267   293 D hwcomposer: void android::intel::UeventObserver::onUevent(): received Uevent: REPEATED_FRAME
07-19 23:15:22.230   267   293 D hwcomposer: virtual void android::intel::Hwcomposer::invalidate(): invalidating screen...
07-19 23:15:22.230   267   267 D hwcomposer: void android::intel::DisplayAnalyzer::handleIdleEntryEvent(int): handling idle entry event, count 0
07-19 23:15:22.230   267   267 I hwcomposer: void android::intel::DisplayAnalyzer::handleIdleEntryEvent(int): Ignoring idle entry as video session is active.
07-19 23:15:22.240  1251  1251 D ToolbarItemManager: load tb str : 1;2;3;4;5;15;14;13;11;6;7
07-19 23:15:22.360   899   899 D NetworkController.WifiSignalController: Change in state from: connected=true,enabled=true,level=4,inetCondition=1,iconGroup=IconGroup(Wi-Fi Icons),activityIn=true,activityOut=true,rssi=-55,lastModified=07-19 11:15:20,ssid="casa"
07-19 23:15:22.360   899   899 D NetworkController.WifiSignalController: 	to: connected=true,enabled=true,level=4,inetCondition=1,iconGroup=IconGroup(Wi-Fi Icons),activityIn=false,activityOut=false,rssi=-55,lastModified=07-19 11:15:20,ssid="casa"
07-19 23:15:22.360   899   899 D SignalClusterView: vpn: GONE
07-19 23:15:22.360   899   899 D SignalClusterView: ethernet: GONE
07-19 23:15:22.360   899   899 D SignalClusterView: wifi: VISIBLE sig=2130838688 inout=2130838672
07-19 23:15:22.360   899   899 D SignalClusterView: mobile: VISIBLE sig=2130838667 typ=0 inout=0 simoff=false
07-19 23:15:22.360   899   899 D SignalClusterView: vpn: GONE
07-19 23:15:22.360   899   899 D SignalClusterView: ethernet: GONE
07-19 23:15:22.360   899   899 D SignalClusterView: wifi: VISIBLE sig=2130838688 inout=2130838672
07-19 23:15:22.360   899   899 D SignalClusterView: mobile: VISIBLE sig=2130838667 typ=0 inout=0 simoff=false
07-19 23:15:22.700   267   293 D hwcomposer: void android::intel::UeventObserver::onUevent(): received Uevent: REPEATED_FRAME
07-19 23:15:22.700   267   293 D hwcomposer: virtual void android::intel::Hwcomposer::invalidate(): invalidating screen...
07-19 23:15:22.700   267   267 D hwcomposer: void android::intel::DisplayAnalyzer::handleIdleEntryEvent(int): handling idle entry event, count 0
07-19 23:15:22.700   267   267 I hwcomposer: void android::intel::DisplayAnalyzer::handleIdleEntryEvent(int): Ignoring idle entry as video session is active.
07-19 23:15:22.760   267   293 D hwcomposer: void android::intel::UeventObserver::onUevent(): received Uevent: REPEATED_FRAME
07-19 23:15:22.760   267   293 D hwcomposer: virtual void android::intel::Hwcomposer::invalidate(): invalidating screen...
07-19 23:15:22.762   298   298 I KERNEL  : [294126.504960] mmc2: set SDHCI_TUNE_FOR_CMD52.
07-19 23:15:22.770   267   267 D hwcomposer: void android::intel::DisplayAnalyzer::handleIdleEntryEvent(int): handling idle entry event, count 0
07-19 23:15:22.770   267   267 I hwcomposer: void android::intel::DisplayAnalyzer::handleIdleEntryEvent(int): Ignoring idle entry as video session is active.
07-19 23:15:23.070   267   293 D hwcomposer: void android::intel::UeventObserver::onUevent(): received Uevent: REPEATED_FRAME
07-19 23:15:23.070   267   293 D hwcomposer: virtual void android::intel::Hwcomposer::invalidate(): invalidating screen...
07-19 23:15:23.070   267   267 D hwcomposer: void android::intel::DisplayAnalyzer::handleIdleEntryEvent(int): handling idle entry event, count 0
07-19 23:15:23.070   267   267 I hwcomposer: void android::intel::DisplayAnalyzer::handleIdleEntryEvent(int): Ignoring idle entry as video session is active.
07-19 23:15:23.120  1251  1251 D ACSDK   : onShowWindow
07-19 23:15:23.120  1251  1251 D XT9IME  : showWindow
07-19 23:15:23.130   267   293 D hwcomposer: void android::intel::UeventObserver::onUevent(): received Uevent: REPEATED_FRAME
07-19 23:15:23.130   267   293 D hwcomposer: virtual void android::intel::Hwcomposer::invalidate(): invalidating screen...
07-19 23:15:23.130  1251  1251 D XT9IME  : onStartInput isInputViewShown() = true isShowInputRequested() = true
07-19 23:15:23.145   201   224 I KERNEL  : [294126.888698] type=1400 audit(1500516923.130:42159): avc: denied { ioctl } for pid=1290 comm="Binder_9" path="socket:[1728156]" dev="sockfs" ino=1728156 ioctlcmd=7704 scontext=u:r:system_server:s0 tcontext=u:r:system_server:s0 tclass=unix_stream_socket permissive=1
07-19 23:15:23.140   267   267 D hwcomposer: void android::intel::DisplayAnalyzer::handleIdleEntryEvent(int): handling idle entry event, count 0
07-19 23:15:23.140   267   267 I hwcomposer: void android::intel::DisplayAnalyzer::handleIdleEntryEvent(int): Ignoring idle entry as video session is active.
07-19 23:15:23.140   899  7393 D StatusBar: onNotificationPosted: StatusBarNotification(pkg=android user=UserHandle{-1} id=17040359 tag=null score=0 key=-1|android|17040359|null|1000: Notification(pri=0 contentView=android/0x10900a2 vibrate=null sound=null defaults=0x0 flags=0x2 color=0xff060059 category=sys vis=PRIVATE))
07-19 23:15:23.140   899   899 D NotificationGroupManager: Notification(pri=0 contentView=android/0x10900a2 vibrate=null sound=null defaults=0x0 flags=0x2 color=0xff060059 category=sys vis=PRIVATE) not found in mGroupMap
07-19 23:15:23.140   899   899 D NotificationGroupManager: Notification(pri=0 contentView=android/0x10900a2 vibrate=null sound=null defaults=0x0 flags=0x2 color=0xff060059 category=sys vis=PRIVATE) !isGroupSummary()
07-19 23:15:23.146   201   224 I KERNEL  : [294126.888841] type=1400 audit(1500516923.130:42160): avc: denied { ioctl } for pid=1290 comm="Binder_9" path="socket:[1728156]" dev="sockfs" ino=1728156 ioctlcmd=7704 scontext=u:r:system_server:s0 tcontext=u:r:system_server:s0 tclass=unix_stream_socket permissive=1
07-19 23:15:23.150   899   899 D NotificationData: includesDummyNotification:false
07-19 23:15:23.150  1251  1251 D ToolbarItemManager: load tb str : 1;2;3;4;5;15;14;13;11;6;7
07-19 23:15:23.150   899   899 D NotificationData: includesDummyNotification:false
07-19 23:15:23.150   899   899 D PhoneStatusBar: updateEmptyShadeView
07-19 23:15:23.160  1251  1251 I XT9IME.AlphaInputView: AlphaInputView initTrace pageNumber = 0x0
07-19 23:15:23.160   899   899 D sysuidebug.invisible_qspanel: setQsExpansion() mQsFullyExpanded=false, height <= mQsMinExpansionHeight, mQsExpanded=false, mStackScrollerOverscrolling=false
07-19 23:15:23.210  1251  1251 D ToolbarItemManager: load tb str : 1;2;3;4;5;15;14;13;11;6;7
07-19 23:15:23.220  1251  1251 D ACSDK   : onShowWindow
07-19 23:15:23.220  1251  1251 D XT9IME  : showWindow
07-19 23:15:23.220   899 17265 D StatusBar: onNotificationPosted: StatusBarNotification(pkg=android user=UserHandle{-1} id=17040359 tag=null score=0 key=-1|android|17040359|null|1000: Notification(pri=0 contentView=android/0x10900a2 vibrate=null sound=null defaults=0x0 flags=0x2 color=0xff060059 category=sys vis=PRIVATE))
07-19 23:15:23.230   899   899 D NotificationGroupManager: Notification(pri=0 contentView=android/0x10900a2 vibrate=null sound=null defaults=0x0 flags=0x2 color=0xff060059 category=sys vis=PRIVATE) not found in mGroupMap
07-19 23:15:23.230   899   899 D NotificationGroupManager: Notification(pri=0 contentView=android/0x10900a2 vibrate=null sound=null defaults=0x0 flags=0x2 color=0xff060059 category=sys vis=PRIVATE) !isGroupSummary()
07-19 23:15:23.230   899   899 D NotificationData: includesDummyNotification:false
07-19 23:15:23.230   899   899 D NotificationData: includesDummyNotification:false
07-19 23:15:23.230   899   899 D PhoneStatusBar: updateEmptyShadeView
07-19 23:15:23.240   899   899 D sysuidebug.invisible_qspanel: setQsExpansion() mQsFullyExpanded=false, height <= mQsMinExpansionHeight, mQsExpanded=false, mStackScrollerOverscrolling=false
07-19 23:15:23.360   899   899 D NetworkController.WifiSignalController: Change in state from: connected=true,enabled=true,level=4,inetCondition=1,iconGroup=IconGroup(Wi-Fi Icons),activityIn=false,activityOut=false,rssi=-55,lastModified=07-19 11:15:22,ssid="casa"
07-19 23:15:23.360   899   899 D NetworkController.WifiSignalController: 	to: connected=true,enabled=true,level=4,inetCondition=1,iconGroup=IconGroup(Wi-Fi Icons),activityIn=true,activityOut=true,rssi=-55,lastModified=07-19 11:15:22,ssid="casa"
07-19 23:15:23.360   899   899 D SignalClusterView: vpn: GONE
07-19 23:15:23.360   899   899 D SignalClusterView: ethernet: GONE
07-19 23:15:23.360   899   899 D SignalClusterView: wifi: VISIBLE sig=2130838688 inout=2130838671
07-19 23:15:23.360   899   899 D SignalClusterView: mobile: VISIBLE sig=2130838667 typ=0 inout=0 simoff=false
07-19 23:15:23.360   899   899 D SignalClusterView: vpn: GONE
07-19 23:15:23.360   899   899 D SignalClusterView: ethernet: GONE
07-19 23:15:23.360   899   899 D SignalClusterView: wifi: VISIBLE sig=2130838688 inout=2130838671
07-19 23:15:23.360   899   899 D SignalClusterView: mobile: VISIBLE sig=2130838667 typ=0 inout=0 simoff=false
07-19 23:15:23.640 11341 11341 D wpa_supplicant: wlan0: Control interface command 'SIGNAL_POLL'
07-19 23:15:23.640 11341 11341 D wpa_supplicant: CTRL-DEBUG: global_ctrl_sock-sendto: sock=12 sndbuf=212992 outq=0 send_len=48
07-19 23:15:23.970   267   293 D hwcomposer: void android::intel::UeventObserver::onUevent(): received Uevent: REPEATED_FRAME
07-19 23:15:23.970   267   293 D hwcomposer: virtual void android::intel::Hwcomposer::invalidate(): invalidating screen...
07-19 23:15:23.970   267   267 D hwcomposer: void android::intel::DisplayAnalyzer::handleIdleEntryEvent(int): handling idle entry event, count 0
07-19 23:15:23.970   267   267 I hwcomposer: void android::intel::DisplayAnalyzer::handleIdleEntryEvent(int): Ignoring idle entry as video session is active.
07-19 23:15:24.040   267   293 D hwcomposer: void android::intel::UeventObserver::onUevent(): received Uevent: REPEATED_FRAME
07-19 23:15:24.040   267   293 D hwcomposer: virtual void android::intel::Hwcomposer::invalidate(): invalidating screen...
07-19 23:15:24.040   267   267 D hwcomposer: void android::intel::DisplayAnalyzer::handleIdleEntryEvent(int): handling idle entry event, count 0
07-19 23:15:24.040   267   267 I hwcomposer: void android::intel::DisplayAnalyzer::handleIdleEntryEvent(int): Ignoring idle entry as video session is active.
07-19 23:15:24.172   201   224 I KERNEL  : [294127.914813] type=1400 audit(1500516924.160:42161): avc: denied { ioctl } for pid=1271 comm="Binder_7" path="socket:[1729644]" dev="sockfs" ino=1729644 ioctlcmd=7704 scontext=u:r:system_server:s0 tcontext=u:r:system_server:s0 tclass=unix_stream_socket permissive=1
07-19 23:15:24.172   201   224 I KERNEL  : [294127.915162] type=1400 audit(1500516924.160:42162): avc: denied { ioctl } for pid=1271 comm="Binder_7" path="socket:[1729644]" dev="sockfs" ino=1729644 ioctlcmd=7704 scontext=u:r:system_server:s0 tcontext=u:r:system_server:s0 tclass=unix_stream_socket permissive=1
07-19 23:15:24.290  1251  1251 D ToolbarItemManager: load tb str : 1;2;3;4;5;15;14;13;11;6;7
07-19 23:15:24.320  1251  1251 D ToolbarItemManager: load tb str : 1;2;3;4;5;15;14;13;11;6;7
07-19 23:15:24.510  1251  1251 D ToolbarItemManager: load tb str : 1;2;3;4;5;15;14;13;11;6;7
07-19 23:15:24.540  1251  1251 D ToolbarItemManager: load tb str : 1;2;3;4;5;15;14;13;11;6;7
07-19 23:15:24.740  1251  1251 D ToolbarItemManager: load tb str : 1;2;3;4;5;15;14;13;11;6;7
07-19 23:15:24.770  1251  1251 D ToolbarItemManager: load tb str : 1;2;3;4;5;15;14;13;11;6;7
07-19 23:15:25.210   267   293 D hwcomposer: void android::intel::UeventObserver::onUevent(): received Uevent: REPEATED_FRAME
07-19 23:15:25.210   267   293 D hwcomposer: virtual void android::intel::Hwcomposer::invalidate(): invalidating screen...
07-19 23:15:25.210   267   267 D hwcomposer: void android::intel::DisplayAnalyzer::handleIdleEntryEvent(int): handling idle entry event, count 0
07-19 23:15:25.210   267   267 I hwcomposer: void android::intel::DisplayAnalyzer::handleIdleEntryEvent(int): Ignoring idle entry as video session is active.
07-19 23:15:25.270   267   293 D hwcomposer: void android::intel::UeventObserver::onUevent(): received Uevent: REPEATED_FRAME
07-19 23:15:25.270   267   293 D hwcomposer: virtual void android::intel::Hwcomposer::invalidate(): invalidating screen...
07-19 23:15:25.280   267   267 D hwcomposer: void android::intel::DisplayAnalyzer::handleIdleEntryEvent(int): handling idle entry event, count 0
07-19 23:15:25.280   267   267 I hwcomposer: void android::intel::DisplayAnalyzer::handleIdleEntryEvent(int): Ignoring idle entry as video session is active.
07-19 23:15:25.490 13939 13939 I chromium: [INFO:CONSOLE(38259)] "login.ts.25 doLogin() {"username":"Ac","password":"bbb"}", source: file:///android_asset/www/build/main.js (38259)
07-19 23:15:25.530 13939 13939 I chromium: [INFO:CONSOLE(25730)] "auth-services.ts.15 login({"username":"Ac","password":"bbb"})", source: file:///android_asset/www/build/main.js (25730)
07-19 23:15:25.550  1251  1251 D XT9IME  : hideWindow
07-19 23:15:25.550   899  3030 D StatusBar: onNotificationRemoved: StatusBarNotification(pkg=android user=UserHandle{-1} id=17040359 tag=null score=0 key=-1|android|17040359|null|1000: Notification(pri=0 contentView=null vibrate=null sound=null defaults=0x0 flags=0x2 color=0xff060059 category=sys vis=PRIVATE))
07-19 23:15:25.550   711   711 D NotificationService: updateLightsLocked turnOff
07-19 23:15:25.570   899   899 D NotificationData: includesDummyNotification:false
07-19 23:15:25.570   899   899 D NotificationData: includesDummyNotification:false
07-19 23:15:25.570   899   899 D PhoneStatusBar: updateEmptyShadeView
07-19 23:15:25.579   201   224 I KERNEL  : [294129.321881] type=1400 audit(1500516925.570:42163): avc: denied { ioctl } for pid=1338 comm="Binder_B" path="socket:[1728156]" dev="sockfs" ino=1728156 ioctlcmd=7704 scontext=u:r:system_server:s0 tcontext=u:r:system_server:s0 tclass=unix_stream_socket permissive=1
07-19 23:15:25.580   899   899 D sysuidebug.invisible_qspanel: setQsExpansion() mQsFullyExpanded=false, height <= mQsMinExpansionHeight, mQsExpanded=false, mStackScrollerOverscrolling=false
07-19 23:15:25.589   201   224 I KERNEL  : [294129.331792] type=1400 audit(1500516925.570:42164): avc: denied { ioctl } for pid=1338 comm="Binder_B" path="socket:[1728156]" dev="sockfs" ino=1728156 ioctlcmd=7704 scontext=u:r:system_server:s0 tcontext=u:r:system_server:s0 tclass=unix_stream_socket permissive=1
07-19 23:15:25.610  1251  1251 D ToolbarItemManager: load tb str : 1;2;3;4;5;15;14;13;11;6;7
07-19 23:15:25.610 13939 14045 W IInputConnectionWrapper: beginBatchEdit on inactive InputConnection
07-19 23:15:25.610 13939 14045 W IInputConnectionWrapper: endBatchEdit on inactive InputConnection
07-19 23:15:25.620  1251  1251 D ACSDK   : onHideWindow
07-19 23:15:25.620  1251  1251 D XT9IME  : onStartInput isInputViewShown() = false isShowInputRequested() = false
07-19 23:15:25.620  1251  1251 D ToolbarItemManager: load tb str : 1;2;3;4;5;15;14;13;11;6;7
07-19 23:15:25.690 11341 11341 D wpa_supplicant: wlan0: Control interface command 'SCAN TYPE=ONLY'
07-19 23:15:25.690 11341 11341 D wpa_supplicant: wlan0: Setting scan request: 0.000000 sec
07-19 23:15:25.690 11341 11341 D wpa_supplicant: CTRL-DEBUG: global_ctrl_sock-sendto: sock=12 sndbuf=212992 outq=0 send_len=3
07-19 23:15:25.690 11341 11341 D wpa_supplicant: wlan0: Starting AP scan for wildcard SSID
07-19 23:15:25.690 11341 11341 D wpa_supplicant: WPS: Building WPS IE for Probe Request
07-19 23:15:25.690 11341 11341 D wpa_supplicant: WPS:  * Version (hardcoded 0x10)
07-19 23:15:25.690 11341 11341 D wpa_supplicant: WPS:  * Request Type
07-19 23:15:25.690 11341 11341 D wpa_supplicant: WPS:  * Config Methods (4288)
07-19 23:15:25.690 11341 11341 D wpa_supplicant: WPS:  * UUID-E
07-19 23:15:25.690 11341 11341 D wpa_supplicant: WPS:  * Primary Device Type
07-19 23:15:25.690 11341 11341 D wpa_supplicant: WPS:  * RF Bands (3)
07-19 23:15:25.690 11341 11341 D wpa_supplicant: WPS:  * Association State
07-19 23:15:25.690 11341 11341 D wpa_supplicant: WPS:  * Configuration Error (0)
07-19 23:15:25.690 11341 11341 D wpa_supplicant: WPS:  * Device Password ID (0)
07-19 23:15:25.690 11341 11341 D wpa_supplicant: WPS:  * Manufacturer
07-19 23:15:25.690 11341 11341 D wpa_supplicant: WPS:  * Model Name
07-19 23:15:25.690 11341 11341 D wpa_supplicant: WPS:  * Model Number
07-19 23:15:25.690 11341 11341 D wpa_supplicant: WPS:  * Device Name
07-19 23:15:25.690 11341 11341 D wpa_supplicant: WPS:  * Version2 (0x20)
07-19 23:15:25.690 11341 11341 D wpa_supplicant: P2P: * P2P IE header
07-19 23:15:25.690 11341 11341 D wpa_supplicant: P2P: * Capability dev=25 group=00
07-19 23:15:25.690 11341 11341 D wpa_supplicant: P2P: * Listen Channel: Regulatory Class 81 Channel 11
07-19 23:15:25.690 11341 11341 D wpa_supplicant: wlan0: Add radio work 'scan'@0xf6f0f6f0
07-19 23:15:25.690 11341 11341 D wpa_supplicant: wlan0: First radio work item in the queue - schedule start immediately
07-19 23:15:25.690 11341 11341 D wpa_supplicant: wlan0: Starting radio work 'scan'@0xf6f0f6f0 after 0.000030 second wait
07-19 23:15:25.690 11341 11341 D wpa_supplicant: wlan0: nl80211: scan request
07-19 23:15:25.690  1251  1251 V GoogleTagManager: Dispatch call queued. Dispatch will run once initialization is complete.
07-19 23:15:25.690 11341 11341 D wpa_supplicant: Scan requested (ret=0) - scan timeout 30 seconds
07-19 23:15:25.690 11341 11341 D wpa_supplicant: nl80211: Ignored event (cmd=33) for foreign interface (ifindex 3 wdev 0x0)
07-19 23:15:25.690 11341 11341 D wpa_supplicant: nl80211: Drv Event 33 (NL80211_CMD_TRIGGER_SCAN) received for wlan0
07-19 23:15:25.690 11341 11341 D wpa_supplicant: wlan0: nl80211: Scan trigger
07-19 23:15:25.690 11341 11341 D wpa_supplicant: wlan0: Event SCAN_STARTED (47) received
07-19 23:15:25.690 11341 11341 D wpa_supplicant: wlan0: Own scan request started a scan in 0.000142 seconds
07-19 23:15:25.690 11341 11341 D wpa_supplicant: CTRL-DEBUG: ctrl_sock-sendmsg: sock=12 sndbuf=212992 outq=0 send_len=24
07-19 23:15:25.690 11341 11341 D wpa_supplicant: CTRL_IFACE monitor sent successfully to /data/misc/wifi/sockets/wpa_ctrl_711-9\x00
07-19 23:15:25.690   711   825 V AlarmManager: triggered: act=com.google.android.location.ALARM_WAKEUP_LOCATOR Pkg: com.google.android.gms
07-19 23:15:25.690   711   722 D WifiService: acquireWifiLockLocked: WifiLock{NlpWifiLock type=2 binder=android.os.BinderProxy@a0ac52d}
07-19 23:15:25.705 11341 11341 I KERNEL  : [294129.447025] CFG80211-ERROR) wl_run_escan : 
07-19 23:15:25.705 11341 11341 I KERNEL  : LEGACY_SCAN sync ID: 4660, bssidx: 0
07-19 23:15:25.810   313   313 I dispmgr : waiting for message from kernel.
07-19 23:15:25.810   313   313 I dispmgr : message from kernel received.
07-19 23:15:25.810   313   313 D         : PwrConsWriteRegisterUlong
07-19 23:15:25.880   313   313 I dispmgr : waiting for message from kernel.
07-19 23:15:25.880   313   313 I dispmgr : message from kernel received.
07-19 23:15:25.880   313   313 D         : PwrConsWriteRegisterUlong
07-19 23:15:25.950   313   313 I dispmgr : waiting for message from kernel.
07-19 23:15:25.950   313   313 I dispmgr : message from kernel received.
07-19 23:15:25.950   313   313 D         : PwrConsWriteRegisterUlong
07-19 23:15:25.958   313   313 I KERNEL  : [294129.700810] [DISP] brightness level = 16
07-19 23:15:26.009   313   343 I KERNEL  : [294129.750926] [DISP] brightness level = 16
07-19 23:15:26.059   313   343 I KERNEL  : [294129.801104] [DISP] brightness level = 16
07-19 23:15:26.060   313   313 I dispmgr : waiting for message from kernel.
07-19 23:15:26.060   313   313 I dispmgr : message from kernel received.
07-19 23:15:26.060   313   313 D         : PwrConsWriteRegisterUlong
07-19 23:15:26.109   313   343 I KERNEL  : [294129.851229] [DISP] brightness level = 16
07-19 23:15:26.159   313   343 I KERNEL  : [294129.901340] [DISP] brightness level = 16
07-19 23:15:26.209   313   343 I KERNEL  : [294129.951515] [DISP] brightness level = 16
07-19 23:15:26.259   313   343 I KERNEL  : [294130.001617] [DISP] brightness level = 16
07-19 23:15:26.309   313   343 I KERNEL  : [294130.051724] [DISP] brightness level = 16
07-19 23:15:26.360   313   343 I KERNEL  : [294130.101825] [DISP] brightness level = 16
07-19 23:15:26.410   313   343 I KERNEL  : [294130.151920] [DISP] brightness level = 16
07-19 23:15:26.460   313   343 I KERNEL  : [294130.202029] [DISP] brightness level = 16
07-19 23:15:26.510   313   343 I KERNEL  : [294130.252133] [DISP] brightness level = 16
07-19 23:15:26.560   313   313 I dispmgr : waiting for message from kernel.
07-19 23:15:26.560   313   313 I dispmgr : message from kernel received.
07-19 23:15:26.560   313   313 D         : PwrConsWriteRegisterUlong
07-19 23:15:26.560   313   343 I KERNEL  : [294130.302262] [DISP] brightness level = 15
07-19 23:15:26.610   313   343 I KERNEL  : [294130.352359] [DISP] brightness level = 15
07-19 23:15:26.640 11341 11341 D wpa_supplicant: wlan0: Control interface command 'SIGNAL_POLL'
07-19 23:15:26.640 11341 11341 D wpa_supplicant: CTRL-DEBUG: global_ctrl_sock-sendto: sock=12 sndbuf=212992 outq=0 send_len=48
07-19 23:15:26.650   711   855 D WifiWatchdogStateMachine: RSSI current: 4 new: -56, 3
07-19 23:15:26.650   899  1566 D NetworkController: onReceive: intent=Intent { act=android.net.wifi.RSSI_CHANGED flg=0x4000010 (has extras) }
07-19 23:15:26.650   899  1566 D NetworkController.WifiSignalController: Change in state from: connected=true,enabled=true,level=4,inetCondition=1,iconGroup=IconGroup(Wi-Fi Icons),activityIn=true,activityOut=true,rssi=-55,lastModified=07-19 11:15:23,ssid="casa"
07-19 23:15:26.650   899  1566 D NetworkController.WifiSignalController: 	to: connected=true,enabled=true,level=3,inetCondition=1,iconGroup=IconGroup(Wi-Fi Icons),activityIn=true,activityOut=true,rssi=-56,lastModified=07-19 11:15:23,ssid="casa"
07-19 23:15:26.650   899   899 D SignalClusterView: vpn: GONE
07-19 23:15:26.650   899   899 D SignalClusterView: ethernet: GONE
07-19 23:15:26.650   711   837 D ConnectivityService: notifyType CAP_CHANGED for NetworkAgentInfo [WIFI () - 161]
07-19 23:15:26.660   899   899 D SignalClusterView: wifi: VISIBLE sig=2130838686 inout=2130838671
07-19 23:15:26.660   899   899 D SignalClusterView: mobile: VISIBLE sig=2130838667 typ=0 inout=0 simoff=false
07-19 23:15:26.660   899   899 D SignalClusterView: vpn: GONE
07-19 23:15:26.660   899   899 D SignalClusterView: ethernet: GONE
07-19 23:15:26.660   899   899 D SignalClusterView: wifi: VISIBLE sig=2130838686 inout=2130838671
07-19 23:15:26.660   899   899 D SignalClusterView: mobile: VISIBLE sig=2130838667 typ=0 inout=0 simoff=false
07-19 23:15:26.662   313   343 I KERNEL  : [294130.404155] [DISP] brightness level = 15
07-19 23:15:26.712   313   343 I KERNEL  : [294130.454433] [DISP] brightness level = 15
07-19 23:15:26.763   313   343 I KERNEL  : [294130.505027] [DISP] brightness level = 15
07-19 23:15:26.813   313   343 I KERNEL  : [294130.555256] [DISP] brightness level = 15
07-19 23:15:26.864   313   343 I KERNEL  : [294130.605658] [DISP] brightness level = 15
07-19 23:15:26.914   313   343 I KERNEL  : [294130.656075] [DISP] brightness level = 15
07-19 23:15:26.964   313   343 I KERNEL  : [294130.706319] [DISP] brightness level = 15
07-19 23:15:27.015   313   343 I KERNEL  : [294130.756693] [DISP] brightness level = 15
07-19 23:15:27.065   313   343 I KERNEL  : [294130.806883] [DISP] brightness level = 15
07-19 23:15:27.116   313   343 I KERNEL  : [294130.857656] [DISP] brightness level = 15
07-19 23:15:27.166   313   343 I KERNEL  : [294130.907786] [DISP] brightness level = 15
07-19 23:15:27.216   313   343 I KERNEL  : [294130.957998] [DISP] brightness level = 15
07-19 23:15:27.266   313   343 I KERNEL  : [294131.008191] [DISP] brightness level = 15
07-19 23:15:27.317   313   343 I KERNEL  : [294131.058454] [DISP] brightness level = 15
07-19 23:15:27.367   313   343 I KERNEL  : [294131.108748] [DISP] brightness level = 15
07-19 23:15:27.384   268   268 I KERNEL  : [294131.125728] intel_scu_watchdog_evo: watchdog_keepalive
07-19 23:15:27.417   313   343 I KERNEL  : [294131.159100] [DISP] brightness level = 15
07-19 23:15:27.468   313   343 I KERNEL  : [294131.209408] [DISP] brightness level = 15
07-19 23:15:27.518   313   343 I KERNEL  : [294131.259844] [DISP] brightness level = 15
07-19 23:15:27.568   313   343 I KERNEL  : [294131.310092] [DISP] brightness level = 15
07-19 23:15:27.618   313   343 I KERNEL  : [294131.360255] [DISP] brightness level = 15
07-19 23:15:27.669   313   343 I KERNEL  : [294131.410489] [DISP] brightness level = 15
07-19 23:15:27.719   313   343 I KERNEL  : [294131.460708] [DISP] brightness level = 15
07-19 23:15:27.769   313   343 I KERNEL  : [294131.510949] [DISP] brightness level = 15
07-19 23:15:27.819   313   343 I KERNEL  : [294131.561216] [DISP] brightness level = 15
07-19 23:15:27.870   313   343 I KERNEL  : [294131.611559] [DISP] brightness level = 15
07-19 23:15:27.920   313   343 I KERNEL  : [294131.661871] [DISP] brightness level = 15
07-19 23:15:27.970   313   343 I KERNEL  : [294131.712140] [DISP] brightness level = 15
07-19 23:15:28.021   313   343 I KERNEL  : [294131.762335] [DISP] brightness level = 15
07-19 23:15:28.071   313   343 I KERNEL  : [294131.812460] [DISP] brightness level = 15
07-19 23:15:28.121   313   343 I KERNEL  : [294131.862993] [DISP] brightness level = 15
07-19 23:15:28.172   313   343 I KERNEL  : [294131.913269] [DISP] brightness level = 15
07-19 23:15:28.222   313   343 I KERNEL  : [294131.963554] [DISP] brightness level = 15
07-19 23:15:28.272   313   343 I KERNEL  : [294132.013746] [DISP] brightness level = 15
07-19 23:15:28.323   313   343 I KERNEL  : [294132.064130] [DISP] brightness level = 15
07-19 23:15:28.373   313   343 I KERNEL  : [294132.114455] [DISP] brightness level = 15
07-19 23:15:28.423   313   343 I KERNEL  : [294132.164638] [DISP] brightness level = 15
07-19 23:15:28.473   313   343 I KERNEL  : [294132.214761] [DISP] brightness level = 15
07-19 23:15:28.523   313   343 I KERNEL  : [294132.264966] [DISP] brightness level = 15
07-19 23:15:28.574   313   343 I KERNEL  : [294132.315179] [DISP] brightness level = 15
07-19 23:15:28.620 13939 13939 I chromium: [INFO:CONSOLE(25736)] "auth-services.ts.22 login(res:Response with status: 200 OK for URL: http://192.168.1.34:1880/login)", source: file:///android_asset/www/build/main.js (25736)
07-19 23:15:28.620 13939 13939 I chromium: [INFO:CONSOLE(38264)] "login.ts.30 result: {"locais":[{"audiosn":"S","cargo":"","coord":"-23.5736779,-46.6618191","end":"r.caconde,289","estado":"0","foto":"","horario":"","idexternor":"edartjardins","nomeid":"Le Grant Art","pwd":"137113","template":"3","url":"edartjardins.dyndns.org:1723","user":"admin","usuario":""},{"audiosn":"S","cargo":"","coord":"-23.5732671,-46.662329","end":"r.caconde,365","estado":"0","foto":"","horario":"","idexternor":"edcortina","nomeid":"Cortina D'Ampezo","pwd":"137113","template":"3","url":"edcortina.dyndns.org:80","user":"admin","usuario":""},{"idexternor":"edjoseferraz","audiosn":"N","cargo":"","coord":"-23.5709598,-46.6571644","end":"r.jose maria lisboa,185","estado":"0","foto":"","horario":"","nomeid":"Jose Ferraz","pwd":"paulista","template":"1","url":"edjoseferrazavn217.ddns.eagleeyes.tw:1723","user":"paulista","usuario":""},{"audiosn":"S","cargo":"","coord":"-23.5734006,-46.6620858","end":"r.caconde,333","estado":"0","foto":"","horario":"","idexternor":"edkatmandu","nomeid":"Katmandu","pwd":"137113","template":"3","url":"edkatmandu.dyndns.org:1723","user":"admin","usuario":""}],"trace":{"md5":"5287889F30C115165E97556306C82719","parameters":"","pathinfo":"login date:06-jan-2014 18:22:50 (05)","pgm":"cgiXplParameters.exe","request":"POST","versao":"xPL CGI+ 200ms e Api Google maps v4.0.9.67 by acolivei (build 2013/11/19)"},"usuarios":{"atencao":"0","codanel":"3","coord":"-23.5733037069291,-46.6602604772461","emergencia":"1","end":"al.campinas,1608","idexterno":"eddelrey","nivel":"3","nomeid":"Del Rey","sessionid":"c831dac7b88ab2e803e4","usuario":"userionic"}}
07-19 23:15:28.620 13939 13939 I chromium: ", source: file:///android_asset/www/build/main.js (38264)
07-19 23:15:28.620 13939 13939 I chromium: [INFO:CONSOLE(38265)] "login.ts.31 token: "c831dac7b88ab2e803e4"", source: file:///android_asset/www/build/main.js (38265)
07-19 23:15:28.620 13939 13939 I chromium: [INFO:CONSOLE(38271)] "login.ts.38 coord:", source: file:///android_asset/www/build/main.js (38271)
07-19 23:15:28.620 13939 13939 I chromium: [INFO:CONSOLE(38274)] "login.ts.41 latitude:", source: file:///android_asset/www/build/main.js (38274)
07-19 23:15:28.620 13939 13939 I chromium: [INFO:CONSOLE(38276)] "login.ts.43.tam vetor:", source: file:///android_asset/www/build/main.js (38276)
07-19 23:15:28.620 13939 13939 I chromium: [INFO:CONSOLE(38285)] "login.ts.54 pos:", source: file:///android_asset/www/build/main.js (38285)
07-19 23:15:28.620 13939 13939 I chromium: [INFO:CONSOLE(38288)] "login.ts.58 latitude:", source: file:///android_asset/www/build/main.js (38288)
07-19 23:15:28.620 13939 13939 I chromium: [INFO:CONSOLE(38285)] "login.ts.54 pos:", source: file:///android_asset/www/build/main.js (38285)
07-19 23:15:28.620 13939 13939 I chromium: [INFO:CONSOLE(38288)] "login.ts.58 latitude:", source: file:///android_asset/www/build/main.js (38288