I/libEGL  ( 1841): 	EGL_ALPHA_SIZE                  :          0 (0x00000000)
I/libEGL  ( 1841): 	EGL_BLUE_SIZE                   :          8 (0x00000008)
I/libEGL  ( 1841): 	EGL_GREEN_SIZE                  :          8 (0x00000008)
I/libEGL  ( 1841): 	EGL_RED_SIZE                    :          8 (0x00000008)
I/libEGL  ( 1841): 	EGL_DEPTH_SIZE                  :         24 (0x00000018)
I/libEGL  ( 1841): 	EGL_STENCIL_SIZE                :          8 (0x00000008)
I/libEGL  ( 1841): 	EGL_CONFIG_CAVEAT               :      12344 (0x00003038)
I/libEGL  ( 1841): 	EGL_CONFIG_ID                   :          8 (0x00000008)
I/libEGL  ( 1841): 	EGL_LEVEL                       :          0 (0x00000000)
I/libEGL  ( 1841): 	EGL_MAX_PBUFFER_HEIGHT          :      16384 (0x00004000)
I/libEGL  ( 1841): 	EGL_MAX_PBUFFER_WIDTH           :      16384 (0x00004000)
I/libEGL  ( 1841): 	EGL_MAX_PBUFFER_PIXELS          :  268435456 (0x10000000)
I/libEGL  ( 1841): 	EGL_NATIVE_RENDERABLE           :          0 (0x00000000)
I/libEGL  ( 1841): 	EGL_NATIVE_VISUAL_ID            :          2 (0x00000002)
I/libEGL  ( 1841): 	EGL_NATIVE_VISUAL_TYPE          :      12344 (0x00003038)
I/libEGL  ( 1841): 	EGL_SAMPLES                     :          0 (0x00000000)
I/libEGL  ( 1841): 	EGL_SAMPLE_BUFFERS              :          0 (0x00000000)
I/libEGL  ( 1841): 	EGL_SURFACE_TYPE                :       1029 (0x00000405)
I/libEGL  ( 1841): 	EGL_TRANSPARENT_TYPE            :      12344 (0x00003038)
I/libEGL  ( 1841): 	EGL_TRANSPARENT_BLUE_VALUE      :          0 (0x00000000)
I/libEGL  ( 1841): 	EGL_TRANSPARENT_GREEN_VALUE     :          0 (0x00000000)
I/libEGL  ( 1841): 	EGL_TRANSPARENT_RED_VALUE       :          0 (0x00000000)
I/libEGL  ( 1841): 	EGL_BIND_TO_TEXTURE_RGB         :          1 (0x00000001)
I/libEGL  ( 1841): 	EGL_BIND_TO_TEXTURE_RGBA        :          0 (0x00000000)
I/libEGL  ( 1841): 	EGL_MIN_SWAP_INTERVAL           :          0 (0x00000000)
I/libEGL  ( 1841): 	EGL_MAX_SWAP_INTERVAL           :          4 (0x00000004)
I/libEGL  ( 1841): 	EGL_LUMINANCE_SIZE              :          0 (0x00000000)
I/libEGL  ( 1841): 	EGL_ALPHA_MASK_SIZE             :          0 (0x00000000)
I/libEGL  ( 1841): 	EGL_COLOR_BUFFER_TYPE           :      12430 (0x0000308e)
I/libEGL  ( 1841): 	EGL_RENDERABLE_TYPE             :         68 (0x00000044)
I/libEGL  ( 1841): 	EGL_CONFORMANT                  :         68 (0x00000044)
E/EGL_emulation( 1841): [getAttribValue] Bad attribute idx
I/libEGL  ( 1841): 	EGL_FRAMEBUFFER_TARGET_ANDROID  :          0 (0x00000000)
E/EGL_emulation( 1841): [getAttribValue] Bad attribute idx
I/libEGL  ( 1841): 	EGL_RECORDABLE_ANDROID          :          0 (0x00000000)
E/EGL_emulation( 1841): rcCreateContext returned 0
E/EGL_emulation( 1841): tid 2067: eglCreateContext(917): error 0x3003 (EGL_BAD_ALLOC)
W/dalvikvm( 1841): threadid=43: thread exiting with uncaught exception (group=0xa4ce1b38)
E/AndroidRuntime( 1841): FATAL EXCEPTION: GLThread 127
E/AndroidRuntime( 1841): Process: com.ionicframework.ionic2restauth891032, PID: 1841
E/AndroidRuntime( 1841): java.lang.RuntimeException: createContext failed: 12291
E/AndroidRuntime( 1841): 	at com.google.maps.api.android.lib6.gmm6.vector.az.a(:com.google.android.gms.DynamiteModulesB:29)
E/AndroidRuntime( 1841): 	at com.google.maps.api.android.lib6.gmm6.vector.ba.f(:com.google.android.gms.DynamiteModulesB:158)
E/AndroidRuntime( 1841): 	at com.google.maps.api.android.lib6.gmm6.vector.ba.run(:com.google.android.gms.DynamiteModulesB:11)
W/ActivityManager(  535):   Force finishing activity com.ionicframework.ionic2restauth891032/.MainActivity
I/HostConnection(  535): Using qemu vfiber
D/HostConnection(  535): HostConnection::get() New Host Connection established 0xb91d6f68, tid 1372
E/SoftFFmpegVideo(  474): Deinterlacing failed
E/SoftFFmpegVideo(  474): Deinterlacing failed
D/dalvikvm(  535): GC_FOR_ALLOC freed 771K, 18% free 7307K/8888K, paused 20ms, total 20ms
I/dalvikvm-heap(  535): Grow heap (frag case) to 7.344MB for 124212-byte allocation
E/SoftFFmpegVideo(  474): Deinterlacing failed
E/SoftFFmpegVideo(  474): Deinterlacing failed
E/SoftFFmpegVideo(  474): Deinterlacing failed
E/SoftFFmpegVideo(  474): Deinterlacing failed
E/SoftFFmpegVideo(  474): Deinterlacing failed
E/SoftFFmpegVideo(  474): Deinterlacing failed
E/SoftFFmpegVideo(  474): Deinterlacing failed
D/dalvikvm(  535): GC_FOR_ALLOC freed 28K, 18% free 7400K/9012K, paused 65ms, total 65ms
E/SoftFFmpegVideo(  474): Deinterlacing failed
E/SoftFFmpegVideo(  474): Deinterlacing failed
E/SoftFFmpegVideo(  474): Deinterlacing failed
E/SoftFFmpegVideo(  474): Deinterlacing failed
E/SoftFFmpegVideo(  474): Deinterlacing failed
E/SoftFFmpegVideo(  474): Deinterlacing failed
D/dalvikvm(  535): GC_FOR_ALLOC freed 75K, 18% free 7413K/9012K, paused 65ms, total 65ms
I/dalvikvm-heap(  535): Grow heap (frag case) to 7.598MB for 281892-byte allocation
D/dalvikvm(  535): GC_FOR_ALLOC freed <1K, 18% free 7688K/9288K, paused 19ms, total 19ms
E/SoftFFmpegVideo(  474): Deinterlacing failed
E/SoftFFmpegVideo(  474): Deinterlacing failed
E/SoftFFmpegVideo(  474): Deinterlacing failed
I/android_os_LeapdroidJNI(  535): Leapdroid_set()
W/ActivityManager(  535): resume package=com.android.launcher
I/android_os_LeapdroidJNI(  535): Leapdroid_set(): setPropVBox(key=android_launched_package, val=com.android.launcher), err=0
E/SoftFFmpegVideo(  474): Deinterlacing failed
E/SoftFFmpegVideo(  474): Deinterlacing failed
E/SoftFFmpegVideo(  474): Deinterlacing failed
I/MediaPlayer( 1841): Info (700,310)
E/SoftFFmpegVideo(  474): Deinterlacing failed
I/HostConnection(  535): Using qemu vfiber
D/HostConnection(  535): HostConnection::get() New Host Connection established 0xb8fe8fb8, tid 551
E/SoftFFmpegVideo(  474): Deinterlacing failed
E/SoftFFmpegVideo(  474): Deinterlacing failed
E/SoftFFmpegVideo(  474): Deinterlacing failed
E/SoftFFmpegVideo(  474): Deinterlacing failed
E/SoftFFmpegVideo(  474): Deinterlacing failed
W/aqlv    (  856): copyMemory is missing from platform - proto runtime falling back to safer methods.
I/dalvikvm(  856): Could not find method android.os.PowerManager.isInteractive, referenced from method aprd.a
W/dalvikvm(  856): VFY: unable to resolve virtual method 30406: Landroid/os/PowerManager;.isInteractive ()Z
D/dalvikvm(  856): VFY: replacing opcode 0x6e at 0x0046
W/EGL_emulation(  757): eglSurfaceAttrib not implemented(attribute=12435, value=12436), simply return EGL_TRUE
E/SoftFFmpegVideo(  474): Deinterlacing failed
E/SoftFFmpegVideo(  474): Deinterlacing failed
E/SoftFFmpegVideo(  474): Deinterlacing failed
E/SoftFFmpegVideo(  474): Deinterlacing failed
E/SoftFFmpegVideo(  474): Deinterlacing failed
E/SoftFFmpegVideo(  474): Deinterlacing failed
W/UdcContextManagerHelper(  722): Empty context buffer. Thus might mean that the context is not synced down.
E/SoftFFmpegVideo(  474): Deinterlacing failed
W/GetDeviceDataUploadOptInStatusOp(  722): Empty context model while retrieving upload opt-in status!
E/SoftFFmpegVideo(  474): Deinterlacing failed
E/SoftFFmpegVideo(  474): Deinterlacing failed
E/SoftFFmpegVideo(  474): Deinterlacing failed
E/SoftFFmpegVideo(  474): Deinterlacing failed
E/SoftFFmpegVideo(  474): Deinterlacing failed
E/Auth    (  901): [GoogleAccountDataServiceImpl] getToken() -> BAD_AUTHENTICATION. Account: <ELLIDED:667224816>, App: com.google.android.gms, Service: oauth2:https://www.googleapis.com/auth/contextcontroller
E/Auth    (  901): ebt: Long live credential not available.
E/Auth    (  901): 	at ebu.b(:com.google.android.gms:0)
E/Auth    (  901): 	at ebu.a(:com.google.android.gms:17)
E/Auth    (  901): 	at eah.a(:com.google.android.gms:51)
E/Auth    (  901): 	at fgf.a(:com.google.android.gms:7)
E/Auth    (  901): 	at fgf.a(:com.google.android.gms:3)
E/Auth    (  901): 	at ffg.a(:com.google.android.gms:1)
E/Auth    (  901): 	at ffe.a(:com.google.android.gms:17)
E/Auth    (  901): 	at ffe.a(:com.google.android.gms:5)
E/Auth    (  901): 	at bty.a(:com.google.android.gms:192)
E/Auth    (  901): 	at bty.a(:com.google.android.gms:67)
E/Auth    (  901): 	at bty.onTransact(:com.google.android.gms:29)
E/Auth    (  901): 	at android.os.Binder.transact(Binder.java:361)
E/Auth    (  901): 	at bvj.onTransact(:com.google.android.gms:2)
E/Auth    (  901): 	at android.os.Binder.execTransact(Binder.java:404)
E/Auth    (  901): 	at dalvik.system.NativeStart.run(Native Method)
W/Auth    (  901): [GetToken] GetToken failed with status code: BadAuthentication
E/SoftFFmpegVideo(  474): Deinterlacing failed
E/SoftFFmpegVideo(  474): Deinterlacing failed
E/SoftFFmpegVideo(  474): Deinterlacing failed
E/SoftFFmpegVideo(  474): Deinterlacing failed
E/SoftFFmpegVideo(  474): Deinterlacing failed
E/SoftFFmpegVideo(  474): Deinterlacing failed
E/SoftFFmpegVideo(  474): Deinterlacing failed
E/SoftFFmpegVideo(  474): Deinterlacing failed
I/Auth    (  901): [DefaultAuthDelegateChimeraService] Use browser flow? false
E/SoftFFmpegVideo(  474): Deinterlacing failed
E/SoftFFmpegVideo(  474): Deinterlacing failed
E/SoftFFmpegVideo(  474): Deinterlacing failed
W/Auth    (  722): [GoogleAuthUtil] GoogleAuthUtil
W/AuthSessionAuthenticato(  722): Auth related exception is being ignored: BadAuthentication
E/SoftFFmpegVideo(  474): Deinterlacing failed
E/SoftFFmpegVideo(  474): Deinterlacing failed
W/GLSUser (  901): [DeviceKeyStore] Cannot load key: Device key file not found.
E/Drm     (  474): Failed to open plugin directory /vendor/lib/mediadrm
W/DG.WV   ( 1297): Widevine DRM not supported on this device
W/DG.WV   ( 1297): android.media.UnsupportedSchemeException: Failed to instantiate drm object.
W/DG.WV   ( 1297): 	at android.media.MediaDrm.native_setup(Native Method)
W/DG.WV   ( 1297): 	at android.media.MediaDrm.<init>(MediaDrm.java:163)
W/DG.WV   ( 1297): 	at lvm.run(:com.google.android.gms:10)
W/DG.WV   ( 1297): 	at jck.run(:com.google.android.gms:24)
W/DG.WV   ( 1297): 	at java.util.concurrent.ThreadPoolExecutor.runWorker(ThreadPoolExecutor.java:1112)
W/DG.WV   ( 1297): 	at java.util.concurrent.ThreadPoolExecutor$Worker.run(ThreadPoolExecutor.java:587)
W/DG.WV   ( 1297): 	at jho.run(:com.google.android.gms:0)
W/DG.WV   ( 1297): 	at java.lang.Thread.run(Thread.java:841)
E/SoftFFmpegVideo(  474): Deinterlacing failed
E/SoftFFmpegVideo(  474): Deinterlacing failed
E/SoftFFmpegVideo(  474): Deinterlacing failed
W/System.err( 1297): java.io.FileNotFoundException: /data/data/.appwithABI2: open failed: ENOENT (No such file or directory)
W/System.err( 1297): 	at libcore.io.IoBridge.open(IoBridge.java:409)
W/System.err( 1297): 	at java.io.FileInputStream.<init>(FileInputStream.java:78)
W/System.err( 1297): 	at java.lang.System.getProperty(System.java:432)
W/System.err( 1297): 	at java.lang.System.getProperty(System.java:416)
W/System.err( 1297): 	at lxk.b(:com.google.android.gms:0)
W/System.err( 1297): 	at lxk.<init>(:com.google.android.gms:2)
W/System.err( 1297): 	at lxi.a(:com.google.android.gms:0)
W/System.err( 1297): 	at lxm.a(:com.google.android.gms:14)
W/System.err( 1297): 	at lxm.a(:com.google.android.gms:58)
W/System.err( 1297): 	at lxf.a(:com.google.android.gms:4)
W/System.err( 1297): 	at lxf.onTransact(:com.google.android.gms:22)
W/System.err( 1297): 	at android.os.Binder.execTransact(Binder.java:404)
W/System.err( 1297): 	at dalvik.system.NativeStart.run(Native Method)
W/System.err( 1297): Caused by: libcore.io.ErrnoException: open failed: ENOENT (No such file or directory)
W/System.err( 1297): 	at libcore.io.Posix.open(Native Method)
W/System.err( 1297): 	at libcore.io.BlockGuardOs.open(BlockGuardOs.java:110)
W/System.err( 1297): 	at libcore.io.IoBridge.open(IoBridge.java:393)
W/System.err( 1297): 	... 12 more
E/SoftFFmpegVideo(  474): Deinterlacing failed
E/SoftFFmpegVideo(  474): Deinterlacing failed
E/SoftFFmpegVideo(  474): Deinterlacing failed
E/SoftFFmpegVideo(  474): Deinterlacing failed
E/SoftFFmpegVideo(  474): Deinterlacing failed
E/SoftFFmpegVideo(  474): Deinterlacing failed
E/SoftFFmpegVideo(  474): Deinterlacing failed
E/SoftFFmpegVideo(  474): Deinterlacing failed
E/SoftFFmpegVideo(  474): Deinterlacing failed
E/SoftFFmpegVideo(  474): Deinterlacing failed
E/SoftFFmpegVideo(  474): Deinterlacing failed
I/Choreographer( 1841): Skipped 39 frames!  The application may be doing too much work on its main thread.
I/MediaPlayer( 1841): Info (700,352)
E/SoftFFmpegVideo(  474): Deinterlacing failed
E/SoftFFmpegVideo(  474): Deinterlacing failed
E/SoftFFmpegVideo(  474): Deinterlacing failed
E/SoftFFmpegVideo(  474): Deinterlacing failed
E/SoftFFmpegVideo(  474): Deinterlacing failed
E/SoftFFmpegVideo(  474): Deinterlacing failed
E/SoftFFmpegVideo(  474): Deinterlacing failed
E/SoftFFmpegVideo(  474): Deinterlacing failed
E/SoftFFmpegVideo(  474): Deinterlacing failed
E/SoftFFmpegVideo(  474): Deinterlacing failed
E/SoftFFmpegVideo(  474): Deinterlacing failed
W/SurfaceFlinger(  137): couldn't log to binary event log: overflow.
E/SoftFFmpegVideo(  474): Deinterlacing failed
E/SoftFFmpegVideo(  474): Deinterlacing failed
E/SoftFFmpegVideo(  474): Deinterlacing failed
E/SoftFFmpegVideo(  474): Deinterlacing failed
E/SoftFFmpegVideo(  474): Deinterlacing failed
E/SoftFFmpegVideo(  474): Deinterlacing failed
E/SoftFFmpegVideo(  474): Deinterlacing failed
E/SoftFFmpegVideo(  474): Deinterlacing failed
E/SoftFFmpegVideo(  474): Deinterlacing failed
E/SoftFFmpegVideo(  474): Deinterlacing failed
I/dalvikvm( 1841): Could not find method android.os.PowerManager.isInteractive, referenced from method com.google.maps.api.android.lib6.drd.aa.a
W/dalvikvm( 1841): VFY: unable to resolve virtual method 2688: Landroid/os/PowerManager;.isInteractive ()Z
D/dalvikvm( 1841): VFY: replacing opcode 0x6e at 0x0047
W/Settings( 1297): Setting install_non_market_apps has moved from android.provider.Settings.Secure to android.provider.Settings.Global.
E/SoftFFmpegVideo(  474): Deinterlacing failed
W/ActivityThread( 1841): ClassLoader.loadClass: The class loader returned by Thread.getContextClassLoader() may fail for processes that host multiple applications. You should explicitly specify a context class loader. For example: Thread.setContextClassLoader(getClass().getClassLoader());
E/SoftFFmpegVideo(  474): Deinterlacing failed
E/SoftFFmpegVideo(  474): Deinterlacing failed
E/SoftFFmpegVideo(  474): Deinterlacing failed
E/SoftFFmpegVideo(  474): Deinterlacing failed
E/SoftFFmpegVideo(  474): Deinterlacing failed
E/libEGL  ( 1841): call to OpenGL ES API with no current context (logged once per thread)
E/SoftFFmpegVideo(  474): Deinterlacing failed
E/SoftFFmpegVideo(  474): Deinterlacing failed
E/SoftFFmpegVideo(  474): Deinterlacing failed
E/SoftFFmpegVideo(  474): Deinterlacing failed
E/SoftFFmpegVideo(  474): Deinterlacing failed
E/SoftFFmpegVideo(  474): Deinterlacing failed
E/SoftFFmpegVideo(  474): Deinterlacing failed
E/SoftFFmpegVideo(  474): Deinterlacing failed
E/SoftFFmpegVideo(  474): Deinterlacing failed
E/linker  ( 1297): Will try to dlopen() filename: /system/lib/egl/libGLESv1_CM_emulation.so
E/linker  ( 1297): dlopen() succeeded
E/linker  ( 1297): Will try to dlopen() filename: /system/lib/egl/libGLESv2_emulation.so
E/linker  ( 1297): dlopen() succeeded
I/libEGL  ( 1297): eglChooseConfig
I/libEGL  ( 1297): 	EGL_RED_SIZE                    :          8 (0x00000008)
I/libEGL  ( 1297): 	EGL_GREEN_SIZE                  :          8 (0x00000008)
I/libEGL  ( 1297): 	EGL_BLUE_SIZE                   :          8 (0x00000008)
I/libEGL  ( 1297): 	EGL_ALPHA_SIZE                  :          8 (0x00000008)
I/libEGL  ( 1297): 	EGL_SURFACE_TYPE                :          1 (0x00000001)
I/libEGL  ( 1297): 	EGL_RENDERABLE_TYPE             :          4 (0x00000004)
I/libEGL  ( 1297): EGLConfig[0]
I/libEGL  ( 1297): 	EGL_BUFFER_SIZE                 :         32 (0x00000020)
I/libEGL  ( 1297): 	EGL_ALPHA_SIZE                  :          8 (0x00000008)
I/libEGL  ( 1297): 	EGL_BLUE_SIZE                   :          8 (0x00000008)
I/libEGL  ( 1297): 	EGL_GREEN_SIZE                  :          8 (0x00000008)
I/libEGL  ( 1297): 	EGL_RED_SIZE                    :          8 (0x00000008)
I/libEGL  ( 1297): 	EGL_DEPTH_SIZE                  :          0 (0x00000000)
I/libEGL  ( 1297): 	EGL_STENCIL_SIZE                :          0 (0x00000000)
I/libEGL  ( 1297): 	EGL_CONFIG_CAVEAT               :      12344 (0x00003038)
I/libEGL  ( 1297): 	EGL_CONFIG_ID                   :          1 (0x00000001)
I/libEGL  ( 1297): 	EGL_LEVEL                       :          0 (0x00000000)
I/libEGL  ( 1297): 	EGL_MAX_PBUFFER_HEIGHT          :      16384 (0x00004000)
I/libEGL  ( 1297): 	EGL_MAX_PBUFFER_WIDTH           :      16384 (0x00004000)
I/libEGL  ( 1297): 	EGL_MAX_PBUFFER_PIXELS          :  268435456 (0x10000000)
I/libEGL  ( 1297): 	EGL_NATIVE_RENDERABLE           :          0 (0x00000000)
I/libEGL  ( 1297): 	EGL_NATIVE_VISUAL_ID            :          1 (0x00000001)
I/libEGL  ( 1297): 	EGL_NATIVE_VISUAL_TYPE          :      12344 (0x00003038)
I/libEGL  ( 1297): 	EGL_SAMPLES                     :          0 (0x00000000)
I/libEGL  ( 1297): 	EGL_SAMPLE_BUFFERS              :          0 (0x00000000)
I/libEGL  ( 1297): 	EGL_SURFACE_TYPE                :       1029 (0x00000405)
I/libEGL  ( 1297): 	EGL_TRANSPARENT_TYPE            :      12344 (0x00003038)
I/libEGL  ( 1297): 	EGL_TRANSPARENT_BLUE_VALUE      :          0 (0x00000000)
I/libEGL  ( 1297): 	EGL_TRANSPARENT_GREEN_VALUE     :          0 (0x00000000)
I/libEGL  ( 1297): 	EGL_TRANSPARENT_RED_VALUE       :          0 (0x00000000)
I/libEGL  ( 1297): 	EGL_BIND_TO_TEXTURE_RGB         :          0 (0x00000000)
I/libEGL  ( 1297): 	EGL_BIND_TO_TEXTURE_RGBA        :          1 (0x00000001)
I/libEGL  ( 1297): 	EGL_MIN_SWAP_INTERVAL           :          0 (0x00000000)
I/libEGL  ( 1297): 	EGL_MAX_SWAP_INTERVAL           :          4 (0x00000004)
I/libEGL  ( 1297): 	EGL_LUMINANCE_SIZE              :          0 (0x00000000)
I/libEGL  ( 1297): 	EGL_ALPHA_MASK_SIZE             :          0 (0x00000000)
I/libEGL  ( 1297): 	EGL_COLOR_BUFFER_TYPE           :      12430 (0x0000308e)
I/libEGL  ( 1297): 	EGL_RENDERABLE_TYPE             :         68 (0x00000044)
I/libEGL  ( 1297): 	EGL_CONFORMANT                  :         68 (0x00000044)
E/EGL_emulation( 1297): [getAttribValue] Bad attribute idx
I/libEGL  ( 1297): 	EGL_FRAMEBUFFER_TARGET_ANDROID  :          0 (0x00000000)
E/EGL_emulation( 1297): [getAttribValue] Bad attribute idx
I/libEGL  ( 1297): 	EGL_RECORDABLE_ANDROID          :          0 (0x00000000)
E/libEGL  ( 1297): eglCreateContext: config chosen
I/libEGL  ( 1297): 	EGL_BUFFER_SIZE                 :         32 (0x00000020)
I/libEGL  ( 1297): 	EGL_ALPHA_SIZE                  :          8 (0x00000008)
I/libEGL  ( 1297): 	EGL_BLUE_SIZE                   :          8 (0x00000008)
I/libEGL  ( 1297): 	EGL_GREEN_SIZE                  :          8 (0x00000008)
I/libEGL  ( 1297): 	EGL_RED_SIZE                    :          8 (0x00000008)
I/libEGL  ( 1297): 	EGL_DEPTH_SIZE                  :          0 (0x00000000)
I/libEGL  ( 1297): 	EGL_STENCIL_SIZE                :          0 (0x00000000)
I/libEGL  ( 1297): 	EGL_CONFIG_CAVEAT               :      12344 (0x00003038)
I/libEGL  ( 1297): 	EGL_CONFIG_ID                   :          1 (0x00000001)
I/libEGL  ( 1297): 	EGL_LEVEL                       :          0 (0x00000000)
I/libEGL  ( 1297): 	EGL_MAX_PBUFFER_HEIGHT          :      16384 (0x00004000)
I/libEGL  ( 1297): 	EGL_MAX_PBUFFER_WIDTH           :      16384 (0x00004000)
I/libEGL  ( 1297): 	EGL_MAX_PBUFFER_PIXELS          :  268435456 (0x10000000)
I/libEGL  ( 1297): 	EGL_NATIVE_RENDERABLE           :          0 (0x00000000)
I/libEGL  ( 1297): 	EGL_NATIVE_VISUAL_ID            :          1 (0x00000001)
I/libEGL  ( 1297): 	EGL_NATIVE_VISUAL_TYPE          :      12344 (0x00003038)
I/libEGL  ( 1297): 	EGL_SAMPLES                     :          0 (0x00000000)
I/libEGL  ( 1297): 	EGL_SAMPLE_BUFFERS              :          0 (0x00000000)
I/libEGL  ( 1297): 	EGL_SURFACE_TYPE                :       1029 (0x00000405)
I/libEGL  ( 1297): 	EGL_TRANSPARENT_TYPE            :      12344 (0x00003038)
I/libEGL  ( 1297): 	EGL_TRANSPARENT_BLUE_VALUE      :          0 (0x00000000)
I/libEGL  ( 1297): 	EGL_TRANSPARENT_GREEN_VALUE     :          0 (0x00000000)
I/libEGL  ( 1297): 	EGL_TRANSPARENT_RED_VALUE       :          0 (0x00000000)
I/libEGL  ( 1297): 	EGL_BIND_TO_TEXTURE_RGB         :          0 (0x00000000)
I/libEGL  ( 1297): 	EGL_BIND_TO_TEXTURE_RGBA        :          1 (0x00000001)
I/libEGL  ( 1297): 	EGL_MIN_SWAP_INTERVAL           :          0 (0x00000000)
I/libEGL  ( 1297): 	EGL_MAX_SWAP_INTERVAL           :          4 (0x00000004)
I/libEGL  ( 1297): 	EGL_LUMINANCE_SIZE              :          0 (0x00000000)
I/libEGL  ( 1297): 	EGL_ALPHA_MASK_SIZE             :          0 (0x00000000)
I/libEGL  ( 1297): 	EGL_COLOR_BUFFER_TYPE           :      12430 (0x0000308e)
I/libEGL  ( 1297): 	EGL_RENDERABLE_TYPE             :         68 (0x00000044)
I/libEGL  ( 1297): 	EGL_CONFORMANT                  :         68 (0x00000044)
E/EGL_emulation( 1297): [getAttribValue] Bad attribute idx
I/libEGL  ( 1297): 	EGL_FRAMEBUFFER_TARGET_ANDROID  :          0 (0x00000000)
E/EGL_emulation( 1297): [getAttribValue] Bad attribute idx
I/libEGL  ( 1297): 	EGL_RECORDABLE_ANDROID          :          0 (0x00000000)
D/dalvikvm( 1841): GC_CONCURRENT freed 377K, 10% free 4379K/4848K, paused 15ms+7ms, total 60ms
E/SoftFFmpegVideo(  474): Deinterlacing failed
E/SoftFFmpegVideo(  474): Deinterlacing failed
E/SoftFFmpegVideo(  474): Deinterlacing failed
E/SoftFFmpegVideo(  474): Deinterlacing failed
E/SoftFFmpegVideo(  474): Deinterlacing failed
E/linker  ( 1297): Will try to dlopen() filename: /system/lib/egl/libGLESv1_CM_emulation.so
E/SoftFFmpegVideo(  474): Deinterlacing failed
E/linker  ( 1297): dlopen() succeeded
E/linker  ( 1297): Will try to dlopen() filename: /system/lib/egl/libGLESv2_emulation.so
E/linker  ( 1297): dlopen() succeeded
E/SoftFFmpegVideo(  474): Deinterlacing failed
E/SoftFFmpegVideo(  474): Deinterlacing failed
I/libEGL  ( 1297): eglChooseConfig
I/libEGL  ( 1297): 	EGL_RED_SIZE                    :          8 (0x00000008)
I/libEGL  ( 1297): 	EGL_GREEN_SIZE                  :          8 (0x00000008)
I/libEGL  ( 1297): 	EGL_BLUE_SIZE                   :          8 (0x00000008)
I/libEGL  ( 1297): 	EGL_ALPHA_SIZE                  :          8 (0x00000008)
I/libEGL  ( 1297): 	EGL_SURFACE_TYPE                :          1 (0x00000001)
I/libEGL  ( 1297): 	EGL_RENDERABLE_TYPE             :          4 (0x00000004)
I/libEGL  ( 1297): EGLConfig[0]
I/libEGL  ( 1297): 	EGL_BUFFER_SIZE                 :         32 (0x00000020)
I/libEGL  ( 1297): 	EGL_ALPHA_SIZE                  :          8 (0x00000008)
I/libEGL  ( 1297): 	EGL_BLUE_SIZE                   :          8 (0x00000008)
I/libEGL  ( 1297): 	EGL_GREEN_SIZE                  :          8 (0x00000008)
I/libEGL  ( 1297): 	EGL_RED_SIZE                    :          8 (0x00000008)
I/libEGL  ( 1297): 	EGL_DEPTH_SIZE                  :          0 (0x00000000)
I/libEGL  ( 1297): 	EGL_STENCIL_SIZE                :          0 (0x00000000)
I/libEGL  ( 1297): 	EGL_CONFIG_CAVEAT               :      12344 (0x00003038)
I/libEGL  ( 1297): 	EGL_CONFIG_ID                   :          1 (0x00000001)
I/libEGL  ( 1297): 	EGL_LEVEL                       :          0 (0x00000000)
I/libEGL  ( 1297): 	EGL_MAX_PBUFFER_HEIGHT          :      16384 (0x00004000)
I/libEGL  ( 1297): 	EGL_MAX_PBUFFER_WIDTH           :      16384 (0x00004000)
I/libEGL  ( 1297): 	EGL_MAX_PBUFFER_PIXELS          :  268435456 (0x10000000)
I/libEGL  ( 1297): 	EGL_NATIVE_RENDERABLE           :          0 (0x00000000)
I/libEGL  ( 1297): 	EGL_NATIVE_VISUAL_ID            :          1 (0x00000001)
I/libEGL  ( 1297): 	EGL_NATIVE_VISUAL_TYPE          :      12344 (0x00003038)
I/libEGL  ( 1297): 	EGL_SAMPLES                     :          0 (0x00000000)
I/libEGL  ( 1297): 	EGL_SAMPLE_BUFFERS              :          0 (0x00000000)
I/libEGL  ( 1297): 	EGL_SURFACE_TYPE                :       1029 (0x00000405)
I/libEGL  ( 1297): 	EGL_TRANSPARENT_TYPE            :      12344 (0x00003038)
I/libEGL  ( 1297): 	EGL_TRANSPARENT_BLUE_VALUE      :          0 (0x00000000)
I/libEGL  ( 1297): 	EGL_TRANSPARENT_GREEN_VALUE     :          0 (0x00000000)
I/libEGL  ( 1297): 	EGL_TRANSPARENT_RED_VALUE       :          0 (0x00000000)
I/libEGL  ( 1297): 	EGL_BIND_TO_TEXTURE_RGB         :          0 (0x00000000)
I/libEGL  ( 1297): 	EGL_BIND_TO_TEXTURE_RGBA        :          1 (0x00000001)
I/libEGL  ( 1297): 	EGL_MIN_SWAP_INTERVAL           :          0 (0x00000000)
I/libEGL  ( 1297): 	EGL_MAX_SWAP_INTERVAL           :          4 (0x00000004)
I/libEGL  ( 1297): 	EGL_LUMINANCE_SIZE              :          0 (0x00000000)
I/libEGL  ( 1297): 	EGL_ALPHA_MASK_SIZE             :          0 (0x00000000)
I/libEGL  ( 1297): 	EGL_COLOR_BUFFER_TYPE           :      12430 (0x0000308e)
I/libEGL  ( 1297): 	EGL_RENDERABLE_TYPE             :         68 (0x00000044)
I/libEGL  ( 1297): 	EGL_CONFORMANT                  :         68 (0x00000044)
E/EGL_emulation( 1297): [getAttribValue] Bad attribute idx
I/libEGL  ( 1297): 	EGL_FRAMEBUFFER_TARGET_ANDROID  :          0 (0x00000000)
E/EGL_emulation( 1297): [getAttribValue] Bad attribute idx
I/libEGL  ( 1297): 	EGL_RECORDABLE_ANDROID          :          0 (0x00000000)
E/libEGL  ( 1297): eglCreateContext: config chosen
I/libEGL  ( 1297): 	EGL_BUFFER_SIZE                 :         32 (0x00000020)
I/libEGL  ( 1297): 	EGL_ALPHA_SIZE                  :          8 (0x00000008)
I/libEGL  ( 1297): 	EGL_BLUE_SIZE                   :          8 (0x00000008)
I/libEGL  ( 1297): 	EGL_GREEN_SIZE                  :          8 (0x00000008)
I/libEGL  ( 1297): 	EGL_RED_SIZE                    :          8 (0x00000008)
I/libEGL  ( 1297): 	EGL_DEPTH_SIZE                  :          0 (0x00000000)
I/libEGL  ( 1297): 	EGL_STENCIL_SIZE                :          0 (0x00000000)
I/libEGL  ( 1297): 	EGL_CONFIG_CAVEAT               :      12344 (0x00003038)
I/libEGL  ( 1297): 	EGL_CONFIG_ID                   :          1 (0x00000001)
I/libEGL  ( 1297): 	EGL_LEVEL                       :          0 (0x00000000)
I/libEGL  ( 1297): 	EGL_MAX_PBUFFER_HEIGHT          :      16384 (0x00004000)
I/libEGL  ( 1297): 	EGL_MAX_PBUFFER_WIDTH           :      16384 (0x00004000)
I/libEGL  ( 1297): 	EGL_MAX_PBUFFER_PIXELS          :  268435456 (0x10000000)
I/libEGL  ( 1297): 	EGL_NATIVE_RENDERABLE           :          0 (0x00000000)
I/libEGL  ( 1297): 	EGL_NATIVE_VISUAL_ID            :          1 (0x00000001)
I/libEGL  ( 1297): 	EGL_NATIVE_VISUAL_TYPE          :      12344 (0x00003038)
I/libEGL  ( 1297): 	EGL_SAMPLES                     :          0 (0x00000000)
I/libEGL  ( 1297): 	EGL_SAMPLE_BUFFERS              :          0 (0x00000000)
I/libEGL  ( 1297): 	EGL_SURFACE_TYPE                :       1029 (0x00000405)
I/libEGL  ( 1297): 	EGL_TRANSPARENT_TYPE            :      12344 (0x00003038)
I/libEGL  ( 1297): 	EGL_TRANSPARENT_BLUE_VALUE      :          0 (0x00000000)
I/libEGL  ( 1297): 	EGL_TRANSPARENT_GREEN_VALUE     :          0 (0x00000000)
I/libEGL  ( 1297): 	EGL_TRANSPARENT_RED_VALUE       :          0 (0x00000000)
I/libEGL  ( 1297): 	EGL_BIND_TO_TEXTURE_RGB         :          0 (0x00000000)
I/libEGL  ( 1297): 	EGL_BIND_TO_TEXTURE_RGBA        :          1 (0x00000001)
I/libEGL  ( 1297): 	EGL_MIN_SWAP_INTERVAL           :          0 (0x00000000)
I/libEGL  ( 1297): 	EGL_MAX_SWAP_INTERVAL           :          4 (0x00000004)
I/libEGL  ( 1297): 	EGL_LUMINANCE_SIZE              :          0 (0x00000000)
I/libEGL  ( 1297): 	EGL_ALPHA_MASK_SIZE             :          0 (0x00000000)
I/libEGL  ( 1297): 	EGL_COLOR_BUFFER_TYPE           :      12430 (0x0000308e)
I/libEGL  ( 1297): 	EGL_RENDERABLE_TYPE             :         68 (0x00000044)
I/libEGL  ( 1297): 	EGL_CONFORMANT                  :         68 (0x00000044)
E/EGL_emulation( 1297): [getAttribValue] Bad attribute idx
I/libEGL  ( 1297): 	EGL_FRAMEBUFFER_TARGET_ANDROID  :          0 (0x00000000)
E/EGL_emulation( 1297): [getAttribValue] Bad attribute idx
I/libEGL  ( 1297): 	EGL_RECORDABLE_ANDROID          :          0 (0x00000000)
E/SoftFFmpegVideo(  474): Deinterlacing failed
E/SoftFFmpegVideo(  474): Deinterlacing failed
E/SoftFFmpegVideo(  474): Deinterlacing failed
E/SoftFFmpegVideo(  474): Deinterlacing failed
E/SoftFFmpegVideo(  474): Deinterlacing failed
E/SoftFFmpegVideo(  474): Deinterlacing failed
E/SoftFFmpegVideo(  474): Deinterlacing failed
E/SoftFFmpegVideo(  474): Deinterlacing failed
E/SoftFFmpegVideo(  474): Deinterlacing failed
E/SoftFFmpegVideo(  474): Deinterlacing failed
I/MediaPlayer( 1841): Info (700,327)
I/HostConnection(  474): Using qemu vfiber
D/HostConnection(  474): HostConnection::get() New Host Connection established 0xb96cce58, tid 793
E/SoftFFmpegVideo(  474): Deinterlacing failed
I/AwesomePlayer(  474): cache has filled up (7.50 secs), resuming.
W/MediaPlayer( 1841): info/warning (702, 0)
E/SoftFFmpegVideo(  474): Deinterlacing failed
E/linker  (  474): Will try to dlopen() filename: libstagefright_soft_ffmpegvdec.so
E/linker  (  474): dlopen() succeeded
D/SoftFFmpegVideo(  474): SoftFFmpegVideo component: OMX.ffmpeg.h264.decoder mMode: 0 appData: 0xb99ccd60
I/OMXCodec(  474): [OMX.ffmpeg.h264.decoder] AVC profile = 66 (Baseline), level = 30
I/OMXCodec(  474): [OMX.ffmpeg.h264.decoder] video dimensions are 320 x 240
I/OMXCodec(  474): [OMX.ffmpeg.h264.decoder] allocating 5 buffers of size 1382400 on input port
I/OMXCodec(  474): [OMX.ffmpeg.h264.decoder] allocated buffer 0xb9c8e0d8 on input port
I/OMXCodec(  474): [OMX.ffmpeg.h264.decoder] allocated buffer 0xb9be3038 on input port
I/OMXCodec(  474): [OMX.ffmpeg.h264.decoder] allocated buffer 0xb9be1100 on input port
I/OMXCodec(  474): [OMX.ffmpeg.h264.decoder] allocated buffer 0xb9d1c380 on input port
I/OMXCodec(  474): [OMX.ffmpeg.h264.decoder] allocated buffer 0xb9a92dd8 on input port
I/OMXCodec(  474): [OMX.ffmpeg.h264.decoder] allocating 2 buffers of size 115200 on output port
I/OMXCodec(  474): [OMX.ffmpeg.h264.decoder] allocated buffer 0xb9cb1f58 on output port
I/OMXCodec(  474): [OMX.ffmpeg.h264.decoder] allocated buffer 0xb9580f38 on output port
W/TimedEventQueue(  474): Event 1252 was not found in the queue, already cancelled?
E/SoftFFmpegVideo(  474): Deinterlacing failed
W/AudioFlinger(  474): session id 7 not found for pid 1841
I/MediaFocusControl(  535):  AudioFocus  abandonAudioFocus() from android.media.AudioManager@527d49c0com.android.org.chromium.media.MediaPlayerListener@52896ec8
I/MediaFocusControl(  535): AudioFocus  removeFocusStackEntry(): removing entry for android.media.AudioManager@527d49c0com.android.org.chromium.media.MediaPlayerListener@52896ec8
E/chromium( 1841): [ERROR:in_process_view_renderer.cc(189)] Failed to request GL process. Deadlock likely: 0
E/chromium( 1841): [ERROR:in_process_view_renderer.cc(189)] Failed to request GL process. Deadlock likely: 0
E/chromium( 1841): [ERROR:in_process_view_renderer.cc(189)] Failed to request GL process. Deadlock likely: 0
E/chromium( 1841): [ERROR:in_process_view_renderer.cc(189)] Failed to request GL process. Deadlock likely: 0
E/SoftFFmpegVideo(  474): Deinterlacing failed
E/SoftFFmpegVideo(  474): Deinterlacing failed
I/HostConnection(  474): Using qemu vfiber
D/HostConnection(  474): HostConnection::get() New Host Connection established 0xb9527608, tid 1950
E/SoftFFmpegVideo(  474): Deinterlacing failed
E/SoftFFmpegVideo(  474): Deinterlacing failed
E/SoftFFmpegVideo(  474): Deinterlacing failed
E/linker  (  474): Will try to dlopen() filename: libstagefright_soft_ffmpegvdec.so
E/linker  (  474): dlopen() succeeded
D/SoftFFmpegVideo(  474): SoftFFmpegVideo component: OMX.ffmpeg.h264.decoder mMode: 0 appData: 0xb9d1dad0
I/OMXCodec(  474): [OMX.ffmpeg.h264.decoder] AVC profile = 66 (Baseline), level = 30
I/OMXCodec(  474): [OMX.ffmpeg.h264.decoder] video dimensions are 320 x 240
I/OMXCodec(  474): [OMX.ffmpeg.h264.decoder] allocating 5 buffers of size 1382400 on input port
I/OMXCodec(  474): [OMX.ffmpeg.h264.decoder] allocated buffer 0xb95762c8 on input port
I/OMXCodec(  474): [OMX.ffmpeg.h264.decoder] allocated buffer 0xb95847c0 on input port
I/OMXCodec(  474): [OMX.ffmpeg.h264.decoder] allocated buffer 0xb9cd52b8 on input port
I/OMXCodec(  474): [OMX.ffmpeg.h264.decoder] allocated buffer 0xb9ae9200 on input port
I/OMXCodec(  474): [OMX.ffmpeg.h264.decoder] allocated buffer 0xb9a9fe38 on input port
I/OMXCodec(  474): [OMX.ffmpeg.h264.decoder] allocating 2 buffers of size 115200 on output port
I/OMXCodec(  474): [OMX.ffmpeg.h264.decoder] allocated buffer 0xb9c16240 on output port
I/OMXCodec(  474): [OMX.ffmpeg.h264.decoder] allocated buffer 0xb9ae9f78 on output port
W/TimedEventQueue(  474): Event 1329 was not found in the queue, already cancelled?
E/SoftFFmpegVideo(  474): Deinterlacing failed
W/AudioFlinger(  474): session id 6 not found for pid 1841
I/MediaFocusControl(  535):  AudioFocus  abandonAudioFocus() from android.media.AudioManager@527d49c0com.android.org.chromium.media.MediaPlayerListener@5289559c
I/MediaFocusControl(  535): AudioFocus  removeFocusStackEntry(): removing entry for android.media.AudioManager@527d49c0com.android.org.chromium.media.MediaPlayerListener@5289559c
E/chromium( 1841): [ERROR:in_process_view_renderer.cc(189)] Failed to request GL process. Deadlock likely: 0
E/chromium( 1841): [ERROR:in_process_view_renderer.cc(189)] Failed to request GL process. Deadlock likely: 0
E/chromium( 1841): [ERROR:in_process_view_renderer.cc(189)] Failed to request GL process. Deadlock likely: 0
E/chromium( 1841): [ERROR:in_process_view_renderer.cc(189)] Failed to request GL process. Deadlock likely: 0
I/HostConnection(  474): Using qemu vfiber
D/HostConnection(  474): HostConnection::get() New Host Connection established 0xb97817c0, tid 1951
E/SoftFFmpegVideo(  474): Deinterlacing failed
E/linker  (  474): Will try to dlopen() filename: libstagefright_soft_ffmpegvdec.so
E/linker  (  474): dlopen() succeeded
D/SoftFFmpegVideo(  474): SoftFFmpegVideo component: OMX.ffmpeg.h264.decoder mMode: 0 appData: 0xb9a7c650
I/OMXCodec(  474): [OMX.ffmpeg.h264.decoder] AVC profile = 66 (Baseline), level = 30
I/OMXCodec(  474): [OMX.ffmpeg.h264.decoder] video dimensions are 320 x 240
I/OMXCodec(  474): [OMX.ffmpeg.h264.decoder] allocating 5 buffers of size 1382400 on input port
I/OMXCodec(  474): [OMX.ffmpeg.h264.decoder] allocated buffer 0xb95ad8d0 on input port
I/OMXCodec(  474): [OMX.ffmpeg.h264.decoder] allocated buffer 0xb9b1c710 on input port
I/OMXCodec(  474): [OMX.ffmpeg.h264.decoder] allocated buffer 0xb957fc00 on input port
I/OMXCodec(  474): [OMX.ffmpeg.h264.decoder] allocated buffer 0xb9527620 on input port
I/OMXCodec(  474): [OMX.ffmpeg.h264.decoder] allocated buffer 0xb96c34c0 on input port
I/OMXCodec(  474): [OMX.ffmpeg.h264.decoder] allocating 2 buffers of size 115200 on output port
I/OMXCodec(  474): [OMX.ffmpeg.h264.decoder] allocated buffer 0xb9ae9200 on output port
I/OMXCodec(  474): [OMX.ffmpeg.h264.decoder] allocated buffer 0xb9cd52b8 on output port
W/TimedEventQueue(  474): Event 943 was not found in the queue, already cancelled?
W/AudioFlinger(  474): session id 9 not found for pid 1841
I/MediaFocusControl(  535):  AudioFocus  abandonAudioFocus() from android.media.AudioManager@527d49c0com.android.org.chromium.media.MediaPlayerListener@527f07e0
E/chromium( 1841): [ERROR:in_process_view_renderer.cc(189)] Failed to request GL process. Deadlock likely: 0
E/chromium( 1841): [ERROR:in_process_view_renderer.cc(189)] Failed to request GL process. Deadlock likely: 0
E/chromium( 1841): [ERROR:in_process_view_renderer.cc(189)] Failed to request GL process. Deadlock likely: 0
E/chromium( 1841): [ERROR:in_process_view_renderer.cc(189)] Failed to request GL process. Deadlock likely: 0
I/HostConnection(  474): Using qemu vfiber
D/HostConnection(  474): HostConnection::get() New Host Connection established 0xb9cd53f8, tid 474
E/SoftFFmpegVideo(  474): Deinterlacing failed
E/linker  (  474): Will try to dlopen() filename: libstagefright_soft_ffmpegvdec.so
W/linker  (  474): libswscale.so has text relocations. This is wasting memory and is a security risk. Please fix.
E/linker  (  474): dlopen() succeeded
D/SoftFFmpegVideo(  474): SoftFFmpegVideo component: OMX.ffmpeg.h264.decoder mMode: 0 appData: 0xb9be1a60
I/OMXCodec(  474): [OMX.ffmpeg.h264.decoder] AVC profile = 66 (Baseline), level = 30
I/OMXCodec(  474): [OMX.ffmpeg.h264.decoder] video dimensions are 320 x 240
I/OMXCodec(  474): [OMX.ffmpeg.h264.decoder] allocating 5 buffers of size 1382400 on input port
I/OMXCodec(  474): [OMX.ffmpeg.h264.decoder] allocated buffer 0xb9b86528 on input port
I/OMXCodec(  474): [OMX.ffmpeg.h264.decoder] allocated buffer 0xb9be2c20 on input port
I/OMXCodec(  474): [OMX.ffmpeg.h264.decoder] allocated buffer 0xb97818c8 on input port
I/OMXCodec(  474): [OMX.ffmpeg.h264.decoder] allocated buffer 0xb95ad8d0 on input port
I/OMXCodec(  474): [OMX.ffmpeg.h264.decoder] allocated buffer 0xb9ae9200 on input port
I/OMXCodec(  474): [OMX.ffmpeg.h264.decoder] allocating 2 buffers of size 115200 on output port
I/OMXCodec(  474): [OMX.ffmpeg.h264.decoder] allocated buffer 0xb98203a8 on output port
I/OMXCodec(  474): [OMX.ffmpeg.h264.decoder] allocated buffer 0xb96c3680 on output port
W/TimedEventQueue(  474): Event 661 was not found in the queue, already cancelled?
W/AudioFlinger(  474): session id 8 not found for pid 1841
I/MediaFocusControl(  535):  AudioFocus  abandonAudioFocus() from android.media.AudioManager@527d49c0com.android.org.chromium.media.MediaPlayerListener@527e7c70
E/chromium( 1841): [ERROR:in_process_view_renderer.cc(189)] Failed to request GL process. Deadlock likely: 0
E/chromium( 1841): [ERROR:in_process_view_renderer.cc(189)] Failed to request GL process. Deadlock likely: 0
E/chromium( 1841): [ERROR:in_process_view_renderer.cc(189)] Failed to request GL process. Deadlock likely: 0
E/chromium( 1841): [ERROR:in_process_view_renderer.cc(189)] Failed to request GL process. Deadlock likely: 0
W/MediaPlayer( 1841): mediaplayer went away with unhandled events
W/MediaPlayer( 1841): mediaplayer went away with unhandled events
W/MediaPlayer( 1841): mediaplayer went away with unhandled events
W/MediaPlayer( 1841): mediaplayer went away with unhandled events
W/MediaPlayer( 1841): mediaplayer went away with unhandled events
W/MediaPlayer( 1841): mediaplayer went away with unhandled events
W/MediaPlayer( 1841): mediaplayer went away with unhandled events
W/MediaPlayer( 1841): mediaplayer went away with unhandled events
D/dalvikvm( 1297): GC_CONCURRENT freed 1199K, 22% free 5734K/7260K, paused 2ms+1ms, total 9ms
D/dalvikvm( 1841): GC_CONCURRENT freed 479K, 12% free 4415K/4972K, paused 0ms+1ms, total 25ms
E/linker  ( 1297): Will try to dlopen() filename: /system/lib/egl/libGLESv1_CM_emulation.so
E/linker  ( 1297): dlopen() succeeded
E/linker  ( 1297): Will try to dlopen() filename: /system/lib/egl/libGLESv2_emulation.so
E/linker  ( 1297): dlopen() succeeded
I/libEGL  ( 1297): eglChooseConfig
I/libEGL  ( 1297): 	EGL_RED_SIZE                    :          8 (0x00000008)
I/libEGL  ( 1297): 	EGL_GREEN_SIZE                  :          8 (0x00000008)
I/libEGL  ( 1297): 	EGL_BLUE_SIZE                   :          8 (0x00000008)
I/libEGL  ( 1297): 	EGL_ALPHA_SIZE                  :          8 (0x00000008)
I/libEGL  ( 1297): 	EGL_SURFACE_TYPE                :          1 (0x00000001)
I/libEGL  ( 1297): 	EGL_RENDERABLE_TYPE             :          4 (0x00000004)
I/libEGL  ( 1297): EGLConfig[0]
I/libEGL  ( 1297): 	EGL_BUFFER_SIZE                 :         32 (0x00000020)
I/libEGL  ( 1297): 	EGL_ALPHA_SIZE                  :          8 (0x00000008)
I/libEGL  ( 1297): 	EGL_BLUE_SIZE                   :          8 (0x00000008)
I/libEGL  ( 1297): 	EGL_GREEN_SIZE                  :          8 (0x00000008)
I/libEGL  ( 1297): 	EGL_RED_SIZE                    :          8 (0x00000008)
I/libEGL  ( 1297): 	EGL_DEPTH_SIZE                  :          0 (0x00000000)
I/libEGL  ( 1297): 	EGL_STENCIL_SIZE                :          0 (0x00000000)
I/libEGL  ( 1297): 	EGL_CONFIG_CAVEAT               :      12344 (0x00003038)
I/libEGL  ( 1297): 	EGL_CONFIG_ID                   :          1 (0x00000001)
I/libEGL  ( 1297): 	EGL_LEVEL                       :          0 (0x00000000)
I/libEGL  ( 1297): 	EGL_MAX_PBUFFER_HEIGHT          :      16384 (0x00004000)
I/libEGL  ( 1297): 	EGL_MAX_PBUFFER_WIDTH           :      16384 (0x00004000)
I/libEGL  ( 1297): 	EGL_MAX_PBUFFER_PIXELS          :  268435456 (0x10000000)
I/libEGL  ( 1297): 	EGL_NATIVE_RENDERABLE           :          0 (0x00000000)
I/libEGL  ( 1297): 	EGL_NATIVE_VISUAL_ID            :          1 (0x00000001)
I/libEGL  ( 1297): 	EGL_NATIVE_VISUAL_TYPE          :      12344 (0x00003038)
I/libEGL  ( 1297): 	EGL_SAMPLES                     :          0 (0x00000000)
I/libEGL  ( 1297): 	EGL_SAMPLE_BUFFERS              :          0 (0x00000000)
I/libEGL  ( 1297): 	EGL_SURFACE_TYPE                :       1029 (0x00000405)
I/libEGL  ( 1297): 	EGL_TRANSPARENT_TYPE            :      12344 (0x00003038)
I/libEGL  ( 1297): 	EGL_TRANSPARENT_BLUE_VALUE      :          0 (0x00000000)
I/libEGL  ( 1297): 	EGL_TRANSPARENT_GREEN_VALUE     :          0 (0x00000000)
I/libEGL  ( 1297): 	EGL_TRANSPARENT_RED_VALUE       :          0 (0x00000000)
I/libEGL  ( 1297): 	EGL_BIND_TO_TEXTURE_RGB         :          0 (0x00000000)
I/libEGL  ( 1297): 	EGL_BIND_TO_TEXTURE_RGBA        :          1 (0x00000001)
I/libEGL  ( 1297): 	EGL_MIN_SWAP_INTERVAL           :          0 (0x00000000)
I/libEGL  ( 1297): 	EGL_MAX_SWAP_INTERVAL           :          4 (0x00000004)
I/libEGL  ( 1297): 	EGL_LUMINANCE_SIZE              :          0 (0x00000000)
I/libEGL  ( 1297): 	EGL_ALPHA_MASK_SIZE             :          0 (0x00000000)
I/libEGL  ( 1297): 	EGL_COLOR_BUFFER_TYPE           :      12430 (0x0000308e)
I/libEGL  ( 1297): 	EGL_RENDERABLE_TYPE             :         68 (0x00000044)
I/libEGL  ( 1297): 	EGL_CONFORMANT                  :         68 (0x00000044)
E/EGL_emulation( 1297): [getAttribValue] Bad attribute idx
I/libEGL  ( 1297): 	EGL_FRAMEBUFFER_TARGET_ANDROID  :          0 (0x00000000)
E/EGL_emulation( 1297): [getAttribValue] Bad attribute idx
I/libEGL  ( 1297): 	EGL_RECORDABLE_ANDROID          :          0 (0x00000000)
E/libEGL  ( 1297): eglCreateContext: config chosen
I/libEGL  ( 1297): 	EGL_BUFFER_SIZE                 :         32 (0x00000020)
I/libEGL  ( 1297): 	EGL_ALPHA_SIZE                  :          8 (0x00000008)
I/libEGL  ( 1297): 	EGL_BLUE_SIZE                   :          8 (0x00000008)
I/libEGL  ( 1297): 	EGL_GREEN_SIZE                  :          8 (0x00000008)
I/libEGL  ( 1297): 	EGL_RED_SIZE                    :          8 (0x00000008)
I/libEGL  ( 1297): 	EGL_DEPTH_SIZE                  :          0 (0x00000000)
I/libEGL  ( 1297): 	EGL_STENCIL_SIZE                :          0 (0x00000000)
I/libEGL  ( 1297): 	EGL_CONFIG_CAVEAT               :      12344 (0x00003038)
I/libEGL  ( 1297): 	EGL_CONFIG_ID                   :          1 (0x00000001)
I/libEGL  ( 1297): 	EGL_LEVEL                       :          0 (0x00000000)
I/libEGL  ( 1297): 	EGL_MAX_PBUFFER_HEIGHT          :      16384 (0x00004000)
I/libEGL  ( 1297): 	EGL_MAX_PBUFFER_WIDTH           :      16384 (0x00004000)
I/libEGL  ( 1297): 	EGL_MAX_PBUFFER_PIXELS          :  268435456 (0x10000000)
I/libEGL  ( 1297): 	EGL_NATIVE_RENDERABLE           :          0 (0x00000000)
I/libEGL  ( 1297): 	EGL_NATIVE_VISUAL_ID            :          1 (0x00000001)
I/libEGL  ( 1297): 	EGL_NATIVE_VISUAL_TYPE          :      12344 (0x00003038)
I/libEGL  ( 1297): 	EGL_SAMPLES                     :          0 (0x00000000)
I/libEGL  ( 1297): 	EGL_SAMPLE_BUFFERS              :          0 (0x00000000)
I/libEGL  ( 1297): 	EGL_SURFACE_TYPE                :       1029 (0x00000405)
I/libEGL  ( 1297): 	EGL_TRANSPARENT_TYPE            :      12344 (0x00003038)
I/libEGL  ( 1297): 	EGL_TRANSPARENT_BLUE_VALUE      :          0 (0x00000000)
I/libEGL  ( 1297): 	EGL_TRANSPARENT_GREEN_VALUE     :          0 (0x00000000)
I/libEGL  ( 1297): 	EGL_TRANSPARENT_RED_VALUE       :          0 (0x00000000)
I/libEGL  ( 1297): 	EGL_BIND_TO_TEXTURE_RGB         :          0 (0x00000000)
I/libEGL  ( 1297): 	EGL_BIND_TO_TEXTURE_RGBA        :          1 (0x00000001)
I/libEGL  ( 1297): 	EGL_MIN_SWAP_INTERVAL           :          0 (0x00000000)
I/libEGL  ( 1297): 	EGL_MAX_SWAP_INTERVAL           :          4 (0x00000004)
I/libEGL  ( 1297): 	EGL_LUMINANCE_SIZE              :          0 (0x00000000)
I/libEGL  ( 1297): 	EGL_ALPHA_MASK_SIZE             :          0 (0x00000000)
I/libEGL  ( 1297): 	EGL_COLOR_BUFFER_TYPE           :      12430 (0x0000308e)
I/libEGL  ( 1297): 	EGL_RENDERABLE_TYPE             :         68 (0x00000044)
I/libEGL  ( 1297): 	EGL_CONFORMANT                  :         68 (0x00000044)
E/EGL_emulation( 1297): [getAttribValue] Bad attribute idx
I/libEGL  ( 1297): 	EGL_FRAMEBUFFER_TARGET_ANDROID  :          0 (0x00000000)
E/EGL_emulation( 1297): [getAttribValue] Bad attribute idx
I/libEGL  ( 1297): 	EGL_RECORDABLE_ANDROID          :          0 (0x00000000)
W/DynamiteModule( 1841): Local module descriptor class for com.google.android.gms.googlecertificates not found.
E/linker  ( 1297): Will try to dlopen() filename: /system/lib/egl/libGLESv1_CM_emulation.so
E/linker  ( 1297): dlopen() succeeded
E/linker  ( 1297): Will try to dlopen() filename: /system/lib/egl/libGLESv2_emulation.so
E/linker  ( 1297): dlopen() succeeded
I/libEGL  ( 1297): eglChooseConfig
I/libEGL  ( 1297): 	EGL_RED_SIZE                    :          8 (0x00000008)
I/libEGL  ( 1297): 	EGL_GREEN_SIZE                  :          8 (0x00000008)
I/libEGL  ( 1297): 	EGL_BLUE_SIZE                   :          8 (0x00000008)
I/libEGL  ( 1297): 	EGL_ALPHA_SIZE                  :          8 (0x00000008)
I/libEGL  ( 1297): 	EGL_SURFACE_TYPE                :          1 (0x00000001)
I/libEGL  ( 1297): 	EGL_RENDERABLE_TYPE             :          4 (0x00000004)
I/libEGL  ( 1297): EGLConfig[0]
I/libEGL  ( 1297): 	EGL_BUFFER_SIZE                 :         32 (0x00000020)
I/libEGL  ( 1297): 	EGL_ALPHA_SIZE                  :          8 (0x00000008)
I/libEGL  ( 1297): 	EGL_BLUE_SIZE                   :          8 (0x00000008)
I/libEGL  ( 1297): 	EGL_GREEN_SIZE                  :          8 (0x00000008)
I/libEGL  ( 1297): 	EGL_RED_SIZE                    :          8 (0x00000008)
I/libEGL  ( 1297): 	EGL_DEPTH_SIZE                  :          0 (0x00000000)
I/libEGL  ( 1297): 	EGL_STENCIL_SIZE                :          0 (0x00000000)
I/libEGL  ( 1297): 	EGL_CONFIG_CAVEAT               :      12344 (0x00003038)
I/libEGL  ( 1297): 	EGL_CONFIG_ID                   :          1 (0x00000001)
I/libEGL  ( 1297): 	EGL_LEVEL                       :          0 (0x00000000)
I/libEGL  ( 1297): 	EGL_MAX_PBUFFER_HEIGHT          :      16384 (0x00004000)
I/libEGL  ( 1297): 	EGL_MAX_PBUFFER_WIDTH           :      16384 (0x00004000)
I/libEGL  ( 1297): 	EGL_MAX_PBUFFER_PIXELS          :  268435456 (0x10000000)
I/libEGL  ( 1297): 	EGL_NATIVE_RENDERABLE           :          0 (0x00000000)
I/libEGL  ( 1297): 	EGL_NATIVE_VISUAL_ID            :          1 (0x00000001)
I/libEGL  ( 1297): 	EGL_NATIVE_VISUAL_TYPE          :      12344 (0x00003038)
I/libEGL  ( 1297): 	EGL_SAMPLES                     :          0 (0x00000000)
I/libEGL  ( 1297): 	EGL_SAMPLE_BUFFERS              :          0 (0x00000000)
I/libEGL  ( 1297): 	EGL_SURFACE_TYPE                :       1029 (0x00000405)
I/libEGL  ( 1297): 	EGL_TRANSPARENT_TYPE            :      12344 (0x00003038)
I/libEGL  ( 1297): 	EGL_TRANSPARENT_BLUE_VALUE      :          0 (0x00000000)
I/libEGL  ( 1297): 	EGL_TRANSPARENT_GREEN_VALUE     :          0 (0x00000000)
I/libEGL  ( 1297): 	EGL_TRANSPARENT_RED_VALUE       :          0 (0x00000000)
I/libEGL  ( 1297): 	EGL_BIND_TO_TEXTURE_RGB         :          0 (0x00000000)
I/libEGL  ( 1297): 	EGL_BIND_TO_TEXTURE_RGBA        :          1 (0x00000001)
I/libEGL  ( 1297): 	EGL_MIN_SWAP_INTERVAL           :          0 (0x00000000)
I/libEGL  ( 1297): 	EGL_MAX_SWAP_INTERVAL           :          4 (0x00000004)
I/libEGL  ( 1297): 	EGL_LUMINANCE_SIZE              :          0 (0x00000000)
I/libEGL  ( 1297): 	EGL_ALPHA_MASK_SIZE             :          0 (0x00000000)
I/libEGL  ( 1297): 	EGL_COLOR_BUFFER_TYPE           :      12430 (0x0000308e)
I/libEGL  ( 1297): 	EGL_RENDERABLE_TYPE             :         68 (0x00000044)
I/libEGL  ( 1297): 	EGL_CONFORMANT                  :         68 (0x00000044)
E/EGL_emulation( 1297): [getAttribValue] Bad attribute idx
I/libEGL  ( 1297): 	EGL_FRAMEBUFFER_TARGET_ANDROID  :          0 (0x00000000)
E/EGL_emulation( 1297): [getAttribValue] Bad attribute idx
I/libEGL  ( 1297): 	EGL_RECORDABLE_ANDROID          :          0 (0x00000000)
E/libEGL  ( 1297): eglCreateContext: config chosen
I/libEGL  ( 1297): 	EGL_BUFFER_SIZE                 :         32 (0x00000020)
I/libEGL  ( 1297): 	EGL_ALPHA_SIZE                  :          8 (0x00000008)
I/libEGL  ( 1297): 	EGL_BLUE_SIZE                   :          8 (0x00000008)
I/libEGL  ( 1297): 	EGL_GREEN_SIZE                  :          8 (0x00000008)
I/libEGL  ( 1297): 	EGL_RED_SIZE                    :          8 (0x00000008)
