--------- beginning of /dev/log/main
I/genybaseband(   78): run_main_looper start
D/DHCP    (   90): ===== DHCP message:
D/DHCP    (   90): op = BOOTREQUEST (1), htype = 1, hlen = 6, hops = 0
D/DHCP    (   90): xid = 0x450e0000 secs = 0, flags = 0x8000 optlen = 14
D/DHCP    (   90): ciaddr = 0.0.0.0
D/DHCP    (   90): yiaddr = 0.0.0.0
D/DHCP    (   90): siaddr = 0.0.0.0
D/DHCP    (   90): giaddr = 0.0.0.0
D/DHCP    (   90): chaddr = { 08  00  27  5f  e9  e2 }
D/DHCP    (   90): sname = ''
D/DHCP    (   90): file = ''
D/DHCP    (   90): op 53 len 1 { 01 } discover
D/DHCP    (   90): op 55 len 4 { 01  03  06  1c } 
D/DHCP    (   90): ===== DHCP message:
D/DHCP    (   90): op = BOOTREPLY (2), htype = 1, hlen = 6, hops = 0
D/DHCP    (   90): xid = 0x450e0000 secs = 0, flags = 0x0000 optlen = 312
D/DHCP    (   90): ciaddr = 192.168.204.101
D/DHCP    (   90): yiaddr = 192.168.204.101
D/DHCP    (   90): siaddr = 0.0.0.0
D/DHCP    (   90): giaddr = 0.0.0.0
D/DHCP    (   90): chaddr = { 08  00  27  5f  e9  e2 }
D/DHCP    (   90): sname = ''
D/DHCP    (   90): file = ''
D/DHCP    (   90): op 54 len 4 { c0  a8  cc  64 } 
D/DHCP    (   90): op 53 len 1 { 02 } offer
D/DHCP    (   90): op 51 len 4 { 00  00  04  b0 } 
D/DHCP    (   90): op 1 len 4 { ff  ff  ff  00 } 
D/DHCP    (   90): --- dhcp offer (2) ---
D/DHCP    (   90): ip 192.168.204.101 gw 0.0.0.0 prefixLength 24
D/DHCP    (   90): server 192.168.204.100, lease 1200 seconds
D/DHCP    (   90): ===== DHCP message:
D/DHCP    (   90): op = BOOTREQUEST (1), htype = 1, hlen = 6, hops = 0
D/DHCP    (   90): xid = 0x460e0000 secs = 0, flags = 0x8000 optlen = 26
D/DHCP    (   90): ciaddr = 0.0.0.0
D/DHCP    (   90): yiaddr = 0.0.0.0
D/DHCP    (   90): siaddr = 0.0.0.0
D/DHCP    (   90): giaddr = 0.0.0.0
D/DHCP    (   90): chaddr = { 08  00  27  5f  e9  e2 }
D/DHCP    (   90): sname = ''
D/DHCP    (   90): file = ''
D/DHCP    (   90): op 53 len 1 { 03 } request
D/DHCP    (   90): op 55 len 4 { 01  03  06  1c } 
D/DHCP    (   90): op 50 len 4 { c0  a8  cc  65 } 
D/DHCP    (   90): op 54 len 4 { c0  a8  cc  64 } 
D/DHCP    (   90): ===== DHCP message:
D/DHCP    (   90): op = BOOTREPLY (2), htype = 1, hlen = 6, hops = 0
D/DHCP    (   90): xid = 0x460e0000 secs = 0, flags = 0x0000 optlen = 312
D/DHCP    (   90): ciaddr = 192.168.204.101
D/DHCP    (   90): yiaddr = 192.168.204.101
D/DHCP    (   90): siaddr = 0.0.0.0
D/DHCP    (   90): giaddr = 0.0.0.0
D/DHCP    (   90): chaddr = { 08  00  27  5f  e9  e2 }
D/DHCP    (   90): sname = ''
D/DHCP    (   90): file = ''
D/DHCP    (   90): op 54 len 4 { c0  a8  cc  64 } 
D/DHCP    (   90): op 53 len 1 { 05 } ack
D/DHCP    (   90): op 51 len 4 { 00  00  04  b0 } 
D/DHCP    (   90): op 1 len 4 { ff  ff  ff  00 } 
D/DHCP    (   90): --- dhcp ack (5) ---
D/DHCP    (   90): ip 192.168.204.101 gw 0.0.0.0 prefixLength 24
D/DHCP    (   90): server 192.168.204.100, lease 1200 seconds
D/DHCP    (   90): configuring eth0
D/NetUtils(   90): Don't create null default route on eth0
--------- beginning of /dev/log/system
D/Genyd   (   77): Connected to genybaseband
I/Genyd   (   77): Genyd running
E/vinput-seamless(  184): found seamless mouse device
D/local_opengl(  185): Starting local_opengl
D/local_opengl(  185): Getting player version
I/DEBUG   (  190): debuggerd: Feb 20 2016 20:58:19
I/installd(  196): installd firing up
I/SurfaceFlinger(  192): SurfaceFlinger is starting
I/SurfaceFlinger(  192): SurfaceFlinger's main thread ready to run. Initializing graphics H/W...
I/Vold    (  182): Vold 2.1 (the revenge) firing up
I/Netd    (  189): Netd 1.0 starting
W/InterfaceController(  189): Warning (dlopen failed: library "/system/lib/libnetcmdiface.so" not found) while opening the net interface command library
I/mediaserver(  195): ServiceManager: 0xb7d03690
I/AudioFlinger(  195): Using default 3000 mSec as standby time.
I/CameraService(  195): CameraService started (pid=195)
D/Genyd   (   77): Received Get Capabilities
I/iptables(  189): iptables v1.4.11.1: can't initialize iptables table `nat': Table does not exist (do you need to insmod?)
I/iptables(  189): Perhaps iptables or your kernel needs to be upgraded.
I/iptables(  189): iptables terminated by exit(3)
E/Netd    (  189): exec() res=0, status=768 for /system/bin/iptables -t nat -N oem_nat_pre 
I/iptables(  189): iptables v1.4.11.1: can't initialize iptables table `nat': Table does not exist (do you need to insmod?)
I/iptables(  189): Perhaps iptables or your kernel needs to be upgraded.
I/iptables(  189): iptables terminated by exit(3)
E/Netd    (  189): exec() res=0, status=768 for /system/bin/iptables -t nat -A PREROUTING -j oem_nat_pre 
I/iptables(  189): iptables v1.4.11.1: can't initialize iptables table `nat': Table does not exist (do you need to insmod?)
I/iptables(  189): Perhaps iptables or your kernel needs to be upgraded.
I/iptables(  189): iptables terminated by exit(3)
E/Netd    (  189): exec() res=0, status=768 for /system/bin/iptables -t nat -N natctrl_nat_POSTROUTING 
I/iptables(  189): iptables v1.4.11.1: can't initialize iptables table `nat': Table does not exist (do you need to insmod?)
I/iptables(  189): Perhaps iptables or your kernel needs to be upgraded.
I/iptables(  189): iptables terminated by exit(3)
E/Netd    (  189): exec() res=0, status=768 for /system/bin/iptables -t nat -A POSTROUTING -j natctrl_nat_POSTROUTING 
I/iptables(  189): iptables v1.4.11.1: can't initialize iptables table `nat': Table does not exist (do you need to insmod?)
I/iptables(  189): Perhaps iptables or your kernel needs to be upgraded.
I/iptables(  189): iptables terminated by exit(3)
E/Netd    (  189): exec() res=0, status=768 for /system/bin/iptables -t nat -N st_nat_POSTROUTING 
I/iptables(  189): iptables v1.4.11.1: can't initialize iptables table `nat': Table does not exist (do you need to insmod?)
I/iptables(  189): Perhaps iptables or your kernel needs to be upgraded.
I/iptables(  189): iptables terminated by exit(3)
E/Netd    (  189): exec() res=0, status=768 for /system/bin/iptables -t nat -A POSTROUTING -j st_nat_POSTROUTING 
V/NatController(  189): runCmd(/system/bin/iptables -F natctrl_FORWARD) res=0
V/NatController(  189): runCmd(/system/bin/iptables -A natctrl_FORWARD -j DROP) res=0
V/NatController(  189): runCmd(/system/bin/iptables -t nat -F natctrl_nat_POSTROUTING) res=3
D/MDnsDS  (  189): MDnsSdListener::Hander starting up
D/MDnsDS  (  189): MDnsSdListener starting to monitor
D/MDnsDS  (  189): Going to poll with pollCount 1
D/Genyd   (   77): Received Get GenymotionVersion
D/Genymotion(   77): Received Get GenymotionVersion
D/Genyd   (   77): Received Set Clipboard
D/Genymotion(   77): Received Set Clipboard
D/Genyd   (   77): Received Set TokenValidity
D/Genymotion(   77): Received Set TokenValidity 0
D/libEGL  (  192): loaded /system/lib/egl/libEGL_genymotion.so
D/        (  192): HostConnection::get() New Host Connection established 0xb911f170, tid 192
D/libEGL  (  192): loaded /system/lib/egl/libGLESv1_CM_genymotion.so
D/libEGL  (  192): loaded /system/lib/egl/libGLESv2_genymotion.so
E/setdpi  (  539): Setting DPI to 320
E/SurfaceFlinger(  192): hwcomposer module not found
W/SurfaceFlinger(  192): getting VSYNC period from fb HAL: 16666666
I/SurfaceFlinger(  192): EGL informations:
I/SurfaceFlinger(  192): vendor    : Android
I/SurfaceFlinger(  192): version   : 1.4 Android META-EGL
I/SurfaceFlinger(  192): extensions: EGL_KHR_get_all_proc_addresses EGL_ANDROID_presentation_time EGL_KHR_image_base EGL_KHR_fence_sync EGL_ANDROID_image_native_buffer 
I/SurfaceFlinger(  192): Client API: OpenGL_ES
I/SurfaceFlinger(  192): EGLSurface: 8-8-8-8, config=0x1
I/SurfaceFlinger(  192): OpenGL ES informations:
I/SurfaceFlinger(  192): vendor    : Google (Intel)
I/SurfaceFlinger(  192): renderer  : Android Emulator OpenGL ES Translator (Intel(R) HD Graphics 4000)
I/SurfaceFlinger(  192): version   : OpenGL ES 2.0 (4.0.0 - Build 10.18.10.4358)
I/SurfaceFlinger(  192): extensions: GL_EXT_debug_marker GL_OES_EGL_image GL_OES_EGL_image_external GL_OES_depth24 GL_OES_depth32 GL_OES_element_index_uint GL_OES_texture_float GL_OES_texture_float_linear GL_OES_compressed_paletted_texture GL_OES_compressed_ETC1_RGB8_texture GL_OES_depth_texture GL_OES_texture_half_float GL_OES_texture_half_float_linear GL_OES_packed_depth_stencil GL_OES_vertex_half_float GL_OES_texture_npot GL_OES_rgb8_rgba8ANDROID_EMU_CHECKSUM_HELPER_v1 
I/SurfaceFlinger(  192): GL_MAX_TEXTURE_SIZE = 16384
I/SurfaceFlinger(  192): GL_MAX_VIEWPORT_DIMS = 16384
D/SurfaceFlinger(  192): setOrientation, mFbdev=0xb911ff60, mFbDev->setOrientation=0xb6a55cc0, orientation=0
I/gralloc_vbox86(  192): setOrientation: orientation=0
D/SurfaceFlinger(  192): Screen acquired, type=0 flinger=0xb911d680
D/libEGL  (  544): loaded /system/lib/egl/libEGL_genymotion.so
D/        (  544): HostConnection::get() New Host Connection established 0xb7e96d78, tid 547
D/libEGL  (  544): loaded /system/lib/egl/libGLESv1_CM_genymotion.so
D/libEGL  (  544): loaded /system/lib/egl/libGLESv2_genymotion.so
D/        (  192): HostConnection::get() New Host Connection established 0xb9127488, tid 201
D/        (  192): HostConnection::get() New Host Connection established 0xb9124f90, tid 199
V/EmulatedCamera_GenyCamera(  195): Initialize:
V/EmulatedCamera_GenyCamera(  195):    initializing back camera on local srv port 24801
V/EmulatedCamera_GenyDevice(  195): Initialize: Connected to the emulated camera service 'back'
D/AndroidRuntime(  193): 
D/AndroidRuntime(  193): >>>>>> AndroidRuntime START com.android.internal.os.ZygoteInit <<<<<<
V/EmulatedCamera_Device(  195): initializeWhiteBalanceModes with auto, 1.000000, 1.000000
V/EmulatedCamera_Device(  195): initializeWhiteBalanceModes with incandescent, 1.380000, 0.600000
V/EmulatedCamera_Device(  195): initializeWhiteBalanceModes with daylight, 1.090000, 0.920000
V/EmulatedCamera_Device(  195): initializeWhiteBalanceModes with twilight, 0.920000, 1.220000
V/EmulatedCamera_Device(  195): setWhiteBalanceMode with white balance auto
V/EmulatedCamera_GenyCamera(  195): getCameraOrientation: camera orientation set to 90
V/EmulatedCamera_GenyCamera(  195): Initialize: Geny camera back is initialized. Current frame is 640x480
V/EmulatedCamera_GenyCamera(  195): Initialize:
V/EmulatedCamera_GenyCamera(  195):    initializing front camera on local srv port 24811
V/EmulatedCamera_GenyDevice(  195): Initialize: Connected to the emulated camera service 'front'
V/EmulatedCamera_Device(  195): initializeWhiteBalanceModes with auto, 1.000000, 1.000000
V/EmulatedCamera_Device(  195): initializeWhiteBalanceModes with incandescent, 1.380000, 0.600000
V/EmulatedCamera_Device(  195): initializeWhiteBalanceModes with daylight, 1.090000, 0.920000
V/EmulatedCamera_Device(  195): initializeWhiteBalanceModes with twilight, 0.920000, 1.220000
V/EmulatedCamera_Device(  195): setWhiteBalanceMode with white balance auto
V/EmulatedCamera_GenyCamera(  195): getCameraOrientation: camera orientation set to 90
V/EmulatedCamera_GenyCamera(  195): Initialize: Geny camera front is initialized. Current frame is 640x480
I/CameraService(  195): Loaded "Emulated Camera Module" camera module
I/AudioPolicyManagerBase(  195): loadAudioPolicyConfig() loaded /system/etc/audio_policy.conf
I/AudioFlinger(  195): loadHwModule() Loaded primary audio interface from Genymotion audio HW HAL (audio) handle 1
I/AudioFlinger(  195): HAL output buffer size 880 frames, normal mix buffer size 1056 frames
I/genymotion_audio(  195): Starting pcm server
I/genymotion_audio(  195): out sampling rate 44100
I/AudioMixer(  195): found effect "Multichannel Downmix To Stereo" from The Android Open Source Project
E/MonoPipe(  195): Failed to fetch local time frequency when constructing a MonoPipe (res = -32).  getNextWriteTimestamp calls will be non-functional
D/AndroidRuntime(  193): CheckJNI is OFF
D/dalvikvm(  193): Trying to load lib libjavacore.so 0x0
D/dalvikvm(  193): Added shared lib libjavacore.so 0x0
D/dalvikvm(  193): Trying to load lib libnativehelper.so 0x0
D/dalvikvm(  193): Added shared lib libnativehelper.so 0x0
D/dalvikvm(  193): No JNI_OnLoad found in libnativehelper.so 0x0, skipping init
D/dalvikvm(  193): Note: class Landroid/app/ActivityManagerNative; has 179 unimplemented (abstract) methods
E/memtrack(  193): Couldn't load memtrack module (No such file or directory)
E/android.os.Debug(  193): failed to load memtrack module: -2
I/SamplingProfilerIntegration(  193): Profiling disabled.
I/Zygote  (  193): Preloading classes...
D/dalvikvm(  193): WAIT_FOR_CONCURRENT_GC blocked 1ms
D/dalvikvm(  193): GC_EXPLICIT freed 38K, 8% free 512K/552K, paused 0ms+1ms, total 1ms
D/dalvikvm(  193): GC_EXPLICIT freed 2K, 3% free 587K/604K, paused 0ms+0ms, total 1ms
D/dalvikvm(  193): GC_EXPLICIT freed 15K, 4% free 631K/652K, paused 1ms+0ms, total 1ms
D/dalvikvm(  193): GC_EXPLICIT freed 19K, 4% free 665K/688K, paused 0ms+0ms, total 1ms
D/dalvikvm(  193): GC_EXPLICIT freed 11K, 3% free 709K/724K, paused 0ms+1ms, total 1ms
D/dalvikvm(  193): GC_EXPLICIT freed 26K, 5% free 737K/768K, paused 0ms+0ms, total 0ms
D/dalvikvm(  193): GC_EXPLICIT freed 33K, 5% free 804K/840K, paused 0ms+0ms, total 2ms
D/dalvikvm(  193): GC_EXPLICIT freed 29K, 4% free 831K/864K, paused 0ms+1ms, total 1ms
D/TextLayoutCache(  193): Using debug level = 0 - Debug Enabled = 0
D/dalvikvm(  193): GC_EXPLICIT freed 18K, 3% free 871K/892K, paused 0ms+1ms, total 1ms
I/dalvikvm(  193): threadid=1: recursive native library load attempt (/system/lib/libmedia_jni.so)
D/MtpDeviceJNI(  193): register_android_mtp_MtpDevice
I/dalvikvm(  193): threadid=1: recursive native library load attempt (/system/lib/libmedia_jni.so)
I/dalvikvm(  193): threadid=1: recursive native library load attempt (/system/lib/libmedia_jni.so)
I/dalvikvm(  193): threadid=1: recursive native library load attempt (/system/lib/libmedia_jni.so)
D/dalvikvm(  193): GC_EXPLICIT freed 18K, 3% free 906K/928K, paused 1ms+0ms, total 1ms
D/dalvikvm(  193): GC_EXPLICIT freed 20K, 3% free 941K/964K, paused 0ms+0ms, total 1ms
D/dalvikvm(  193): GC_EXPLICIT freed 14K, 2% free 980K/1000K, paused 0ms+0ms, total 1ms
D/dalvikvm(  193): GC_EXPLICIT freed 28K, 3% free 1006K/1036K, paused 0ms+0ms, total 1ms
D/dalvikvm(  193): GC_EXPLICIT freed 13K, 2% free 1058K/1076K, paused 0ms+1ms, total 1ms
E/EmojiFactory_jni(  193): Failed to load libemoji.so: dlopen failed: library "libemoji.so" not found
D/dalvikvm(  193): GC_EXPLICIT freed 29K, 3% free 1366K/1400K, paused 0ms+1ms, total 2ms
D/dalvikvm(  193): GC_EXPLICIT freed 34K, 3% free 1390K/1428K, paused 0ms+0ms, total 1ms
D/dalvikvm(  193): GC_EXPLICIT freed 29K, 3% free 1414K/1448K, paused 0ms+0ms, total 1ms
D/dalvikvm(  193): GC_EXPLICIT freed 37K, 3% free 1431K/1472K, paused 0ms+0ms, total 4ms
I/LibraryLoader(  193): Loading: webviewchromium
I/LibraryLoader(  193): Time to load native libraries: 2290 ms (timestamps 9788-2078)
I/LibraryLoader(  193): Expected native library version number "",actual native library version number ""
D/dalvikvm(  193): GC_EXPLICIT freed 14K, 2% free 1470K/1488K, paused 1ms+0ms, total 2ms
D/dalvikvm(  193): GC_EXPLICIT freed 21K, 2% free 1502K/1528K, paused 0ms+0ms, total 1ms
D/dalvikvm(  193): GC_EXPLICIT freed 84K, 6% free 1552K/1640K, paused 1ms+0ms, total 2ms
D/dalvikvm(  193): GC_EXPLICIT freed 35K, 5% free 1571K/1640K, paused 0ms+0ms, total 2ms
D/dalvikvm(  193): GC_EXPLICIT freed 30K, 3% free 1597K/1640K, paused 0ms+1ms, total 2ms
D/dalvikvm(  193): GC_EXPLICIT freed 17K, 2% free 1657K/1676K, paused 1ms+1ms, total 4ms
D/dalvikvm(  193): GC_EXPLICIT freed 24K, 2% free 1691K/1720K, paused 0ms+0ms, total 2ms
D/dalvikvm(  193): GC_EXPLICIT freed 30K, 2% free 1715K/1748K, paused 0ms+0ms, total 2ms
D/dalvikvm(  193): GC_FOR_ALLOC freed 248K, 12% free 1977K/2228K, paused 3ms, total 3ms
D/dalvikvm(  193): GC_EXPLICIT freed 188K, 9% free 2087K/2284K, paused 1ms+0ms, total 4ms
D/dalvikvm(  193): GC_EXPLICIT freed 36K, 8% free 2106K/2284K, paused 0ms+0ms, total 13ms
D/dalvikvm(  193): GC_EXPLICIT freed 26K, 7% free 2138K/2292K, paused 0ms+1ms, total 3ms
W/Zygote  (  193): Class not found for preloading: java.lang.UnsafeByteSequence
D/dalvikvm(  193): GC_EXPLICIT freed 36K, 6% free 2160K/2292K, paused 0ms+1ms, total 3ms
D/dalvikvm(  193): GC_EXPLICIT freed 40K, 6% free 2177K/2292K, paused 1ms+1ms, total 4ms
D/dalvikvm(  193): GC_EXPLICIT freed 42K, 5% free 2190K/2292K, paused 0ms+0ms, total 3ms
I/System  (  193): Loaded time zone names for "" in 86ms (84ms in ICU)
I/System  (  193): Loaded time zone names for "en_US" in 37ms (35ms in ICU)
D/dalvikvm(  193): GC_EXPLICIT freed 188K, 8% free 2355K/2548K, paused 0ms+0ms, total 3ms
D/dalvikvm(  193): GC_EXPLICIT freed 14K, 6% free 2415K/2548K, paused 0ms+0ms, total 3ms
D/dalvikvm(  193): GC_EXPLICIT freed 29K, 5% free 2441K/2548K, paused 1ms+0ms, total 4ms
D/dalvikvm(  193): GC_EXPLICIT freed 34K, 4% free 2461K/2548K, paused 0ms+1ms, total 4ms
D/dalvikvm(  193): GC_EXPLICIT freed 33K, 3% free 2482K/2548K, paused 0ms+0ms, total 3ms
D/dalvikvm(  193): GC_EXPLICIT freed 27K, 2% free 2511K/2552K, paused 0ms+0ms, total 3ms
I/Zygote  (  193): ...preloaded 2777 classes in 5276ms.
D/dalvikvm(  193): GC_EXPLICIT freed 17K, 2% free 2508K/2552K, paused 0ms+0ms, total 3ms
I/Zygote  (  193): Preloading resources...
W/Resources(  193): Preloaded drawable resource #0x1080096 (android:drawable/toast_frame) that varies with configuration!!
W/Resources(  193): Preloaded drawable resource #0x1080105 (android:drawable/btn_check_on_pressed_holo_light) that varies with configuration!!
D/dalvikvm(  193): GC_EXPLICIT freed 19K, 3% free 2553K/2608K, paused 1ms+1ms, total 4ms
W/Resources(  193): Preloaded drawable resource #0x1080104 (android:drawable/btn_check_on_pressed_holo_dark) that varies with configuration!!
W/Resources(  193): Preloaded drawable resource #0x1080102 (android:drawable/btn_check_on_holo_light) that varies with configuration!!
W/Resources(  193): Preloaded drawable resource #0x1080101 (android:drawable/btn_check_on_holo_dark) that varies with configuration!!
D/dalvikvm(  193): GC_EXPLICIT freed 88K, 5% free 2518K/2648K, paused 1ms+0ms, total 5ms
W/Resources(  193): Preloaded drawable resource #0x10800ff (android:drawable/btn_check_on_focused_holo_light) that varies with configuration!!
W/Resources(  193): Preloaded drawable resource #0x10800fe (android:drawable/btn_check_on_focused_holo_dark) that varies with configuration!!
W/Resources(  193): Preloaded drawable resource #0x10800fd (android:drawable/btn_check_on_disabled_holo_light) that varies with configuration!!
D/dalvikvm(  193): GC_EXPLICIT freed 53K, 5% free 2518K/2648K, paused 0ms+1ms, total 6ms
W/Resources(  193): Preloaded drawable resource #0x10800fc (android:drawable/btn_check_on_disabled_holo_dark) that varies with configuration!!
W/Resources(  193): Preloaded drawable resource #0x10800fb (android:drawable/btn_check_on_disabled_focused_holo_light) that varies with configuration!!
W/Resources(  193): Preloaded drawable resource #0x10800fa (android:drawable/btn_check_on_disabled_focused_holo_dark) that varies with configuration!!
D/dalvikvm(  193): GC_EXPLICIT freed 53K, 5% free 2519K/2648K, paused 1ms+1ms, total 4ms
W/Resources(  193): Preloaded drawable resource #0x10800f2 (android:drawable/btn_check_off_pressed_holo_light) that varies with configuration!!
W/Resources(  193): Preloaded drawable resource #0x10800f1 (android:drawable/btn_check_off_pressed_holo_dark) that varies with configuration!!
W/Resources(  193): Preloaded drawable resource #0x10800ed (android:drawable/btn_check_off_holo_light) that varies with configuration!!
D/dalvikvm(  193): GC_EXPLICIT freed 53K, 5% free 2519K/2648K, paused 0ms+1ms, total 8ms
W/Resources(  193): Preloaded drawable resource #0x10800ec (android:drawable/btn_check_off_holo_dark) that varies with configuration!!
W/Resources(  193): Preloaded drawable resource #0x10800ea (android:drawable/btn_check_off_focused_holo_light) that varies with configuration!!
W/Resources(  193): Preloaded drawable resource #0x10800e9 (android:drawable/btn_check_off_focused_holo_dark) that varies with configuration!!
D/dalvikvm(  193): GC_EXPLICIT freed 53K, 5% free 2520K/2648K, paused 1ms+0ms, total 4ms
W/Resources(  193): Preloaded drawable resource #0x10800e8 (android:drawable/btn_check_off_disabled_holo_light) that varies with configuration!!
W/Resources(  193): Preloaded drawable resource #0x10800e7 (android:drawable/btn_check_off_disabled_holo_dark) that varies with configuration!!
W/Resources(  193): Preloaded drawable resource #0x10800e6 (android:drawable/btn_check_off_disabled_focused_holo_light) that varies with configuration!!
D/dalvikvm(  193): GC_EXPLICIT freed 53K, 5% free 2520K/2648K, paused 0ms+1ms, total 5ms
W/Resources(  193): Preloaded drawable resource #0x10800e5 (android:drawable/btn_check_off_disabled_focused_holo_dark) that varies with configuration!!
W/Resources(  193): Preloaded drawable resource #0x1080102 (android:drawable/btn_check_on_holo_light) that varies with configuration!!
W/Resources(  193): Preloaded drawable resource #0x10800ed (android:drawable/btn_check_off_holo_light) that varies with configuration!!
W/Resources(  193): Preloaded drawable resource #0x1080105 (android:drawable/btn_check_on_pressed_holo_light) that varies with configuration!!
W/Resources(  193): Preloaded drawable resource #0x10800f2 (android:drawable/btn_check_off_pressed_holo_light) that varies with configuration!!
W/Resources(  193): Preloaded drawable resource #0x10800ff (android:drawable/btn_check_on_focused_holo_light) that varies with configuration!!
W/Resources(  193): Preloaded drawable resource #0x10800ea (android:drawable/btn_check_off_focused_holo_light) that varies with configuration!!
W/Resources(  193): Preloaded drawable resource #0x10800ed (android:drawable/btn_check_off_holo_light) that varies with configuration!!
W/Resources(  193): Preloaded drawable resource #0x1080102 (android:drawable/btn_check_on_holo_light) that varies with configuration!!
W/Resources(  193): Preloaded drawable resource #0x10800fd (android:drawable/btn_check_on_disabled_holo_light) that varies with configuration!!
W/Resources(  193): Preloaded drawable resource #0x10800e8 (android:drawable/btn_check_off_disabled_holo_light) that varies with configuration!!
W/Resources(  193): Preloaded drawable resource #0x10800fb (android:drawable/btn_check_on_disabled_focused_holo_light) that varies with configuration!!
W/Resources(  193): Preloaded drawable resource #0x10800e6 (android:drawable/btn_check_off_disabled_focused_holo_light) that varies with configuration!!
W/Resources(  193): Preloaded drawable resource #0x10800e8 (android:drawable/btn_check_off_disabled_holo_light) that varies with configuration!!
W/Resources(  193): Preloaded drawable resource #0x10800fd (android:drawable/btn_check_on_disabled_holo_light) that varies with configuration!!
W/Resources(  193): Preloaded drawable resource #0x10800dc (android:drawable/btn_check_holo_light) that varies with configuration!!
D/dalvikvm(  193): GC_EXPLICIT freed 264K, 11% free 2525K/2808K, paused 0ms+0ms, total 7ms
W/Resources(  193): Preloaded drawable resource #0x1080101 (android:drawable/btn_check_on_holo_dark) that varies with configuration!!
W/Resources(  193): Preloaded drawable resource #0x10800ec (android:drawable/btn_check_off_holo_dark) that varies with configuration!!
W/Resources(  193): Preloaded drawable resource #0x1080104 (android:drawable/btn_check_on_pressed_holo_dark) that varies with configuration!!
W/Resources(  193): Preloaded drawable resource #0x10800f1 (android:drawable/btn_check_off_pressed_holo_dark) that varies with configuration!!
W/Resources(  193): Preloaded drawable resource #0x10800fe (android:drawable/btn_check_on_focused_holo_dark) that varies with configuration!!
W/Resources(  193): Preloaded drawable resource #0x10800e9 (android:drawable/btn_check_off_focused_holo_dark) that varies with configuration!!
W/Resources(  193): Preloaded drawable resource #0x10800ec (android:drawable/btn_check_off_holo_dark) that varies with configuration!!
W/Resources(  193): Preloaded drawable resource #0x1080101 (android:drawable/btn_check_on_holo_dark) that varies with configuration!!
W/Resources(  193): Preloaded drawable resource #0x10800fc (android:drawable/btn_check_on_disabled_holo_dark) that varies with configuration!!
W/Resources(  193): Preloaded drawable resource #0x10800e7 (android:drawable/btn_check_off_disabled_holo_dark) that varies with configuration!!
W/Resources(  193): Preloaded drawable resource #0x10800fa (android:drawable/btn_check_on_disabled_focused_holo_dark) that varies with configuration!!
W/Resources(  193): Preloaded drawable resource #0x10800e5 (android:drawable/btn_check_off_disabled_focused_holo_dark) that varies with configuration!!
W/Resources(  193): Preloaded drawable resource #0x10800e7 (android:drawable/btn_check_off_disabled_holo_dark) that varies with configuration!!
W/Resources(  193): Preloaded drawable resource #0x10800fc (android:drawable/btn_check_on_disabled_holo_dark) that varies with configuration!!
W/Resources(  193): Preloaded drawable resource #0x10800db (android:drawable/btn_check_holo_dark) that varies with configuration!!
D/dalvikvm(  193): GC_EXPLICIT freed 250K, 11% free 2525K/2808K, paused 0ms+1ms, total 4ms
W/Resources(  193): Preloaded drawable resource #0x1080195 (android:drawable/btn_radio_on_pressed_holo_light) that varies with configuration!!
W/Resources(  193): Preloaded drawable resource #0x1080194 (android:drawable/btn_radio_on_pressed_holo_dark) that varies with configuration!!
W/Resources(  193): Preloaded drawable resource #0x1080192 (android:drawable/btn_radio_on_holo_light) that varies with configuration!!
D/dalvikvm(  193): GC_EXPLICIT freed 56K, 11% free 2522K/2808K, paused 1ms+0ms, total 4ms
W/Resources(  193): Preloaded drawable resource #0x1080191 (android:drawable/btn_radio_on_holo_dark) that varies with configuration!!
W/Resources(  193): Preloaded drawable resource #0x108018f (android:drawable/btn_radio_on_focused_holo_light) that varies with configuration!!
W/Resources(  193): Preloaded drawable resource #0x108018e (android:drawable/btn_radio_on_focused_holo_dark) that varies with configuration!!
D/dalvikvm(  193): GC_EXPLICIT freed 52K, 11% free 2523K/2808K, paused 1ms+1ms, total 5ms
W/Resources(  193): Preloaded drawable resource #0x108018d (android:drawable/btn_radio_on_disabled_holo_light) that varies with configuration!!
W/Resources(  193): Preloaded drawable resource #0x108018c (android:drawable/btn_radio_on_disabled_holo_dark) that varies with configuration!!
W/Resources(  193): Preloaded drawable resource #0x108018b (android:drawable/btn_radio_on_disabled_focused_holo_light) that varies with configuration!!
D/dalvikvm(  193): GC_EXPLICIT freed 53K, 11% free 2524K/2808K, paused 1ms+1ms, total 5ms
W/Resources(  193): Preloaded drawable resource #0x108018a (android:drawable/btn_radio_on_disabled_focused_holo_dark) that varies with configuration!!
W/Resources(  193): Preloaded drawable resource #0x1080187 (android:drawable/btn_radio_off_pressed_holo_light) that varies with configuration!!
W/Resources(  193): Preloaded drawable resource #0x1080186 (android:drawable/btn_radio_off_pressed_holo_dark) that varies with configuration!!
D/dalvikvm(  193): GC_EXPLICIT freed 53K, 11% free 2524K/2808K, paused 1ms+7ms, total 16ms
W/Resources(  193): Preloaded drawable resource #0x1080184 (android:drawable/btn_radio_off_holo_light) that varies with configuration!!
W/Resources(  193): Preloaded drawable resource #0x1080183 (android:drawable/btn_radio_off_holo_dark) that varies with configuration!!
W/Resources(  193): Preloaded drawable resource #0x1080181 (android:drawable/btn_radio_off_focused_holo_light) that varies with configuration!!
D/dalvikvm(  193): GC_EXPLICIT freed 53K, 11% free 2524K/2808K, paused 0ms+1ms, total 4ms
W/Resources(  193): Preloaded drawable resource #0x1080180 (android:drawable/btn_radio_off_focused_holo_dark) that varies with configuration!!
W/Resources(  193): Preloaded drawable resource #0x108017f (android:drawable/btn_radio_off_disabled_holo_light) that varies with configuration!!
W/Resources(  193): Preloaded drawable resource #0x108017e (android:drawable/btn_radio_off_disabled_holo_dark) that varies with configuration!!
D/dalvikvm(  193): GC_EXPLICIT freed 53K, 11% free 2525K/2808K, paused 1ms+0ms, total 5ms
W/Resources(  193): Preloaded drawable resource #0x108017d (android:drawable/btn_radio_off_disabled_focused_holo_light) that varies with configuration!!
W/Resources(  193): Preloaded drawable resource #0x108017c (android:drawable/btn_radio_off_disabled_focused_holo_dark) that varies with configuration!!
W/Resources(  193): Preloaded drawable resource #0x1080128 (android:drawable/btn_default_pressed_holo_light) that varies with configuration!!
D/dalvikvm(  193): GC_EXPLICIT freed 37K, 10% free 2539K/2808K, paused 0ms+0ms, total 4ms
W/Resources(  193): Preloaded drawable resource #0x1080127 (android:drawable/btn_default_pressed_holo_dark) that varies with configuration!!
W/Resources(  193): Preloaded drawable resource #0x1080124 (android:drawable/btn_default_normal_holo_light) that varies with configuration!!
W/Resources(  193): Preloaded drawable resource #0x1080123 (android:drawable/btn_default_normal_holo_dark) that varies with configuration!!
W/Resources(  193): Preloaded drawable resource #0x108011c (android:drawable/btn_default_focused_holo_light) that varies with configuration!!
D/dalvikvm(  193): GC_EXPLICIT freed 19K, 9% free 2579K/2808K, paused 0ms+0ms, total 8ms
W/Resources(  193): Preloaded drawable resource #0x108011b (android:drawable/btn_default_focused_holo_dark) that varies with configuration!!
W/Resources(  193): Preloaded drawable resource #0x1080119 (android:drawable/btn_default_disabled_holo_light) that varies with configuration!!
W/Resources(  193): Preloaded drawable resource #0x1080118 (android:drawable/btn_default_disabled_holo_dark) that varies with configuration!!
W/Resources(  193): Preloaded drawable resource #0x1080116 (android:drawable/btn_default_disabled_focused_holo_light) that varies with configuration!!
D/dalvikvm(  193): GC_EXPLICIT freed 59K, 9% free 2579K/2808K, paused 0ms+1ms, total 6ms
W/Resources(  193): Preloaded drawable resource #0x1080115 (android:drawable/btn_default_disabled_focused_holo_dark) that varies with configuration!!
W/Resources(  193): Preloaded drawable resource #0x1080123 (android:drawable/btn_default_normal_holo_dark) that varies with configuration!!
W/Resources(  193): Preloaded drawable resource #0x1080118 (android:drawable/btn_default_disabled_holo_dark) that varies with configuration!!
W/Resources(  193): Preloaded drawable resource #0x1080127 (android:drawable/btn_default_pressed_holo_dark) that varies with configuration!!
W/Resources(  193): Preloaded drawable resource #0x108011b (android:drawable/btn_default_focused_holo_dark) that varies with configuration!!
W/Resources(  193): Preloaded drawable resource #0x1080123 (android:drawable/btn_default_normal_holo_dark) that varies with configuration!!
W/Resources(  193): Preloaded drawable resource #0x1080115 (android:drawable/btn_default_disabled_focused_holo_dark) that varies with configuration!!
W/Resources(  193): Preloaded drawable resource #0x1080118 (android:drawable/btn_default_disabled_holo_dark) that varies with configuration!!
W/Resources(  193): Preloaded drawable resource #0x108011d (android:drawable/btn_default_holo_dark) that varies with configuration!!
D/dalvikvm(  193): GC_EXPLICIT freed 66K, 7% free 2634K/2808K, paused 1ms+0ms, total 10ms
W/Resources(  193): Preloaded drawable resource #0x1080124 (android:drawable/btn_default_normal_holo_light) that varies with configuration!!
W/Resources(  193): Preloaded drawable resource #0x1080119 (android:drawable/btn_default_disabled_holo_light) that varies with configuration!!
W/Resources(  193): Preloaded drawable resource #0x1080128 (android:drawable/btn_default_pressed_holo_light) that varies with configuration!!
W/Resources(  193): Preloaded drawable resource #0x108011c (android:drawable/btn_default_focused_holo_light) that varies with configuration!!
W/Resources(  193): Preloaded drawable resource #0x1080124 (android:drawable/btn_default_normal_holo_light) that varies with configuration!!
W/Resources(  193): Preloaded drawable resource #0x1080116 (android:drawable/btn_default_disabled_focused_holo_light) that varies with configuration!!
W/Resources(  193): Preloaded drawable resource #0x1080119 (android:drawable/btn_default_disabled_holo_light) that varies with configuration!!
W/Resources(  193): Preloaded drawable resource #0x108011e (android:drawable/btn_default_holo_light) that varies with configuration!!
D/dalvikvm(  193): GC_EXPLICIT freed 118K, 7% free 2621K/2808K, paused 1ms+0ms, total 5ms
W/Resources(  193): Preloaded drawable resource #0x10801d1 (android:drawable/btn_star_off_normal_holo_light) that varies with configuration!!
W/Resources(  193): Preloaded drawable resource #0x10801db (android:drawable/btn_star_on_normal_holo_light) that varies with configuration!!
W/Resources(  193): Preloaded drawable resource #0x10801d7 (android:drawable/btn_star_on_disabled_holo_light) that varies with configuration!!
D/dalvikvm(  193): GC_EXPLICIT freed 146K, 10% free 2528K/2808K, paused 1ms+0ms, total 4ms
W/Resources(  193): Preloaded drawable resource #0x10801cd (android:drawable/btn_star_off_disabled_holo_light) that varies with configuration!!
W/Resources(  193): Preloaded drawable resource #0x10801dd (android:drawable/btn_star_on_pressed_holo_light) that varies with configuration!!
W/Resources(  193): Preloaded drawable resource #0x10801d3 (android:drawable/btn_star_off_pressed_holo_light) that varies with configuration!!
I/WindowManager(  559): Screen frozen for +1s152ms due to Window{5291eb54 u0 com.android.systemui.ImageWallpaper}
D/dalvikvm(  193): GC_EXPLICIT freed 53K, 10% free 2529K/2808K, paused 1ms+0ms, total 7ms
I/ActivityManager(  559): Start proc com.android.dialer for broadcast com.android.dialer/.calllog.CallLogReceiver: pid=1001 uid=10004 gids={50004, 3003, 1028, 1015}
W/Resources(  193): Preloaded drawable resource #0x10801d9 (android:drawable/btn_star_on_focused_holo_light) that varies with configuration!!
D/MobileDataStateTracker(  559): fota: Broadcast received: android.intent.action.ANY_DATA_STATE apnType=fota
W/Resources(  193): Preloaded drawable resource #0x10801cf (android:drawable/btn_star_off_focused_holo_light) that varies with configuration!!
D/MobileDataStateTracker(  559): fota: Received state=DISCONNECTED, old=DISCONNECTED, reason=simLoaded
W/Resources(  193): Preloaded drawable resource #0x10801d5 (android:drawable/btn_star_on_disabled_focused_holo_light) that varies with configuration!!
D/MobileDataStateTracker(  559): ia: Broadcast received: android.intent.action.ANY_DATA_STATE apnType=ia
D/dalvikvm(  193): GC_EXPLICIT freed 53K, 10% free 2530K/2808K, paused 1ms+1ms, total 5ms
D/MobileDataStateTracker(  559): ia: Received state=DISCONNECTED, old=DISCONNECTED, reason=simLoaded
W/Resources(  193): Preloaded drawable resource #0x10801cb (android:drawable/btn_star_off_disabled_focused_holo_light) that varies with configuration!!
D/MobileDataStateTracker(  559): supl: Broadcast received: android.intent.action.ANY_DATA_STATE apnType=supl
W/Resources(  193): Preloaded drawable resource #0x10801d1 (android:drawable/btn_star_off_normal_holo_light) that varies with configuration!!
D/MobileDataStateTracker(  559): supl: Received state=DISCONNECTED, old=DISCONNECTED, reason=simLoaded
W/Resources(  193): Preloaded drawable resource #0x10801db (android:drawable/btn_star_on_normal_holo_light) that varies with configuration!!
D/MobileDataStateTracker(  559): hipri: Broadcast received: android.intent.action.ANY_DATA_STATE apnType=hipri
W/Resources(  193): Preloaded drawable resource #0x10801d7 (android:drawable/btn_star_on_disabled_holo_light) that varies with configuration!!
D/MobileDataStateTracker(  559): hipri: Received state=DISCONNECTED, old=DISCONNECTED, reason=simLoaded
W/Resources(  193): Preloaded drawable resource #0x10801cd (android:drawable/btn_star_off_disabled_holo_light) that varies with configuration!!
D/MobileDataStateTracker(  559): ims: Broadcast received: android.intent.action.ANY_DATA_STATE apnType=ims
W/Resources(  193): Preloaded drawable resource #0x10801dd (android:drawable/btn_star_on_pressed_holo_light) that varies with configuration!!
D/MobileDataStateTracker(  559): ims: Received state=DISCONNECTED, old=DISCONNECTED, reason=simLoaded
W/Resources(  193): Preloaded drawable resource #0x10801d3 (android:drawable/btn_star_off_pressed_holo_light) that varies with configuration!!
D/MobileDataStateTracker(  559): mms: Broadcast received: android.intent.action.ANY_DATA_STATE apnType=mms
W/Resources(  193): Preloaded drawable resource #0x10801d9 (android:drawable/btn_star_on_focused_holo_light) that varies with configuration!!
D/MobileDataStateTracker(  559): mms: Received state=DISCONNECTED, old=DISCONNECTED, reason=simLoaded
W/Resources(  193): Preloaded drawable resource #0x10801cf (android:drawable/btn_star_off_focused_holo_light) that varies with configuration!!
D/MobileDataStateTracker(  559): cbs: Broadcast received: android.intent.action.ANY_DATA_STATE apnType=cbs
W/Resources(  193): Preloaded drawable resource #0x10801d5 (android:drawable/btn_star_on_disabled_focused_holo_light) that varies with configuration!!
D/MobileDataStateTracker(  559): cbs: Received state=DISCONNECTED, old=DISCONNECTED, reason=simLoaded
W/Resources(  193): Preloaded drawable resource #0x10801d7 (android:drawable/btn_star_on_disabled_holo_light) that varies with configuration!!
D/MobileDataStateTracker(  559): default: Broadcast received: android.intent.action.ANY_DATA_STATE apnType=default
W/Resources(  193): Preloaded drawable resource #0x10801cb (android:drawable/btn_star_off_disabled_focused_holo_light) that varies with configuration!!
D/MobileDataStateTracker(  559): default: Received state=CONNECTING, old=DISCONNECTED, reason=simLoaded
W/Resources(  193): Preloaded drawable resource #0x10801cd (android:drawable/btn_star_off_disabled_holo_light) that varies with configuration!!
D/MobileDataStateTracker(  559): default: setDetailed state, old =IDLE and new state=CONNECTING
W/Resources(  193): Preloaded drawable resource #0x10801d1 (android:drawable/btn_star_off_normal_holo_light) that varies with configuration!!
D/MobileDataStateTracker(  559): fota: Broadcast received: android.intent.action.ANY_DATA_STATE apnType=fota
W/Resources(  193): Preloaded drawable resource #0x10801db (android:drawable/btn_star_on_normal_holo_light) that varies with configuration!!
D/MobileDataStateTracker(  559): fota: Received state=DISCONNECTED, old=DISCONNECTED, reason=simLoaded
W/Resources(  193): Preloaded drawable resource #0x10801c8 (android:drawable/btn_star_holo_light) that varies with configuration!!
D/MobileDataStateTracker(  559): ia: Broadcast received: android.intent.action.ANY_DATA_STATE apnType=ia
D/dalvikvm(  193): GC_EXPLICIT freed 264K, 10% free 2534K/2808K, paused 1ms+0ms, total 5ms
D/MobileDataStateTracker(  559): ia: Received state=DISCONNECTED, old=DISCONNECTED, reason=simLoaded
W/Resources(  193): Preloaded drawable resource #0x10801d0 (android:drawable/btn_star_off_normal_holo_dark) that varies with configuration!!
D/MobileDataStateTracker(  559): supl: Broadcast received: android.intent.action.ANY_DATA_STATE apnType=supl
W/Resources(  193): Preloaded drawable resource #0x10801da (android:drawable/btn_star_on_normal_holo_dark) that varies with configuration!!
D/MobileDataStateTracker(  559): supl: Received state=DISCONNECTED, old=DISCONNECTED, reason=simLoaded
W/Resources(  193): Preloaded drawable resource #0x10801d6 (android:drawable/btn_star_on_disabled_holo_dark) that varies with configuration!!
D/MobileDataStateTracker(  559): hipri: Broadcast received: android.intent.action.ANY_DATA_STATE apnType=hipri
D/dalvikvm(  193): GC_EXPLICIT freed 56K, 10% free 2530K/2808K, paused 0ms+0ms, total 4ms
D/MobileDataStateTracker(  559): hipri: Received state=DISCONNECTED, old=DISCONNECTED, reason=simLoaded
W/Resources(  193): Preloaded drawable resource #0x10801cc (android:drawable/btn_star_off_disabled_holo_dark) that varies with configuration!!
D/MobileDataStateTracker(  559): ims: Broadcast received: android.intent.action.ANY_DATA_STATE apnType=ims
W/Resources(  193): Preloaded drawable resource #0x10801dc (android:drawable/btn_star_on_pressed_holo_dark) that varies with configuration!!
D/MobileDataStateTracker(  559): ims: Received state=DISCONNECTED, old=DISCONNECTED, reason=simLoaded
W/Resources(  193): Preloaded drawable resource #0x10801d2 (android:drawable/btn_star_off_pressed_holo_dark) that varies with configuration!!
D/MobileDataStateTracker(  559): mms: Broadcast received: android.intent.action.ANY_DATA_STATE apnType=mms
D/dalvikvm(  193): GC_EXPLICIT freed 53K, 10% free 2531K/2808K, paused 0ms+1ms, total 4ms
D/MobileDataStateTracker(  559): mms: Received state=DISCONNECTED, old=DISCONNECTED, reason=simLoaded
W/Resources(  193): Preloaded drawable resource #0x10801d8 (android:drawable/btn_star_on_focused_holo_dark) that varies with configuration!!
D/MobileDataStateTracker(  559): cbs: Broadcast received: android.intent.action.ANY_DATA_STATE apnType=cbs
W/Resources(  193): Preloaded drawable resource #0x10801ce (android:drawable/btn_star_off_focused_holo_dark) that varies with configuration!!
D/MobileDataStateTracker(  559): cbs: Received state=DISCONNECTED, old=DISCONNECTED, reason=simLoaded
W/Resources(  193): Preloaded drawable resource #0x10801d4 (android:drawable/btn_star_on_disabled_focused_holo_dark) that varies with configuration!!
D/MobileDataStateTracker(  559): default: Broadcast received: android.intent.action.ANY_DATA_STATE apnType=default
D/dalvikvm(  193): GC_EXPLICIT freed 53K, 10% free 2531K/2808K, paused 1ms+1ms, total 5ms
D/MobileDataStateTracker(  559): default: Received state=CONNECTED, old=CONNECTING, reason=connected
W/Resources(  193): Preloaded drawable resource #0x10801ca (android:drawable/btn_star_off_disabled_focused_holo_dark) that varies with configuration!!
D/MobileDataStateTracker(  559): default: setDetailed state, old =CONNECTING and new state=CONNECTED
W/Resources(  193): Preloaded drawable resource #0x10801d0 (android:drawable/btn_star_off_normal_holo_dark) that varies with configuration!!
D/ConnectivityService(  559): ConnectivityChange for mobile: CONNECTED/CONNECTED
W/Resources(  193): Preloaded drawable resource #0x10801da (android:drawable/btn_star_on_normal_holo_dark) that varies with configuration!!
D/ConnectivityService(  559): ConnectivityChange checkMobileProvisioning for TYPE_MOBILE or ProvisioningNetwork
W/Resources(  193): Preloaded drawable resource #0x10801d6 (android:drawable/btn_star_on_disabled_holo_dark) that varies with configuration!!
D/ConnectivityService(  559): checkMobileProvisioning: E suggestedTimeOutMs=60000
W/Resources(  193): Preloaded drawable resource #0x10801cc (android:drawable/btn_star_off_disabled_holo_dark) that varies with configuration!!
D/ConnectivityService(  559): setProvNotificationVisible: E visible=false networkType=5 extraInfo=null url=null
W/Resources(  193): Preloaded drawable resource #0x10801dc (android:drawable/btn_star_on_pressed_holo_dark) that varies with configuration!!
D/ConnectivityService(  559): checkMobileProvisioning: params={ url=http://clients3.google.com/generate_204 mTimeOutMs=60000 mCb=com.android.server.ConnectivityService$5@5292f7b0}
W/Resources(  193): Preloaded drawable resource #0x10801d2 (android:drawable/btn_star_off_pressed_holo_dark) that varies with configuration!!
D/ConnectivityService(  559): checkMobileProvisioning: X
W/Resources(  193): Preloaded drawable resource #0x10801d8 (android:drawable/btn_star_on_focused_holo_dark) that varies with configuration!!
V/WiredAccessoryManager(  559): init()
W/Resources(  193): Preloaded drawable resource #0x10801ce (android:drawable/btn_star_off_focused_holo_dark) that varies with configuration!!
I/PowerManagerService(  559): Boot animation finished.
W/Resources(  193): Preloaded drawable resource #0x10801d4 (android:drawable/btn_star_on_disabled_focused_holo_dark) that varies with configuration!!
D/MobileDataStateTracker(  559): default: isProvisioningNetwork: retVal=false
W/Resources(  193): Preloaded drawable resource #0x10801d6 (android:drawable/btn_star_on_disabled_holo_dark) that varies with configuration!!
D/ConnectivityService(  559): [CheckMp] isMobileOk: isDefaultProvisioning=false
W/Resources(  193): Preloaded drawable resource #0x10801ca (android:drawable/btn_star_off_disabled_focused_holo_dark) that varies with configuration!!
D/MobileDataStateTracker(  559): hipri: isProvisioningNetwork: retVal=false
W/Resources(  193): Preloaded drawable resource #0x10801cc (android:drawable/btn_star_off_disabled_holo_dark) that varies with configuration!!
D/ConnectivityService(  559): [CheckMp] isMobileOk: isHipriProvisioning=false
W/Resources(  193): Preloaded drawable resource #0x10801d0 (android:drawable/btn_star_off_normal_holo_dark) that varies with configuration!!
D/ConnectivityService(  559): [CheckMp] isMobileOk: start hipri url=http://clients3.google.com/generate_204
W/Resources(  193): Preloaded drawable resource #0x10801da (android:drawable/btn_star_on_normal_holo_dark) that varies with configuration!!
D/ConnectivityService(  559): startUsingNetworkFeature reconnecting to 0: enableHIPRI
W/Resources(  193): Preloaded drawable resource #0x10801c7 (android:drawable/btn_star_holo_dark) that varies with configuration!!
D/ConnectivityService(  559): startUsingNetworkFeature X: return APN_REQUEST_STARTED
D/dalvikvm(  193): GC_EXPLICIT freed 264K, 10% free 2535K/2808K, paused 0ms+0ms, total 5ms
D/ConnectivityService(  559): [CheckMp] isMobileOk: hipri started
W/Resources(  193): Preloaded drawable resource #0x10801f7 (android:drawable/btn_toggle_on_pressed_holo_light) that varies with configuration!!
D/ConnectivityService(  559): [CheckMp] isMobileOk: not connected ni=NetworkInfo: type: mobile_hipri[UMTS], state: DISCONNECTED/IDLE, reason: (unspecified), extra: (none), roaming: false, failover: false, isAvailable: true, isConnectedToProvisioningNetwork: false
W/Resources(  193): Preloaded drawable resource #0x10801f6 (android:drawable/btn_toggle_on_pressed_holo_dark) that varies with configuration!!
I/ActivityManager(  559): Start proc com.android.providers.calendar for broadcast com.android.providers.calendar/.CalendarReceiver: pid=1040 uid=10001 gids={50001, 3003, 1028, 1015}
W/Resources(  193): Preloaded drawable resource #0x10801f5 (android:drawable/btn_toggle_on_normal_holo_light) that varies with configuration!!
D/MobileDataStateTracker(  559): default: Broadcast received: android.intent.action.ANY_DATA_STATE apnType=default
W/Resources(  193): Preloaded drawable resource #0x10801f4 (android:drawable/btn_toggle_on_normal_holo_dark) that varies with configuration!!
D/MobileDataStateTracker(  559): default: Received state=DISCONNECTED, old=CONNECTED, reason=dataDisabled
D/dalvikvm(  193): GC_EXPLICIT freed 10K, 8% free 2585K/2808K, paused 0ms+1ms, total 6ms
D/MobileDataStateTracker(  559): default: setDetailed state, old =CONNECTED and new state=DISCONNECTED
W/Resources(  193): Preloaded drawable resource #0x10801f3 (android:drawable/btn_toggle_on_focused_holo_light) that varies with configuration!!
D/ConnectivityService(  559): ConnectivityChange for mobile: DISCONNECTED/DISCONNECTED
W/Resources(  193): Preloaded drawable resource #0x10801f2 (android:drawable/btn_toggle_on_focused_holo_dark) that varies with configuration!!
D/MobileDataStateTracker(  559): hipri: Broadcast received: android.intent.action.ANY_DATA_STATE apnType=hipri
W/Resources(  193): Preloaded drawable resource #0x10801f1 (android:drawable/btn_toggle_on_disabled_holo_light) that varies with configuration!!
D/ConnectivityService(  559): Attempting to switch to WIFI
W/Resources(  193): Preloaded drawable resource #0x10801f0 (android:drawable/btn_toggle_on_disabled_holo_dark) that varies with configuration!!
D/Nat464Xlat(  559): requiresClat: netType=0, hasIPv4Address=true
D/dalvikvm(  193): GC_EXPLICIT freed 46K, 8% free 2599K/2808K, paused 1ms+0ms, total 4ms
D/MobileDataStateTracker(  559): hipri: Received state=CONNECTING, old=DISCONNECTED, reason=dataEnabled
W/Resources(  193): Preloaded drawable resource #0x10801ef (android:drawable/btn_toggle_on_disabled_focused_holo_light) that varies with configuration!!
D/MobileDataStateTracker(  559): hipri: setDetailed state, old =IDLE and new state=CONNECTING
W/Resources(  193): Preloaded drawable resource #0x10801ee (android:drawable/btn_toggle_on_disabled_focused_holo_dark) that varies with configuration!!
D/MobileDataStateTracker(  559): fota: Broadcast received: android.intent.action.ANY_DATA_STATE apnType=fota
W/Resources(  193): Preloaded drawable resource #0x10801ec (android:drawable/btn_toggle_off_pressed_holo_light) that varies with configuration!!
D/MobileDataStateTracker(  559): fota: Received state=DISCONNECTED, old=DISCONNECTED, reason=dataEnabled
W/Resources(  193): Preloaded drawable resource #0x10801eb (android:drawable/btn_toggle_off_pressed_holo_dark) that varies with configuration!!
