W/Resources(  193): Preloaded drawable resource #0x1080662 (android:drawable/textfield_search_selected_holo_dark) that varies with configuration!!
W/Resources(  193): Preloaded drawable resource #0x1080656 (android:drawable/textfield_search_default_holo_dark) that varies with configuration!!
W/Resources(  193): Preloaded drawable resource #0x1080664 (android:drawable/textfield_searchview_holo_dark) that varies with configuration!!
W/Resources(  193): Preloaded drawable resource #0x108065f (android:drawable/textfield_search_right_selected_holo_dark) that varies with configuration!!
W/Resources(  193): Preloaded drawable resource #0x108065d (android:drawable/textfield_search_right_default_holo_dark) that varies with configuration!!
W/Resources(  193): Preloaded drawable resource #0x1080666 (android:drawable/textfield_searchview_right_holo_dark) that varies with configuration!!
W/Resources(  193): Preloaded drawable resource #0x1080663 (android:drawable/textfield_search_selected_holo_light) that varies with configuration!!
W/Resources(  193): Preloaded drawable resource #0x1080657 (android:drawable/textfield_search_default_holo_light) that varies with configuration!!
W/Resources(  193): Preloaded drawable resource #0x1080665 (android:drawable/textfield_searchview_holo_light) that varies with configuration!!
W/Resources(  193): Preloaded drawable resource #0x1080660 (android:drawable/textfield_search_right_selected_holo_light) that varies with configuration!!
W/Resources(  193): Preloaded drawable resource #0x108065e (android:drawable/textfield_search_right_default_holo_light) that varies with configuration!!
W/Resources(  193): Preloaded drawable resource #0x1080667 (android:drawable/textfield_searchview_right_holo_light) that varies with configuration!!
W/Resources(  193): Preloaded drawable resource #0x1080662 (android:drawable/textfield_search_selected_holo_dark) that varies with configuration!!
W/Resources(  193): Preloaded drawable resource #0x1080656 (android:drawable/textfield_search_default_holo_dark) that varies with configuration!!
W/Resources(  193): Preloaded drawable resource #0x108065f (android:drawable/textfield_search_right_selected_holo_dark) that varies with configuration!!
D/dalvikvm(  193): GC_EXPLICIT freed 106K, 30% free 2874K/4056K, paused 1ms+0ms, total 5ms
W/Resources(  193): Preloaded drawable resource #0x108065d (android:drawable/textfield_search_right_default_holo_dark) that varies with configuration!!
W/Resources(  193): Preloaded drawable resource #0x1080663 (android:drawable/textfield_search_selected_holo_light) that varies with configuration!!
W/Resources(  193): Preloaded drawable resource #0x1080657 (android:drawable/textfield_search_default_holo_light) that varies with configuration!!
W/Resources(  193): Preloaded drawable resource #0x1080660 (android:drawable/textfield_search_right_selected_holo_light) that varies with configuration!!
W/Resources(  193): Preloaded drawable resource #0x108065e (android:drawable/textfield_search_right_default_holo_light) that varies with configuration!!
W/Resources(  193): Preloaded drawable resource #0x108062b (android:drawable/tab_unselected_holo) that varies with configuration!!
W/Resources(  193): Preloaded drawable resource #0x1080626 (android:drawable/tab_selected_holo) that varies with configuration!!
W/Resources(  193): Preloaded drawable resource #0x108062a (android:drawable/tab_unselected_focused_holo) that varies with configuration!!
W/Resources(  193): Preloaded drawable resource #0x1080625 (android:drawable/tab_selected_focused_holo) that varies with configuration!!
W/Resources(  193): Preloaded drawable resource #0x108062c (android:drawable/tab_unselected_pressed_holo) that varies with configuration!!
W/Resources(  193): Preloaded drawable resource #0x1080627 (android:drawable/tab_selected_pressed_holo) that varies with configuration!!
W/Resources(  193): Preloaded drawable resource #0x108062c (android:drawable/tab_unselected_pressed_holo) that varies with configuration!!
W/Resources(  193): Preloaded drawable resource #0x1080627 (android:drawable/tab_selected_pressed_holo) that varies with configuration!!
W/Resources(  193): Preloaded drawable resource #0x108061a (android:drawable/tab_indicator_holo) that varies with configuration!!
W/Resources(  193): Preloaded drawable resource #0x108062b (android:drawable/tab_unselected_holo) that varies with configuration!!
W/Resources(  193): Preloaded drawable resource #0x1080626 (android:drawable/tab_selected_holo) that varies with configuration!!
W/Resources(  193): Preloaded drawable resource #0x108062a (android:drawable/tab_unselected_focused_holo) that varies with configuration!!
W/Resources(  193): Preloaded drawable resource #0x1080625 (android:drawable/tab_selected_focused_holo) that varies with configuration!!
W/Resources(  193): Preloaded drawable resource #0x108062c (android:drawable/tab_unselected_pressed_holo) that varies with configuration!!
W/Resources(  193): Preloaded drawable resource #0x1080627 (android:drawable/tab_selected_pressed_holo) that varies with configuration!!
D/dalvikvm(  193): GC_EXPLICIT freed 138K, 31% free 2808K/4056K, paused 0ms+1ms, total 5ms
I/Zygote  (  193): ...preloaded 274 resources in 1280ms.
D/dalvikvm(  193): GC_EXPLICIT freed 23K, 31% free 2837K/4056K, paused 1ms+0ms, total 4ms
I/Zygote  (  193): ...preloaded 31 resources in 23ms.
D/dalvikvm(  193): GC_EXPLICIT freed 10K, 31% free 2834K/4056K, paused 1ms+0ms, total 5ms
D/dalvikvm(  193): GC_EXPLICIT freed 3K, 31% free 2830K/4056K, paused 0ms+0ms, total 3ms
D/dalvikvm(  193): GC_EXPLICIT freed <1K, 31% free 2830K/4056K, paused 1ms+1ms, total 5ms
I/dalvikvm(  193): System server process 559 has been created
I/Zygote  (  193): Accepting command socket connections
D/SensorService(  559): nuSensorService starting...
I/SystemServer(  559): Entered the Android system server!
I/SensorService(  559): Genymotion Accelerometer
D/SensorService(  559): Max socket buffer size 163840
D/SensorService(  559): nuSensorService thread starting...
I/installd(  196): new connection
I/SystemServer(  559): Waiting for installd to be ready.
I/SystemServer(  559): Enabled StrictMode logging for WM Looper
I/Installer(  559): connecting...
I/SystemServer(  559): Power Manager
I/SystemServer(  559): Activity Manager
I/ActivityManager(  559): Memory class: 96
D/dalvikvm(  559): GC_CONCURRENT freed 192K, 10% free 3081K/3392K, paused 0ms+2ms, total 9ms
I/UiThread(  559): Enabled StrictMode logging for UI thread
I/IntentFirewall(  559): Read new rules (A:0 B:0 S:0)
I/SystemServer(  559): Display Manager
I/ActivityManager(  559): Enabled StrictMode logging for AThread's Looper
I/SystemServer(  559): Telephony Registry
I/SystemServer(  559): Scheduling Policy
I/DisplayManagerService(  559): Display device added: DisplayDeviceInfo{"Built-in Screen": 768 x 1280, 60.000004 fps, density 320, 320.0 x 320.0 dpi, touch INTERNAL, rotation 0, type BUILT_IN, FLAG_DEFAULT_DISPLAY, FLAG_ROTATES_WITH_CONTENT, FLAG_SECURE, FLAG_SUPPORTS_PROTECTED_BUFFERS}
I/SystemServer(  559): Package Manager
D/dalvikvm(  559): GC_CONCURRENT freed 287K, 12% free 3194K/3604K, paused 2ms+2ms, total 7ms
D/SELinuxMMAC(  559): Couldn't find install policy /data/security/mac_permissions.xml
D/SELinuxMMAC(  559): Using install policy file /system/etc/security/mac_permissions.xml
D/dalvikvm(  559): GC_CONCURRENT freed 364K, 14% free 3230K/3732K, paused 1ms+3ms, total 7ms
I/AudioFlinger(  195): Using module 1 has the primary audio interface
I/AudioFlinger(  195): AudioFlinger's thread 0xb473e008 ready to run
I/AudioPolicyService(  195): Loaded audio policy from LEGACY Audio Policy HAL (audio_policy)
W/Binder  (  559): Caught a RuntimeException from the binder stub implementation.
W/Binder  (  559): java.lang.NullPointerException
W/Binder  (  559): 	at com.android.server.power.PowerManagerService.updateWakeLockWorkSource(PowerManagerService.java:778)
W/Binder  (  559): 	at com.android.server.power.PowerManagerService.updateWakeLockUids(PowerManagerService.java:769)
W/Binder  (  559): 	at android.os.IPowerManager$Stub.onTransact(IPowerManager.java:103)
W/Binder  (  559): 	at android.os.Binder.execTransact(Binder.java:404)
W/Binder  (  559): 	at dalvik.system.NativeStart.run(Native Method)
D/dalvikvm(  559): GC_CONCURRENT freed 213K, 9% free 3436K/3768K, paused 1ms+2ms, total 6ms
W/PackageParser(  559): No actions in intent filter at /system/priv-app/Contacts.apk Binary XML file line #375
W/PackageParser(  559): No actions in intent filter at /system/priv-app/Dialer.apk Binary XML file line #163
W/ResourceType(  559): Failure getting entry for 0x7f050000 (t=4 e=0) in package 0 (error -75)
D/dalvikvm(  559): GC_CONCURRENT freed 122K, 7% free 3727K/3968K, paused 1ms+5ms, total 9ms
D/dalvikvm(  559): GC_CONCURRENT freed 206K, 8% free 3909K/4236K, paused 1ms+67ms, total 73ms
W/PackageParser(  559): No actions in intent filter at /system/app/Bluetooth.apk Binary XML file line #211
W/PackageParser(  559): No actions in intent filter at /system/app/CMFileManager.apk Binary XML file line #127
D/dalvikvm(  559): GC_CONCURRENT freed 207K, 8% free 4098K/4424K, paused 0ms+1ms, total 6ms
W/PackageParser(  559): Unknown element under <application>: permission at /system/app/Gallery2.apk Binary XML file line #242
W/PackageParser(  559): Unknown element under <application>: permission at /system/app/Gallery2.apk Binary XML file line #245
D/dalvikvm(  559): GC_CONCURRENT freed 242K, 8% free 4248K/4608K, paused 1ms+0ms, total 6ms
D/PackageManager(  559): No files in app dir /vendor/app
W/PackageParser(  559): No actions in intent filter at /data/app/ApiDemos.apk Binary XML file line #2899
W/PackageParser(  559): No actions in intent filter at /data/app/ApiDemos.apk Binary XML file line #2905
W/PackageManager(  559): Package com.example.android.apis desires unavailable shared library com.example.will.never.exist; ignoring!
D/dalvikvm(  559): GC_CONCURRENT freed 189K, 7% free 4466K/4780K, paused 2ms+34ms, total 47ms
W/PackageParser(  559): Unknown element under <manifest>: meta-data at /data/app/com.ionic.test-2.apk Binary XML file line #24
W/PackageManager(  559): Package com.example.android.apis desires unavailable shared library com.example.will.never.exist; ignoring!
W/PackageManager(  559): Package com.android.gallery3d desires unavailable shared library com.google.android.media.effects; ignoring!
W/PackageManager(  559): Package com.android.camera desires unavailable shared library com.google.android.media.effects; ignoring!
I/PackageManager(  559): Time to scan packages: 5.244 seconds
W/PackageManager(  559): Not granting permission android.permission.GLOBAL_SEARCH to package com.android.quicksearchbox (protectionLevel=18 flags=0x8be45)
W/PackageManager(  559): Unknown permission com.google.android.gallery3d.permission.GALLERY_PROVIDER in package com.android.bluetooth
W/PackageManager(  559): Unknown permission com.google.android.googleapps.permission.GOOGLE_AUTH in package com.android.providers.calendar
W/PackageManager(  559): Unknown permission com.google.android.googleapps.permission.GOOGLE_AUTH.cl in package com.android.providers.calendar
W/PackageManager(  559): Unknown permission com.google.android.googleapps.permission.GOOGLE_AUTH.mail in package com.android.calendar
W/PackageManager(  559): Not granting permission android.permission.ACCESS_DOWNLOAD_MANAGER to package com.android.browser (protectionLevel=18 flags=0x9be45)
W/PackageManager(  559): Not granting permission android.permission.SEND_DOWNLOAD_COMPLETED_INTENTS to package com.android.browser (protectionLevel=2 flags=0x9be45)
W/PackageManager(  559): Unknown permission android.permission.INSTALL_DRM in package com.android.mms
W/PackageManager(  559): Unknown permission com.cyanogenmod.filemanager.permissions.READ_THEME in package com.cyanogenmod.filemanager
W/PackageManager(  559): Unknown permission com.google.android.gallery3d.permission.PICASA_STORE in package com.android.dreams.phototable
W/PackageManager(  559): Unknown permission com.google.android.googleapps.permission.GOOGLE_AUTH in package com.android.settings
W/PackageManager(  559): Unknown permission com.google.android.googleapps.permission.ACCESS_GOOGLE_PASSWORD in package com.android.development
W/PackageManager(  559): Unknown permission com.google.android.googleapps.permission.GOOGLE_AUTH in package com.android.development
W/PackageManager(  559): Unknown permission com.google.android.googleapps.permission.GOOGLE_AUTH.ALL_SERVICES in package com.android.development
W/PackageManager(  559): Unknown permission com.google.android.googleapps.permission.GOOGLE_AUTH.YouTubeUser in package com.android.development
W/PackageManager(  559): Not granting permission android.permission.DELETE_PACKAGES to package com.svox.pico (protectionLevel=18 flags=0x8be45)
W/PackageManager(  559): Not granting permission android.permission.DEVICE_POWER to package com.android.deskclock (protectionLevel=2 flags=0x48be45)
D/dalvikvm(  559): GC_CONCURRENT freed 278K, 8% free 4588K/4984K, paused 2ms+0ms, total 8ms
D/dalvikvm(  559): WAIT_FOR_CONCURRENT_GC blocked 1ms
D/dalvikvm(  559): GC_EXPLICIT freed 140K, 11% free 4448K/4984K, paused 2ms+1ms, total 13ms
I/SystemServer(  559): Entropy Mixer
I/EntropyMixer(  559): Writing entropy...
I/SystemServer(  559): User Service
I/SystemServer(  559): Account Manager
I/SystemServer(  559): Content Manager
I/SystemServer(  559): System Content Providers
I/SystemServer(  559): Lights Service
I/SystemServer(  559): Battery Service
I/SystemServer(  559): Vibrator Service
E/ConsumerIrService(  559): Can't open consumer IR HW Module, error: -2
W/libsuspend(  559): Error writing 'on' to /sys/power/state: Invalid argument
E/libsuspend(  559): Error opening /sys/power/autosleep: Permission denied
E/libsuspend(  559): Error opening /sys/power/wakeup_count: Permission denied
E/libsuspend(  559): failed to initialize autosuspend
D/PermissionCache(  192): checking android.permission.ACCESS_SURFACE_FLINGER for uid=1000 => granted (510 us)
D/SurfaceFlinger(  192): Screen acquired, type=0 flinger=0xb911d680
D/SurfaceFlinger(  192):  screen was previously acquired
I/SystemServer(  559): Consumer IR Service
I/SystemServer(  559): Alarm Manager
D/AlarmManagerService(  559): Kernel timezone updated to 240 minutes west of GMT
I/SystemServer(  559): Init Watchdog
I/SystemServer(  559): Input Manager
I/InputManager(  559): Initializing input manager, mUseDevInputEventForAudioJack=false
I/SystemServer(  559): Window Manager
I/WindowManager(  559): No existing display settings /data/system/display_settings.xml; starting empty
I/WindowManager(  559): No keyguard interface!
I/InputManager(  559): Starting input manager
I/SystemServer(  559): No Bluetooth Service (Bluetooth Hardware Not Present)
I/SystemServer(  559): Input Method Service
D/dalvikvm(  559): GC_CONCURRENT freed 246K, 8% free 4622K/5004K, paused 0ms+3ms, total 13ms
W/InputMethodManagerService(  559): Couldn't create dir.: /data/system/inputmethod
W/EventHub(  559): Unable to disable kernel key repeat for /dev/input/event5: Function not implemented
I/EventHub(  559): New device: id=1, fd=91, path='/dev/input/event5', name='Genymotion Virtual Input', classes=0x37, configuration='/system/usr/idc/Genymotion_Virtual_Input.idc', keyLayout='/system/usr/keylayout/Genymotion_Virtual_Input.kl', keyCharacterMap='/system/usr/keychars/Generic.kcm', builtinKeyboard=false, usingSuspendBlockIoctl=true, usingClockIoctl=true
E/EventHub(  559): could not get driver version for /dev/input/mouse1, Not a typewriter
D/EventHub(  559): No input device configuration file found for device 'Genymotion via VirtualBox seamless mouse'.
I/EventHub(  559): New device: id=2, fd=94, path='/dev/input/event4', name='Genymotion via VirtualBox seamless mouse', classes=0x4, configuration='', keyLayout='', keyCharacterMap='', builtinKeyboard=false, usingSuspendBlockIoctl=true, usingClockIoctl=true
E/EventHub(  559): could not get driver version for /dev/input/mouse0, Not a typewriter
I/SystemServer(  559): Accessibility Manager
I/ActivityManager(  559): Config changes=1df8 {1.0 ?mcc?mnc en_US ldltr sw384dp w384dp h640dp 320dpi nrml long port ?uimode ?night -touch -keyb/v/h -nav/h s.2}
D/SurfaceFlinger(  192): setOrientation, mFbdev=0xb911ff60, mFbDev->setOrientation=0xb6a55cc0, orientation=0
I/gralloc_vbox86(  192): setOrientation: orientation=0
I/ActivityManager(  559): Config changes=500 {1.0 ?mcc?mnc en_US ldltr sw384dp w384dp h567dp 320dpi nrml port ?uimode ?night -touch -keyb/v/h -nav/h s.3}
I/SystemServer(  559): Mount Service
D/MountService(  559): got storage path: /mnt/sdcard description: Internal storage primary: true removable: false emulated: true mtpReserve: 100 allowMassStorage: false maxFileSize: 0
D/MountService(  559): addVolumeLocked() StorageVolume:
D/MountService(  559):     mStorageId=65537 mPath=/storage/emulated/0 mDescriptionId=17040663 
D/MountService(  559):     mPrimary=true mRemovable=false mEmulated=true mMtpReserveSpace=100 
D/MountService(  559):     mAllowMassStorage=false mMaxFileSize=0 mOwner=UserHandle{0} mUuid=null 
D/MountService(  559):     mUserLabel=null mState=null 
I/SystemServer(  559): LockSettingsService
I/SystemServer(  559): Device Policy
I/SystemServer(  559): Status Bar
I/SystemServer(  559): Clipboard Service
I/SystemServer(  559): NetworkManagement Service
I/SystemServer(  559): Text Service Manager Service
I/SystemServer(  559): NetworkStats Service
I/SystemServer(  559): NetworkPolicy Service
I/SystemServer(  559): Wi-Fi P2pService
I/EventHub(  559): ignoring event id /dev/input/event3 driver VirtualBox mouse integration
I/SystemServer(  559): Wi-Fi Service
I/PackageManager(  559): No secure containers on sdcard
W/PackageManager(  559): Not granting permission android.permission.GLOBAL_SEARCH to package com.android.quicksearchbox (protectionLevel=18 flags=0x8be45)
W/PackageManager(  559): Unknown permission com.google.android.gallery3d.permission.GALLERY_PROVIDER in package com.android.bluetooth
W/PackageManager(  559): Unknown permission com.google.android.googleapps.permission.GOOGLE_AUTH in package com.android.providers.calendar
W/PackageManager(  559): Unknown permission com.google.android.googleapps.permission.GOOGLE_AUTH.cl in package com.android.providers.calendar
W/PackageManager(  559): Unknown permission com.google.android.googleapps.permission.GOOGLE_AUTH.mail in package com.android.calendar
W/PackageManager(  559): Not granting permission android.permission.ACCESS_DOWNLOAD_MANAGER to package com.android.browser (protectionLevel=18 flags=0x9be45)
W/PackageManager(  559): Not granting permission android.permission.SEND_DOWNLOAD_COMPLETED_INTENTS to package com.android.browser (protectionLevel=2 flags=0x9be45)
W/PackageManager(  559): Unknown permission android.permission.INSTALL_DRM in package com.android.mms
W/PackageManager(  559): Unknown permission com.cyanogenmod.filemanager.permissions.READ_THEME in package com.cyanogenmod.filemanager
W/PackageManager(  559): Unknown permission com.google.android.gallery3d.permission.PICASA_STORE in package com.android.dreams.phototable
W/PackageManager(  559): Unknown permission com.google.android.googleapps.permission.GOOGLE_AUTH in package com.android.settings
W/PackageManager(  559): Unknown permission com.google.android.googleapps.permission.ACCESS_GOOGLE_PASSWORD in package com.android.development
W/PackageManager(  559): Unknown permission com.google.android.googleapps.permission.GOOGLE_AUTH in package com.android.development
W/PackageManager(  559): Unknown permission com.google.android.googleapps.permission.GOOGLE_AUTH.ALL_SERVICES in package com.android.development
W/PackageManager(  559): Unknown permission com.google.android.googleapps.permission.GOOGLE_AUTH.YouTubeUser in package com.android.development
W/PackageManager(  559): Not granting permission android.permission.DELETE_PACKAGES to package com.svox.pico (protectionLevel=18 flags=0x8be45)
W/PackageManager(  559): Not granting permission android.permission.DEVICE_POWER to package com.android.deskclock (protectionLevel=2 flags=0x48be45)
D/EventHub(  559): No input device configuration file found for device 'Sleep Button'.
W/EventHub(  559): Unable to disable kernel key repeat for /dev/input/event1: Function not implemented
I/EventHub(  559): New device: id=3, fd=112, path='/dev/input/event1', name='Sleep Button', classes=0x1, configuration='', keyLayout='/system/usr/keylayout/Generic.kl', keyCharacterMap='/system/usr/keychars/Generic.kcm', builtinKeyboard=false, usingSuspendBlockIoctl=true, usingClockIoctl=true
D/EventHub(  559): No input device configuration file found for device 'Power Button'.
W/EventHub(  559): Unable to disable kernel key repeat for /dev/input/event0: Function not implemented
I/EventHub(  559): New device: id=4, fd=114, path='/dev/input/event0', name='Power Button', classes=0x1, configuration='', keyLayout='/system/usr/keylayout/Generic.kl', keyCharacterMap='/system/usr/keychars/Generic.kcm', builtinKeyboard=false, usingSuspendBlockIoctl=true, usingClockIoctl=true
D/EventHub(  559): No input device configuration file found for device 'AT Translated Set 2 keyboard'.
I/EventHub(  559): New device: id=5, fd=115, path='/dev/input/event2', name='AT Translated Set 2 keyboard', classes=0x3, configuration='', keyLayout='/system/usr/keylayout/AT_Translated_Set_2_keyboard.kl', keyCharacterMap='/system/usr/keychars/Generic.kcm', builtinKeyboard=false, usingSuspendBlockIoctl=true, usingClockIoctl=true
E/EventHub(  559): could not get driver version for /dev/input/mice, Not a typewriter
D/dalvikvm(  559): GC_CONCURRENT freed 262K, 8% free 4799K/5188K, paused 3ms+1ms, total 14ms
D/WifiController(  559): isAirplaneModeOn = false, isWifiEnabled = true, isScanningAvailable = false
I/SystemServer(  559): Connectivity Service
D/ConnectivityService(  559): ConnectivityService starting up
D/ConnectivityService(  559): wifiOnly=false
E/MobileDataStateTracker(  559): default: Ignoring feature request because could not acquire PhoneService
E/MobileDataStateTracker(  559): default: Could not enable APN type "default"
D/WifiController(  559): WifiController msg { when=0 what=155656 target=com.android.internal.util.StateMachine$SmHandler } deferred for 481ms
I/WifiService(  559): WifiService starting up with Wi-Fi enabled
D/WifiService(  559): setWifiEnabled: true pid=559, uid=1000
I/SystemServer(  559): Network Service Discovery Service
D/NsdService(  559): Network service discovery enabled true
I/SystemServer(  559): UpdateLock Service
I/InputReader(  559): Device added: id=-1, name='Virtual', sources=0x00000301
I/InputReader(  559): Device added: id=5, name='AT Translated Set 2 keyboard', sources=0x00000101
I/InputReader(  559): Device added: id=4, name='Power Button', sources=0x00000101
I/InputReader(  559): Device added: id=3, name='Sleep Button', sources=0x00000101
I/InputReader(  559):   Touch device 'Genymotion via VirtualBox seamless mouse' could not query the properties of its associated display.  The device will be inoperable until the display size becomes available.
I/InputReader(  559): Device added: id=2, name='Genymotion via VirtualBox seamless mouse', sources=0x00002002
I/InputReader(  559):   Touch device 'Genymotion Virtual Input' could not query the properties of its associated display.  The device will be inoperable until the display size becomes available.
I/InputReader(  559): Device added: id=1, name='Genymotion Virtual Input', sources=0x00001303
I/InputReader(  559): Reconfiguring input devices.  changes=0x00000004
I/InputReader(  559): Device reconfigured: id=1, name='Genymotion Virtual Input', size 768x1280, orientation 0, mode 1, display id 0
D/dalvikvm(  559): GC_CONCURRENT freed 293K, 8% free 4938K/5368K, paused 2ms+0ms, total 11ms
I/InputReader(  559): Device reconfigured: id=2, name='Genymotion via VirtualBox seamless mouse', size 768x1280, orientation 0, mode 4, display id 0
I/ActivityManager(  559): Config changes=78 {1.0 ?mcc?mnc en_US ldltr sw384dp w384dp h567dp 320dpi nrml port ?uimode ?night finger qwerty/v/v dpad/v s.4}
I/SystemServer(  559): Notification Manager
I/SystemServer(  559): Device Storage Monitor
I/SystemServer(  559): Location Manager
I/SystemServer(  559): Country Detector
I/SystemServer(  559): Search Service
I/SystemServer(  559): DropBox Service
I/SystemServer(  559): Wallpaper Service
D/WifiController(  559): DEFERRED_TOGGLE handled
E/WifiStateMachine(  559): Failed to reload STA firmware java.lang.IllegalArgumentException: command '1 softap fwreload eth1 STA' failed with '501 1 SoftAP command has failed'
D/CommandListener(  189): Setting iface cfg
D/CommandListener(  189): Trying to bring down eth1
I/SystemServer(  559): Audio Service
I/MediaFocusControl(  559):   Remote Control   registerMediaButtonIntent() for PendingIntent{5281b5e8: PendingIntentRecord{529038f4 android broadcastIntent}}
D/dalvikvm(  559): GC_CONCURRENT freed 292K, 8% free 5073K/5496K, paused 2ms+1ms, total 14ms
I/SystemServer(  559): Dock Observer
W/DockObserver(  559): This kernel does not have dock station support
I/SystemServer(  559): Wired Accessory Manager
W/WiredAccessoryManager(  559): This kernel does not have wired headset support
W/WiredAccessoryManager(  559): This kernel does not have usb audio support
W/WiredAccessoryManager(  559): This kernel does not have HDMI audio support
I/SystemServer(  559): USB Service
I/SystemServer(  559): Serial Service
I/SystemServer(  559): Twilight Service
I/SystemServer(  559): UI Mode Manager Service
I/SystemServer(  559): Backup Service
V/BackupManagerService(  559): Initializing package tracking
V/BackupManagerService(  559): No ancestral data
V/BackupManagerService(  559): addPackageParticipantsLocked: all
I/BackupManagerService(  559): Scheduling backup for new app com.android.calendar
D/BackupManagerService(  559): Now staging backup of com.android.calendar
I/BackupManagerService(  559): Scheduling backup for new app com.android.browser
D/BackupManagerService(  559): Now staging backup of com.android.browser
I/BackupManagerService(  559): Scheduling backup for new app com.android.providers.userdictionary
D/BackupManagerService(  559): Now staging backup of com.android.providers.userdictionary
I/BackupManagerService(  559): Scheduling backup for new app com.android.sharedstoragebackup
D/BackupManagerService(  559): Now staging backup of com.android.sharedstoragebackup
I/BackupManagerService(  559): Scheduling backup for new app android
D/BackupManagerService(  559): Now staging backup of android
I/BackupManagerService(  559): Scheduling backup for new app com.android.dialer
D/BackupManagerService(  559): Now staging backup of com.android.dialer
I/BackupManagerService(  559): Scheduling backup for new app com.android.providers.settings
D/BackupManagerService(  559): Now staging backup of com.android.providers.settings
V/BackupManagerService(  559): Starting with transport android/com.android.internal.backup.LocalTransport
V/BackupManagerService(  559): Found transports: 1
I/BackupManagerService(  559): Binding to transport host ComponentInfo{android/com.android.internal.backup.LocalTransportService}
I/BackupManagerService(  559): Found stale backup journal, scheduling
I/BackupManagerService(  559):   com.android.calendar
I/BackupManagerService(  559):   com.android.browser
I/BackupManagerService(  559):   com.android.providers.userdictionary
I/BackupManagerService(  559):   com.android.sharedstoragebackup
I/BackupManagerService(  559):   android
I/BackupManagerService(  559):   com.android.dialer
I/BackupManagerService(  559):   com.android.providers.settings
I/BackupManagerService(  559): Backup enabled => false
I/BackupManagerService(  559): Opting out of backup
I/SystemServer(  559): AppWidget Service
I/SystemServer(  559): Recognition Service
I/SystemServer(  559): DiskStats Service
I/SystemServer(  559): SamplingProfiler Service
I/SystemServer(  559): NetworkTimeUpdateService
I/SystemServer(  559): CommonTimeManagementService
I/SystemServer(  559): CertBlacklister
I/SystemServer(  559): Dreams Service
I/SystemServer(  559): Assets Atlas Service
I/SystemServer(  559): IdleMaintenanceService
I/SystemServer(  559): Print Service
I/SystemServer(  559): Media Router Service
I/SystemServer(  559): Genyd Service
D/GenydService(  559): GenydService startup
I/WindowManager(  559): SAFE MODE not enabled
D/dalvikvm(  559): JIT started for system_server
D/WifiMonitor(  559): startMonitoring(eth1) with mConnected = false
D/Atlas   (  559): Loaded configuration: SliceMinArea (768x768) flags=0x2 count=24
D/        (  192): HostConnection::get() New Host Connection established 0xb912c748, tid 585
D/        (  559): HostConnection::get() New Host Connection established 0xb7c4bb68, tid 614
D/libEGL  (  559): loaded /system/lib/egl/libEGL_genymotion.so
D/libEGL  (  559): loaded /system/lib/egl/libGLESv1_CM_genymotion.so
D/libEGL  (  559): loaded /system/lib/egl/libGLESv2_genymotion.so
I/Zygote  (  559): Process: zygote socket opened
V/KeyguardServiceDelegate(  559): *** Keyguard started
V/KeyguardServiceDelegate(  559): onSystemReady() called before keyguard service was ready
I/ActivityManager(  559): Start proc com.android.systemui for service com.android.keyguard/.KeyguardService: pid=619 uid=10007 gids={50007, 1028, 1015, 1035, 3002, 3001}
F/SystemServer(  559): BOOT FAILURE making Package Manager Service ready
F/SystemServer(  559): java.lang.SecurityException: Unable to find app for caller android.app.ActivityThread$ApplicationThread@528f6258 (pid=559) when registering receiver android.app.LoadedApk$ReceiverDispatcher$InnerReceiver@528f666c
F/SystemServer(  559): 	at com.android.server.am.ActivityManagerService.registerReceiver(ActivityManagerService.java:13021)
F/SystemServer(  559): 	at android.app.ContextImpl.registerReceiverInternal(ContextImpl.java:1458)
F/SystemServer(  559): 	at android.app.ContextImpl.registerReceiverAsUser(ContextImpl.java:1433)
F/SystemServer(  559): 	at com.android.internal.content.PackageMonitor.register(PackageMonitor.java:84)
F/SystemServer(  559): 	at com.android.server.pm.UserManagerService.systemReady(UserManagerService.java:237)
F/SystemServer(  559): 	at com.android.server.pm.PackageManagerService.systemReady(PackageManagerService.java:10602)
F/SystemServer(  559): 	at com.android.server.ServerThread.initAndLoop(SystemServer.java:903)
F/SystemServer(  559): 	at com.android.server.SystemServer.main(SystemServer.java:1189)
F/SystemServer(  559): 	at java.lang.reflect.Method.invokeNative(Native Method)
F/SystemServer(  559): 	at java.lang.reflect.Method.invoke(Method.java:515)
F/SystemServer(  559): 	at com.android.internal.os.ZygoteInit$MethodAndArgsCaller.run(ZygoteInit.java:785)
F/SystemServer(  559): 	at com.android.internal.os.ZygoteInit.main(ZygoteInit.java:601)
F/SystemServer(  559): 	at dalvik.system.NativeStart.main(Native Method)
W/SystemServer(  559): ***********************************************
W/libsuspend(  559): Error writing 'on' to /sys/power/state: Invalid argument
E/libsuspend(  559): Error opening /sys/power/autosleep: Permission denied
E/libsuspend(  559): Error opening /sys/power/wakeup_count: Permission denied
E/libsuspend(  559): failed to initialize autosuspend
I/AppOps  (  559): Pruning old package media/1013: new uid=-1
I/ActivityManager(  559): System now ready
I/SystemServer(  559): Making services ready
D/NetworkManagementService(  559): enabling bandwidth control
W/MountService(  559): Duplicate state transition (mounted -> mounted) for /storage/emulated/0
E/EGL_genymotion(  559): egl: current context mark for deletion
D/Atlas   (  559): Rendered atlas in 170.23ms (0.77+169.45ms)
I/wpa_supplicant(  616): Successfully initialized wpa_supplicant
D/dalvikvm(  559): GC_CONCURRENT freed 311K, 8% free 5279K/5716K, paused 2ms+0ms, total 15ms
V/KeyguardService(  619): onCreate()
D/WifiConfigStore(  559): Loading config and enabling all networks
I/wpa_supplicant(  616): eth1: Trying to associate with SSID 'WiredSSID'
I/wpa_supplicant(  616): eth1: No network configuration found for the current AP
I/wpa_supplicant(  616): eth1: CTRL-EVENT-DISCONNECTED bssid=01:80:c2:00:00:03 reason=3 locally_generated=1
I/wpa_supplicant(  616): eth1: Associate with key management = 0 - comparing with WPA_NONE 16
I/wpa_supplicant(  616): eth1: Auth timeout 'coz 802.11, assoc_failed=0 ssid->mode=0
I/wpa_supplicant(  616): eth1: Setting authentication timeout: 10 sec 0 usec
I/ActivityManager(  559): Start proc com.android.settings for broadcast com.android.settings/.widget.SettingsAppWidgetProvider: pid=672 uid=1000 gids={41000, 1028, 1015, 3002, 3001, 3003}
E/WifiConfigStore(  559): Error parsing configurationjava.io.FileNotFoundException: /data/misc/wifi/ipconfig.txt: open failed: ENOENT (No such file or directory)
E/wpa_supplicant(  616): Line -1: too long model_name (len=40 max_len=32)
E/wpa_supplicant(  616): Line -1: failed to parse 'model_name=Custom Phone - 4.4.4 - API 19 - 768x1280'.
E/WifiStateMachine(  559): Failed to set model name Custom Phone - 4.4.4 - API 19 - 768x1280
E/wpa_supplicant(  616): Line -1: too long model_number (len=40 max_len=32)
E/wpa_supplicant(  616): Line -1: failed to parse 'model_number=Custom Phone - 4.4.4 - API 19 - 768x1280'.
E/WifiStateMachine(  559): Failed to set model number Custom Phone - 4.4.4 - API 19 - 768x1280
E/WifiStateMachine(  559): Failed to set frequency band 0
I/ActivityManager(  559): Config changes=200 {1.0 ?mcc?mnc en_US ldltr sw384dp w384dp h567dp 320dpi nrml port finger qwerty/v/v dpad/v s.5}
W/RecognitionManagerService(  559): no available voice recognition services found for user 0
E/WVMExtractor(  195): Failed to open libwvm.so
V/FFmpegExtractor(  195): SniffFFMPEG
I/FFmpegExtractor(  195): android-source:0xb7d18d88
D/FFMPEG  (  195): android source begin open
D/FFMPEG  (  195): android open, url: android-source:0xb7d18d88
D/FFMPEG  (  195): ffmpeg open android data source success, source ptr: 0xb7d18d88
D/FFMPEG  (  195): android source open success
I/FFMPEG  (  195): Input #0, ogg, from 'android-source:0xb7d18d88':
I/FFMPEG  (  195):   Duration: 00:00:00.23, start: 0.000000, bitrate: 293 kb/s
I/FFMPEG  (  195):     Stream #0:0: Audio: vorbis, 44100 Hz, stereo, fltp, 160 kb/s
I/FFmpegExtractor(  195): FFmpegExtrator, url: android-source:0xb7d18d88, format_name: ogg, format_long_name: Ogg
I/FFmpegExtractor(  195): list the formats suppoted by ffmpeg: 
I/FFmpegExtractor(  195): ========================================
V/FFmpegExtractor(  195): format_names[00]: mpeg
V/FFmpegExtractor(  195): format_names[01]: mpegts
V/FFmpegExtractor(  195): format_names[02]: mov,mp4,m4a,3gp,3g2,mj2
V/FFmpegExtractor(  195): format_names[03]: matroska,webm
V/FFmpegExtractor(  195): format_names[04]: asf
V/FFmpegExtractor(  195): format_names[05]: rm
V/FFmpegExtractor(  195): format_names[06]: flv
V/FFmpegExtractor(  195): format_names[07]: swf
V/FFmpegExtractor(  195): format_names[08]: avi
V/FFmpegExtractor(  195): format_names[09]: ape
V/FFmpegExtractor(  195): format_names[10]: dts
V/FFmpegExtractor(  195): format_names[11]: flac
V/FFmpegExtractor(  195): format_names[12]: ac3
V/FFmpegExtractor(  195): format_names[13]: wav
V/FFmpegExtractor(  195): format_names[14]: ogg
V/FFmpegExtractor(  195): format_names[15]: vc1
V/FFmpegExtractor(  195): format_names[16]: hevc
I/FFmpegExtractor(  195): ========================================
I/FFmpegExtractor(  195): adjust mime(application/ogg -> audio/vorbis)
D/FFmpegExtractor(  195): suppoted codec(vorbis) by official Stagefright
D/FFMPEG  (  195): android source close
I/FFmpegExtractor(  195): sniff through BetterSniffFFMPEG success
D/FFmpegExtractor(  195): ffmpeg detected media content as 'audio/vorbis' with confidence 0.08
D/SystemUIService(  619): loading: class com.android.systemui.recent.Recents
D/SystemUIService(  619): running: com.android.systemui.recent.Recents@527f6b74
D/SystemUIService(  619): loading: class com.android.systemui.statusbar.SystemBars
D/SystemUIService(  619): running: com.android.systemui.statusbar.SystemBars@527f6e44
D/SystemUIService(  619): loading: class com.android.systemui.usb.StorageNotification
D/SystemUIService(  619): running: com.android.systemui.usb.StorageNotification@527f7c68
D/SystemUIService(  619): loading: class com.android.systemui.power.PowerUI
D/SystemUIService(  619): running: com.android.systemui.power.PowerUI@527f8848
D/SystemUIService(  619): loading: class com.android.systemui.media.RingtonePlayer
D/SystemUIService(  619): running: com.android.systemui.media.RingtonePlayer@527f901c
D/SystemUIService(  619): loading: class com.android.systemui.settings.SettingsUI
D/SystemUIService(  619): running: com.android.systemui.settings.SettingsUI@527f9950
D/dalvikvm(  619): GC_CONCURRENT freed 306K, 13% free 2927K/3352K, paused 0ms+1ms, total 5ms
D/PhoneStatusBar(  619): mSettingsPanelGravity = 55
I/StatusBarManagerService(  559): registerStatusBar bar=com.android.internal.statusbar.IStatusBar$Stub$Proxy@528447b4
V/FFmpegExtractor(  195): SniffFFMPEG
I/FFmpegExtractor(  195): android-source:0xb7d25868
D/FFMPEG  (  195): android source begin open
D/FFMPEG  (  195): android open, url: android-source:0xb7d25868
D/FFMPEG  (  195): ffmpeg open android data source success, source ptr: 0xb7d25868
D/FFMPEG  (  195): android source open success
I/FFMPEG  (  195): Input #0, ogg, from 'android-source:0xb7d25868':
I/FFMPEG  (  195):   Duration: 00:00:00.19, start: 0.000000, bitrate: 332 kb/s
I/FFMPEG  (  195):     Stream #0:0: Audio: vorbis, 44100 Hz, stereo, fltp, 160 kb/s
I/FFmpegExtractor(  195): FFmpegExtrator, url: android-source:0xb7d25868, format_name: ogg, format_long_name: Ogg
I/FFmpegExtractor(  195): list the formats suppoted by ffmpeg: 
I/FFmpegExtractor(  195): ========================================
V/FFmpegExtractor(  195): format_names[00]: mpeg
V/FFmpegExtractor(  195): format_names[01]: mpegts
V/FFmpegExtractor(  195): format_names[02]: mov,mp4,m4a,3gp,3g2,mj2
V/FFmpegExtractor(  195): format_names[03]: matroska,webm
V/FFmpegExtractor(  195): format_names[04]: asf
V/FFmpegExtractor(  195): format_names[05]: rm
V/FFmpegExtractor(  195): format_names[06]: flv
V/FFmpegExtractor(  195): format_names[07]: swf
V/FFmpegExtractor(  195): format_names[08]: avi
V/FFmpegExtractor(  195): format_names[09]: ape
V/FFmpegExtractor(  195): format_names[10]: dts
V/FFmpegExtractor(  195): format_names[11]: flac
V/FFmpegExtractor(  195): format_names[12]: ac3
V/FFmpegExtractor(  195): format_names[13]: wav
V/FFmpegExtractor(  195): format_names[14]: ogg
V/FFmpegExtractor(  195): format_names[15]: vc1
V/FFmpegExtractor(  195): format_names[16]: hevc
I/FFmpegExtractor(  195): ========================================
I/FFmpegExtractor(  195): adjust mime(application/ogg -> audio/vorbis)
D/FFmpegExtractor(  195): suppoted codec(vorbis) by official Stagefright
D/FFMPEG  (  195): android source close
I/FFmpegExtractor(  195): sniff through BetterSniffFFMPEG success
D/FFmpegExtractor(  195): ffmpeg detected media content as 'audio/vorbis' with confidence 0.08
W/InputMethodManagerService(  559): Ignoring setImeWindowStatus of uid 1000 token: null
I/ActivityManager(  559): Start proc com.android.inputmethod.latin for service com.android.inputmethod.latin/.LatinIME: pid=708 uid=10035 gids={50035, 1028, 1015}
V/InputMethodManagerService(  559): Adding window token: android.os.Binder@5293b5c0
D/dalvikvm(  559): GC_CONCURRENT freed 369K, 9% free 5399K/5896K, paused 0ms+2ms, total 10ms
E/BluetoothAdapter(  672): Bluetooth binder is null
W/ServiceWatcher(  559): com.google.android.gms not found
W/ServiceWatcher(  559): com.google.android.gms not found
W/ServiceWatcher(  559): com.google.android.gms not found
W/ServiceWatcher(  559): com.google.android.gms not found
E/FlpHardwareProvider(  559): Error hw_get_module 'flp': -2
W/ServiceWatcher(  559): com.google.android.gms not found
E/FlpHardwareProvider(  559): Error hw_get_module 'flp': -2
W/ServiceWatcher(  559): com.google.android.gms not found
W/LocationManagerService(  559): no network location provider found
E/LocationManagerService(  559): no geocoder provider found
E/LocationManagerService(  559): No FusedProvider found.
E/GpsLocationProvider(  559): no AGPS interface in set_agps_server
E/LocationManagerService(  559): no geofence provider found
I/CommonTimeManagementService(  559): No common time service detected on this platform.  Common time services will be unavailable.
E/BluetoothAdapter(  672): Bluetooth binder is null
I/InputReader(  559): Reconfiguring input devices.  changes=0x00000020
I/InputReader(  559): Reconfiguring input devices.  changes=0x00000010
I/ActivityManager(  559): Start proc com.android.phone for added application com.android.phone: pid=725 uid=1001 gids={41001, 3002, 3001, 3003, 1028, 1015}
I/ActivityManager(  559): START u0 {act=android.intent.action.MAIN cat=[android.intent.category.HOME] flg=0x10000000 cmp=com.android.launcher/com.android.launcher2.Launcher} from pid 0
I/ActivityManager(  559): Start proc com.android.launcher for activity com.android.launcher/com.android.launcher2.Launcher: pid=738 uid=10008 gids={50008}
I/SystemServer(  559): Enabled StrictMode for system server main thread.
I/ActivityManager(  559): Start proc com.android.printspooler for service com.android.printspooler/.PrintSpoolerService: pid=753 uid=10048 gids={50048}
D/dalvikvm(  619): GC_FOR_ALLOC freed 42K, 7% free 3268K/3504K, paused 8ms, total 8ms
I/dalvikvm-heap(  619): Grow heap (frag case) to 4.379MB for 1127532-byte allocation
D/dalvikvm(  619): GC_CONCURRENT freed 4K, 6% free 4365K/4608K, paused 1ms+1ms, total 5ms
I/Choreographer(  559): Skipped 65 frames!  The application may be doing too much work on its main thread.
V/KeyguardServiceDelegate(  559): *** Keyguard connected (yay!)
W/InputMethodManagerService(  559): Focus gain on non-focused client android.view.inputmethod.InputMethodManager$1@528d9e5c (uid=1000 pid=559)
D/dalvikvm(  559): GC_CONCURRENT freed 427K, 9% free 5590K/6140K, paused 2ms+4ms, total 19ms
I/MediaFocusControl(  559):   Remote Control   registerMediaButtonIntent() for PendingIntent{528edcec: PendingIntentRecord{529038f4 android broadcastIntent}}
V/BackupManagerService(  559): Connected to transport ComponentInfo{android/com.android.internal.backup.LocalTransportService}
V/BackupManagerService(  559): Registering transport android/com.android.internal.backup.LocalTransportService::android/com.android.internal.backup.LocalTransport = com.android.internal.backup.LocalTransport@5290eb60
D/dalvikvm(  619): GC_FOR_ALLOC freed 20K, 5% free 4720K/4928K, paused 8ms, total 8ms
I/wpa_supplicant(  616): eth1: Trying to associate with 01:80:c2:00:00:03 (SSID='WiredSSID' freq=2412 MHz)
I/wpa_supplicant(  616): eth1: Associated with 01:80:c2:00:00:03
I/wpa_supplicant(  616): eth1: Cancelling authentication timeout
I/wpa_supplicant(  616): eth1: CTRL-EVENT-CONNECTED - Connection to 01:80:c2:00:00:03 completed (auth) [id=0 id_str=]
I/wpa_supplicant(  616): eth1: Associate with key management = 4 - comparing with WPA_NONE 16
I/wpa_supplicant(  616): eth1: Auth timeout 'coz 802.11, assoc_failed=0 ssid->mode=0
I/wpa_supplicant(  616): eth1: Setting authentication timeout: 10 sec 0 usec
D/dalvikvm(  559): GC_CONCURRENT freed 702K, 13% free 5586K/6408K, paused 2ms+2ms, total 18ms
D/dalvikvm(  559): WAIT_FOR_CONCURRENT_GC blocked 14ms
V/PhoneStatusBar/NavigationBarView(  619): touchEnabled:false
E/WifiStateMachine(  559): Unexpected BatchedScanResults :null
D/dalvikvm(  619): GC_CONCURRENT freed 11K, 3% free 5298K/5428K, paused 0ms+1ms, total 6ms
E/BluetoothAdapter(  619): Bluetooth binder is null
E/BluetoothAdapter(  619): Bluetooth binder is null
E/BluetoothAdapter(  619): Bluetooth binder is null
I/PrintSpoolerService(  753): No existing print spooler state.
E/BluetoothAdapter(  619): Bluetooth binder is null
I/ActivityManager(  559): Start proc android.process.acore for content provider com.android.providers.contacts/.ContactsProvider2: pid=781 uid=10002 gids={50002, 3003, 1028, 1015}
D/PhoneStatusBar(  619): disable: < expand icons alerts ticker system_info back home recent clock search >
I/LatinIME(  708): Hardware accelerated drawing: true
D/dalvikvm(  781): GC_CONCURRENT freed 206K, 10% free 3068K/3392K, paused 0ms+1ms, total 9ms
I/ActivityManager(  559): Start proc com.android.music for broadcast com.android.music/.MediaButtonIntentReceiver: pid=805 uid=10040 gids={50040, 3003, 1028, 1015}
I/dalvikvm(  805): Enabling JNI app bug workarounds for target SDK version 9...
I/FusedLocation(  559): engine stopped (com.android.location.fused)
I/FusedLocation(  559): engine started (com.android.location.fused)
I/FusedLocation(  559): engine started (com.android.location.fused)
E/GpsLocationProvider(  559): no AGPS interface in set_agps_server
D/dalvikvm(  619): GC_CONCURRENT freed 162K, 5% free 5845K/6128K, paused 1ms+1ms, total 8ms
I/ActivityManager(  559): Start proc com.android.smspush for service com.android.smspush/.WapPushManager: pid=833 uid=10054 gids={50054}
E/BluetoothAdapter(  619): Bluetooth binder is null
D/PhoneStatusBar(  619): heads up is disabled
V/KeyguardServiceDelegate(  559): **** SHOWN CALLED ****
V/KeyguardTouchDelegate(  619): Connected to keyguard
D/dalvikvm(  193): GC_EXPLICIT freed 37K, 6% free 2842K/3000K, paused 1ms+1ms, total 26ms
I/PackageManager(  559):   Action: "android.intent.action.SENDTO"
I/PackageManager(  559):   Category: "android.intent.category.DEFAULT"
I/PackageManager(  559):   Scheme: "sms"
I/PackageManager(  559): Adding preferred activity ComponentInfo{com.android.mms/com.android.mms.ui.ComposeMessageActivity} for user 0 :
D/dalvikvm(  193): GC_EXPLICIT freed <1K, 6% free 2842K/3000K, paused 1ms+1ms, total 10ms
I/Choreographer(  619): Skipped 62 frames!  The application may be doing too much work on its main thread.
D/dalvikvm(  193): GC_EXPLICIT freed <1K, 6% free 2842K/3000K, paused 1ms+0ms, total 7ms
D/dalvikvm(  559): GC_CONCURRENT freed 533K, 12% free 5648K/6408K, paused 1ms+1ms, total 16ms
D/dalvikvm(  725): GC_CONCURRENT freed 165K, 9% free 3055K/3340K, paused 1ms+0ms, total 6ms
I/PackageManager(  559):   Action: "android.intent.action.SENDTO"
I/PackageManager(  559):   Category: "android.intent.category.DEFAULT"
I/PackageManager(  559):   Scheme: "smsto"
I/PackageManager(  559): Adding preferred activity ComponentInfo{com.android.mms/com.android.mms.ui.ComposeMessageActivity} for user 0 :
I/MediaFocusControl(  559):   Remote Control   registerMediaButtonIntent() for PendingIntent{52849360: PendingIntentRecord{528d3fec com.android.music broadcastIntent}}
I/PackageManager(  559):   Action: "android.intent.action.SENDTO"
I/PackageManager(  559):   Category: "android.intent.category.DEFAULT"
I/PackageManager(  559):   Scheme: "mms"
I/PackageManager(  559): Adding preferred activity ComponentInfo{com.android.mms/com.android.mms.ui.ComposeMessageActivity} for user 0 :
D/WifiStateMachine(  559): VerifyingLinkState enter
I/PackageManager(  559):   Action: "android.intent.action.SENDTO"
I/PackageManager(  559):   Category: "android.intent.category.DEFAULT"
I/PackageManager(  559):   Scheme: "mmsto"
E/BluetoothAdapter(  672): Bluetooth binder is null
I/PackageManager(  559): Adding preferred activity ComponentInfo{com.android.mms/com.android.mms.ui.ComposeMessageActivity} for user 0 :
D/WifiStateMachine(  559): VerifyingLinkState GOOD_LINK_DETECTED: transition to captive portal check
D/WifiStateMachine(  559): CaptivePortalCheckState enter
I/ActivityManager(  559): Start proc android.process.media for content provider com.android.providers.media/.MediaProvider: pid=881 uid=10005 gids={50005, 1028, 1015, 1023, 1024, 2001, 3003, 3007}
D/WifiStateMachine(  559): CaptivePortalCheckState CMD_CAPTIVE_CHECK_COMPLETE
W/InputAttributes(  708): No editor info for this field. Bug?
D/ConnectivityService(  559): Captive portal check NetworkInfo: type: WIFI[], state: CONNECTING/CAPTIVE_PORTAL_CHECK, reason: (unspecified), extra: "WiredSSID", roaming: false, failover: false, isAvailable: true, isConnectedToProvisioningNetwork: false
D/ConnectivityService(  559): handleCaptivePortalTrackerCheck: call captivePortalCheckComplete ni=NetworkInfo: type: WIFI[], state: CONNECTING/CAPTIVE_PORTAL_CHECK, reason: (unspecified), extra: "WiredSSID", roaming: false, failover: false, isAvailable: true, isConnectedToProvisioningNetwork: false
D/ConnectivityService(  559): Captive portal check NetworkInfo: type: WIFI[], state: CONNECTING/CAPTIVE_PORTAL_CHECK, reason: (unspecified), extra: "WiredSSID", roaming: false, failover: false, isAvailable: true, isConnectedToProvisioningNetwork: false
D/ConnectivityService(  559): handleCaptivePortalTrackerCheck: call captivePortalCheckComplete ni=NetworkInfo: type: WIFI[], state: CONNECTING/CAPTIVE_PORTAL_CHECK, reason: (unspecified), extra: "WiredSSID", roaming: false, failover: false, isAvailable: true, isConnectedToProvisioningNetwork: false
E/BluetoothAdapter(  725): Bluetooth binder is null
D/ConnectivityService(  559): ConnectivityChange for WIFI: CONNECTED/CONNECTED
E/ConnectivityService(  559): Unexpected mtu value: android.net.wifi.WifiStateTracker@528d053c
