07-19 23:15:04.399 11740 11740 I KERNEL  : [294108.147971] [SMB1357] the CFG_PRE_FAST_CHARGE_CURRENT_REG 1Ch is 0x36
07-19 23:15:04.401 11740 11740 I KERNEL  : [294108.149563] [SMB1357] the RESULT_AICL_REG 46h is 0x10
07-19 23:15:04.402 11740 11740 I KERNEL  : [294108.150861] [SMB1357] the RESULT_STATUS_REG 47h is 0x42
07-19 23:15:04.404 11740 11740 I KERNEL  : [294108.152380] [SMB1357] the STAT_PWRSRC_REG 4Bh is 0x10
07-19 23:15:04.405 11740 11740 I KERNEL  : [294108.153559] [SMB1357] the STAT_HVDCP_REG 4Dh is 0x00
07-19 23:15:04.406 11740 11740 I KERNEL  : [294108.154800] [SMB1357] the STAT_CHARGE_REG 4Ah is 0xa5
07-19 23:15:04.410 11740 11740 I KERNEL  : [294108.158999] [SMB1357] the IRQ_E_REG 54h is 0x10
07-19 23:15:04.480   267   293 D hwcomposer: void android::intel::UeventObserver::onUevent(): received Uevent: REPEATED_FRAME
07-19 23:15:04.480   267   293 D hwcomposer: virtual void android::intel::Hwcomposer::invalidate(): invalidating screen...
07-19 23:15:04.490   267   267 D hwcomposer: void android::intel::DisplayAnalyzer::handleIdleEntryEvent(int): handling idle entry event, count 0
07-19 23:15:04.510   267   267 D hwcomposer: void android::intel::DisplayAnalyzer::handleIdleExitEvent(): handling idle exit event
07-19 23:15:04.750   267   293 D hwcomposer: void android::intel::UeventObserver::onUevent(): received Uevent: REPEATED_FRAME
07-19 23:15:04.750   267   293 D hwcomposer: virtual void android::intel::Hwcomposer::invalidate(): invalidating screen...
07-19 23:15:04.760   267   267 D hwcomposer: void android::intel::DisplayAnalyzer::handleIdleEntryEvent(int): handling idle entry event, count 0
07-19 23:15:05.560 11341 11341 D wpa_supplicant: wlan0: Control interface command 'SIGNAL_POLL'
07-19 23:15:05.570 11341 11341 D wpa_supplicant: CTRL-DEBUG: global_ctrl_sock-sendto: sock=12 sndbuf=212992 outq=0 send_len=47
07-19 23:15:05.570   711   855 D WifiWatchdogStateMachine: RSSI current: 4 new: -56, 3
07-19 23:15:05.570   899  1566 D NetworkController: onReceive: intent=Intent { act=android.net.wifi.RSSI_CHANGED flg=0x4000010 (has extras) }
07-19 23:15:05.570   899  1566 D NetworkController.WifiSignalController: Change in state from: connected=true,enabled=true,level=4,inetCondition=1,iconGroup=IconGroup(Wi-Fi Icons),activityIn=true,activityOut=true,rssi=-53,lastModified=07-19 11:14:59,ssid="casa"
07-19 23:15:05.570   899  1566 D NetworkController.WifiSignalController: 	to: connected=true,enabled=true,level=3,inetCondition=1,iconGroup=IconGroup(Wi-Fi Icons),activityIn=true,activityOut=true,rssi=-56,lastModified=07-19 11:14:59,ssid="casa"
07-19 23:15:05.570   899   899 D SignalClusterView: vpn: GONE
07-19 23:15:05.570   899   899 D SignalClusterView: ethernet: GONE
07-19 23:15:05.570   899   899 D SignalClusterView: wifi: VISIBLE sig=2130838686 inout=2130838671
07-19 23:15:05.570   899   899 D SignalClusterView: mobile: VISIBLE sig=2130838667 typ=0 inout=0 simoff=false
07-19 23:15:05.570   899   899 D SignalClusterView: vpn: GONE
07-19 23:15:05.570   899   899 D SignalClusterView: ethernet: GONE
07-19 23:15:05.570   899   899 D SignalClusterView: wifi: VISIBLE sig=2130838686 inout=2130838671
07-19 23:15:05.570   899   899 D SignalClusterView: mobile: VISIBLE sig=2130838667 typ=0 inout=0 simoff=false
07-19 23:15:05.570   711   837 D ConnectivityService: notifyType CAP_CHANGED for NetworkAgentInfo [WIFI () - 161]
07-19 23:15:05.570   711   837 D ConnectivityService: updateNetworkScore for NetworkAgentInfo [WIFI () - 161] to 57
07-19 23:15:05.600   267   267 D hwcomposer: void android::intel::DisplayAnalyzer::handleIdleExitEvent(): handling idle exit event
07-19 23:15:05.660   267   293 D hwcomposer: void android::intel::UeventObserver::onUevent(): received Uevent: REPEATED_FRAME
07-19 23:15:05.660   267   293 D hwcomposer: virtual void android::intel::Hwcomposer::invalidate(): invalidating screen...
07-19 23:15:05.660   267   267 D hwcomposer: void android::intel::DisplayAnalyzer::handleIdleEntryEvent(int): handling idle entry event, count 0
07-19 23:15:05.680   267   267 D hwcomposer: void android::intel::DisplayAnalyzer::handleIdleExitEvent(): handling idle exit event
07-19 23:15:06.110   267   293 D hwcomposer: void android::intel::UeventObserver::onUevent(): received Uevent: REPEATED_FRAME
07-19 23:15:06.110   267   293 D hwcomposer: virtual void android::intel::Hwcomposer::invalidate(): invalidating screen...
07-19 23:15:06.110   267   267 D hwcomposer: void android::intel::DisplayAnalyzer::handleIdleEntryEvent(int): handling idle entry event, count 0
07-19 23:15:06.150   267   267 D hwcomposer: void android::intel::DisplayAnalyzer::handleIdleExitEvent(): handling idle exit event
07-19 23:15:06.210   267   293 D hwcomposer: void android::intel::UeventObserver::onUevent(): received Uevent: REPEATED_FRAME
07-19 23:15:06.210   267   293 D hwcomposer: virtual void android::intel::Hwcomposer::invalidate(): invalidating screen...
07-19 23:15:06.220   267   267 D hwcomposer: void android::intel::DisplayAnalyzer::handleIdleEntryEvent(int): handling idle entry event, count 0
07-19 23:15:06.679   298   298 I KERNEL  : [294110.427162] mmc2: set SDHCI_TUNE_FOR_CMD52.
07-19 23:15:06.920   267   267 D hwcomposer: void android::intel::DisplayAnalyzer::handleIdleExitEvent(): handling idle exit event
07-19 23:15:06.980   267   293 D hwcomposer: void android::intel::UeventObserver::onUevent(): received Uevent: REPEATED_FRAME
07-19 23:15:06.980   267   293 D hwcomposer: virtual void android::intel::Hwcomposer::invalidate(): invalidating screen...
07-19 23:15:06.990   267   267 D hwcomposer: void android::intel::DisplayAnalyzer::handleIdleEntryEvent(int): handling idle entry event, count 0
07-19 23:15:07.150   711   825 V AlarmManager: triggered: act=com.google.android.location.ALARM_WAKEUP_LOCATOR Pkg: com.google.android.gms
07-19 23:15:07.160 11341 11341 D wpa_supplicant: wlan0: Control interface command 'SCAN TYPE=ONLY'
07-19 23:15:07.160 11341 11341 D wpa_supplicant: Pending scan scheduled - reject new request
07-19 23:15:07.160 11341 11341 D wpa_supplicant: CTRL-DEBUG: global_ctrl_sock-sendto: sock=12 sndbuf=212992 outq=0 send_len=10
07-19 23:15:07.690 11341 11341 D wpa_supplicant: nl80211: Ignored event (cmd=34) for foreign interface (ifindex 3 wdev 0x0)
07-19 23:15:07.690 11341 11341 D wpa_supplicant: nl80211: Drv Event 34 (NL80211_CMD_NEW_SCAN_RESULTS) received for wlan0
07-19 23:15:07.690 11341 11341 D wpa_supplicant: wlan0: nl80211: New scan results available
07-19 23:15:07.690 11341 11341 D wpa_supplicant: nl80211: Scan probed for SSID ''
07-19 23:15:07.690 11341 11341 D wpa_supplicant: nl80211: Scan included frequencies: 2412 2417 2422 2427 2432 2437 2442 2447 2452 2457 2462 2467 2472 5180 5200 5220 5240 5260 5280 5300 5320 5500 5520 5540 5560 5580 5600 5620 5640 5660 5680 5700 5720 5745 5765 5785 5805 5825
07-19 23:15:07.690 11341 11341 D wpa_supplicant: wlan0: Event SCAN_RESULTS (3) received
07-19 23:15:07.690 11341 11341 D wpa_supplicant: wlan0: Scan completed in 5.475071 seconds
07-19 23:15:07.690 11341 11341 D wpa_supplicant: nl80211: Associated on 2412 MHz
07-19 23:15:07.690 11341 11341 D wpa_supplicant: nl80211: Associated with bc:f6:85:dc:d4:a6
07-19 23:15:07.690 11341 11341 D wpa_supplicant: nl80211: Received scan results (16 BSSes)
07-19 23:15:07.690 11341 11341 D wpa_supplicant: nl80211: Scan results indicate BSS status with bc:f6:85:dc:d4:a6 as associated
07-19 23:15:07.690 11341 11341 D wpa_supplicant: wlan0: BSS: Start scan result update 777
07-19 23:15:07.690 11341 11341 D wpa_supplicant: wlan0: BSS: Add new id 8317 BSSID ac:c6:62:1f:97:db SSID 'Wagner08-5G'
07-19 23:15:07.690 11341 11341 D wpa_supplicant: CTRL-DEBUG: ctrl_sock-sendmsg: sock=12 sndbuf=212992 outq=0 send_len=43
07-19 23:15:07.690 11341 11341 D wpa_supplicant: CTRL_IFACE monitor sent successfully to /data/misc/wifi/sockets/wpa_ctrl_711-9\x00
07-19 23:15:07.690 11341 11341 D wpa_supplicant: wlan0: BSS: Add new id 8318 BSSID 4c:d0:8a:5b:a3:50 SSID 'Kika'
07-19 23:15:07.690 11341 11341 D wpa_supplicant: CTRL-DEBUG: ctrl_sock-sendmsg: sock=12 sndbuf=212992 outq=768 send_len=43
07-19 23:15:07.690 11341 11341 D wpa_supplicant: CTRL_IFACE monitor sent successfully to /data/misc/wifi/sockets/wpa_ctrl_711-9\x00
07-19 23:15:07.690 11341 11341 D wpa_supplicant: wlan0: BSS: Add new id 8319 BSSID fc:b0:c4:d2:29:4f SSID 'w-m2120n'
07-19 23:15:07.690 11341 11341 D wpa_supplicant: CTRL-DEBUG: ctrl_sock-sendmsg: sock=12 sndbuf=212992 outq=1536 send_len=43
07-19 23:15:07.690 11341 11341 D wpa_supplicant: CTRL_IFACE monitor sent successfully to /data/misc/wifi/sockets/wpa_ctrl_711-9\x00
07-19 23:15:07.690 11341 11341 D wpa_supplicant: wlan0: BSS: Add new id 8320 BSSID fc:b0:c4:d2:29:4e SSID 'DIEGO'
07-19 23:15:07.690 11341 11341 D wpa_supplicant: CTRL-DEBUG: ctrl_sock-sendmsg: sock=12 sndbuf=212992 outq=2304 send_len=43
07-19 23:15:07.690 11341 11341 D wpa_supplicant: CTRL_IFACE monitor sent successfully to /data/misc/wifi/sockets/wpa_ctrl_711-9\x00
07-19 23:15:07.690 11341 11341 D wpa_supplicant: wlan0: BSS: Add new id 8321 BSSID 18:a6:f7:9a:40:a7 SSID 'Tita38'
07-19 23:15:07.690 11341 11341 D wpa_supplicant: CTRL-DEBUG: ctrl_sock-sendmsg: sock=12 sndbuf=212992 outq=3072 send_len=43
07-19 23:15:07.690 11341 11341 D wpa_supplicant: CTRL_IFACE monitor sent successfully to /data/misc/wifi/sockets/wpa_ctrl_711-9\x00
07-19 23:15:07.690 11341 11341 D wpa_supplicant: BSS: last_scan_res_used=16/64
07-19 23:15:07.690 11341 11341 E wpa_supplicant: Add access point on channel 100 [UNSUPPORTED]
07-19 23:15:07.690 11341 11341 D wpa_supplicant: Add access point on channel 149 [BANNED]
07-19 23:15:07.690 11341 11341 E wpa_supplicant: Add access point on channel 108 [UNSUPPORTED]
07-19 23:15:07.690 11341 11341 D wpa_supplicant: Best Operating channel is = 157
07-19 23:15:07.690 11341 11341 D wpa_supplicant: wlan0: Scan-only results received
07-19 23:15:07.690 11341 11341 D wpa_supplicant: CTRL-DEBUG: ctrl_sock-sendmsg: sock=12 sndbuf=212992 outq=3840 send_len=24
07-19 23:15:07.690 11341 11341 D wpa_supplicant: CTRL_IFACE monitor sent successfully to /data/misc/wifi/sockets/wpa_ctrl_711-9\x00
07-19 23:15:07.690 11341 11341 D wpa_supplicant: wlan0: Radio work 'scan'@0xf6f0f6f0 done in 5.540295 seconds
07-19 23:15:07.700 11341 11341 D wpa_supplicant: wlan0: Control interface command 'BSS RANGE=0- MASK=0x29d87'
07-19 23:15:07.700 11341 11341 D wpa_supplicant: CTRL-DEBUG: global_ctrl_sock-sendto: sock=12 sndbuf=212992 outq=0 send_len=3717
07-19 23:15:07.700 11341 11341 D wpa_supplicant: wlan0: Control interface command 'BSS RANGE=8296- MASK=0x29d87'
07-19 23:15:07.700 11341 11341 D wpa_supplicant: CTRL-DEBUG: global_ctrl_sock-sendto: sock=12 sndbuf=212992 outq=0 send_len=3865
07-19 23:15:07.710 11341 11341 D wpa_supplicant: wlan0: Control interface command 'BSS RANGE=8313- MASK=0x29d87'
07-19 23:15:07.710 11341 11341 D wpa_supplicant: CTRL-DEBUG: global_ctrl_sock-sendto: sock=12 sndbuf=212992 outq=0 send_len=3368
07-19 23:15:07.710 11341 11341 D wpa_supplicant: wlan0: Control interface command 'BSS RANGE=8318- MASK=0x29d87'
07-19 23:15:07.720 11341 11341 D wpa_supplicant: CTRL-DEBUG: global_ctrl_sock-sendto: sock=12 sndbuf=212992 outq=0 send_len=2447
07-19 23:15:07.720   711   725 W BroadcastQueue: Reject to launch app br.com.mobicare.oiwifi/10184 for broadcast: App Op 63
07-19 23:15:07.750   711  1885 I libgps  : [proxy_gps_acquire_wakelock_cb][line = 1441]: acquire_wakelock 1
07-19 23:15:07.750   711  1885 I libgps  : [proxy_gps_release_wakelock_cb][line = 1452]: release_wakelock 0
07-19 23:15:07.750   711   724 I libgps  : proxy_gps_inject_location(-23.472222, -46.652138, 20.881001)
07-19 23:15:07.750   711  1885 I libgps  : [proxy_gps_acquire_wakelock_cb][line = 1441]: acquire_wakelock 1
07-19 23:15:07.760   711  1290 D WifiService: releaseWifiLockLocked: WifiLock{NlpWifiLock type=2 binder=android.os.BinderProxy@f3ebaad}
07-19 23:15:07.770  1813 11374 W ctxmgr  : [AclManager]No 2 for (accnt=account#-1175054986#, com.google.android.gms(10036):UserLocationProducer, vrsn=11055000, 0, 3pPkg = null ,  3pMdlId = null ,  pid = 1813). Was: 2 for 1, account#-1175054986#
07-19 23:15:07.770   711   877 W ActivityManager: App Op not allow to start app com.tranzmate/10042
07-19 23:15:07.790   267   267 D hwcomposer: void android::intel::DisplayAnalyzer::handleIdleExitEvent(): handling idle exit event
07-19 23:15:07.800  1813 10948 I GCoreUlr: Successfully inserted 1 locations
07-19 23:15:07.800  1813 10948 I GCoreUlr: Starting service, intent=Intent { act=com.google.android.location.reporting.UPLOAD cmp=com.google.android.gms/com.google.android.location.reporting.service.DispatchingService }, extras=null
07-19 23:15:07.850   267   293 D hwcomposer: void android::intel::UeventObserver::onUevent(): received Uevent: REPEATED_FRAME
07-19 23:15:07.850   267   293 D hwcomposer: virtual void android::intel::Hwcomposer::invalidate(): invalidating screen...
07-19 23:15:07.850   267   267 D hwcomposer: void android::intel::DisplayAnalyzer::handleIdleEntryEvent(int): handling idle entry event, count 0
07-19 23:15:07.880  3598  3598 D gpsd    : CALL_SENTRY(main()): GlEngine::OnResourceRequest took 130 ms (from 294197722 to 294197852) (logOverhead=0,0,0,0,0,0,0), start: 23:15:07.764
07-19 23:15:07.880  3598  3598 D gpsd    : CALL_SENTRY(main()): marshal_gps_inject_location took 133 ms (from 294197722 to 294197855) (logOverhead=0,0,0,0,0,0,0), start: 23:15:07.764
07-19 23:15:07.880  3598  3598 D gpsd    : CALL_SENTRY(main()): ProcessEvent took 133 ms (from 294197722 to 294197855) (logOverhead=0,0,0,0,0,0,0), start: 23:15:07.764
07-19 23:15:07.890   711   827 D Vibrator: switchOff : Turn OFF vibrator request
07-19 23:15:07.890   711   824 D EVENT_THREAD: void CEventThread::cancelAlarm()
07-19 23:15:07.890   711   824 D EVENT_THREAD: void CEventThread::run() Do poll with timeout: -1
07-19 23:15:07.890   711   827 I WindowManager: beforeQueueing return result = 1
07-19 23:15:07.890   711   826 I WindowManager: beforeDispatching keycode is KEYCODE_APP_SWITCH
07-19 23:15:07.890   711 13930 D Vibrator: switchOn : Turn ON vibrator for 10 ms request
07-19 23:15:07.890   711   824 D EVENT_THREAD: void CEventThread::startAlarm(uint32_t) 10ms
07-19 23:15:07.890   711   824 D EVENT_THREAD: void CEventThread::run() Do poll with timeout: 10
07-19 23:15:07.910   711   824 D EVENT_THREAD: void CEventThread::cancelAlarm()
07-19 23:15:07.910   711   824 D EVENT_THREAD: void CEventThread::run() Do poll with timeout: -1
07-19 23:15:07.920   711 13930 D Vibrator: switchOn : Turn ON vibrator for 30 ms request
07-19 23:15:07.930   711   824 D EVENT_THREAD: void CEventThread::startAlarm(uint32_t) 30ms
07-19 23:15:07.930   711   824 D EVENT_THREAD: void CEventThread::run() Do poll with timeout: 30
07-19 23:15:07.969 11740 11740 I KERNEL  : [294111.716310] HSU serial 0000:00:04.3: ignore suspend for tx on
07-19 23:15:07.960   711   824 D EVENT_THREAD: void CEventThread::cancelAlarm()
07-19 23:15:07.960   711   824 D EVENT_THREAD: void CEventThread::run() Do poll with timeout: -1
07-19 23:15:07.969 11740 11740 I KERNEL  : [294111.716332] HSU serial 0000:00:04.3: xmit pending:3962, stopped:0, hw_stopped:0, MSR:10
07-19 23:15:07.970  1813 13929 I GCoreUlr: LocationReporter sending 20 locations, 12 activities, and 10 metadata for account account#15# request #0; requests: []
07-19 23:15:08.019 11740 11740 I KERNEL  : [294111.766467] HSU serial 0000:00:04.3: ignore suspend for tx on
07-19 23:15:08.019 11740 11740 I KERNEL  : [294111.766505] HSU serial 0000:00:04.3: xmit pending:4018, stopped:0, hw_stopped:0, MSR:10
07-19 23:15:08.069 11740 11740 I KERNEL  : [294111.817075] HSU serial 0000:00:04.3: ignore suspend for tx on
07-19 23:15:08.069 11740 11740 I KERNEL  : [294111.817096] HSU serial 0000:00:04.3: xmit pending:4074, stopped:0, hw_stopped:0, MSR:10
07-19 23:15:08.070   711   827 I WindowManager: beforeQueueing return result = 1
07-19 23:15:08.070   711   826 I WindowManager: beforeDispatching keycode is KEYCODE_APP_SWITCH
07-19 23:15:08.070   711   826 I WindowManager: mSwitchKeyHandled = false, keyguardOn = false
07-19 23:15:08.070   711   723 I ActivityManager: START u0 {act=com.android.systemui.recents.SHOW_RECENTS flg=0x10804000 cmp=com.android.systemui/.recents.RecentsActivity} from uid 10023 on display 0
07-19 23:15:08.090   711   725 W ContextImpl: Calling a method in the system process without a qualified user: android.app.ContextImpl.sendBroadcast:784 com.android.server.AppOpsService$MdmLocationReq.run:1890 android.os.Handler.handleCallback:739 android.os.Handler.dispatchMessage:95 android.os.Looper.loop:148 
07-19 23:15:08.100   711   725 W ContextImpl: Calling a method in the system process without a qualified user: android.app.ContextImpl.sendBroadcast:784 com.android.server.AppOpsService$MdmLocationReq.run:1890 android.os.Handler.handleCallback:739 android.os.Handler.dispatchMessage:95 android.os.Looper.loop:148 
07-19 23:15:08.100  9549  9549 I KERNEL  : [294111.847522] HSU serial 0000:00:04.3: ignore suspend for tx on
07-19 23:15:08.100   711   723 D WindowManager: adjustConfigurationLw, config:{0 1.15 ?mcc?mnc ?locale ?layoutDir sw360dp w360dp h616dp 480dpi nrml long port ?uimode ?night finger -keyb/v/h -nav/v} mLidState:1 mHasDockFeature:false mHasKeyboardFeature:false mHasHallSensorFeature:true config.hardKeyboardHidden:2
07-19 23:15:08.100   899   899 V AsusSystemUITracker: sendEvents : ( BEHAVIOR_TRACKER,v2 Recent apps, toggle recent apps , null, null )
07-19 23:15:08.100   899   899 D sysuidebug.invisible_qspanel: setQsExpansion() mQsFullyExpanded=false, height <= mQsMinExpansionHeight, mQsExpanded=false, mStackScrollerOverscrolling=false
07-19 23:15:08.100  9549  9549 I KERNEL  : [294111.847548] HSU serial 0000:00:04.3: xmit pending:4095, stopped:0, hw_stopped:0, MSR:10
07-19 23:15:08.110   711   981 I libflp  : flp_proxy_get_batch_size()
07-19 23:15:08.110   267   267 D hwcomposer: void android::intel::DisplayAnalyzer::handleIdleExitEvent(): handling idle exit event
07-19 23:15:08.110   711  1271 I libflp  : flp_proxy_get_batch_size()
07-19 23:15:08.110   899   899 D sysuidebug.invisible_qspanel: onOverscrollTopChanged(): mStackScrollerOverscrolling=false, rounded=0.0, isRubberbanded=false
07-19 23:15:08.110   899   899 D sysuidebug.invisible_qspanel: updateQsState(): expandVisually=false, mQsExpanded=false, mStackScrollerOverscrolling=false, mHeaderAnimating=false
07-19 23:15:08.110   899   899 D sysuidebug.invisible_qspanel: setQsExpansion() mQsFullyExpanded=false, height <= mQsMinExpansionHeight, mQsExpanded=false, mStackScrollerOverscrolling=false
07-19 23:15:08.110   711   723 I libflp  : flp_proxy_stop_batching(id = 3)
07-19 23:15:08.120   899   899 V PanelBar: collapseAllPanels: animate=true waiting=false
07-19 23:15:08.150   711  1323 I libflp  : flp_proxy_get_batch_size()
07-19 23:15:08.150  1304  7048 D ForegroundUtils: Foreground changed, PID: 12668 UID: 10223 foreground: false
07-19 23:15:08.150  1304  7048 D ForegroundUtils: Foreground UID/PID combinations:
07-19 23:15:08.169 11966 11966 I KERNEL  : [294111.916362] HSU serial 0000:00:04.3: ignore suspend for tx on
07-19 23:15:08.169 11966 11966 I KERNEL  : [294111.916388] HSU serial 0000:00:04.3: xmit pending:4095, stopped:0, hw_stopped:0, MSR:10
07-19 23:15:08.170   899   899 D PhoneStatusBar: setSystemUiVisibility vis=8700 mask=ffffffff oldVal=c600 newVal=8700 diff=4100
07-19 23:15:08.230   899   899 D SignalClusterView: vpn: GONE
07-19 23:15:08.230   899   899 D SignalClusterView: ethernet: GONE
07-19 23:15:08.230   899   899 D SignalClusterView: wifi: VISIBLE sig=2130838686 inout=2130838671
07-19 23:15:08.230   899   899 D SignalClusterView: mobile: VISIBLE sig=2130838667 typ=0 inout=0 simoff=false
07-19 23:15:08.230   899   899 D SignalClusterView: vpn: GONE
07-19 23:15:08.230   899   899 D SignalClusterView: ethernet: GONE
07-19 23:15:08.230   899   899 D SignalClusterView: wifi: VISIBLE sig=2130838686 inout=2130838671
07-19 23:15:08.230   899   899 D SignalClusterView: mobile: VISIBLE sig=2130838667 typ=0 inout=0 simoff=false
07-19 23:15:08.230   899   899 D SignalClusterView: vpn: GONE
07-19 23:15:08.230   899   899 D SignalClusterView: ethernet: GONE
07-19 23:15:08.230   899   899 D SignalClusterView: wifi: VISIBLE sig=2130838686 inout=2130838671
07-19 23:15:08.230   899   899 D SignalClusterView: mobile: VISIBLE sig=2130838667 typ=0 inout=0 simoff=false
07-19 23:15:08.230   899   899 D SignalClusterView: vpn: GONE
07-19 23:15:08.230   899   899 D SignalClusterView: ethernet: GONE
07-19 23:15:08.230   899   899 D SignalClusterView: wifi: VISIBLE sig=2130838686 inout=2130838671
07-19 23:15:08.230   899   899 D SignalClusterView: mobile: VISIBLE sig=2130838667 typ=0 inout=0 simoff=false
07-19 23:15:08.230   899   899 D SignalClusterView: vpn: GONE
07-19 23:15:08.230   899   899 D SignalClusterView: ethernet: GONE
07-19 23:15:08.230   899   899 D SignalClusterView: wifi: VISIBLE sig=2130838686 inout=2130838671
07-19 23:15:08.230   899   899 D SignalClusterView: mobile: VISIBLE sig=2130838667 typ=0 inout=0 simoff=false
07-19 23:15:08.230   899   899 D SignalClusterView: vpn: GONE
07-19 23:15:08.230   899   899 D SignalClusterView: ethernet: GONE
07-19 23:15:08.230   899   899 D SignalClusterView: wifi: VISIBLE sig=2130838686 inout=2130838671
07-19 23:15:08.230   899   899 D SignalClusterView: mobile: VISIBLE sig=2130838667 typ=0 inout=0 simoff=false
07-19 23:15:08.230   899   899 D sysuidebug.invisible_qspanel: setQsExpansion() mQsFullyExpanded=false, height <= mQsMinExpansionHeight, mQsExpanded=false, mStackScrollerOverscrolling=false
07-19 23:15:08.240  1251  1251 D XT9IME  : onStartInput isInputViewShown() = false isShowInputRequested() = false
07-19 23:15:08.250  1673  1694 D OpenedTimeAppInfoProvider: Update DB : number of affected records : 1
07-19 23:15:08.250  1673  1673 W ContextImpl: Calling a method in the system process without a qualified user: android.app.ContextImpl.startService:1242 android.content.ContextWrapper.startService:588 com.asus.powersaver.TaskWatcherService$IncomingHandler.handleMessage:-1 android.os.Handler.dispatchMessage:102 android.os.Looper.loop:148 
07-19 23:15:08.260   711   981 V WallpaperManagerService: getWallpaper, path: /data/system/users/0/wallpaper, exist: true
07-19 23:15:08.260  1673  1789 W ContextImpl: Calling a method in the system process without a qualified user: android.app.ContextImpl.bindService:1306 android.content.ContextWrapper.bindService:611 com.google.android.gms.common.stats.b.a:-1 com.google.android.gms.common.stats.b.a:-1 com.google.android.gms.analytics.internal.zzh$zza.zzhi:-1 
07-19 23:15:08.263   201   224 I KERNEL  : [294112.010412] type=1400 audit(1500516908.240:42129): avc: denied { ioctl } for pid=723 comm="Binder_2" path="socket:[76713]" dev="sockfs" ino=76713 ioctlcmd=7704 scontext=u:r:system_server:s0 tcontext=u:r:system_server:s0 tclass=unix_stream_socket permissive=1
07-19 23:15:08.250  1673  1673 D TaskWatcherService: pkgName: com.android.systemui taskId: 1351
07-19 23:15:08.250  1673  1673 D PowerSaverUtils: isLimitedCpuFrequency prop : 1 ; result : true
07-19 23:15:08.250  1673  1673 D PowerSaverService: onStartCommand PowerSaverService
07-19 23:15:08.250  1673  1673 D PowerSaverUtils: isLimitedCpuFrequency prop : 1 ; result : true
07-19 23:15:08.250  1673  1673 D PowerSaverService: current package:com.android.systemui;activity:com.android.systemui.recents.RecentsActivity
07-19 23:15:08.250  1673  1673 D PowerSaverUtils: isLimitedCpuFrequency prop : 1 ; result : true
07-19 23:15:08.260   899   899 V ImageWallpaper: onVisibilityChanged: dds = false
07-19 23:15:08.260   899   899 V WallpaperManager: peekWallpaperBitmap, returnDefault: true
07-19 23:15:08.260   899   899 V WallpaperManager: getCurrentWallpaperLocked
07-19 23:15:08.260   899   899 D skia    : --- SkImageDecoder::Factory returned null
07-19 23:15:08.263   201   224 I KERNEL  : [294112.010739] type=1400 audit(1500516908.240:42130): avc: denied { ioctl } for pid=723 comm="Binder_2" path="socket:[76713]" dev="sockfs" ino=76713 ioctlcmd=7704 scontext=u:r:system_server:s0 tcontext=u:r:system_server:s0 tclass=unix_stream_socket permissive=1
07-19 23:15:08.350   313   313 I dispmgr : waiting for message from kernel.
07-19 23:15:08.350   313   313 I dispmgr : message from kernel received.
07-19 23:15:08.350   313   313 D         : PwrConsWriteRegisterUlong
07-19 23:15:08.420   899   899 V WallpaperManager: peekWallpaperBitmap, mWallpaper is null : false
07-19 23:15:08.420   313   313 I dispmgr : waiting for message from kernel.
07-19 23:15:08.420   313   313 I dispmgr : message from kernel received.
07-19 23:15:08.420   313   313 D         : PwrConsWriteRegisterUlong
07-19 23:15:08.500   313   313 I dispmgr : waiting for message from kernel.
07-19 23:15:08.500   313   313 I dispmgr : message from kernel received.
07-19 23:15:08.500   313   313 D         : PwrConsWriteRegisterUlong
07-19 23:15:08.530  3598  3598 I gpsd    : GlEngineOnStop(0, 0)
07-19 23:15:08.540   711  1885 I libgps  : [proxy_gps_release_wakelock_cb][line = 1452]: release_wakelock 0
07-19 23:15:08.540  3598  3598 I gpsd    : GpsHalPowerControlRuntimePm(enable)
07-19 23:15:08.570 11341 11341 D wpa_supplicant: wlan0: Control interface command 'SIGNAL_POLL'
07-19 23:15:08.570 11341 11341 D wpa_supplicant: CTRL-DEBUG: global_ctrl_sock-sendto: sock=12 sndbuf=212992 outq=0 send_len=48
07-19 23:15:08.570   711   855 D WifiWatchdogStateMachine: RSSI current: 3 new: -52, 4
07-19 23:15:08.570   899  1566 D NetworkController: onReceive: intent=Intent { act=android.net.wifi.RSSI_CHANGED flg=0x4000010 (has extras) }
07-19 23:15:08.570   899  1566 D NetworkController.WifiSignalController: Change in state from: connected=true,enabled=true,level=3,inetCondition=1,iconGroup=IconGroup(Wi-Fi Icons),activityIn=true,activityOut=true,rssi=-56,lastModified=07-19 11:15:05,ssid="casa"
07-19 23:15:08.570   899  1566 D NetworkController.WifiSignalController: 	to: connected=true,enabled=true,level=4,inetCondition=1,iconGroup=IconGroup(Wi-Fi Icons),activityIn=true,activityOut=true,rssi=-52,lastModified=07-19 11:15:05,ssid="casa"
07-19 23:15:08.570   899   899 D SignalClusterView: vpn: GONE
07-19 23:15:08.570   899   899 D SignalClusterView: ethernet: GONE
07-19 23:15:08.570   899   899 D SignalClusterView: wifi: VISIBLE sig=2130838688 inout=2130838671
07-19 23:15:08.570   899   899 D SignalClusterView: mobile: VISIBLE sig=2130838667 typ=0 inout=0 simoff=false
07-19 23:15:08.570   899   899 D SignalClusterView: vpn: GONE
07-19 23:15:08.570   899   899 D SignalClusterView: ethernet: GONE
07-19 23:15:08.570   899   899 D SignalClusterView: wifi: VISIBLE sig=2130838688 inout=2130838671
07-19 23:15:08.570   899   899 D SignalClusterView: mobile: VISIBLE sig=2130838667 typ=0 inout=0 simoff=false
07-19 23:15:08.570   313   313 I dispmgr : waiting for message from kernel.
07-19 23:15:08.570   313   313 I dispmgr : message from kernel received.
07-19 23:15:08.570   313   313 D         : PwrConsWriteRegisterUlong
07-19 23:15:08.570   711   837 D ConnectivityService: notifyType CAP_CHANGED for NetworkAgentInfo [WIFI () - 161]
07-19 23:15:08.570   711   837 D ConnectivityService: updateNetworkScore for NetworkAgentInfo [WIFI () - 161] to 60
07-19 23:15:08.590   267   267 W SurfaceFlinger: couldn't log to binary event log: overflow.
07-19 23:15:08.610  1813 13929 I GCoreUlr: Batch Location Update succeeded for account account#15#
07-19 23:15:08.640   313   313 I dispmgr : waiting for message from kernel.
07-19 23:15:08.640   313   313 I dispmgr : message from kernel received.
07-19 23:15:08.640   313   313 D         : PwrConsWriteRegisterUlong
07-19 23:15:08.670   267   293 D hwcomposer: void android::intel::UeventObserver::onUevent(): received Uevent: REPEATED_FRAME
07-19 23:15:08.670   267   293 D hwcomposer: virtual void android::intel::Hwcomposer::invalidate(): invalidating screen...
07-19 23:15:08.680   267   267 D hwcomposer: void android::intel::DisplayAnalyzer::handleIdleEntryEvent(int): handling idle entry event, count 0
07-19 23:15:08.800   267   267 D hwcomposer: void android::intel::DisplayAnalyzer::handleIdleExitEvent(): handling idle exit event
07-19 23:15:09.219   298   298 I KERNEL  : [294112.966374] mmc2: set SDHCI_TUNE_FOR_CMD52.
07-19 23:15:09.268   298   298 I KERNEL  : [294113.015581] sdhci: Timeout waiting for Buffer Read Ready interrupt during tuning procedure
07-19 23:15:09.268   298   298 I KERNEL  : [294113.015631] mmc2: present 1fff0000, ctrl2 0000000b, irq 00000000
07-19 23:15:09.268   298   298 I KERNEL  : [294113.015631] mmc2: loop 41, retry....
07-19 23:15:09.268   298   298 I KERNEL  : [294113.015649] sdhci: Tuning procedure failed, falling back to fixed sampling clock
07-19 23:15:09.430   313   313 I dispmgr : waiting for message from kernel.
07-19 23:15:09.430   313   313 I dispmgr : message from kernel received.
07-19 23:15:09.430   313   313 D         : PwrConsWriteRegisterUlong
07-19 23:15:09.438   313   313 I KERNEL  : [294113.185652] [DISP] brightness level = 16
07-19 23:15:09.489   313   343 I KERNEL  : [294113.235876] [DISP] brightness level = 16
07-19 23:15:09.490   313   313 I dispmgr : waiting for message from kernel.
07-19 23:15:09.490   313   313 I dispmgr : message from kernel received.
07-19 23:15:09.490   313   313 D         : PwrConsWriteRegisterUlong
07-19 23:15:09.506   313   313 I KERNEL  : [294113.252853] [DISP] brightness level = 16
07-19 23:15:09.540   711  1350 I ActivityManager: START u0 {act=android.intent.action.MAIN cat=[android.intent.category.HOME] flg=0x10200000 cmp=com.asus.launcher/com.android.launcher3.Launcher} from uid 10023 on display 0
07-19 23:15:09.550   711  1265 I ActivityManager: Killing 12668:com.ionicframework.ionic2restauth891032/u0a223 (adj 9): remove task
07-19 23:15:09.556   313   343 I KERNEL  : [294113.303199] [DISP] brightness level = 16
07-19 23:15:09.580   313   313 I dispmgr : waiting for message from kernel.
07-19 23:15:09.580   313   313 I dispmgr : message from kernel received.
07-19 23:15:09.580   313   313 D         : PwrConsWriteRegisterUlong
07-19 23:15:09.606   313   343 I KERNEL  : [294113.353558] [DISP] brightness level = 16
07-19 23:15:09.657   313   343 I KERNEL  : [294113.403899] [DISP] brightness level = 16
07-19 23:15:09.680   711   826 W InputDispatcher: channel 'a19932c com.ionicframework.ionic2restauth891032/com.ionicframework.ionic2restauth891032.MainActivity (server)' ~ Consumer closed input channel or an error occurred.  events=0x9
07-19 23:15:09.680   711   826 E InputDispatcher: channel 'a19932c com.ionicframework.ionic2restauth891032/com.ionicframework.ionic2restauth891032.MainActivity (server)' ~ Channel is unrecoverably broken and will be disposed!
07-19 23:15:09.680   711  1375 W InputDispatcher: Attempted to unregister already unregistered input channel 'a19932c com.ionicframework.ionic2restauth891032/com.ionicframework.ionic2restauth891032.MainActivity (server)'
07-19 23:15:09.680   711  1375 I WindowState: WIN DEATH: Window{a19932c u0 com.ionicframework.ionic2restauth891032/com.ionicframework.ionic2restauth891032.MainActivity}
07-19 23:15:09.680   711  1338 D ConnectivityService: ConnectivityService NetworkRequestInfo binderDied(NetworkRequest [ id=300, legacyType=-1, [ Capabilities: INTERNET&NOT_RESTRICTED&TRUSTED] ], android.os.BinderProxy@93f3378)
07-19 23:15:09.680   711   837 D ConnectivityService: releasing NetworkRequest NetworkRequest [ id=300, legacyType=-1, [ Capabilities: INTERNET&NOT_RESTRICTED&TRUSTED] ]
07-19 23:15:09.690   711  1323 W MediaFocusControl:   AudioFocus   audio focus client died
07-19 23:15:09.690   711  1323 I MediaFocusControl: AudioFocus  removeFocusStackEntry(): removing entry for android.os.BinderProxy@867aa51
07-19 23:15:09.690   711  1289 D GraphicsStats: Buffer count: 9
07-19 23:15:09.690   711  1417 D ConnectivityService: ConnectivityService NetworkRequestInfo binderDied(NetworkRequest [ id=299, legacyType=-1, [ Capabilities: INTERNET&NOT_RESTRICTED&TRUSTED] ], android.os.BinderProxy@5ae62b6)
07-19 23:15:09.690   711   837 E ConnectivityService: RemoteException caught trying to send a callback msg for NetworkRequest [ id=300, legacyType=-1, [ Capabilities: INTERNET&NOT_RESTRICTED&TRUSTED] ]
07-19 23:15:09.690   711   837 D ConnectivityService: releasing NetworkRequest NetworkRequest [ id=299, legacyType=-1, [ Capabilities: INTERNET&NOT_RESTRICTED&TRUSTED] ]
07-19 23:15:09.690   711   837 E ConnectivityService: RemoteException caught trying to send a callback msg for NetworkRequest [ id=299, legacyType=-1, [ Capabilities: INTERNET&NOT_RESTRICTED&TRUSTED] ]
07-19 23:15:09.701   711   837 I KERNEL  : [294113.448269] binder: 711:837 transaction failed 29189, size 328-0
07-19 23:15:09.701   298   298 I KERNEL  : [294113.448330] mmc2: set SDHCI_TUNE_FOR_CMD52.
07-19 23:15:09.700   711   877 D WindowManager: adjustConfigurationLw, config:{0 1.15 ?mcc?mnc ?locale ?layoutDir sw360dp w360dp h616dp 480dpi nrml long port ?uimode ?night finger -keyb/v/h -nav/v} mLidState:1 mHasDockFeature:false mHasKeyboardFeature:false mHasHallSensorFeature:true config.hardKeyboardHidden:2
07-19 23:15:09.707   313   343 I KERNEL  : [294113.454190] [DISP] brightness level = 16
07-19 23:15:09.710   711   726 D ActivityManager: checkHomeScreen
07-19 23:15:09.710   711   726 D ActivityManager: Send ACTION_HOME_SCREEN intent
07-19 23:15:09.710   711   726 D ActivityManager: checkHomeScreen
07-19 23:15:09.710  1304  1317 D ForegroundUtils: Foreground changed, PID: 1275 UID: 10016 foreground: true
07-19 23:15:09.710  1304  1317 D ForegroundUtils: Foreground UID/PID combinations:
07-19 23:15:09.710  1304  1317 D ForegroundUtils: UID: 10016 PID: 1275
07-19 23:15:09.710  1304  7048 D ForegroundUtils: Process died; UID 10223 PID 12668
07-19 23:15:09.710  1304  7048 D ForegroundUtils: Foreground changed, PID: 12668 UID: 10223 foreground: false
07-19 23:15:09.710  1304  7048 D ForegroundUtils: Foreground UID/PID combinations:
07-19 23:15:09.710  1304  7048 D ForegroundUtils: UID: 10016 PID: 1275
07-19 23:15:09.710   711   879 D ActivityManager: cleanUpApplicationRecord -- 12668
07-19 23:15:09.720   267   293 D hwcomposer: void android::intel::UeventObserver::onUevent(): received Uevent: REPEATED_FRAME
07-19 23:15:09.720   267   293 D hwcomposer: virtual void android::intel::Hwcomposer::invalidate(): invalidating screen...
07-19 23:15:09.720  1275  1275 V Launcher: [onNewIntent] called
07-19 23:15:09.748   298   298 I KERNEL  : [294113.495385] sdhci: Timeout waiting for Buffer Read Ready interrupt during tuning procedure
07-19 23:15:09.748   298   298 I KERNEL  : [294113.495415] mmc2: present 1fff0000, ctrl2 0000000b, irq 00000000
07-19 23:15:09.748   298   298 I KERNEL  : [294113.495415] mmc2: loop 41, retry....
07-19 23:15:09.748   298   298 I KERNEL  : [294113.495421] sdhci: Tuning procedure failed, falling back to fixed sampling clock
07-19 23:15:09.750   267   267 D hwcomposer: void android::intel::DisplayAnalyzer::handleIdleEntryEvent(int): handling idle entry event, count 0
07-19 23:15:09.757   313   343 I KERNEL  : [294113.504375] [DISP] brightness level = 16
07-19 23:15:09.760  1275  1275 D LauncherLog: AppsCustomizePagedView - allAppItems count: 127 when syncAppsPageItems()
07-19 23:15:09.760  1275  1275 D LauncherLog: AppsCustomizePagedView - syncAppsPageItems page: 0 index: 0 Item: Google
07-19 23:15:09.760  1275  1275 D LauncherLog: AppsCustomizePagedView - syncAppsPageItems page: 0 index: 1 Item: Apps4U
07-19 23:15:09.760  1275  1275 D LauncherLog: AppsCustomizePagedView - syncAppsPageItems page: 0 index: 2 Item: Agenda
07-19 23:15:09.760   267   267 D hwcomposer: void android::intel::DisplayAnalyzer::handleIdleExitEvent(): handling idle exit event
07-19 23:15:09.760  1275  1275 D LauncherLog: AppsCustomizePagedView - syncAppsPageItems page: 0 index: 3 Item: Assistente de udio
07-19 23:15:09.770  1275  1275 D LauncherLog: AppsCustomizePagedView - syncAppsPageItems page: 0 index: 4 Item: Gerenciador de celular
07-19 23:15:09.770  1275  1275 D LauncherLog: AppsCustomizePagedView - syncAppsPageItems page: 0 index: 5 Item: Atualizao do sistema
07-19 23:15:09.770  1275  1275 D LauncherLog: AppsCustomizePagedView - syncAppsPageItems page: 0 index: 6 Item: BR Apps
07-19 23:15:09.770  1275  1275 D LauncherLog: AppsCustomizePagedView - syncAppsPageItems page: 0 index: 7 Item: Calculadora
07-19 23:15:09.770  1275  1275 D LauncherLog: AppsCustomizePagedView - syncAppsPageItems page: 0 index: 8 Item: Cmera
07-19 23:15:09.770  1275  1275 D LauncherLog: AppsCustomizePagedView - syncAppsPageItems page: 0 index: 9 Item: Configurar
07-19 23:15:09.770  1275  1275 D LauncherLog: AppsCustomizePagedView - syncAppsPageItems page: 0 index: 10 Item: Do It Later
07-19 23:15:09.770  1275  1275 D LauncherLog: AppsCustomizePagedView - syncAppsPageItems page: 0 index: 11 Item: Galeria
07-19 23:15:09.770  1275  1275 D LauncherLog: AppsCustomizePagedView - syncAppsPageItems page: 0 index: 12 Item: Gerenciador de Arquivos
07-19 23:15:09.780   267   293 D hwcomposer: void android::intel::UeventObserver::onUevent(): received Uevent: REPEATED_FRAME
07-19 23:15:09.780   267   293 D hwcomposer: virtual void android::intel::Hwcomposer::invalidate(): invalidating screen...
07-19 23:15:09.780  1275  1275 D LauncherLog: AppsCustomizePagedView - syncAppsPageItems page: 0 index: 13 Item: Gravador de som
07-19 23:15:09.780  1275  1275 D LauncherLog: AppsCustomizePagedView - syncAppsPageItems page: 0 index: 14 Item: Lanterna
07-19 23:15:09.780  1275  1275 D LauncherLog: AppsCustomizePagedView - syncAppsPageItems page: 0 index: 15 Item: Mensagens
07-19 23:15:09.780  1275  1275 D LauncherLog: AppsCustomizePagedView - allAppItems count: 127 when syncAppsPageItems()
07-19 23:15:09.780  1275  1275 D LauncherLog: AppsCustomizePagedView - syncAppsPageItems page: 1 index: 16 Item: Meteorologia
07-19 23:15:09.780   267   267 D hwcomposer: void android::intel::DisplayAnalyzer::handleIdleEntryEvent(int): handling idle entry event, count 0
07-19 23:15:09.780  1275  1275 D LauncherLog: AppsCustomizePagedView - syncAppsPageItems page: 1 index: 17 Item: Msica
07-19 23:15:09.780  1275  1275 D LauncherLog: AppsCustomizePagedView - syncAppsPageItems page: 1 index: 18 Item: Navegador
07-19 23:15:09.780  1275  1275 D LauncherLog: AppsCustomizePagedView - syncAppsPageItems page: 1 index: 19 Item: Nota rpida
07-19 23:15:09.790  1275  1275 D LauncherLog: AppsCustomizePagedView - syncAppsPageItems page: 1 index: 20 Item: PC Link
07-19 23:15:09.790  1275  1275 D LauncherLog: AppsCustomizePagedView - syncAppsPageItems page: 1 index: 21 Item: Pesquisa por voz
07-19 23:15:09.790  1275  1275 D LauncherLog: AppsCustomizePagedView - syncAppsPageItems page: 1 index: 22 Item: Pessoas
07-19 23:15:09.790  1275  1275 D LauncherLog: AppsCustomizePagedView - syncAppsPageItems page: 1 index: 23 Item: Play Store
07-19 23:15:09.790  1275  1275 D LauncherLog: AppsCustomizePagedView - syncAppsPageItems page: 1 index: 24 Item: Rdio FM
07-19 23:15:09.790  1275  1275 D LauncherLog: AppsCustomizePagedView - syncAppsPageItems page: 1 index: 25 Item: Relgio
07-19 23:15:09.790  1275  1275 D LauncherLog: AppsCustomizePagedView - syncAppsPageItems page: 1 index: 26 Item: Share Link
07-19 23:15:09.790  1275  1275 D LauncherLog: AppsCustomizePagedView - syncAppsPageItems page: 1 index: 27 Item: SuperNote
07-19 23:15:09.790  1275  1275 D LauncherLog: AppsCustomizePagedView - syncAppsPageItems page: 1 index: 28 Item: Telefone
07-19 23:15:09.790  1275  1275 D LauncherLog: AppsCustomizePagedView - syncAppsPageItems page: 1 index: 29 Item: Temas
07-19 23:15:09.790  1275  1275 D LauncherLog: AppsCustomizePagedView - syncAppsPageItems page: 1 index: 30 Item: WebStorage
07-19 23:15:09.790  1275  1275 D LauncherLog: AppsCustomizePagedView - syncAppsPageItems page: 1 index: 31 Item: What's Next
07-19 23:15:09.800  1275  1275 D LauncherLog: AppsCustomizePagedView - allAppItems count: 127 when syncAppsPageItems()
07-19 23:15:09.800  1275  1275 D LauncherLog: AppsCustomizePagedView - syncAppsPageItems page: 2 index: 32 Item: ZenFlash Camera
07-19 23:15:09.800  1275  1275 D LauncherLog: AppsCustomizePagedView - syncAppsPageItems page: 2 index: 33 Item: AliExpress
07-19 23:15:09.800  1275  1275 D LauncherLog: AppsCustomizePagedView - syncAppsPageItems page: 2 index: 34 Item: Bblia Sagrada
07-19 23:15:09.800  1275  1275 D LauncherLog: AppsCustomizePagedView - syncAppsPageItems page: 2 index: 35 Item: Runtastic
07-19 23:15:09.800  1275  1275 D LauncherLog: AppsCustomizePagedView - syncAppsPageItems page: 2 index: 36 Item: Decolar
07-19 23:15:09.800  1275  1275 D LauncherLog: AppsCustomizePagedView - syncAppsPageItems page: 2 index: 37 Item: Telegram
07-19 23:15:09.800  1275  1275 D LauncherLog: AppsCustomizePagedView - syncAppsPageItems page: 2 index: 38 Item: Skype
07-19 23:15:09.800  1275  1275 D LauncherLog: AppsCustomizePagedView - syncAppsPageItems page: 2 index: 39 Item: PSafe Total
07-19 23:15:09.800  1275  1275 D LauncherLog: AppsCustomizePagedView - syncAppsPageItems page: 2 index: 40 Item: WhatsApp
07-19 23:15:09.800  1275  1275 D LauncherLog: AppsCustomizePagedView - syncAppsPageItems page: 2 index: 41 Item: imo
07-19 23:15:09.800  1275  1275 D LauncherLog: AppsCustomizePagedView - syncAppsPageItems page: 2 index: 42 Item: Solitaire
07-19 23:15:09.800  1275  1275 D LauncherLog: AppsCustomizePagedView - syncAppsPageItems page: 2 index: 43 Item: Netflix
07-19 23:15:09.807   313   343 I KERNEL  : [294113.554483] [DISP] brightness level = 16
07-19 23:15:09.810  1275  1275 D LauncherLog: AppsCustomizePagedView - syncAppsPageItems page: 2 index: 44 Item: Firefox
07-19 23:15:09.810  1275  1275 D LauncherLog: AppsCustomizePagedView - syncAppsPageItems page: 2 index: 45 Item: Street View
07-19 23:15:09.810  1275  1275 D LauncherLog: AppsCustomizePagedView - syncAppsPageItems page: 2 index: 46 Item: Waze
07-19 23:15:09.810  1275  1275 D LauncherLog: AppsCustomizePagedView - syncAppsPageItems page: 2 index: 47 Item: LiveWater
07-19 23:15:09.810  1275  1275 D LauncherLog: AppsCustomizePagedView - allAppItems count: 127 when syncAppsPageItems()
07-19 23:15:09.810  1275  1275 D LauncherLog: AppsCustomizePagedView - syncAppsPageItems page: 6 index: 96 Item: Z Camera
07-19 23:15:09.810  1275  1275 D LauncherLog: AppsCustomizePagedView - syncAppsPageItems page: 6 index: 97 Item: Galeria Z
07-19 23:15:09.810  1275  1275 D LauncherLog: AppsCustomizePagedView - syncAppsPageItems page: 6 index: 98 Item: BurgerKing
07-19 23:15:09.810  1275  1275 D LauncherLog: AppsCustomizePagedView - syncAppsPageItems page: 6 index: 99 Item: Twitter
07-19 23:15:09.810  1275  1275 D LauncherLog: AppsCustomizePagedView - syncAppsPageItems page: 6 index: 100 Item: Magazine Luiza
07-19 23:15:09.810  1275  1275 D LauncherLog: AppsCustomizePagedView - syncAppsPageItems page: 6 index: 101 Item: Offline Maps & Navigation
07-19 23:15:09.810  1275  1275 D LauncherLog: AppsCustomizePagedView - syncAppsPageItems page: 6 index: 102 Item: Pedometer
07-19 23:15:09.810  1275  1275 D LauncherLog: AppsCustomizePagedView - syncAppsPageItems page: 6 index: 103 Item: Minha Oi
07-19 23:15:09.810  1275  1275 D LauncherLog: AppsCustomizePagedView - syncAppsPageItems page: 6 index: 104 Item: Localiza
07-19 23:15:09.810  1275  1275 D LauncherLog: AppsCustomizePagedView - syncAppsPageItems page: 6 index: 105 Item: Tudo Gostoso
07-19 23:15:09.820  1275  1275 D LauncherLog: AppsCustomizePagedView - syncAppsPageItems page: 6 index: 106 Item: Photo ID Editor
07-19 23:15:09.820  1275  1275 D LauncherLog: AppsCustomizePagedView - syncAppsPageItems page: 6 index: 107 Item: Gravador de Chamadas Pro
07-19 23:15:09.820  1275  1275 D LauncherLog: AppsCustomizePagedView - syncAppsPageItems page: 6 index: 108 Item: Casas Bahia
07-19 23:15:09.820  1275  1275 D LauncherLog: AppsCustomizePagedView - syncAppsPageItems page: 6 index: 109 Item: 99
07-19 23:15:09.820  1275  1275 D LauncherLog: AppsCustomizePagedView - syncAppsPageItems page: 6 index: 110 Item: OndeParar
07-19 23:15:09.820  1275  1275 D LauncherLog: AppsCustomizePagedView - syncAppsPageItems page: 6 index: 111 Item: Mliuz
07-19 23:15:09.820  1275  1275 D LauncherLog: AppsCustomizePagedView - allAppItems count: 127 when syncAppsPageItems()
07-19 23:15:09.820  1275  1275 D LauncherLog: AppsCustomizePagedView - syncAppsPageItems page: 7 index: 112 Item: Moobie
07-19 23:15:09.820  1275  1275 D LauncherLog: AppsCustomizePagedView - syncAppsPageItems page: 7 index: 113 Item: QR Code Reader
07-19 23:15:09.820  1275  1275 D LauncherLog: AppsCustomizePagedView - syncAppsPageItems page: 7 index: 114 Item: NET
07-19 23:15:09.820  1275  1275 D LauncherLog: AppsCustomizePagedView - syncAppsPageItems page: 7 index: 115 Item: NOW
07-19 23:15:09.820  1275  1275 D LauncherLog: AppsCustomizePagedView - syncAppsPageItems page: 7 index: 116 Item: Uber
07-19 23:15:09.820  1275  1275 D LauncherLog: AppsCustomizePagedView - syncAppsPageItems page: 7 index: 117 Item: ZenUI FAQ
07-19 23:15:09.820  1275  1275 D LauncherLog: AppsCustomizePagedView - syncAppsPageItems page: 7 index: 118 Item: ZenTalk
07-19 23:15:09.830  1275  1275 D LauncherLog: AppsCustomizePagedView - syncAppsPageItems page: 7 index: 119 Item: Service Center
07-19 23:15:09.830  1275  1275 D LauncherLog: AppsCustomizePagedView - syncAppsPageItems page: 7 index: 120 Item: BB
07-19 23:15:09.830  1275  1275 D LauncherLog: AppsCustomizePagedView - syncAppsPageItems page: 7 index: 121 Item: VLC
07-19 23:15:09.830  1275  1275 D LauncherLog: AppsCustomizePagedView - syncAppsPageItems page: 7 index: 122 Item: Editor de Fotos S
07-19 23:15:09.830  1275  1275 D LauncherLog: AppsCustomizePagedView - syncAppsPageItems page: 7 index: 123 Item: Meetup
07-19 23:15:09.830  1275  1275 D LauncherLog: AppsCustomizePagedView - syncAppsPageItems page: 7 index: 124 Item: ooVoo
07-19 23:15:09.830  1275  1275 D LauncherLog: AppsCustomizePagedView - syncAppsPageItems page: 7 index: 125 Item: SIM1 Mundo Oi
07-19 23:15:09.830  1275  1275 D LauncherLog: AppsCustomizePagedView - syncAppsPageItems page: 7 index: 126 Item: Ionic2RestAuth
07-19 23:15:09.830  1275  1275 I Launcher: Time spent in onNewIntent: 108ms
07-19 23:15:09.830  1275  1275 V Launcher: [onResume] called
07-19 23:15:09.840  1275  1633 D [NotificationManager]: [isQuickFindTipFinished] finished: true
07-19 23:15:09.840  1275  1275 I Launcher: Time spent in onResume: 3ms
07-19 23:15:09.840   899   899 D PhoneStatusBar: setSystemUiVisibility vis=8600 mask=ffffffff oldVal=c700 newVal=8600 diff=4100
07-19 23:15:09.840  1275  1275 V Launcher: [onWindowFocusChanged]: true, takes: 0ms
07-19 23:15:09.840  1251  1251 D XT9IME  : onStartInput isInputViewShown() = false isShowInputRequested() = false
07-19 23:15:09.850   267   267 D hwcomposer: void android::intel::DisplayAnalyzer::handleIdleExitEvent(): handling idle exit event
07-19 23:15:09.857   313   343 I KERNEL  : [294113.604600] [DISP] brightness level = 16
07-19 23:15:09.860  1275  1275 D Launcher.Utilities: isPhone= true
07-19 23:15:09.860  1275  1275 D Launcher.Utilities: isPhone= true
07-19 23:15:09.860  1275  1275 D Launcher.Utilities: isPhone= true
07-19 23:15:09.860  1275  1275 D Launcher.Utilities: isPhone= true
07-19 23:15:09.878   201   224 I KERNEL  : [294113.624682] type=1400 audit(1500516909.840:42131): avc: denied { ioctl } for pid=877 comm="Binder_3" path="socket:[29078]" dev="sockfs" ino=29078 ioctlcmd=7704 scontext=u:r:system_server:s0 tcontext=u:r:system_server:s0 tclass=unix_stream_socket permissive=1
07-19 23:15:09.878   201   224 I KERNEL  : [294113.625641] type=1400 audit(1500516909.840:42132): avc: denied { ioctl } for pid=877 comm="Binder_3" path="socket:[29078]" dev="sockfs" ino=29078 ioctlcmd=7704 scontext=u:r:system_server:s0 tcontext=u:r:system_server:s0 tclass=unix_stream_socket permissive=1
07-19 23:15:09.908   313   343 I KERNEL  : [294113.654714] [DISP] brightness level = 16
07-19 23:15:09.950  1275  1275 D Launcher: bindAppsUpdated start, apps size: 1, isUpdateAppsIcon: true
07-19 23:15:09.958   313   343 I KERNEL  : [294113.704845] [DISP] brightness level = 16
07-19 23:15:09.960  1673  1673 D TaskWatcherService: pkgName: com.asus.launcher taskId: 1335
07-19 23:15:09.960  1673  1673 D PowerSaverUtils: isLimitedCpuFrequency prop : 1 ; result : true
07-19 23:15:09.960  1673  1694 D OpenedTimeAppInfoProvider: Update DB : number of affected records : 1
07-19 23:15:09.960  1275  1275 D Launcher: updateFolders start
07-19 23:15:09.960  1673  1673 D PowerSaverService: onStartCommand PowerSaverService
07-19 23:15:09.960  1673  1673 D PowerSaverUtils: isLimitedCpuFrequency prop : 1 ; result : true
07-19 23:15:09.960  1673  1673 D PowerSaverService: current package:com.asus.launcher;activity:com.android.launcher3.Launcher
07-19 23:15:09.960  1673  1673 D PowerSaverUtils: isLimitedCpuFrequency prop : 1 ; result : true
07-19 23:15:09.960  1275  1275 D Launcher: updateFolders finished: 3ms
07-19 23:15:09.960  1275  1275 D Launcher: bindAppsUpdated finished: 18ms
07-19 23:15:09.960  1673  1673 W ContextImpl: Calling a method in the system process without a qualified user: android.app.ContextImpl.startService:1242 android.content.ContextWrapper.startService:588 com.asus.powersaver.TaskWatcherService$IncomingHandler.handleMessage:-1 android.os.Handler.dispatchMessage:102 android.os.Looper.loop:148 
07-19 23:15:10.008   313   343 I KERNEL  : [294113.754950] [DISP] brightness level = 15
