D/dalvikvm(  559): GC_CONCURRENT freed 765K, 14% free 5884K/6776K, paused 0ms+1ms, total 11ms
D/dalvikvm(  559): WAIT_FOR_CONCURRENT_GC blocked 3ms
D/dalvikvm(  559): GC_CONCURRENT freed 764K, 14% free 5885K/6776K, paused 1ms+1ms, total 11ms
D/dalvikvm(  559): WAIT_FOR_CONCURRENT_GC blocked 5ms
D/dalvikvm(  559): GC_CONCURRENT freed 765K, 14% free 5884K/6776K, paused 1ms+1ms, total 13ms
D/dalvikvm(  559): WAIT_FOR_CONCURRENT_GC blocked 5ms
D/dalvikvm(  559): GC_CONCURRENT freed 748K, 14% free 5889K/6776K, paused 0ms+3ms, total 16ms
D/dalvikvm(  559): GC_CONCURRENT freed 756K, 14% free 5886K/6776K, paused 1ms+2ms, total 13ms
D/dalvikvm(  559): GC_CONCURRENT freed 769K, 14% free 5885K/6780K, paused 1ms+1ms, total 11ms
D/dalvikvm(  559): WAIT_FOR_CONCURRENT_GC blocked 3ms
D/dalvikvm(  559): GC_CONCURRENT freed 764K, 14% free 5885K/6780K, paused 0ms+2ms, total 14ms
D/dalvikvm(  559): WAIT_FOR_CONCURRENT_GC blocked 7ms
D/dalvikvm(  559): GC_CONCURRENT freed 764K, 14% free 5885K/6780K, paused 1ms+1ms, total 13ms
D/dalvikvm(  559): WAIT_FOR_CONCURRENT_GC blocked 5ms
D/dalvikvm(  559): GC_CONCURRENT freed 764K, 14% free 5885K/6780K, paused 1ms+1ms, total 14ms
D/dalvikvm(  559): WAIT_FOR_CONCURRENT_GC blocked 6ms
D/dalvikvm(  559): GC_CONCURRENT freed 765K, 14% free 5884K/6780K, paused 2ms+1ms, total 13ms
D/dalvikvm(  559): WAIT_FOR_CONCURRENT_GC blocked 4ms
D/dalvikvm(  559): GC_CONCURRENT freed 763K, 14% free 5885K/6780K, paused 1ms+1ms, total 13ms
D/dalvikvm(  559): WAIT_FOR_CONCURRENT_GC blocked 5ms
D/dalvikvm(  559): GC_CONCURRENT freed 764K, 14% free 5885K/6780K, paused 1ms+2ms, total 14ms
D/dalvikvm(  559): WAIT_FOR_CONCURRENT_GC blocked 6ms
D/dalvikvm(  559): GC_CONCURRENT freed 764K, 14% free 5885K/6780K, paused 2ms+2ms, total 14ms
D/dalvikvm(  559): WAIT_FOR_CONCURRENT_GC blocked 3ms
D/dalvikvm(  559): GC_CONCURRENT freed 765K, 14% free 5884K/6780K, paused 2ms+1ms, total 18ms
D/dalvikvm(  559): WAIT_FOR_CONCURRENT_GC blocked 9ms
D/dalvikvm(  559): GC_CONCURRENT freed 765K, 14% free 5884K/6780K, paused 1ms+1ms, total 12ms
D/dalvikvm(  559): WAIT_FOR_CONCURRENT_GC blocked 4ms
D/dalvikvm(  559): GC_CONCURRENT freed 764K, 14% free 5885K/6780K, paused 0ms+1ms, total 12ms
D/dalvikvm(  559): WAIT_FOR_CONCURRENT_GC blocked 4ms
D/dalvikvm(  559): GC_CONCURRENT freed 764K, 14% free 5885K/6780K, paused 2ms+2ms, total 14ms
D/dalvikvm(  559): WAIT_FOR_CONCURRENT_GC blocked 8ms
D/dalvikvm(  559): GC_CONCURRENT freed 765K, 14% free 5884K/6780K, paused 1ms+1ms, total 12ms
D/dalvikvm(  559): WAIT_FOR_CONCURRENT_GC blocked 4ms
D/dalvikvm(  559): GC_CONCURRENT freed 765K, 14% free 5884K/6780K, paused 0ms+1ms, total 13ms
D/dalvikvm(  559): WAIT_FOR_CONCURRENT_GC blocked 9ms
D/Tethering(  559): MasterInitialState.processMessage what=3
D/Tethering(  559): MasterInitialState.processMessage what=3
D/dalvikvm(  559): GC_CONCURRENT freed 658K, 13% free 5912K/6780K, paused 2ms+4ms, total 23ms
D/dalvikvm(  559): GC_CONCURRENT freed 776K, 14% free 5895K/6796K, paused 1ms+1ms, total 14ms
D/dalvikvm(  559): GC_CONCURRENT freed 774K, 14% free 5888K/6796K, paused 3ms+1ms, total 19ms
D/dalvikvm(  559): WAIT_FOR_CONCURRENT_GC blocked 10ms
D/dalvikvm(  559): GC_CONCURRENT freed 765K, 14% free 5888K/6796K, paused 3ms+1ms, total 14ms
D/dalvikvm(  559): WAIT_FOR_CONCURRENT_GC blocked 4ms
D/dalvikvm(  559): GC_CONCURRENT freed 766K, 14% free 5887K/6796K, paused 1ms+2ms, total 13ms
D/dalvikvm(  559): WAIT_FOR_CONCURRENT_GC blocked 5ms
D/dalvikvm(  559): GC_CONCURRENT freed 765K, 14% free 5887K/6796K, paused 0ms+1ms, total 13ms
D/dalvikvm(  559): WAIT_FOR_CONCURRENT_GC blocked 6ms
D/dalvikvm(  559): GC_CONCURRENT freed 765K, 14% free 5887K/6796K, paused 1ms+1ms, total 10ms
D/dalvikvm(  559): WAIT_FOR_CONCURRENT_GC blocked 4ms
D/dalvikvm(  559): GC_CONCURRENT freed 766K, 14% free 5887K/6796K, paused 1ms+1ms, total 11ms
D/dalvikvm(  559): WAIT_FOR_CONCURRENT_GC blocked 4ms
D/dalvikvm(  559): GC_CONCURRENT freed 765K, 14% free 5887K/6796K, paused 0ms+1ms, total 10ms
D/dalvikvm(  559): WAIT_FOR_CONCURRENT_GC blocked 3ms
D/dalvikvm(  559): GC_CONCURRENT freed 765K, 14% free 5887K/6796K, paused 1ms+1ms, total 10ms
D/dalvikvm(  559): WAIT_FOR_CONCURRENT_GC blocked 4ms
D/dalvikvm(  559): GC_CONCURRENT freed 765K, 14% free 5887K/6796K, paused 0ms+1ms, total 11ms
D/dalvikvm(  559): WAIT_FOR_CONCURRENT_GC blocked 6ms
D/dalvikvm(  559): GC_CONCURRENT freed 765K, 14% free 5887K/6796K, paused 1ms+1ms, total 9ms
D/dalvikvm(  559): WAIT_FOR_CONCURRENT_GC blocked 4ms
D/dalvikvm(  559): GC_CONCURRENT freed 765K, 14% free 5887K/6796K, paused 0ms+1ms, total 12ms
D/dalvikvm(  559): WAIT_FOR_CONCURRENT_GC blocked 5ms
D/dalvikvm(  559): GC_CONCURRENT freed 766K, 14% free 5887K/6796K, paused 1ms+1ms, total 12ms
D/dalvikvm(  559): WAIT_FOR_CONCURRENT_GC blocked 6ms
D/dalvikvm(  559): GC_CONCURRENT freed 765K, 14% free 5887K/6796K, paused 1ms+1ms, total 12ms
D/dalvikvm(  559): WAIT_FOR_CONCURRENT_GC blocked 6ms
D/dalvikvm(  559): GC_CONCURRENT freed 766K, 14% free 5887K/6796K, paused 1ms+2ms, total 13ms
D/dalvikvm(  559): WAIT_FOR_CONCURRENT_GC blocked 5ms
D/dalvikvm(  559): GC_CONCURRENT freed 766K, 14% free 5887K/6796K, paused 1ms+1ms, total 11ms
D/dalvikvm(  559): WAIT_FOR_CONCURRENT_GC blocked 3ms
D/dalvikvm(  559): GC_CONCURRENT freed 766K, 14% free 5887K/6796K, paused 1ms+1ms, total 12ms
D/dalvikvm(  559): WAIT_FOR_CONCURRENT_GC blocked 4ms
D/dalvikvm(  559): GC_CONCURRENT freed 765K, 14% free 5887K/6796K, paused 1ms+1ms, total 12ms
D/dalvikvm(  559): WAIT_FOR_CONCURRENT_GC blocked 4ms
D/dalvikvm(  559): GC_CONCURRENT freed 756K, 14% free 5888K/6796K, paused 1ms+1ms, total 13ms
D/dalvikvm(  559): GC_CONCURRENT freed 767K, 14% free 5887K/6796K, paused 2ms+1ms, total 11ms
D/dalvikvm(  559): WAIT_FOR_CONCURRENT_GC blocked 4ms
D/dalvikvm(  559): GC_CONCURRENT freed 765K, 14% free 5887K/6796K, paused 0ms+1ms, total 10ms
D/dalvikvm(  559): WAIT_FOR_CONCURRENT_GC blocked 5ms
D/dalvikvm(  559): GC_CONCURRENT freed 765K, 14% free 5887K/6796K, paused 3ms+1ms, total 14ms
D/dalvikvm(  559): WAIT_FOR_CONCURRENT_GC blocked 6ms
D/dalvikvm(  559): GC_CONCURRENT freed 765K, 14% free 5887K/6796K, paused 1ms+2ms, total 13ms
D/dalvikvm(  559): WAIT_FOR_CONCURRENT_GC blocked 5ms
D/dalvikvm(  559): GC_CONCURRENT freed 640K, 14% free 5892K/6796K, paused 3ms+12ms, total 34ms
D/dalvikvm(  559): GC_CONCURRENT freed 771K, 14% free 5887K/6796K, paused 1ms+1ms, total 12ms
D/dalvikvm(  559): WAIT_FOR_CONCURRENT_GC blocked 4ms
D/dalvikvm(  559): GC_CONCURRENT freed 765K, 14% free 5887K/6796K, paused 7ms+9ms, total 60ms
D/dalvikvm(  559): WAIT_FOR_CONCURRENT_GC blocked 48ms
D/dalvikvm(  559): GC_CONCURRENT freed 765K, 14% free 5887K/6796K, paused 1ms+1ms, total 12ms
D/dalvikvm(  559): WAIT_FOR_CONCURRENT_GC blocked 4ms
D/dalvikvm(  559): GC_CONCURRENT freed 765K, 14% free 5887K/6796K, paused 2ms+16ms, total 65ms
D/dalvikvm(  559): WAIT_FOR_CONCURRENT_GC blocked 58ms
D/dalvikvm(  559): GC_CONCURRENT freed 672K, 14% free 5891K/6796K, paused 1ms+1ms, total 13ms
D/dalvikvm(  559): GC_CONCURRENT freed 771K, 14% free 5887K/6796K, paused 12ms+1ms, total 22ms
D/dalvikvm(  559): WAIT_FOR_CONCURRENT_GC blocked 4ms
D/dalvikvm(  559): GC_CONCURRENT freed 766K, 14% free 5887K/6796K, paused 1ms+1ms, total 10ms
D/dalvikvm(  559): WAIT_FOR_CONCURRENT_GC blocked 4ms
D/dalvikvm(  559): GC_CONCURRENT freed 706K, 14% free 5889K/6796K, paused 1ms+10ms, total 37ms
D/dalvikvm(  559): GC_CONCURRENT freed 768K, 14% free 5887K/6796K, paused 1ms+1ms, total 37ms
D/dalvikvm(  559): WAIT_FOR_CONCURRENT_GC blocked 31ms
D/dalvikvm(  559): GC_CONCURRENT freed 716K, 14% free 5891K/6796K, paused 0ms+1ms, total 21ms
D/dalvikvm(  559): GC_CONCURRENT freed 770K, 14% free 5888K/6796K, paused 1ms+1ms, total 12ms
D/dalvikvm(  559): WAIT_FOR_CONCURRENT_GC blocked 4ms
D/dalvikvm(  559): GC_CONCURRENT freed 766K, 14% free 5887K/6796K, paused 4ms+1ms, total 31ms
D/dalvikvm(  559): WAIT_FOR_CONCURRENT_GC blocked 22ms
D/dalvikvm(  559): GC_CONCURRENT freed 766K, 14% free 5887K/6796K, paused 3ms+1ms, total 14ms
D/dalvikvm(  559): WAIT_FOR_CONCURRENT_GC blocked 6ms
D/dalvikvm(  559): GC_CONCURRENT freed 727K, 14% free 5892K/6796K, paused 1ms+6ms, total 18ms
D/dalvikvm(  559): GC_CONCURRENT freed 771K, 14% free 5888K/6796K, paused 1ms+1ms, total 11ms
D/dalvikvm(  559): WAIT_FOR_CONCURRENT_GC blocked 20ms
D/dalvikvm(  559): GC_CONCURRENT freed 765K, 14% free 5888K/6796K, paused 2ms+1ms, total 39ms
D/dalvikvm(  559): WAIT_FOR_CONCURRENT_GC blocked 14ms
D/dalvikvm(  559): GC_CONCURRENT freed 765K, 14% free 5888K/6796K, paused 0ms+2ms, total 10ms
D/dalvikvm(  559): WAIT_FOR_CONCURRENT_GC blocked 5ms
D/dalvikvm(  559): GC_CONCURRENT freed 682K, 12% free 5985K/6796K, paused 2ms+20ms, total 42ms
D/dalvikvm(  559): GC_CONCURRENT freed 886K, 15% free 5888K/6900K, paused 1ms+1ms, total 13ms
D/dalvikvm(  559): WAIT_FOR_CONCURRENT_GC blocked 4ms
D/dalvikvm(  559): GC_CONCURRENT freed 765K, 15% free 5888K/6900K, paused 1ms+1ms, total 32ms
D/dalvikvm(  559): WAIT_FOR_CONCURRENT_GC blocked 27ms
D/dalvikvm(  559): GC_CONCURRENT freed 765K, 15% free 5888K/6900K, paused 1ms+2ms, total 13ms
D/dalvikvm(  559): WAIT_FOR_CONCURRENT_GC blocked 4ms
D/dalvikvm(  559): GC_CONCURRENT freed 644K, 15% free 5888K/6900K, paused 1ms+4ms, total 24ms
D/dalvikvm(  559): GC_CONCURRENT freed 693K, 15% free 5888K/6900K, paused 1ms+12ms, total 27ms
D/dalvikvm(  559): GC_CONCURRENT freed 766K, 15% free 5887K/6900K, paused 1ms+1ms, total 13ms
D/dalvikvm(  559): WAIT_FOR_CONCURRENT_GC blocked 5ms
D/dalvikvm(  559): GC_CONCURRENT freed 721K, 15% free 5893K/6900K, paused 1ms+1ms, total 14ms
D/dalvikvm(  559): GC_CONCURRENT freed 771K, 15% free 5888K/6900K, paused 1ms+1ms, total 14ms
D/dalvikvm(  559): WAIT_FOR_CONCURRENT_GC blocked 5ms
D/dalvikvm(  559): GC_CONCURRENT freed 765K, 15% free 5888K/6900K, paused 1ms+1ms, total 13ms
D/dalvikvm(  559): WAIT_FOR_CONCURRENT_GC blocked 5ms
D/dalvikvm(  559): GC_CONCURRENT freed 765K, 15% free 5888K/6900K, paused 1ms+2ms, total 11ms
D/dalvikvm(  559): WAIT_FOR_CONCURRENT_GC blocked 5ms
D/dalvikvm(  559): GC_CONCURRENT freed 765K, 15% free 5888K/6900K, paused 1ms+1ms, total 10ms
D/dalvikvm(  559): WAIT_FOR_CONCURRENT_GC blocked 4ms
D/dalvikvm(  559): GC_CONCURRENT freed 765K, 15% free 5888K/6900K, paused 1ms+1ms, total 10ms
D/dalvikvm(  559): WAIT_FOR_CONCURRENT_GC blocked 4ms
D/dalvikvm(  559): GC_CONCURRENT freed 765K, 15% free 5888K/6900K, paused 1ms+1ms, total 13ms
D/dalvikvm(  559): WAIT_FOR_CONCURRENT_GC blocked 5ms
D/dalvikvm(  559): GC_CONCURRENT freed 765K, 15% free 5888K/6900K, paused 1ms+1ms, total 12ms
D/dalvikvm(  559): WAIT_FOR_CONCURRENT_GC blocked 6ms
D/dalvikvm(  559): GC_CONCURRENT freed 765K, 15% free 5888K/6900K, paused 5ms+1ms, total 16ms
D/dalvikvm(  559): WAIT_FOR_CONCURRENT_GC blocked 5ms
D/dalvikvm(  559): GC_CONCURRENT freed 765K, 15% free 5888K/6900K, paused 0ms+1ms, total 10ms
D/dalvikvm(  559): WAIT_FOR_CONCURRENT_GC blocked 5ms
D/ConnectivityService(  559): [CheckMp] isMobileOk: X result=0
D/ConnectivityService(  559): [CheckMp] onPostExecute: result=0
D/ConnectivityService(  559): CheckMp.onComplete: result=0
D/ConnectivityService(  559): CheckMp.onComplete: ignore, connected or no connection
D/Genyd   (   77): Received Set Clipboard
D/Genymotion(   77): Received Set Clipboard
D/MobileDataStateTracker(  559): default: setPolicyDataEnable(enabled=true)
D/MobileDataStateTracker(  559): default: setPolicyDataEnable(enabled=true)
D/MobileDataStateTracker(  559): default: setPolicyDataEnable(enabled=true)
D/MobileDataStateTracker(  559): default: setPolicyDataEnable(enabled=true)
D/dalvikvm(  559): GC_CONCURRENT freed 639K, 12% free 5903K/6676K, paused 1ms+2ms, total 11ms
D/MobileDataStateTracker(  559): default: setPolicyDataEnable(enabled=true)
D/MobileDataStateTracker(  559): default: setPolicyDataEnable(enabled=true)
D/MobileDataStateTracker(  559): default: setPolicyDataEnable(enabled=true)
D/MobileDataStateTracker(  559): default: setPolicyDataEnable(enabled=true)
D/AndroidRuntime( 1439): 
D/AndroidRuntime( 1439): >>>>>> AndroidRuntime START com.android.internal.os.RuntimeInit <<<<<<
D/AndroidRuntime( 1439): CheckJNI is OFF
D/dalvikvm( 1439): Trying to load lib libjavacore.so 0x0
D/dalvikvm( 1439): Added shared lib libjavacore.so 0x0
D/dalvikvm( 1439): Trying to load lib libnativehelper.so 0x0
D/dalvikvm( 1439): Added shared lib libnativehelper.so 0x0
D/dalvikvm( 1439): No JNI_OnLoad found in libnativehelper.so 0x0, skipping init
D/dalvikvm( 1439): Note: class Landroid/app/ActivityManagerNative; has 179 unimplemented (abstract) methods
E/memtrack( 1439): Couldn't load memtrack module (No such file or directory)
E/android.os.Debug( 1439): failed to load memtrack module: -2
D/AndroidRuntime( 1439): Calling main entry com.android.commands.pm.Pm
I/ActivityManager(  559): Start proc com.android.defcontainer for service com.android.defcontainer/.DefaultContainerService: pid=1449 uid=10003 gids={50003, 1028, 1015, 1023, 2001, 1035}
W/ActivityManager(  559): No content provider found for permission revoke: file:///data/local/tmp/android-debug.apk
W/ActivityManager(  559): No content provider found for permission revoke: file:///data/local/tmp/android-debug.apk
I/PackageManager(  559): Copying native libraries to /data/app-lib/vmdl4517832
D/dalvikvm(  559): GC_FOR_ALLOC freed 357K, 10% free 6117K/6772K, paused 9ms, total 9ms
D/dalvikvm(  559): GC_FOR_ALLOC freed 233K, 12% free 6214K/7036K, paused 15ms, total 15ms
D/dalvikvm(  559): GC_CONCURRENT freed 399K, 8% free 6618K/7148K, paused 2ms+3ms, total 16ms
D/dalvikvm(  559): GC_CONCURRENT freed 1013K, 15% free 6543K/7688K, paused 1ms+2ms, total 11ms
D/dalvikvm(  559): WAIT_FOR_CONCURRENT_GC blocked 6ms
D/dalvikvm(  559): GC_CONCURRENT freed 911K, 15% free 6558K/7688K, paused 3ms+1ms, total 13ms
D/dalvikvm(  559): WAIT_FOR_CONCURRENT_GC blocked 6ms
D/dalvikvm(  559): GC_FOR_ALLOC freed 805K, 15% free 6552K/7688K, paused 9ms, total 9ms
D/dalvikvm(  559): GC_CONCURRENT freed 809K, 15% free 6566K/7688K, paused 1ms+1ms, total 10ms
D/dalvikvm(  559): WAIT_FOR_CONCURRENT_GC blocked 8ms
D/dalvikvm(  559): GC_CONCURRENT freed 818K, 15% free 6564K/7688K, paused 1ms+2ms, total 11ms
D/dalvikvm(  559): WAIT_FOR_CONCURRENT_GC blocked 11ms
I/ActivityManager(  559): Force stopping com.ionicframework.ionic2restauth891032 appid=10058 user=-1: uninstall pkg
D/dalvikvm(  559): GC_CONCURRENT freed 797K, 14% free 6624K/7688K, paused 2ms+2ms, total 23ms
I/PackageManager(  559): Package com.ionicframework.ionic2restauth891032 codePath changed from /data/app/com.ionicframework.ionic2restauth891032-1.apk to /data/app/com.ionicframework.ionic2restauth891032-2.apk; Retaining data and using new
I/PackageManager(  559): Running dexopt on: com.ionicframework.ionic2restauth891032
D/dalvikvm( 1463): DexOpt: load 6ms, verify+opt 18ms, 576100 bytes
W/PackageManager(  559): Code path for pkg : com.ionicframework.ionic2restauth891032 changing from /data/app/com.ionicframework.ionic2restauth891032-1.apk to /data/app/com.ionicframework.ionic2restauth891032-2.apk
W/PackageManager(  559): Resource path for pkg : com.ionicframework.ionic2restauth891032 changing from /data/app/com.ionicframework.ionic2restauth891032-1.apk to /data/app/com.ionicframework.ionic2restauth891032-2.apk
I/ActivityManager(  559): Force stopping com.ionicframework.ionic2restauth891032 appid=10058 user=-1: update pkg
I/ActivityManager(  559): Force stopping com.ionicframework.ionic2restauth891032 appid=10058 user=0: pkg removed
I/InputReader(  559): Reconfiguring input devices.  changes=0x00000010
I/PackageManager(  559):   Action: "android.intent.action.SENDTO"
D/dalvikvm(  738): GC_EXPLICIT freed 747K, 12% free 7543K/8488K, paused 1ms+1ms, total 15ms
I/PackageManager(  559):   Category: "android.intent.category.DEFAULT"
I/PackageManager(  559):   Scheme: "sms"
I/PackageManager(  559): Adding preferred activity ComponentInfo{com.android.mms/com.android.mms.ui.ComposeMessageActivity} for user 0 :
D/BackupManagerService(  559): Received broadcast Intent { act=android.intent.action.PACKAGE_REMOVED dat=package:com.ionicframework.ionic2restauth891032 flg=0x4000010 (has extras) }
I/PackageManager(  559):   Action: "android.intent.action.SENDTO"
I/PackageManager(  559):   Category: "android.intent.category.DEFAULT"
I/PackageManager(  559):   Scheme: "smsto"
I/PackageManager(  559): Adding preferred activity ComponentInfo{com.android.mms/com.android.mms.ui.ComposeMessageActivity} for user 0 :
D/dalvikvm(  725): GC_CONCURRENT freed 459K, 15% free 3429K/4012K, paused 1ms+0ms, total 6ms
D/BackupManagerService(  559): Received broadcast Intent { act=android.intent.action.PACKAGE_ADDED dat=package:com.ionicframework.ionic2restauth891032 flg=0x4000010 (has extras) }
V/BackupManagerService(  559): removePackageParticipantsLocked: uid=10058 #1
V/BackupManagerService(  559): addPackageParticipantsLocked: #1
I/InputReader(  559): Reconfiguring input devices.  changes=0x00000010
I/PackageManager(  559):   Action: "android.intent.action.SENDTO"
I/PackageManager(  559):   Category: "android.intent.category.DEFAULT"
I/PackageManager(  559):   Scheme: "mms"
I/PackageManager(  559): Adding preferred activity ComponentInfo{com.android.mms/com.android.mms.ui.ComposeMessageActivity} for user 0 :
I/InputReader(  559): Reconfiguring input devices.  changes=0x00000010
D/dalvikvm(  559): GC_EXPLICIT freed 1540K, 22% free 6028K/7696K, paused 6ms+2ms, total 22ms
D/AndroidRuntime( 1439): Shutting down VM
D/dalvikvm( 1439): GC_CONCURRENT freed 93K, 15% free 552K/648K, paused 2ms+0ms, total 3ms
I/PackageManager(  559):   Action: "android.intent.action.SENDTO"
I/PackageManager(  559):   Category: "android.intent.category.DEFAULT"
I/PackageManager(  559):   Scheme: "mmsto"
I/PackageManager(  559): Adding preferred activity ComponentInfo{com.android.mms/com.android.mms.ui.ComposeMessageActivity} for user 0 :
I/PackageManager(  559):   Action: "android.intent.action.SENDTO"
I/PackageManager(  559):   Category: "android.intent.category.DEFAULT"
I/PackageManager(  559):   Scheme: "sms"
I/PackageManager(  559): Adding preferred activity ComponentInfo{com.android.mms/com.android.mms.ui.ComposeMessageActivity} for user 0 :
I/PackageManager(  559):   Action: "android.intent.action.SENDTO"
I/PackageManager(  559):   Category: "android.intent.category.DEFAULT"
I/PackageManager(  559):   Scheme: "smsto"
I/ActivityManager(  559): Start proc com.android.gallery3d for broadcast com.android.gallery3d/.app.PackagesMonitor: pid=1469 uid=10032 gids={50032, 3003, 1028, 1015}
I/PackageManager(  559): Adding preferred activity ComponentInfo{com.android.mms/com.android.mms.ui.ComposeMessageActivity} for user 0 :
I/PackageManager(  559):   Action: "android.intent.action.SENDTO"
I/PackageManager(  559):   Category: "android.intent.category.DEFAULT"
I/PackageManager(  559):   Scheme: "mms"
I/PackageManager(  559): Adding preferred activity ComponentInfo{com.android.mms/com.android.mms.ui.ComposeMessageActivity} for user 0 :
D/dalvikvm(  725): GC_CONCURRENT freed 372K, 15% free 3473K/4064K, paused 0ms+1ms, total 4ms
D/dalvikvm(  725): WAIT_FOR_CONCURRENT_GC blocked 4ms
I/PackageManager(  559): Adding preferred activity ComponentInfo{com.android.mms/com.android.mms.ui.ComposeMessageActivity} for user 0 :
I/PackageManager(  559):   Action: "android.intent.action.SENDTO"
I/PackageManager(  559):   Category: "android.intent.category.DEFAULT"
I/PackageManager(  559):   Scheme: "mmsto"
W/RecognitionManagerService(  559): no available voice recognition services found for user 0
D/dalvikvm(  559): GC_CONCURRENT freed 781K, 22% free 6039K/7696K, paused 3ms+2ms, total 21ms
D/dalvikvm(  559): WAIT_FOR_CONCURRENT_GC blocked 14ms
I/PackageManager(  559):   Action: "android.intent.action.SENDTO"
I/PackageManager(  559):   Category: "android.intent.category.DEFAULT"
I/PackageManager(  559):   Scheme: "sms"
I/PackageManager(  559): Adding preferred activity ComponentInfo{com.android.mms/com.android.mms.ui.ComposeMessageActivity} for user 0 :
I/PackageManager(  559):   Action: "android.intent.action.SENDTO"
I/PackageManager(  559):   Category: "android.intent.category.DEFAULT"
I/PackageManager(  559):   Scheme: "smsto"
I/PackageManager(  559): Adding preferred activity ComponentInfo{com.android.mms/com.android.mms.ui.ComposeMessageActivity} for user 0 :
I/PackageManager(  559):   Action: "android.intent.action.SENDTO"
I/PackageManager(  559):   Category: "android.intent.category.DEFAULT"
I/PackageManager(  559):   Scheme: "mms"
I/PackageManager(  559): Adding preferred activity ComponentInfo{com.android.mms/com.android.mms.ui.ComposeMessageActivity} for user 0 :
I/PackageManager(  559):   Action: "android.intent.action.SENDTO"
I/PackageManager(  559):   Category: "android.intent.category.DEFAULT"
I/PackageManager(  559):   Scheme: "mmsto"
I/PackageManager(  559): Adding preferred activity ComponentInfo{com.android.mms/com.android.mms.ui.ComposeMessageActivity} for user 0 :
D/dalvikvm(  725): GC_CONCURRENT freed 425K, 16% free 3455K/4104K, paused 2ms+0ms, total 6ms
I/PackageManager(  559): Adding preferred activity ComponentInfo{com.android.mms/com.android.mms.ui.ComposeMessageActivity} for user 0 :
I/PackageManager(  559):   Action: "android.intent.action.SENDTO"
I/PackageManager(  559):   Category: "android.intent.category.DEFAULT"
I/PackageManager(  559):   Scheme: "sms"
I/PackageManager(  559):   Action: "android.intent.action.SENDTO"
I/PackageManager(  559):   Category: "android.intent.category.DEFAULT"
I/PackageManager(  559):   Scheme: "smsto"
I/PackageManager(  559): Adding preferred activity ComponentInfo{com.android.mms/com.android.mms.ui.ComposeMessageActivity} for user 0 :
I/PackageManager(  559):   Action: "android.intent.action.SENDTO"
I/PackageManager(  559):   Category: "android.intent.category.DEFAULT"
I/PackageManager(  559):   Scheme: "mms"
I/PackageManager(  559): Adding preferred activity ComponentInfo{com.android.mms/com.android.mms.ui.ComposeMessageActivity} for user 0 :
D/dalvikvm(  559): GC_CONCURRENT freed 650K, 20% free 6171K/7696K, paused 1ms+5ms, total 18ms
I/ActivityManager(  559): Start proc com.android.keychain for broadcast com.android.keychain/.KeyChainBroadcastReceiver: pid=1486 uid=1000 gids={41000, 1028, 1015, 3002, 3001, 3003}
I/PackageManager(  559):   Action: "android.intent.action.SENDTO"
I/PackageManager(  559):   Category: "android.intent.category.DEFAULT"
I/PackageManager(  559):   Scheme: "mmsto"
I/PackageManager(  559): Adding preferred activity ComponentInfo{com.android.mms/com.android.mms.ui.ComposeMessageActivity} for user 0 :
I/PackageManager(  559):   Action: "android.intent.action.SENDTO"
I/PackageManager(  559):   Category: "android.intent.category.DEFAULT"
I/PackageManager(  559):   Scheme: "sms"
I/PackageManager(  559): Adding preferred activity ComponentInfo{com.android.mms/com.android.mms.ui.ComposeMessageActivity} for user 0 :
I/ActivityManager(  559): Killing 805:com.android.music/u0a40 (adj 15): empty #17
I/PackageManager(  559):   Action: "android.intent.action.SENDTO"
I/PackageManager(  559):   Category: "android.intent.category.DEFAULT"
I/PackageManager(  559):   Scheme: "smsto"
W/MediaFocusControl(  559):   RemoteControlClient died
I/PackageManager(  559): Adding preferred activity ComponentInfo{com.android.mms/com.android.mms.ui.ComposeMessageActivity} for user 0 :
D/dalvikvm(  725): GC_CONCURRENT freed 418K, 16% free 3477K/4104K, paused 1ms+0ms, total 5ms
D/dalvikvm(  725): WAIT_FOR_CONCURRENT_GC blocked 3ms
I/PackageManager(  559):   Action: "android.intent.action.SENDTO"
I/PackageManager(  559):   Category: "android.intent.category.DEFAULT"
I/PackageManager(  559):   Scheme: "mms"
I/PackageManager(  559): Adding preferred activity ComponentInfo{com.android.mms/com.android.mms.ui.ComposeMessageActivity} for user 0 :
W/ContextImpl( 1486): Calling a method in the system process without a qualified user: android.app.ContextImpl.startService:1495 android.content.ContextWrapper.startService:494 android.content.ContextWrapper.startService:494 com.android.keychain.KeyChainBroadcastReceiver.onReceive:12 android.app.ActivityThread.handleReceiver:2407 
I/PackageManager(  559):   Action: "android.intent.action.SENDTO"
I/PackageManager(  559):   Category: "android.intent.category.DEFAULT"
I/PackageManager(  559):   Scheme: "mmsto"
I/PackageManager(  559): Adding preferred activity ComponentInfo{com.android.mms/com.android.mms.ui.ComposeMessageActivity} for user 0 :
I/PackageManager(  559):   Action: "android.intent.action.SENDTO"
I/PackageManager(  559):   Category: "android.intent.category.DEFAULT"
I/PackageManager(  559):   Scheme: "sms"
I/PackageManager(  559): Adding preferred activity ComponentInfo{com.android.mms/com.android.mms.ui.ComposeMessageActivity} for user 0 :
I/PackageManager(  559):   Action: "android.intent.action.SENDTO"
I/PackageManager(  559):   Category: "android.intent.category.DEFAULT"
I/PackageManager(  559):   Scheme: "smsto"
I/PackageManager(  559): Adding preferred activity ComponentInfo{com.android.mms/com.android.mms.ui.ComposeMessageActivity} for user 0 :
I/PackageManager(  559): Adding preferred activity ComponentInfo{com.android.mms/com.android.mms.ui.ComposeMessageActivity} for user 0 :
I/PackageManager(  559):   Action: "android.intent.action.SENDTO"
I/PackageManager(  559):   Category: "android.intent.category.DEFAULT"
I/PackageManager(  559):   Scheme: "mms"
I/ActivityManager(  559): Start proc com.svox.pico for broadcast com.svox.pico/.VoiceDataInstallerReceiver: pid=1505 uid=10047 gids={50047, 1028, 1015}
D/dalvikvm(  559): GC_CONCURRENT freed 893K, 21% free 6080K/7696K, paused 2ms+3ms, total 17ms
I/PackageManager(  559):   Action: "android.intent.action.SENDTO"
I/PackageManager(  559):   Category: "android.intent.category.DEFAULT"
I/PackageManager(  559):   Scheme: "mmsto"
I/PackageManager(  559): Adding preferred activity ComponentInfo{com.android.mms/com.android.mms.ui.ComposeMessageActivity} for user 0 :
I/ActivityManager(  559): Killing 753:com.android.printspooler/u0a48 (adj 15): empty #17
D/dalvikvm(  725): GC_CONCURRENT freed 429K, 16% free 3477K/4108K, paused 1ms+0ms, total 6ms
D/dalvikvm(  725): WAIT_FOR_CONCURRENT_GC blocked 5ms
D/dalvikvm(  559): GC_FOR_ALLOC freed 171K, 22% free 6027K/7696K, paused 9ms, total 9ms
I/dalvikvm-heap(  559): Grow heap (frag case) to 6.110MB for 106494-byte allocation
D/dalvikvm(  559): GC_FOR_ALLOC freed 77K, 23% free 6054K/7804K, paused 9ms, total 9ms
I/ActivityManager(  559): Killing 1001:com.android.dialer/u0a4 (adj 15): empty #17
D/dalvikvm(  559): GC_FOR_ALLOC freed 31K, 23% free 6060K/7804K, paused 10ms, total 10ms
I/dalvikvm-heap(  559): Grow heap (frag case) to 6.193MB for 159738-byte allocation
D/dalvikvm(  559): GC_FOR_ALLOC freed 106K, 24% free 6109K/7964K, paused 10ms, total 10ms
D/AndroidRuntime( 1521): 
D/AndroidRuntime( 1521): >>>>>> AndroidRuntime START com.android.internal.os.RuntimeInit <<<<<<
D/AndroidRuntime( 1521): CheckJNI is OFF
D/dalvikvm( 1521): Trying to load lib libjavacore.so 0x0
D/dalvikvm( 1521): Added shared lib libjavacore.so 0x0
D/dalvikvm( 1521): Trying to load lib libnativehelper.so 0x0
D/dalvikvm( 1521): Added shared lib libnativehelper.so 0x0
D/dalvikvm( 1521): No JNI_OnLoad found in libnativehelper.so 0x0, skipping init
D/dalvikvm( 1521): Note: class Landroid/app/ActivityManagerNative; has 179 unimplemented (abstract) methods
E/memtrack( 1521): Couldn't load memtrack module (No such file or directory)
E/android.os.Debug( 1521): failed to load memtrack module: -2
D/AndroidRuntime( 1521): Calling main entry com.android.commands.input.Input
I/Input   ( 1521): injectKeyEvent: KeyEvent { action=ACTION_DOWN, keyCode=KEYCODE_MENU, scanCode=0, metaState=0, flags=0x0, repeatCount=0, eventTime=479748, downTime=479748, deviceId=-1, source=0x101 }
I/Input   ( 1521): injectKeyEvent: KeyEvent { action=ACTION_UP, keyCode=KEYCODE_MENU, scanCode=0, metaState=0, flags=0x0, repeatCount=0, eventTime=479748, downTime=479748, deviceId=-1, source=0x101 }
D/dalvikvm(  738): GC_FOR_ALLOC freed 353K, 12% free 7662K/8648K, paused 3ms, total 3ms
I/dalvikvm-heap(  738): Grow heap (frag case) to 8.675MB for 1127532-byte allocation
D/dalvikvm(  738): GC_FOR_ALLOC freed <1K, 11% free 8762K/9752K, paused 3ms, total 3ms
D/AndroidRuntime( 1521): Shutting down VM
D/dalvikvm( 1521): GC_CONCURRENT freed 96K, 15% free 554K/652K, paused 0ms+0ms, total 1ms
I/AudioMixer(  195): found effect "Multichannel Downmix To Stereo" from The Android Open Source Project
W/genymotion_audio(  195): out_write() limiting sleep time 46802 to 39909
W/EGL_genymotion(  738): eglSurfaceAttrib not implemented
D/AndroidRuntime( 1533): 
D/AndroidRuntime( 1533): >>>>>> AndroidRuntime START com.android.internal.os.RuntimeInit <<<<<<
D/AndroidRuntime( 1533): CheckJNI is OFF
D/dalvikvm( 1533): Trying to load lib libjavacore.so 0x0
D/dalvikvm( 1533): Added shared lib libjavacore.so 0x0
D/dalvikvm( 1533): Trying to load lib libnativehelper.so 0x0
D/dalvikvm( 1533): Added shared lib libnativehelper.so 0x0
D/dalvikvm( 1533): No JNI_OnLoad found in libnativehelper.so 0x0, skipping init
D/dalvikvm( 1533): Note: class Landroid/app/ActivityManagerNative; has 179 unimplemented (abstract) methods
E/memtrack( 1533): Couldn't load memtrack module (No such file or directory)
E/android.os.Debug( 1533): failed to load memtrack module: -2
D/AndroidRuntime( 1533): Calling main entry com.android.commands.am.Am
I/ActivityManager(  559): START u0 {act=android.intent.action.MAIN flg=0x10000000 cmp=com.ionicframework.ionic2restauth891032/.MainActivity} from pid 1533
D/        (  192): HostConnection::get() New Host Connection established 0xb9136f70, tid 1542
D/        (  559): HostConnection::get() New Host Connection established 0xb7cc4380, tid 875
D/dalvikvm(  559): GC_FOR_ALLOC freed 35K, 23% free 6142K/7964K, paused 11ms, total 11ms
I/dalvikvm-heap(  559): Grow heap (frag case) to 6.483MB for 380492-byte allocation
D/dalvikvm(  559): GC_FOR_ALLOC freed <1K, 22% free 6513K/8336K, paused 13ms, total 13ms
D/dalvikvm(  559): GC_FOR_ALLOC freed 7K, 22% free 6521K/8336K, paused 12ms, total 12ms
I/dalvikvm-heap(  559): Grow heap (frag case) to 6.853MB for 380492-byte allocation
D/dalvikvm(  559): GC_FOR_ALLOC freed <1K, 21% free 6892K/8708K, paused 14ms, total 14ms
D/dalvikvm( 1549): Late-enabling CheckJNI
I/ActivityManager(  559): Start proc com.ionicframework.ionic2restauth891032 for activity com.ionicframework.ionic2restauth891032/.MainActivity: pid=1549 uid=10058 gids={50058, 3003}
D/        (  559): HostConnection::get() New Host Connection established 0xb7cecc28, tid 573
D/MobileDataStateTracker(  559): default: setPolicyDataEnable(enabled=true)
I/CordovaLog( 1549): Changing log level to DEBUG(3)
I/CordovaActivity( 1549): Apache Cordova native platform version 6.2.3 is starting
D/CordovaActivity( 1549): CordovaActivity.onCreate()
I/dalvikvm( 1549): Could not find method android.app.Activity.checkSelfPermission, referenced from method org.apache.cordova.CordovaInterfaceImpl.hasPermission
W/dalvikvm( 1549): VFY: unable to resolve virtual method 1: Landroid/app/Activity;.checkSelfPermission (Ljava/lang/String;)I
D/dalvikvm( 1549): VFY: replacing opcode 0x6e at 0x0009
I/dalvikvm( 1549): Could not find method android.app.Activity.requestPermissions, referenced from method org.apache.cordova.CordovaInterfaceImpl.requestPermissions
W/dalvikvm( 1549): VFY: unable to resolve virtual method 24: Landroid/app/Activity;.requestPermissions ([Ljava/lang/String;I)V
D/dalvikvm( 1549): VFY: replacing opcode 0x6e at 0x000a
V/WebViewChromiumFactoryProvider( 1549): Binding Chromium to main looper Looper (main, tid 1) {527d1f7c}
I/LibraryLoader( 1549): Expected native library version number "",actual native library version number ""
I/chromium( 1549): [INFO:library_loader_hooks.cc(116)] Chromium logging enabled: level = 0, default verbosity = 0
I/BrowserStartupController( 1549): Initializing chromium process, renderers=0
D/MobileDataStateTracker(  559): default: setPolicyDataEnable(enabled=true)
E/AudioManagerAndroid( 1549): BLUETOOTH permission is missing!
D/dalvikvm(  559): GC_FOR_ALLOC freed 104K, 21% free 6899K/8708K, paused 8ms, total 8ms
I/dalvikvm-heap(  559): Grow heap (frag case) to 6.980MB for 126828-byte allocation
D/dalvikvm(  559): GC_FOR_ALLOC freed <1K, 21% free 7023K/8832K, paused 10ms, total 10ms
D/libEGL  ( 1549): loaded /system/lib/egl/libEGL_genymotion.so
D/        ( 1549): HostConnection::get() New Host Connection established 0xb7bc40b0, tid 1549
D/libEGL  ( 1549): loaded /system/lib/egl/libGLESv1_CM_genymotion.so
D/libEGL  ( 1549): loaded /system/lib/egl/libGLESv2_genymotion.so
W/chromium( 1549): [WARNING:mailbox_synchronizer.cc(36)] MailboxSync not supported due to missing EGL image/fence support
D/dalvikvm( 1549): GC_FOR_ALLOC freed 94K, 7% free 3015K/3232K, paused 3ms, total 3ms
I/dalvikvm-heap( 1549): Grow heap (frag case) to 4.136MB for 1127532-byte allocation
D/dalvikvm( 1549): GC_FOR_ALLOC freed <1K, 6% free 4116K/4336K, paused 4ms, total 4ms
D/dalvikvm( 1549): GC_CONCURRENT freed <1K, 6% free 4115K/4336K, paused 1ms+0ms, total 4ms
I/ActivityManager(  559): Killing 1125:com.android.onetimeinitializer/u0a11 (adj 15): empty #17
W/chromium( 1549): [WARNING:proxy_service.cc(890)] PAC support disabled because there is no system implementation
I/dalvikvm( 1549): Could not find method android.webkit.CookieManager.setAcceptThirdPartyCookies, referenced from method org.apache.cordova.engine.SystemCookieManager.<init>
W/dalvikvm( 1549): VFY: unable to resolve virtual method 219: Landroid/webkit/CookieManager;.setAcceptThirdPartyCookies (Landroid/webkit/WebView;Z)V
D/dalvikvm( 1549): VFY: replacing opcode 0x6e at 0x001b
I/dalvikvm( 1549): Could not find method android.webkit.CookieManager.flush, referenced from method org.apache.cordova.engine.SystemCookieManager.flush
W/dalvikvm( 1549): VFY: unable to resolve virtual method 213: Landroid/webkit/CookieManager;.flush ()V
D/dalvikvm( 1549): VFY: replacing opcode 0x6e at 0x0008
W/dalvikvm( 1549): VFY: unable to find class referenced in signature (Landroid/webkit/ClientCertRequest;)
W/dalvikvm( 1549): VFY: unable to find class referenced in signature (Landroid/webkit/ClientCertRequest;)
I/dalvikvm( 1549): Could not find method android.webkit.WebViewClient.onReceivedClientCertRequest, referenced from method org.apache.cordova.engine.SystemWebViewClient.onReceivedClientCertRequest
W/dalvikvm( 1549): VFY: unable to resolve virtual method 274: Landroid/webkit/WebViewClient;.onReceivedClientCertRequest (Landroid/webkit/WebView;Landroid/webkit/ClientCertRequest;)V
D/dalvikvm( 1549): VFY: replacing opcode 0x6f at 0x001a
W/dalvikvm( 1549): VFY: unable to find class referenced in signature (Landroid/webkit/PermissionRequest;)
I/dalvikvm( 1549): Could not find method android.webkit.PermissionRequest.getResources, referenced from method org.apache.cordova.engine.SystemWebChromeClient.onPermissionRequest
W/dalvikvm( 1549): VFY: unable to resolve virtual method 230: Landroid/webkit/PermissionRequest;.getResources ()[Ljava/lang/String;
D/dalvikvm( 1549): VFY: replacing opcode 0x6e at 0x000d
I/dalvikvm( 1549): Could not find method android.webkit.WebChromeClient$FileChooserParams.createIntent, referenced from method org.apache.cordova.engine.SystemWebChromeClient.onShowFileChooser
W/dalvikvm( 1549): VFY: unable to resolve virtual method 235: Landroid/webkit/WebChromeClient$FileChooserParams;.createIntent ()Landroid/content/Intent;
D/dalvikvm( 1549): VFY: replacing opcode 0x6e at 0x0000
D/SystemWebViewEngine( 1549): CordovaWebView is running on device made by: Genymotion
D/PluginManager( 1549): init()
D/dalvikvm( 1549): GC_FOR_ALLOC freed 1295K, 33% free 2957K/4376K, paused 3ms, total 3ms
I/dalvikvm-heap( 1549): Grow heap (frag case) to 6.520MB for 3686412-byte allocation
D/dalvikvm( 1549): GC_CONCURRENT freed 1K, 18% free 6556K/7980K, paused 0ms+1ms, total 3ms
D/dalvikvm( 1549): GC_FOR_ALLOC freed 19K, 16% free 6774K/7980K, paused 3ms, total 3ms
I/dalvikvm-heap( 1549): Grow heap (frag case) to 7.807MB for 1127532-byte allocation
D/dalvikvm( 1549): GC_FOR_ALLOC freed 1K, 14% free 7874K/9084K, paused 2ms, total 2ms
D/CordovaWebViewImpl( 1549): >>> loadUrl(file:///android_asset/www/index.html)
D/CordovaActivity( 1549): Started the activity.
D/CordovaActivity( 1549): Resumed the activity.
I/Choreographer( 1549): Skipped 74 frames!  The application may be doing too much work on its main thread.
W/EGL_genymotion( 1549): eglSurfaceAttrib not implemented
E/OpenGLRenderer( 1549): Getting MAX_TEXTURE_SIZE from GradienCache
E/OpenGLRenderer( 1549): MAX_TEXTURE_SIZE: 16384
E/OpenGLRenderer( 1549): Getting MAX_TEXTURE_SIZE from Caches::initConstraints()
E/OpenGLRenderer( 1549): MAX_TEXTURE_SIZE: 16384
D/OpenGLRenderer( 1549): Enabling debug mode 0
W/EGL_genymotion( 1549): eglSurfaceAttrib not implemented
W/EGL_genymotion( 1549): eglSurfaceAttrib not implemented
I/WindowManager(  559): Switching to real app window: Window{52970bdc u0 com.ionicframework.ionic2restauth891032/com.ionicframework.ionic2restauth891032.MainActivity}
D/MobileDataStateTracker(  559): default: setPolicyDataEnable(enabled=true)
D/        (  192): HostConnection::get() New Host Connection established 0xb9130b08, tid 1543
I/ActivityManager(  559): Displayed com.ionicframework.ionic2restauth891032/.MainActivity: +7s282ms
D/AndroidRuntime( 1533): Shutting down VM
D/dalvikvm( 1533): GC_CONCURRENT freed 96K, 15% free 579K/680K, paused 0ms+0ms, total 1ms
W/InputMethodManagerService(  559): Window already focused, ignoring focus gain of: com.android.internal.view.IInputMethodClient$Stub$Proxy@528dc24c attribute=null, token = android.os.BinderProxy@5281c0f4
W/SurfaceFlinger(  192): couldn't log to binary event log: overflow.
W/SurfaceFlinger(  192): couldn't log to binary event log: overflow.
D/CordovaWebViewImpl( 1549): onPageDidNavigate(file:///android_asset/www/index.html)
D/JsMessageQueue( 1549): Set native->JS mode to EvalBridgeMode
D/NetworkManager( 1549): toLower : wifi
D/NetworkManager( 1549): wifi : wifi
D/NetworkManager( 1549): Connection Type: wifi
D/NetworkManager( 1549): Connection Extra Info: "WiredSSID"
I/chromium( 1549): [INFO:async_pixel_transfer_manager_android.cc(60)] Async pixel transfers not supported
I/chromium( 1549): [INFO:async_pixel_transfer_manager_android.cc(60)] Async pixel transfers not supported
D/NetworkManager( 1549): toLower : wifi
D/NetworkManager( 1549): wifi : wifi
D/NetworkManager( 1549): Connection Type: wifi
D/NetworkManager( 1549): Connection Extra Info: "WiredSSID"
D/MobileDataStateTracker(  559): default: setPolicyDataEnable(enabled=true)
D/MobileDataStateTracker(  559): default: setPolicyDataEnable(enabled=true)
D/CordovaWebViewImpl( 1549): onPageFinished(file:///android_asset/www/index.html)
D/SystemWebChromeClient( 1549): file:///android_asset/www/build/main.js: Line 38337 : tabs.ts.20:null
I/chromium( 1549): [INFO:CONSOLE(38337)] "tabs.ts.20:null", source: file:///android_asset/www/build/main.js (38337)
D/SystemWebChromeClient( 1549): file:///android_asset/www/build/main.js: Line 38339 : tabs.ts.22
I/chromium( 1549): [INFO:CONSOLE(38339)] "tabs.ts.22", source: file:///android_asset/www/build/main.js (38339)
D/SystemWebChromeClient( 1549): file:///android_asset/www/build/main.js: Line 2534 : Angular 2 is running in the development mode. Call enableProdMode() to enable the production mode.
I/chromium( 1549): [INFO:CONSOLE(2534)] "Angular 2 is running in the development mode. Call enableProdMode() to enable the production mode.", source: file:///android_asset/www/build/main.js (2534)
D/SystemWebChromeClient( 1549): file:///android_asset/www/build/main.js: Line 107946 : DEVICE READY FIRED AFTER
I/chromium( 1549): [INFO:CONSOLE(107946)] "DEVICE READY FIRED AFTER", source: file:///android_asset/www/build/main.js (107946)
I/App     ( 1549): WARNING: Back Button Default Behavior will be overridden.  The backbutton event will be fired!
D/GeolocationPlugin( 1549): We are entering execute
D/MobileDataStateTracker(  559): default: setPolicyDataEnable(enabled=true)
D/MobileDataStateTracker(  559): default: setPolicyDataEnable(enabled=true)
D/SystemWebChromeClient( 1549): file:///android_asset/www/build/main.js: Line 100266 : app.components.ts.18
I/chromium( 1549): [INFO:CONSOLE(100266)] "app.components.ts.18", source: file:///android_asset/www/build/main.js (100266)
D/SystemWebChromeClient( 1549): file:///android_asset/www/build/main.js: Line 100269 : app.components.ts.21
I/chromium( 1549): [INFO:CONSOLE(100269)] "app.components.ts.21", source: file:///android_asset/www/build/main.js (100269)
D/SystemWebChromeClient( 1549): file:///android_asset/www/build/main.js: Line 335 : Angular 1 was detected but $q couldn't be retrieved. This is usually when the app is not bootstrapped on the html or body tag. Falling back to native promises which won't trigger an automatic digest when promises resolve.
I/chromium( 1549): [INFO:CONSOLE(335)] "Angular 1 was detected but $q couldn't be retrieved. This is usually when the app is not bootstrapped on the html or body tag. Falling back to native promises which won't trigger an automatic digest when promises resolve.", source: file:///android_asset/www/build/main.js (335)
D/SystemWebChromeClient( 1549): file:///android_asset/www/build/main.js: Line 100286 : app.components.45 Device UUid:
I/chromium( 1549): [INFO:CONSOLE(100286)] "app.components.45 Device UUid:", source: file:///android_asset/www/build/main.js (100286)
D/SystemWebChromeClient( 1549): file:///android_asset/www/build/main.js: Line 100287 : app.components.46 Device cordova is: 6.2.3
I/chromium( 1549): [INFO:CONSOLE(100287)] "app.components.46 Device cordova is: 6.2.3", source: file:///android_asset/www/build/main.js (100287)
D/SystemWebChromeClient( 1549): file:///android_asset/www/build/main.js: Line 100288 : app.components.47 Device model is: Custom Phone - 4.4.4 - API 19 - 768x1280
I/chromium( 1549): [INFO:CONSOLE(100288)] "app.components.47 Device model is: Custom Phone - 4.4.4 - API 19 - 768x1280", source: file:///android_asset/www/build/main.js (100288)
D/SystemWebChromeClient( 1549): file:///android_asset/www/build/main.js: Line 100289 : app.components.48 Device platform is: Android
I/chromium( 1549): [INFO:CONSOLE(100289)] "app.components.48 Device platform is: Android", source: file:///android_asset/www/build/main.js (100289)
D/SystemWebChromeClient( 1549): file:///android_asset/www/build/main.js: Line 100290 : app.components.49 Device OS version is: 4.4.4
I/chromium( 1549): [INFO:CONSOLE(100290)] "app.components.49 Device OS version is: 4.4.4", source: file:///android_asset/www/build/main.js (100290)
D/SystemWebChromeClient( 1549): file:///android_asset/www/build/main.js: Line 100291 : app.components.50 Device manufacturer is: Genymotion
I/chromium( 1549): [INFO:CONSOLE(100291)] "app.components.50 Device manufacturer is: Genymotion", source: file:///android_asset/www/build/main.js (100291)
D/SystemWebChromeClient( 1549): file:///android_asset/www/build/main.js: Line 100292 : app.components.51 Device serial is: unknown
I/chromium( 1549): [INFO:CONSOLE(100292)] "app.components.51 Device serial is: unknown", source: file:///android_asset/www/build/main.js (100292)
D/SystemWebChromeClient( 1549): file:///android_asset/www/build/main.js: Line 100293 : app.components.52 Device isVirtual: true
I/chromium( 1549): [INFO:CONSOLE(100293)] "app.components.52 Device isVirtual: true", source: file:///android_asset/www/build/main.js (100293)
D/SystemWebChromeClient( 1549): file:///android_asset/www/build/main.js: Line 56658 : home.ts.41 cordova
I/chromium( 1549): [INFO:CONSOLE(56658)] "home.ts.41 cordova", source: file:///android_asset/www/build/main.js (56658)
D/SystemWebChromeClient( 1549): file:///android_asset/www/build/main.js: Line 56659 : home.ts.42 cordova, mobile, android true
I/chromium( 1549): [INFO:CONSOLE(56659)] "home.ts.42 cordova, mobile, android true", source: file:///android_asset/www/build/main.js (56659)
D/SystemWebChromeClient( 1549): file:///android_asset/www/build/main.js: Line 100276 : Net:wifi
I/chromium( 1549): [INFO:CONSOLE(100276)] "Net:wifi", source: file:///android_asset/www/build/main.js (100276)
D/SystemWebChromeClient( 1549): file:///android_asset/www/build/main.js: Line 100279 : Battery:
I/chromium( 1549): [INFO:CONSOLE(100279)] "Battery:", source: file:///android_asset/www/build/main.js (100279)
D/MobileDataStateTracker(  559): default: setPolicyDataEnable(enabled=true)
D/MobileDataStateTracker(  559): default: setPolicyDataEnable(enabled=true)
D/MobileDataStateTracker(  559): default: setPolicyDataEnable(enabled=true)
I/Choreographer( 1549): Skipped 33 frames!  The application may be doing too much work on its main thread.
D/MobileDataStateTracker(  559): default: setPolicyDataEnable(enabled=true)
D/MobileDataStateTracker(  559): default: setPolicyDataEnable(enabled=true)
D/MobileDataStateTracker(  559): default: setPolicyDataEnable(enabled=true)
D/MobileDataStateTracker(  559): default: setPolicyDataEnable(enabled=true)
D/MobileDataStateTracker(  559): default: setPolicyDataEnable(enabled=true)
D/MobileDataStateTracker(  559): default: setPolicyDataEnable(enabled=true)
D/MobileDataStateTracker(  559): default: setPolicyDataEnable(enabled=true)
D/MobileDataStateTracker(  559): default: setPolicyDataEnable(enabled=true)
D/dalvikvm(  559): GC_CONCURRENT freed 1180K, 24% free 6765K/8824K, paused 1ms+2ms, total 14ms
D/MobileDataStateTracker(  559): default: setPolicyDataEnable(enabled=true)
D/MobileDataStateTracker(  559): default: setPolicyDataEnable(enabled=true)
D/MobileDataStateTracker(  559): default: setPolicyDataEnable(enabled=true)
D/MobileDataStateTracker(  559): default: setPolicyDataEnable(enabled=true)
D/MobileDataStateTracker(  559): default: setPolicyDataEnable(enabled=true)
D/MobileDataStateTracker(  559): default: setPolicyDataEnable(enabled=true)
D/MobileDataStateTracker(  559): default: setPolicyDataEnable(enabled=true)
D/MobileDataStateTracker(  559): default: setPolicyDataEnable(enabled=true)
D/MobileDataStateTracker(  559): default: setPolicyDataEnable(enabled=true)
D/MobileDataStateTracker(  559): default: setPolicyDataEnable(enabled=true)
D/MobileDataStateTracker(  559): default: setPolicyDataEnable(enabled=true)
D/MobileDataStateTracker(  559): default: setPolicyDataEnable(enabled=true)
D/MobileDataStateTracker(  559): default: setPolicyDataEnable(enabled=true)
D/MobileDataStateTracker(  559): default: setPolicyDataEnable(enabled=true)
D/MobileDataStateTracker(  559): default: setPolicyDataEnable(enabled=true)
D/MobileDataStateTracker(  559): default: setPolicyDataEnable(enabled=true)
D/MobileDataStateTracker(  559): default: setPolicyDataEnable(enabled=true)
D/MobileDataStateTracker(  559): default: setPolicyDataEnable(enabled=true)
D/dalvikvm(  559): GC_CONCURRENT freed 914K, 23% free 6743K/8700K, paused 1ms+1ms, total 15ms
D/MobileDataStateTracker(  559): default: setPolicyDataEnable(enabled=true)
D/MobileDataStateTracker(  559): default: setPolicyDataEnable(enabled=true)
D/MobileDataStateTracker(  559): default: setPolicyDataEnable(enabled=true)
D/SystemWebChromeClient( 1549): file:///android_asset/www/build/main.js: Line 38254 : login.ts.20 doLogin() {"username":"ac","password":"ac"}
I/chromium( 1549): [INFO:CONSOLE(38254)] "login.ts.20 doLogin() {"username":"ac","password":"ac"}", source: file:///android_asset/www/build/main.js (38254)
D/SystemWebChromeClient( 1549): file:///android_asset/www/build/main.js: Line 25729 : auth-services.ts.13 login({"username":"ac","password":"ac"})
I/chromium( 1549): [INFO:CONSOLE(25729)] "auth-services.ts.13 login({"username":"ac","password":"ac"})", source: file:///android_asset/www/build/main.js (25729)
D/MobileDataStateTracker(  559): default: setPolicyDataEnable(enabled=true)
D/MobileDataStateTracker(  559): default: setPolicyDataEnable(enabled=true)
D/SystemWebChromeClient( 1549): : Line 0 : event.returnValue is deprecated. Please use the standard event.preventDefault() instead.
I/chromium( 1549): [INFO:CONSOLE(0)] "event.returnValue is deprecated. Please use the standard event.preventDefault() instead.", source:  (0)
D/MobileDataStateTracker(  559): default: setPolicyDataEnable(enabled=true)
D/MobileDataStateTracker(  559): default: setPolicyDataEnable(enabled=true)
D/SystemWebChromeClient( 1549): file:///android_asset/www/build/main.js: Line 25735 : auth-services.ts.20 login(res:Response with status: 200 OK for URL: http://192.168.1.35:1880/login)
I/chromium( 1549): [INFO:CONSOLE(25735)] "auth-services.ts.20 login(res:Response with status: 200 OK for URL: http://192.168.1.35:1880/login)", source: file:///android_asset/www/build/main.js (25735)
