I/FFMPEG  (  474):       creation_time   : 1970-01-01 00:00:00
I/FFMPEG  (  474):       handler_name    : SoundHandler
I/FFmpegExtractor(  474): FFmpegExtrator, url: android-source:0xb950ed48, format_name: mov,mp4,m4a,3gp,3g2,mj2, format_long_name: QuickTime / MOV
I/FFmpegExtractor(  474): list the formats suppoted by ffmpeg: 
I/FFmpegExtractor(  474): ========================================
I/FFmpegExtractor(  474): ========================================
D/FFmpegExtractor(  474): suppoted codec(h264) by official Stagefright
D/FFmpegExtractor(  474): suppoted codec(aac) by official Stagefright
D/FFMPEG  (  474): android source close
I/FFmpegExtractor(  474): sniff through BetterSniffFFMPEG success
D/FFmpegExtractor(  474): ffmpeg detected media content as 'video/mp4' with confidence 0.08
I/FFmpegExtractor(  474): support container: video/mp4, but it is caching data source, Don't use ffmpegextractor
I/FFMPEG  (  474): Input #0, mov,mp4,m4a,3gp,3g2,mj2, from 'android-source:0xb951c668':
I/FFMPEG  (  474):   Metadata:
I/FFMPEG  (  474):     major_brand     : M4V 
I/FFMPEG  (  474):     minor_version   : 512
I/FFMPEG  (  474):     compatible_brands: isomiso2avc1
I/FFMPEG  (  474):     creation_time   : 1970-01-01 00:00:00
I/FFMPEG  (  474):     encoder         : Lavf52.36.0
I/FFMPEG  (  474):   Duration: 00:10:53.88, start: 0.000000, bitrate: 614 kb/s
I/FFMPEG  (  474):     Stream #0:0(und): Video: h264 (Constrained Baseline) (avc1 / 0x31637661), yuv420p, 480x270 [SAR 1:1 DAR 16:9], 522 kb/s, 24 fps, 24 tbr, 24 tbn, 48 tbc (default)
I/FFMPEG  (  474):     Metadata:
I/FFMPEG  (  474):       creation_time   : 1970-01-01 00:00:00
I/FFMPEG  (  474):       handler_name    : VideoHandler
I/FFMPEG  (  474):     Stream #0:1(und): Audio: aac (mp4a / 0x6134706D), 44100 Hz, stereo, fltp, 87 kb/s (default)
I/FFMPEG  (  474):     Metadata:
I/FFMPEG  (  474):       creation_time   : 1970-01-01 00:00:00
I/FFMPEG  (  474):       handler_name    : SoundHandler
I/FFmpegExtractor(  474): FFmpegExtrator, url: android-source:0xb951c668, format_name: mov,mp4,m4a,3gp,3g2,mj2, format_long_name: QuickTime / MOV
I/FFmpegExtractor(  474): list the formats suppoted by ffmpeg: 
I/FFmpegExtractor(  474): ========================================
I/FFmpegExtractor(  474): ========================================
D/FFmpegExtractor(  474): suppoted codec(h264) by official Stagefright
D/FFmpegExtractor(  474): suppoted codec(aac) by official Stagefright
D/FFMPEG  (  474): android source close
I/FFmpegExtractor(  474): sniff through BetterSniffFFMPEG success
D/FFmpegExtractor(  474): ffmpeg detected media content as 'video/mp4' with confidence 0.08
I/FFmpegExtractor(  474): support container: video/mp4, but it is caching data source, Don't use ffmpegextractor
I/MediaFocusControl(  535):  AudioFocus  requestAudioFocus() from android.media.AudioManager@527d51d4com.android.org.chromium.media.MediaPlayerListener@5287d150
D/MediaPlayer( 2151): Couldn't open file on client side, trying server side
I/AwesomePlayer(  474): setDataSource_l(URL suppressed)
I/FFMPEG  (  474): Input #0, mov,mp4,m4a,3gp,3g2,mj2, from 'android-source:0xb95c1088':
I/FFMPEG  (  474):   Metadata:
I/FFMPEG  (  474):     major_brand     : M4V 
I/FFMPEG  (  474):     minor_version   : 512
I/FFMPEG  (  474):     compatible_brands: isomiso2avc1
I/FFMPEG  (  474):     creation_time   : 1970-01-01 00:00:00
I/FFMPEG  (  474):     encoder         : Lavf52.36.0
I/FFMPEG  (  474):   Duration: 00:10:53.88, start: 0.000000, bitrate: 614 kb/s
I/FFMPEG  (  474):     Stream #0:0(und): Video: h264 (Constrained Baseline) (avc1 / 0x31637661), yuv420p, 480x270 [SAR 1:1 DAR 16:9], 522 kb/s, 24 fps, 24 tbr, 24 tbn, 48 tbc (default)
I/FFMPEG  (  474):     Metadata:
I/FFMPEG  (  474):       creation_time   : 1970-01-01 00:00:00
I/FFMPEG  (  474):       handler_name    : VideoHandler
I/FFMPEG  (  474):     Stream #0:1(und): Audio: aac (mp4a / 0x6134706D), 44100 Hz, stereo, fltp, 87 kb/s (default)
I/FFMPEG  (  474):     Metadata:
I/FFMPEG  (  474):       creation_time   : 1970-01-01 00:00:00
I/FFMPEG  (  474):       handler_name    : SoundHandler
I/FFmpegExtractor(  474): FFmpegExtrator, url: android-source:0xb95c1088, format_name: mov,mp4,m4a,3gp,3g2,mj2, format_long_name: QuickTime / MOV
I/FFmpegExtractor(  474): list the formats suppoted by ffmpeg: 
I/FFmpegExtractor(  474): ========================================
I/FFmpegExtractor(  474): ========================================
D/FFmpegExtractor(  474): suppoted codec(h264) by official Stagefright
D/FFmpegExtractor(  474): suppoted codec(aac) by official Stagefright
D/FFMPEG  (  474): android source close
I/FFmpegExtractor(  474): sniff through BetterSniffFFMPEG success
D/FFmpegExtractor(  474): ffmpeg detected media content as 'video/mp4' with confidence 0.08
I/FFmpegExtractor(  474): support container: video/mp4, but it is caching data source, Don't use ffmpegextractor
I/MediaFocusControl(  535):  AudioFocus  requestAudioFocus() from android.media.AudioManager@527d51d4com.android.org.chromium.media.MediaPlayerListener@5287e958
D/MediaPlayer( 2151): Couldn't open file on client side, trying server side
I/AwesomePlayer(  474): setDataSource_l(URL suppressed)
I/MediaFocusControl(  535):  AudioFocus  requestAudioFocus() from android.media.AudioManager@527d51d4com.android.org.chromium.media.MediaPlayerListener@5287f8d4
D/MediaPlayer( 2151): Couldn't open file on client side, trying server side
I/AwesomePlayer(  474): setDataSource_l(URL suppressed)
I/FFmpegExtractor(  474): android-source:0xb95c3948
D/FFMPEG  (  474): android source begin open
D/FFMPEG  (  474): android open, url: android-source:0xb95c3948
D/FFMPEG  (  474): ffmpeg open android data source success, source ptr: 0xb95c3948
D/FFMPEG  (  474): android source open success
I/FFmpegExtractor(  474): android-source:0xb9ae8950
D/FFMPEG  (  474): android source begin open
D/FFMPEG  (  474): android open, url: android-source:0xb9ae8950
D/FFMPEG  (  474): ffmpeg open android data source success, source ptr: 0xb9ae8950
D/FFMPEG  (  474): android source open success
I/FFmpegExtractor(  474): android-source:0xb95275a0
D/FFMPEG  (  474): android source begin open
D/FFMPEG  (  474): android open, url: android-source:0xb95275a0
D/FFMPEG  (  474): ffmpeg open android data source success, source ptr: 0xb95275a0
D/FFMPEG  (  474): android source open success
I/FFMPEG  (  474): Input #0, mov,mp4,m4a,3gp,3g2,mj2, from 'android-source:0xb95275a0':
I/FFMPEG  (  474):   Metadata:
I/FFMPEG  (  474):     major_brand     : M4V 
I/FFMPEG  (  474):     minor_version   : 512
I/FFMPEG  (  474):     compatible_brands: isomiso2avc1
I/FFMPEG  (  474):     creation_time   : 1970-01-01 00:00:00
I/FFMPEG  (  474):     encoder         : Lavf52.36.0
I/FFMPEG  (  474):   Duration: 00:10:53.88, start: 0.000000, bitrate: 614 kb/s
I/FFMPEG  (  474):     Stream #0:0(und): Video: h264 (Constrained Baseline) (avc1 / 0x31637661), yuv420p, 480x270 [SAR 1:1 DAR 16:9], 522 kb/s, 24 fps, 24 tbr, 24 tbn, 48 tbc (default)
I/FFMPEG  (  474):     Metadata:
I/FFMPEG  (  474):       creation_time   : 1970-01-01 00:00:00
I/FFMPEG  (  474):       handler_name    : VideoHandler
I/FFMPEG  (  474):     Stream #0:1(und): Audio: aac (mp4a / 0x6134706D), 44100 Hz, stereo, fltp, 87 kb/s (default)
I/FFMPEG  (  474):     Metadata:
I/FFMPEG  (  474):       creation_time   : 1970-01-01 00:00:00
I/FFMPEG  (  474):       handler_name    : SoundHandler
I/FFmpegExtractor(  474): FFmpegExtrator, url: android-source:0xb95275a0, format_name: mov,mp4,m4a,3gp,3g2,mj2, format_long_name: QuickTime / MOV
I/FFmpegExtractor(  474): list the formats suppoted by ffmpeg: 
I/FFmpegExtractor(  474): ========================================
I/FFmpegExtractor(  474): ========================================
D/FFmpegExtractor(  474): suppoted codec(h264) by official Stagefright
D/FFmpegExtractor(  474): suppoted codec(aac) by official Stagefright
D/FFMPEG  (  474): android source close
I/FFmpegExtractor(  474): sniff through BetterSniffFFMPEG success
D/FFmpegExtractor(  474): ffmpeg detected media content as 'video/mp4' with confidence 0.08
I/FFmpegExtractor(  474): support container: video/mp4, but it is caching data source, Don't use ffmpegextractor
I/FFMPEG  (  474): Input #0, mov,mp4,m4a,3gp,3g2,mj2, from 'android-source:0xb9ae8950':
I/FFMPEG  (  474):   Metadata:
I/FFMPEG  (  474):     major_brand     : M4V 
I/FFMPEG  (  474):     minor_version   : 512
I/FFMPEG  (  474):     compatible_brands: isomiso2avc1
I/FFMPEG  (  474):     creation_time   : 1970-01-01 00:00:00
I/FFMPEG  (  474):     encoder         : Lavf52.36.0
I/FFMPEG  (  474):   Duration: 00:10:53.88, start: 0.000000, bitrate: 614 kb/s
I/FFMPEG  (  474):     Stream #0:0(und): Video: h264 (Constrained Baseline) (avc1 / 0x31637661), yuv420p, 480x270 [SAR 1:1 DAR 16:9], 522 kb/s, 24 fps, 24 tbr, 24 tbn, 48 tbc (default)
I/FFMPEG  (  474):     Metadata:
I/FFMPEG  (  474):       creation_time   : 1970-01-01 00:00:00
I/FFMPEG  (  474):       handler_name    : VideoHandler
I/FFMPEG  (  474):     Stream #0:1(und): Audio: aac (mp4a / 0x6134706D), 44100 Hz, stereo, fltp, 87 kb/s (default)
I/FFMPEG  (  474):     Metadata:
I/FFMPEG  (  474):       creation_time   : 1970-01-01 00:00:00
I/FFMPEG  (  474):       handler_name    : SoundHandler
I/FFmpegExtractor(  474): FFmpegExtrator, url: android-source:0xb9ae8950, format_name: mov,mp4,m4a,3gp,3g2,mj2, format_long_name: QuickTime / MOV
I/FFmpegExtractor(  474): list the formats suppoted by ffmpeg: 
I/FFmpegExtractor(  474): ========================================
I/FFmpegExtractor(  474): ========================================
D/FFmpegExtractor(  474): suppoted codec(h264) by official Stagefright
D/FFmpegExtractor(  474): suppoted codec(aac) by official Stagefright
D/FFMPEG  (  474): android source close
I/FFmpegExtractor(  474): sniff through BetterSniffFFMPEG success
D/FFmpegExtractor(  474): ffmpeg detected media content as 'video/mp4' with confidence 0.08
I/FFmpegExtractor(  474): support container: video/mp4, but it is caching data source, Don't use ffmpegextractor
I/FFMPEG  (  474): Input #0, mov,mp4,m4a,3gp,3g2,mj2, from 'android-source:0xb95c3948':
I/FFMPEG  (  474):   Metadata:
I/FFMPEG  (  474):     major_brand     : M4V 
I/FFMPEG  (  474):     minor_version   : 512
I/FFMPEG  (  474):     compatible_brands: isomiso2avc1
I/FFMPEG  (  474):     creation_time   : 1970-01-01 00:00:00
I/FFMPEG  (  474):     encoder         : Lavf52.36.0
I/FFMPEG  (  474):   Duration: 00:10:53.88, start: 0.000000, bitrate: 614 kb/s
I/FFMPEG  (  474):     Stream #0:0(und): Video: h264 (Constrained Baseline) (avc1 / 0x31637661), yuv420p, 480x270 [SAR 1:1 DAR 16:9], 522 kb/s, 24 fps, 24 tbr, 24 tbn, 48 tbc (default)
I/FFMPEG  (  474):     Metadata:
I/FFMPEG  (  474):       creation_time   : 1970-01-01 00:00:00
I/FFMPEG  (  474):       handler_name    : VideoHandler
I/FFMPEG  (  474):     Stream #0:1(und): Audio: aac (mp4a / 0x6134706D), 44100 Hz, stereo, fltp, 87 kb/s (default)
I/FFMPEG  (  474):     Metadata:
I/FFMPEG  (  474):       creation_time   : 1970-01-01 00:00:00
I/FFMPEG  (  474):       handler_name    : SoundHandler
I/FFmpegExtractor(  474): FFmpegExtrator, url: android-source:0xb95c3948, format_name: mov,mp4,m4a,3gp,3g2,mj2, format_long_name: QuickTime / MOV
I/FFmpegExtractor(  474): list the formats suppoted by ffmpeg: 
I/FFmpegExtractor(  474): ========================================
I/FFmpegExtractor(  474): ========================================
D/FFmpegExtractor(  474): suppoted codec(h264) by official Stagefright
D/FFmpegExtractor(  474): suppoted codec(aac) by official Stagefright
D/FFMPEG  (  474): android source close
I/FFmpegExtractor(  474): sniff through BetterSniffFFMPEG success
D/FFmpegExtractor(  474): ffmpeg detected media content as 'video/mp4' with confidence 0.08
I/FFmpegExtractor(  474): support container: video/mp4, but it is caching data source, Don't use ffmpegextractor
I/MediaFocusControl(  535):  AudioFocus  requestAudioFocus() from android.media.AudioManager@527d51d4com.android.org.chromium.media.MediaPlayerListener@52886a28
D/MediaPlayer( 2151): Couldn't open file on client side, trying server side
I/AwesomePlayer(  474): setDataSource_l(URL suppressed)
E/linker  (  474): Will try to dlopen() filename: libstagefright_soft_ffmpegvdec.so
W/linker  (  474): libswscale.so has text relocations. This is wasting memory and is a security risk. Please fix.
E/linker  (  474): dlopen() succeeded
D/SoftFFmpegVideo(  474): SoftFFmpegVideo component: OMX.ffmpeg.h264.decoder mMode: 0 appData: 0xb9a96518
I/OMXCodec(  474): [OMX.ffmpeg.h264.decoder] AVC profile = 66 (Baseline), level = 30
I/OMXCodec(  474): [OMX.ffmpeg.h264.decoder] video dimensions are 320 x 240
I/OMXCodec(  474): [OMX.ffmpeg.h264.decoder] allocating 5 buffers of size 1382400 on input port
I/OMXCodec(  474): [OMX.ffmpeg.h264.decoder] allocated buffer 0xb95c4200 on input port
I/OMXCodec(  474): [OMX.ffmpeg.h264.decoder] allocated buffer 0xb9ae8898 on input port
I/OMXCodec(  474): [OMX.ffmpeg.h264.decoder] allocated buffer 0xb9a977d0 on input port
I/OMXCodec(  474): [OMX.ffmpeg.h264.decoder] allocated buffer 0xb9a97898 on input port
I/OMXCodec(  474): [OMX.ffmpeg.h264.decoder] allocated buffer 0xb9a97960 on input port
I/OMXCodec(  474): [OMX.ffmpeg.h264.decoder] allocating 2 buffers of size 115200 on output port
I/OMXCodec(  474): [OMX.ffmpeg.h264.decoder] allocated buffer 0xb9a97c28 on output port
I/OMXCodec(  474): [OMX.ffmpeg.h264.decoder] allocated buffer 0xb9a97d98 on output port
E/linker  (  474): Will try to dlopen() filename: libstagefright_soft_ffmpegadec.so
W/linker  (  474): libswresample.so has text relocations. This is wasting memory and is a security risk. Please fix.
E/linker  (  474): dlopen() succeeded
D/SoftFFmpegAudio(  474): SoftFFmpegAudio component: OMX.ffmpeg.aac.decoder mMode: 1
E/linker  (  474): Will try to dlopen() filename: libstagefright_soft_ffmpegvdec.so
E/linker  (  474): dlopen() succeeded
D/SoftFFmpegVideo(  474): SoftFFmpegVideo component: OMX.ffmpeg.h264.decoder mMode: 0 appData: 0xb9a974c0
I/OMXCodec(  474): [OMX.ffmpeg.h264.decoder] AVC profile = 66 (Baseline), level = 30
I/OMXCodec(  474): [OMX.ffmpeg.h264.decoder] video dimensions are 320 x 240
I/OMXCodec(  474): [OMX.ffmpeg.aac.decoder] allocating 4 buffers of size 20480 on input port
I/OMXCodec(  474): [OMX.ffmpeg.aac.decoder] allocated buffer 0xb9a99060 on input port
I/OMXCodec(  474): [OMX.ffmpeg.h264.decoder] allocating 5 buffers of size 1382400 on input port
I/OMXCodec(  474): [OMX.ffmpeg.aac.decoder] allocated buffer 0xb9a99228 on input port
I/OMXCodec(  474): [OMX.ffmpeg.aac.decoder] allocated buffer 0xb9a99338 on input port
I/OMXCodec(  474): [OMX.ffmpeg.aac.decoder] allocated buffer 0xb9a993e8 on input port
I/OMXCodec(  474): [OMX.ffmpeg.aac.decoder] allocating 4 buffers of size 9216 on output port
I/OMXCodec(  474): [OMX.ffmpeg.h264.decoder] allocated buffer 0xb9a99568 on input port
I/OMXCodec(  474): [OMX.ffmpeg.h264.decoder] allocated buffer 0xb9a998e0 on input port
I/OMXCodec(  474): [OMX.ffmpeg.aac.decoder] allocated buffer 0xb9a99748 on output port
I/OMXCodec(  474): [OMX.ffmpeg.h264.decoder] allocated buffer 0xb9a99a68 on input port
I/OMXCodec(  474): [OMX.ffmpeg.aac.decoder] allocated buffer 0xb9a99ae8 on output port
I/OMXCodec(  474): [OMX.ffmpeg.h264.decoder] allocated buffer 0xb9a99c20 on input port
I/OMXCodec(  474): [OMX.ffmpeg.aac.decoder] allocated buffer 0xb9a99ce8 on output port
I/OMXCodec(  474): [OMX.ffmpeg.h264.decoder] allocated buffer 0xb9a99e20 on input port
I/OMXCodec(  474): [OMX.ffmpeg.aac.decoder] allocated buffer 0xb9a9a058 on output port
I/OMXCodec(  474): [OMX.ffmpeg.h264.decoder] allocating 2 buffers of size 115200 on output port
I/OMXCodec(  474): [OMX.ffmpeg.h264.decoder] allocated buffer 0xb9a9a348 on output port
I/OMXCodec(  474): [OMX.ffmpeg.h264.decoder] allocated buffer 0xb9a9a4b8 on output port
E/linker  (  474): Will try to dlopen() filename: libstagefright_soft_ffmpegadec.so
E/linker  (  474): dlopen() succeeded
D/SoftFFmpegAudio(  474): SoftFFmpegAudio component: OMX.ffmpeg.aac.decoder mMode: 1
I/OMXCodec(  474): [OMX.ffmpeg.aac.decoder] allocating 4 buffers of size 20480 on input port
I/OMXCodec(  474): [OMX.ffmpeg.aac.decoder] allocated buffer 0xb9a9ad38 on input port
I/OMXCodec(  474): [OMX.ffmpeg.aac.decoder] allocated buffer 0xb9a9aed0 on input port
I/OMXCodec(  474): [OMX.ffmpeg.aac.decoder] allocated buffer 0xb9a9af98 on input port
I/OMXCodec(  474): [OMX.ffmpeg.aac.decoder] allocated buffer 0xb9a9b048 on input port
I/OMXCodec(  474): [OMX.ffmpeg.aac.decoder] allocating 4 buffers of size 9216 on output port
I/OMXCodec(  474): [OMX.ffmpeg.aac.decoder] allocated buffer 0xb9a9b1c8 on output port
I/OMXCodec(  474): [OMX.ffmpeg.aac.decoder] allocated buffer 0xb9a9b378 on output port
I/OMXCodec(  474): [OMX.ffmpeg.aac.decoder] allocated buffer 0xb9a9b4b0 on output port
I/OMXCodec(  474): [OMX.ffmpeg.aac.decoder] allocated buffer 0xb9a9b5d0 on output port
E/MediaPlayer( 2151): Should have subtitle controller already set
D/MediaPlayer( 2151): getMetadata
E/MediaPlayer( 2151): Should have subtitle controller already set
D/MediaPlayer( 2151): getMetadata
D/SoftFFmpegVideo(  474): begin to open ffmpeg decoder(h264) now
D/SoftFFmpegVideo(  474): open ffmpeg video decoder(h264) success
I/SoftFFmpegVideo(  474): ffmpeg video port setting change event(320x240)->(480x270).
I/OMXCodec(  474): [OMX.ffmpeg.h264.decoder] video dimensions are 480 x 270
I/OMXCodec(  474): [OMX.ffmpeg.h264.decoder] allocating 2 buffers of size 195840 on output port
I/OMXCodec(  474): [OMX.ffmpeg.h264.decoder] allocated buffer 0xb9a9cd58 on output port
I/OMXCodec(  474): [OMX.ffmpeg.h264.decoder] allocated buffer 0xb9a9cf38 on output port
E/SoftFFmpegVideo(  474): Deinterlacing failed
E/SoftFFmpegVideo(  474): Deinterlacing failed
D/SoftFFmpegAudio(  474): begin to open ffmpeg audio decoder(aac), mCtx sample_rate: 44100, channels: 2, , sample_fmt: (null)
D/SoftFFmpegVideo(  474): begin to open ffmpeg decoder(h264) now
D/SoftFFmpegAudio(  474): open ffmpeg audio decoder(aac) success, mCtx sample_rate: 44100, channels: 2, sample_fmt: fltp
I/SoftFFmpegAudio(  474): Create sample rate converter for conversion of 44100 Hz fltp 2 channels(stereo) to 44100 Hz s16 2 channels(stereo)!
D/SoftFFmpegVideo(  474): open ffmpeg video decoder(h264) success
I/SoftFFmpegVideo(  474): ffmpeg video port setting change event(320x240)->(480x270).
D/AudioSink(  474): bufferCount (4) is too small and increased to 12
I/OMXCodec(  474): [OMX.ffmpeg.h264.decoder] video dimensions are 480 x 270
I/OMXCodec(  474): [OMX.ffmpeg.h264.decoder] allocating 2 buffers of size 195840 on output port
I/OMXCodec(  474): [OMX.ffmpeg.h264.decoder] allocated buffer 0xb9c6ac68 on output port
I/OMXCodec(  474): [OMX.ffmpeg.h264.decoder] allocated buffer 0xb9a9a3f0 on output port
E/SoftFFmpegVideo(  474): Deinterlacing failed
E/SoftFFmpegVideo(  474): Deinterlacing failed
I/HostConnection( 2151): Using qemu vfiber
D/HostConnection( 2151): HostConnection::get() New Host Connection established 0xb90a6ee8, tid 2162
D/SoftFFmpegAudio(  474): begin to open ffmpeg audio decoder(aac), mCtx sample_rate: 44100, channels: 2, , sample_fmt: (null)
I/HostConnection(  474): Using qemu vfiber
D/HostConnection(  474): HostConnection::get() New Host Connection established 0xb9c6a728, tid 2216
W/audio_hw_primary(  474): out_write() limiting sleep time 44149 to 23219
D/SoftFFmpegAudio(  474): open ffmpeg audio decoder(aac) success, mCtx sample_rate: 44100, channels: 2, sample_fmt: fltp
I/SoftFFmpegAudio(  474): Create sample rate converter for conversion of 44100 Hz fltp 2 channels(stereo) to 44100 Hz s16 2 channels(stereo)!
W/MediaPlayer( 2151): info/warning (3, 0)
D/AudioSink(  474): bufferCount (4) is too small and increased to 12
E/SoftFFmpegVideo(  474): Deinterlacing failed
I/HostConnection( 2151): Using qemu vfiber
D/HostConnection( 2151): HostConnection::get() New Host Connection established 0xb946fda8, tid 2198
I/HostConnection(  474): Using qemu vfiber
D/HostConnection(  474): HostConnection::get() New Host Connection established 0xb9a9cf88, tid 2217
W/MediaPlayer( 2151): info/warning (3, 0)
E/SoftFFmpegVideo(  474): Deinterlacing failed
W/audio_hw_primary(  474): out_write() limiting sleep time 55759 to 23219
W/audio_hw_primary(  474): out_write() limiting sleep time 57369 to 23219
W/audio_hw_primary(  474): out_write() limiting sleep time 38979 to 23219
W/audio_hw_primary(  474): out_write() limiting sleep time 31178 to 23219
E/SoftFFmpegVideo(  474): Deinterlacing failed
E/SoftFFmpegVideo(  474): Deinterlacing failed
I/HostConnection( 2151): Using qemu vfiber
D/HostConnection( 2151): HostConnection::get() New Host Connection established 0xb93b6108, tid 2163
E/SoftFFmpegVideo(  474): Deinterlacing failed
E/SoftFFmpegVideo(  474): Deinterlacing failed
W/audio_hw_primary(  474): out_write() limiting sleep time 30747 to 23219
E/SoftFFmpegVideo(  474): Deinterlacing failed
E/SoftFFmpegVideo(  474): Deinterlacing failed
E/SoftFFmpegVideo(  474): Deinterlacing failed
E/SoftFFmpegVideo(  474): Deinterlacing failed
E/SoftFFmpegVideo(  474): Deinterlacing failed
E/SoftFFmpegVideo(  474): Deinterlacing failed
E/SoftFFmpegVideo(  474): Deinterlacing failed
E/SoftFFmpegVideo(  474): Deinterlacing failed
E/SoftFFmpegVideo(  474): Deinterlacing failed
E/SoftFFmpegVideo(  474): Deinterlacing failed
E/SoftFFmpegVideo(  474): Deinterlacing failed
E/SoftFFmpegVideo(  474): Deinterlacing failed
E/SoftFFmpegVideo(  474): Deinterlacing failed
E/SoftFFmpegVideo(  474): Deinterlacing failed
E/SoftFFmpegVideo(  474): Deinterlacing failed
E/SoftFFmpegVideo(  474): Deinterlacing failed
E/SoftFFmpegVideo(  474): Deinterlacing failed
E/SoftFFmpegVideo(  474): Deinterlacing failed
E/SoftFFmpegVideo(  474): Deinterlacing failed
E/SoftFFmpegVideo(  474): Deinterlacing failed
E/SoftFFmpegVideo(  474): Deinterlacing failed
E/SoftFFmpegVideo(  474): Deinterlacing failed
E/SoftFFmpegVideo(  474): Deinterlacing failed
E/SoftFFmpegVideo(  474): Deinterlacing failed
E/SoftFFmpegVideo(  474): Deinterlacing failed
E/SoftFFmpegVideo(  474): Deinterlacing failed
E/SoftFFmpegVideo(  474): Deinterlacing failed
E/SoftFFmpegVideo(  474): Deinterlacing failed
E/SoftFFmpegVideo(  474): Deinterlacing failed
E/SoftFFmpegVideo(  474): Deinterlacing failed
E/SoftFFmpegVideo(  474): Deinterlacing failed
E/SoftFFmpegVideo(  474): Deinterlacing failed
E/SoftFFmpegVideo(  474): Deinterlacing failed
E/SoftFFmpegVideo(  474): Deinterlacing failed
E/SoftFFmpegVideo(  474): Deinterlacing failed
E/SoftFFmpegVideo(  474): Deinterlacing failed
E/SoftFFmpegVideo(  474): Deinterlacing failed
E/SoftFFmpegVideo(  474): Deinterlacing failed
E/SoftFFmpegVideo(  474): Deinterlacing failed
E/SoftFFmpegVideo(  474): Deinterlacing failed
E/SoftFFmpegVideo(  474): Deinterlacing failed
E/SoftFFmpegVideo(  474): Deinterlacing failed
E/SoftFFmpegVideo(  474): Deinterlacing failed
E/SoftFFmpegVideo(  474): Deinterlacing failed
E/SoftFFmpegVideo(  474): Deinterlacing failed
E/SoftFFmpegVideo(  474): Deinterlacing failed
E/SoftFFmpegVideo(  474): Deinterlacing failed
E/SoftFFmpegVideo(  474): Deinterlacing failed
E/SoftFFmpegVideo(  474): Deinterlacing failed
E/SoftFFmpegVideo(  474): Deinterlacing failed
E/SoftFFmpegVideo(  474): Deinterlacing failed
E/SoftFFmpegVideo(  474): Deinterlacing failed
E/SoftFFmpegVideo(  474): Deinterlacing failed
E/SoftFFmpegVideo(  474): Deinterlacing failed
E/SoftFFmpegVideo(  474): Deinterlacing failed
E/SoftFFmpegVideo(  474): Deinterlacing failed
E/SoftFFmpegVideo(  474): Deinterlacing failed
E/SoftFFmpegVideo(  474): Deinterlacing failed
E/SoftFFmpegVideo(  474): Deinterlacing failed
E/SoftFFmpegVideo(  474): Deinterlacing failed
E/SoftFFmpegVideo(  474): Deinterlacing failed
E/SoftFFmpegVideo(  474): Deinterlacing failed
E/SoftFFmpegVideo(  474): Deinterlacing failed
E/SoftFFmpegVideo(  474): Deinterlacing failed
E/SoftFFmpegVideo(  474): Deinterlacing failed
E/SoftFFmpegVideo(  474): Deinterlacing failed
E/SoftFFmpegVideo(  474): Deinterlacing failed
E/SoftFFmpegVideo(  474): Deinterlacing failed
E/SoftFFmpegVideo(  474): Deinterlacing failed
E/SoftFFmpegVideo(  474): Deinterlacing failed
E/SoftFFmpegVideo(  474): Deinterlacing failed
E/SoftFFmpegVideo(  474): Deinterlacing failed
E/SoftFFmpegVideo(  474): Deinterlacing failed
E/SoftFFmpegVideo(  474): Deinterlacing failed
E/SoftFFmpegVideo(  474): Deinterlacing failed
E/SoftFFmpegVideo(  474): Deinterlacing failed
E/SoftFFmpegVideo(  474): Deinterlacing failed
E/SoftFFmpegVideo(  474): Deinterlacing failed
E/SoftFFmpegVideo(  474): Deinterlacing failed
E/SoftFFmpegVideo(  474): Deinterlacing failed
E/SoftFFmpegVideo(  474): Deinterlacing failed
E/SoftFFmpegVideo(  474): Deinterlacing failed
E/SoftFFmpegVideo(  474): Deinterlacing failed
E/SoftFFmpegVideo(  474): Deinterlacing failed
E/SoftFFmpegVideo(  474): Deinterlacing failed
E/SoftFFmpegVideo(  474): Deinterlacing failed
E/SoftFFmpegVideo(  474): Deinterlacing failed
E/SoftFFmpegVideo(  474): Deinterlacing failed
E/SoftFFmpegVideo(  474): Deinterlacing failed
E/SoftFFmpegVideo(  474): Deinterlacing failed
E/SoftFFmpegVideo(  474): Deinterlacing failed
E/SoftFFmpegVideo(  474): Deinterlacing failed
E/SoftFFmpegVideo(  474): Deinterlacing failed
E/SoftFFmpegVideo(  474): Deinterlacing failed
E/SoftFFmpegVideo(  474): Deinterlacing failed
E/SoftFFmpegVideo(  474): Deinterlacing failed
E/SoftFFmpegVideo(  474): Deinterlacing failed
E/SoftFFmpegVideo(  474): Deinterlacing failed
E/SoftFFmpegVideo(  474): Deinterlacing failed
E/SoftFFmpegVideo(  474): Deinterlacing failed
E/SoftFFmpegVideo(  474): Deinterlacing failed
E/SoftFFmpegVideo(  474): Deinterlacing failed
E/SoftFFmpegVideo(  474): Deinterlacing failed
E/SoftFFmpegVideo(  474): Deinterlacing failed
E/SoftFFmpegVideo(  474): Deinterlacing failed
E/SoftFFmpegVideo(  474): Deinterlacing failed
E/SoftFFmpegVideo(  474): Deinterlacing failed
E/SoftFFmpegVideo(  474): Deinterlacing failed
E/SoftFFmpegVideo(  474): Deinterlacing failed
E/SoftFFmpegVideo(  474): Deinterlacing failed
E/SoftFFmpegVideo(  474): Deinterlacing failed
E/SoftFFmpegVideo(  474): Deinterlacing failed
E/SoftFFmpegVideo(  474): Deinterlacing failed
E/SoftFFmpegVideo(  474): Deinterlacing failed
E/SoftFFmpegVideo(  474): Deinterlacing failed
E/SoftFFmpegVideo(  474): Deinterlacing failed
E/SoftFFmpegVideo(  474): Deinterlacing failed
E/SoftFFmpegVideo(  474): Deinterlacing failed
E/SoftFFmpegVideo(  474): Deinterlacing failed
E/SoftFFmpegVideo(  474): Deinterlacing failed
E/SoftFFmpegVideo(  474): Deinterlacing failed
E/SoftFFmpegVideo(  474): Deinterlacing failed
E/SoftFFmpegVideo(  474): Deinterlacing failed
E/SoftFFmpegVideo(  474): Deinterlacing failed
E/SoftFFmpegVideo(  474): Deinterlacing failed
E/SoftFFmpegVideo(  474): Deinterlacing failed
E/SoftFFmpegVideo(  474): Deinterlacing failed
E/SoftFFmpegVideo(  474): Deinterlacing failed
E/SoftFFmpegVideo(  474): Deinterlacing failed
E/SoftFFmpegVideo(  474): Deinterlacing failed
E/SoftFFmpegVideo(  474): Deinterlacing failed
E/SoftFFmpegVideo(  474): Deinterlacing failed
E/SoftFFmpegVideo(  474): Deinterlacing failed
E/SoftFFmpegVideo(  474): Deinterlacing failed
E/SoftFFmpegVideo(  474): Deinterlacing failed
E/SoftFFmpegVideo(  474): Deinterlacing failed
E/SoftFFmpegVideo(  474): Deinterlacing failed
E/SoftFFmpegVideo(  474): Deinterlacing failed
E/SoftFFmpegVideo(  474): Deinterlacing failed
E/SoftFFmpegVideo(  474): Deinterlacing failed
E/SoftFFmpegVideo(  474): Deinterlacing failed
D/dalvikvm(  901): GC_CONCURRENT freed 662K, 22% free 4962K/6360K, paused 3ms+14ms, total 36ms
E/SoftFFmpegVideo(  474): Deinterlacing failed
E/Auth    (  901): [GoogleAccountDataServiceImpl] getToken() -> BAD_AUTHENTICATION. Account: <ELLIDED:667224816>, App: com.android.vending, Service: androidmarket
E/Auth    (  901): ebt: Long live credential not available.
E/Auth    (  901): 	at ebu.b(:com.google.android.gms:0)
E/Auth    (  901): 	at ebu.a(:com.google.android.gms:17)
E/Auth    (  901): 	at eah.a(:com.google.android.gms:51)
E/Auth    (  901): 	at fgf.a(:com.google.android.gms:7)
E/Auth    (  901): 	at fgf.a(:com.google.android.gms:3)
E/Auth    (  901): 	at ffg.a(:com.google.android.gms:1)
E/Auth    (  901): 	at ffe.a(:com.google.android.gms:17)
E/Auth    (  901): 	at ffe.a(:com.google.android.gms:5)
E/Auth    (  901): 	at bty.a(:com.google.android.gms:192)
E/Auth    (  901): 	at bty.a(:com.google.android.gms:67)
E/Auth    (  901): 	at bty.a(:com.google.android.gms:171)
E/Auth    (  901): 	at bty.onTransact(:com.google.android.gms:7)
E/Auth    (  901): 	at android.os.Binder.transact(Binder.java:361)
E/Auth    (  901): 	at bvj.onTransact(:com.google.android.gms:2)
E/Auth    (  901): 	at android.os.Binder.transact(Binder.java:361)
E/Auth    (  901): 	at com.google.android.gms.internal.o$a$a.a(Unknown Source)
E/Auth    (  901): 	at com.google.android.gms.auth.GoogleAuthUtil.getToken(Unknown Source)
E/Auth    (  901): 	at com.google.android.gms.auth.GoogleAuthUtil.a(Unknown Source)
E/Auth    (  901): 	at com.google.android.gms.auth.GoogleAuthUtil.getTokenWithNotification(Unknown Source)
E/Auth    (  901): 	at com.google.android.gsf.loginservice.GoogleLoginService$AccountAuthenticatorImpl.getAuthToken(GoogleLoginService.java:296)
E/Auth    (  901): 	at android.accounts.AbstractAccountAuthenticator$Transport.getAuthToken(AbstractAccountAuthenticator.java:196)
E/Auth    (  901): 	at android.accounts.IAccountAuthenticator$Stub.onTransact(IAccountAuthenticator.java:113)
E/Auth    (  901): 	at android.os.Binder.execTransact(Binder.java:404)
E/Auth    (  901): 	at dalvik.system.NativeStart.run(Native Method)
E/SoftFFmpegVideo(  474): Deinterlacing failed
W/Auth    (  901): [GetToken] GetToken failed with status code: BadAuthentication
E/SoftFFmpegVideo(  474): Deinterlacing failed
I/Auth    (  901): [DefaultAuthDelegateChimeraService] Use browser flow? false
W/GLSActivity(  901): com.google.android.gms.auth.UserRecoverableNotifiedException: User intervention required. Notification has been pushed.
W/GLSActivity(  901): 	at com.google.android.gms.auth.GoogleAuthUtil.a(Unknown Source)
W/GLSActivity(  901): 	at com.google.android.gms.auth.GoogleAuthUtil.getTokenWithNotification(Unknown Source)
W/GLSActivity(  901): 	at com.google.android.gsf.loginservice.GoogleLoginService$AccountAuthenticatorImpl.getAuthToken(GoogleLoginService.java:296)
W/GLSActivity(  901): 	at android.accounts.AbstractAccountAuthenticator$Transport.getAuthToken(AbstractAccountAuthenticator.java:196)
W/GLSActivity(  901): 	at android.accounts.IAccountAuthenticator$Stub.onTransact(IAccountAuthenticator.java:113)
W/GLSActivity(  901): 	at android.os.Binder.execTransact(Binder.java:404)
W/GLSActivity(  901): 	at dalvik.system.NativeStart.run(Native Method)
E/PlayEventLogger( 1146): Failed to get auth token: User intervention required. Notification has been pushed.
E/PlayEventLogger( 1146): android.accounts.AuthenticatorException: User intervention required. Notification has been pushed.
E/PlayEventLogger( 1146): 	at android.accounts.AccountManager.convertErrorToException(AccountManager.java:1726)
E/PlayEventLogger( 1146): 	at android.accounts.AccountManager.access$400(AccountManager.java:144)
E/PlayEventLogger( 1146): 	at android.accounts.AccountManager$AmsTask$Response.onError(AccountManager.java:1572)
E/PlayEventLogger( 1146): 	at android.accounts.IAccountManagerResponse$Stub.onTransact(IAccountManagerResponse.java:69)
E/PlayEventLogger( 1146): 	at android.os.Binder.execTransact(Binder.java:404)
E/PlayEventLogger( 1146): 	at dalvik.system.NativeStart.run(Native Method)
W/PlayEventLogger( 1146): deferring log upload because couldn't retrieve auth token
E/SoftFFmpegVideo(  474): Deinterlacing failed
E/SoftFFmpegVideo(  474): Deinterlacing failed
D/dalvikvm(  535): GC_CONCURRENT freed 1309K, 19% free 7530K/9288K, paused 5ms+9ms, total 56ms
E/SoftFFmpegVideo(  474): Deinterlacing failed
E/SoftFFmpegVideo(  474): Deinterlacing failed
E/SoftFFmpegVideo(  474): Deinterlacing failed
E/SoftFFmpegVideo(  474): Deinterlacing failed
E/SoftFFmpegVideo(  474): Deinterlacing failed
E/SoftFFmpegVideo(  474): Deinterlacing failed
E/SoftFFmpegVideo(  474): Deinterlacing failed
E/SoftFFmpegVideo(  474): Deinterlacing failed
E/SoftFFmpegVideo(  474): Deinterlacing failed
E/SoftFFmpegVideo(  474): Deinterlacing failed
E/SoftFFmpegVideo(  474): Deinterlacing failed
E/SoftFFmpegVideo(  474): Deinterlacing failed
E/SoftFFmpegVideo(  474): Deinterlacing failed
E/SoftFFmpegVideo(  474): Deinterlacing failed
E/SoftFFmpegVideo(  474): Deinterlacing failed
E/SoftFFmpegVideo(  474): Deinterlacing failed
E/SoftFFmpegVideo(  474): Deinterlacing failed
E/SoftFFmpegVideo(  474): Deinterlacing failed
E/SoftFFmpegVideo(  474): Deinterlacing failed
E/SoftFFmpegVideo(  474): Deinterlacing failed
E/SoftFFmpegVideo(  474): Deinterlacing failed
E/SoftFFmpegVideo(  474): Deinterlacing failed
E/SoftFFmpegVideo(  474): Deinterlacing failed
E/SoftFFmpegVideo(  474): Deinterlacing failed
E/SoftFFmpegVideo(  474): Deinterlacing failed
E/SoftFFmpegVideo(  474): Deinterlacing failed
E/SoftFFmpegVideo(  474): Deinterlacing failed
E/SoftFFmpegVideo(  474): Deinterlacing failed
E/SoftFFmpegVideo(  474): Deinterlacing failed
E/SoftFFmpegVideo(  474): Deinterlacing failed
E/SoftFFmpegVideo(  474): Deinterlacing failed
E/SoftFFmpegVideo(  474): Deinterlacing failed
E/SoftFFmpegVideo(  474): Deinterlacing failed
E/SoftFFmpegVideo(  474): Deinterlacing failed
E/SoftFFmpegVideo(  474): Deinterlacing failed
E/SoftFFmpegVideo(  474): Deinterlacing failed
I/MediaPlayer( 2151): Info (700,323)
E/SoftFFmpegVideo(  474): Deinterlacing failed
E/SoftFFmpegVideo(  474): Deinterlacing failed
E/SoftFFmpegVideo(  474): Deinterlacing failed
E/SoftFFmpegVideo(  474): Deinterlacing failed
E/SoftFFmpegVideo(  474): Deinterlacing failed
E/SoftFFmpegVideo(  474): Deinterlacing failed
E/SoftFFmpegVideo(  474): Deinterlacing failed
E/SoftFFmpegVideo(  474): Deinterlacing failed
E/SoftFFmpegVideo(  474): Deinterlacing failed
E/SoftFFmpegVideo(  474): Deinterlacing failed
E/SoftFFmpegVideo(  474): Deinterlacing failed
E/SoftFFmpegVideo(  474): Deinterlacing failed
E/SoftFFmpegVideo(  474): Deinterlacing failed
E/SoftFFmpegVideo(  474): Deinterlacing failed
E/SoftFFmpegVideo(  474): Deinterlacing failed
E/SoftFFmpegVideo(  474): Deinterlacing failed
E/SoftFFmpegVideo(  474): Deinterlacing failed
E/SoftFFmpegVideo(  474): Deinterlacing failed
E/SoftFFmpegVideo(  474): Deinterlacing failed
E/SoftFFmpegVideo(  474): Deinterlacing failed
E/SoftFFmpegVideo(  474): Deinterlacing failed
E/SoftFFmpegVideo(  474): Deinterlacing failed
E/SoftFFmpegVideo(  474): Deinterlacing failed
E/SoftFFmpegVideo(  474): Deinterlacing failed
E/SoftFFmpegVideo(  474): Deinterlacing failed
E/SoftFFmpegVideo(  474): Deinterlacing failed
E/SoftFFmpegVideo(  474): Deinterlacing failed
E/SoftFFmpegVideo(  474): Deinterlacing failed
E/SoftFFmpegVideo(  474): Deinterlacing failed
E/SoftFFmpegVideo(  474): Deinterlacing failed
E/SoftFFmpegVideo(  474): Deinterlacing failed
E/SoftFFmpegVideo(  474): Deinterlacing failed
E/SoftFFmpegVideo(  474): Deinterlacing failed
E/SoftFFmpegVideo(  474): Deinterlacing failed
E/SoftFFmpegVideo(  474): Deinterlacing failed
E/SoftFFmpegVideo(  474): Deinterlacing failed
E/SoftFFmpegVideo(  474): Deinterlacing failed
E/SoftFFmpegVideo(  474): Deinterlacing failed
E/SoftFFmpegVideo(  474): Deinterlacing failed
E/SoftFFmpegVideo(  474): Deinterlacing failed
E/SoftFFmpegVideo(  474): Deinterlacing failed
E/SoftFFmpegVideo(  474): Deinterlacing failed
E/SoftFFmpegVideo(  474): Deinterlacing failed
E/SoftFFmpegVideo(  474): Deinterlacing failed
E/SoftFFmpegVideo(  474): Deinterlacing failed
E/SoftFFmpegVideo(  474): Deinterlacing failed
E/SoftFFmpegVideo(  474): Deinterlacing failed
E/SoftFFmpegVideo(  474): Deinterlacing failed
E/SoftFFmpegVideo(  474): Deinterlacing failed
E/SoftFFmpegVideo(  474): Deinterlacing failed
E/SoftFFmpegVideo(  474): Deinterlacing failed
E/SoftFFmpegVideo(  474): Deinterlacing failed
E/SoftFFmpegVideo(  474): Deinterlacing failed
E/SoftFFmpegVideo(  474): Deinterlacing failed
E/SoftFFmpegVideo(  474): Deinterlacing failed
E/SoftFFmpegVideo(  474): Deinterlacing failed
E/SoftFFmpegVideo(  474): Deinterlacing failed
E/SoftFFmpegVideo(  474): Deinterlacing failed
E/SoftFFmpegVideo(  474): Deinterlacing failed
E/SoftFFmpegVideo(  474): Deinterlacing failed
E/SoftFFmpegVideo(  474): Deinterlacing failed
E/SoftFFmpegVideo(  474): Deinterlacing failed
E/SoftFFmpegVideo(  474): Deinterlacing failed
E/SoftFFmpegVideo(  474): Deinterlacing failed
E/SoftFFmpegVideo(  474): Deinterlacing failed
E/SoftFFmpegVideo(  474): Deinterlacing failed
E/SoftFFmpegVideo(  474): Deinterlacing failed
E/SoftFFmpegVideo(  474): Deinterlacing failed
E/SoftFFmpegVideo(  474): Deinterlacing failed
E/SoftFFmpegVideo(  474): Deinterlacing failed
E/SoftFFmpegVideo(  474): Deinterlacing failed
E/SoftFFmpegVideo(  474): Deinterlacing failed
E/SoftFFmpegVideo(  474): Deinterlacing failed
E/SoftFFmpegVideo(  474): Deinterlacing failed
E/SoftFFmpegVideo(  474): Deinterlacing failed
E/SoftFFmpegVideo(  474): Deinterlacing failed
E/SoftFFmpegVideo(  474): Deinterlacing failed
E/SoftFFmpegVideo(  474): Deinterlacing failed
E/SoftFFmpegVideo(  474): Deinterlacing failed
E/SoftFFmpegVideo(  474): Deinterlacing failed
E/SoftFFmpegVideo(  474): Deinterlacing failed
E/SoftFFmpegVideo(  474): Deinterlacing failed
E/SoftFFmpegVideo(  474): Deinterlacing failed
E/SoftFFmpegVideo(  474): Deinterlacing failed
E/SoftFFmpegVideo(  474): Deinterlacing failed
E/SoftFFmpegVideo(  474): Deinterlacing failed
E/SoftFFmpegVideo(  474): Deinterlacing failed
E/SoftFFmpegVideo(  474): Deinterlacing failed
E/SoftFFmpegVideo(  474): Deinterlacing failed
E/SoftFFmpegVideo(  474): Deinterlacing failed
E/SoftFFmpegVideo(  474): Deinterlacing failed
E/SoftFFmpegVideo(  474): Deinterlacing failed
E/SoftFFmpegVideo(  474): Deinterlacing failed
E/SoftFFmpegVideo(  474): Deinterlacing failed
E/SoftFFmpegVideo(  474): Deinterlacing failed
E/SoftFFmpegVideo(  474): Deinterlacing failed
E/SoftFFmpegVideo(  474): Deinterlacing failed
E/SoftFFmpegVideo(  474): Deinterlacing failed
E/SoftFFmpegVideo(  474): Deinterlacing failed
E/SoftFFmpegVideo(  474): Deinterlacing failed
E/SoftFFmpegVideo(  474): Deinterlacing failed
E/SoftFFmpegVideo(  474): Deinterlacing failed
E/SoftFFmpegVideo(  474): Deinterlacing failed
E/SoftFFmpegVideo(  474): Deinterlacing failed
E/SoftFFmpegVideo(  474): Deinterlacing failed
E/SoftFFmpegVideo(  474): Deinterlacing failed
E/SoftFFmpegVideo(  474): Deinterlacing failed
E/SoftFFmpegVideo(  474): Deinterlacing failed
E/SoftFFmpegVideo(  474): Deinterlacing failed
E/SoftFFmpegVideo(  474): Deinterlacing failed
E/SoftFFmpegVideo(  474): Deinterlacing failed
E/SoftFFmpegVideo(  474): Deinterlacing failed
E/SoftFFmpegVideo(  474): Deinterlacing failed
E/SoftFFmpegVideo(  474): Deinterlacing failed
E/SoftFFmpegVideo(  474): Deinterlacing failed
E/SoftFFmpegVideo(  474): Deinterlacing failed
E/SoftFFmpegVideo(  474): Deinterlacing failed
E/SoftFFmpegVideo(  474): Deinterlacing failed
E/SoftFFmpegVideo(  474): Deinterlacing failed
E/SoftFFmpegVideo(  474): Deinterlacing failed
E/SoftFFmpegVideo(  474): Deinterlacing failed
E/SoftFFmpegVideo(  474): Deinterlacing failed
E/SoftFFmpegVideo(  474): Deinterlacing failed
E/SoftFFmpegVideo(  474): Deinterlacing failed
E/SoftFFmpegVideo(  474): Deinterlacing failed
E/SoftFFmpegVideo(  474): Deinterlacing failed
E/SoftFFmpegVideo(  474): Deinterlacing failed
E/SoftFFmpegVideo(  474): Deinterlacing failed
E/SoftFFmpegVideo(  474): Deinterlacing failed
E/SoftFFmpegVideo(  474): Deinterlacing failed
E/SoftFFmpegVideo(  474): Deinterlacing failed
E/SoftFFmpegVideo(  474): Deinterlacing failed
E/SoftFFmpegVideo(  474): Deinterlacing failed
E/SoftFFmpegVideo(  474): Deinterlacing failed
E/SoftFFmpegVideo(  474): Deinterlacing failed
E/SoftFFmpegVideo(  474): Deinterlacing failed
E/SoftFFmpegVideo(  474): Deinterlacing failed
E/SoftFFmpegVideo(  474): Deinterlacing failed
E/SoftFFmpegVideo(  474): Deinterlacing failed
E/SoftFFmpegVideo(  474): Deinterlacing failed
E/SoftFFmpegVideo(  474): Deinterlacing failed
E/SoftFFmpegVideo(  474): Deinterlacing failed
E/SoftFFmpegVideo(  474): Deinterlacing failed
E/SoftFFmpegVideo(  474): Deinterlacing failed
E/SoftFFmpegVideo(  474): Deinterlacing failed
E/SoftFFmpegVideo(  474): Deinterlacing failed
I/MediaPlayer( 2151): Info (700,346)
E/SoftFFmpegVideo(  474): Deinterlacing failed
E/SoftFFmpegVideo(  474): Deinterlacing failed
E/SoftFFmpegVideo(  474): Deinterlacing failed
E/SoftFFmpegVideo(  474): Deinterlacing failed
E/SoftFFmpegVideo(  474): Deinterlacing failed
E/SoftFFmpegVideo(  474): Deinterlacing failed
E/SoftFFmpegVideo(  474): Deinterlacing failed
E/SoftFFmpegVideo(  474): Deinterlacing failed
E/SoftFFmpegVideo(  474): Deinterlacing failed
E/SoftFFmpegVideo(  474): Deinterlacing failed
E/SoftFFmpegVideo(  474): Deinterlacing failed
E/SoftFFmpegVideo(  474): Deinterlacing failed
E/SoftFFmpegVideo(  474): Deinterlacing failed
E/SoftFFmpegVideo(  474): Deinterlacing failed
E/SoftFFmpegVideo(  474): Deinterlacing failed
E/SoftFFmpegVideo(  474): Deinterlacing failed
E/SoftFFmpegVideo(  474): Deinterlacing failed
E/SoftFFmpegVideo(  474): Deinterlacing failed
E/SoftFFmpegVideo(  474): Deinterlacing failed
E/SoftFFmpegVideo(  474): Deinterlacing failed
E/SoftFFmpegVideo(  474): Deinterlacing failed
E/SoftFFmpegVideo(  474): Deinterlacing failed
E/SoftFFmpegVideo(  474): Deinterlacing failed
E/SoftFFmpegVideo(  474): Deinterlacing failed
E/SoftFFmpegVideo(  474): Deinterlacing failed
E/SoftFFmpegVideo(  474): Deinterlacing failed
E/SoftFFmpegVideo(  474): Deinterlacing failed
E/SoftFFmpegVideo(  474): Deinterlacing failed
E/SoftFFmpegVideo(  474): Deinterlacing failed
E/SoftFFmpegVideo(  474): Deinterlacing failed
E/SoftFFmpegVideo(  474): Deinterlacing failed
E/SoftFFmpegVideo(  474): Deinterlacing failed
E/SoftFFmpegVideo(  474): Deinterlacing failed
E/SoftFFmpegVideo(  474): Deinterlacing failed
E/SoftFFmpegVideo(  474): Deinterlacing failed
E/SoftFFmpegVideo(  474): Deinterlacing failed
E/SoftFFmpegVideo(  474): Deinterlacing failed
E/SoftFFmpegVideo(  474): Deinterlacing failed
E/SoftFFmpegVideo(  474): Deinterlacing failed
E/SoftFFmpegVideo(  474): Deinterlacing failed
E/SoftFFmpegVideo(  474): Deinterlacing failed
E/SoftFFmpegVideo(  474): Deinterlacing failed
E/SoftFFmpegVideo(  474): Deinterlacing failed
E/SoftFFmpegVideo(  474): Deinterlacing failed
E/SoftFFmpegVideo(  474): Deinterlacing failed
E/SoftFFmpegVideo(  474): Deinterlacing failed
E/SoftFFmpegVideo(  474): Deinterlacing failed
E/SoftFFmpegVideo(  474): Deinterlacing failed
E/SoftFFmpegVideo(  474): Deinterlacing failed
E/SoftFFmpegVideo(  474): Deinterlacing failed
E/SoftFFmpegVideo(  474): Deinterlacing failed
E/SoftFFmpegVideo(  474): Deinterlacing failed
E/SoftFFmpegVideo(  474): Deinterlacing failed
E/SoftFFmpegVideo(  474): Deinterlacing failed
E/SoftFFmpegVideo(  474): Deinterlacing failed
E/SoftFFmpegVideo(  474): Deinterlacing failed
E/SoftFFmpegVideo(  474): Deinterlacing failed
E/SoftFFmpegVideo(  474): Deinterlacing failed
E/SoftFFmpegVideo(  474): Deinterlacing failed
E/SoftFFmpegVideo(  474): Deinterlacing failed
E/SoftFFmpegVideo(  474): Deinterlacing failed
E/SoftFFmpegVideo(  474): Deinterlacing failed
E/SoftFFmpegVideo(  474): Deinterlacing failed
E/SoftFFmpegVideo(  474): Deinterlacing failed
E/SoftFFmpegVideo(  474): Deinterlacing failed
E/SoftFFmpegVideo(  474): Deinterlacing failed
E/SoftFFmpegVideo(  474): Deinterlacing failed
E/SoftFFmpegVideo(  474): Deinterlacing failed
E/SoftFFmpegVideo(  474): Deinterlacing failed
E/SoftFFmpegVideo(  474): Deinterlacing failed
E/SoftFFmpegVideo(  474): Deinterlacing failed
E/SoftFFmpegVideo(  474): Deinterlacing failed
E/SoftFFmpegVideo(  474): Deinterlacing failed
E/SoftFFmpegVideo(  474): Deinterlacing failed
E/SoftFFmpegVideo(  474): Deinterlacing failed
E/SoftFFmpegVideo(  474): Deinterlacing failed
E/SoftFFmpegVideo(  474): Deinterlacing failed
E/SoftFFmpegVideo(  474): Deinterlacing failed
E/SoftFFmpegVideo(  474): Deinterlacing failed
E/SoftFFmpegVideo(  474): Deinterlacing failed
E/SoftFFmpegVideo(  474): Deinterlacing failed
E/SoftFFmpegVideo(  474): Deinterlacing failed
E/SoftFFmpegVideo(  474): Deinterlacing failed
E/SoftFFmpegVideo(  474): Deinterlacing failed
E/SoftFFmpegVideo(  474): Deinterlacing failed
E/SoftFFmpegVideo(  474): Deinterlacing failed
E/SoftFFmpegVideo(  474): Deinterlacing failed
E/SoftFFmpegVideo(  474): Deinterlacing failed
E/SoftFFmpegVideo(  474): Deinterlacing failed
E/SoftFFmpegVideo(  474): Deinterlacing failed
E/SoftFFmpegVideo(  474): Deinterlacing failed
D/dalvikvm( 2151): GC_CONCURRENT freed 333K, 10% free 3997K/4424K, paused 0ms+1ms, total 10ms
E/SoftFFmpegVideo(  474): Deinterlacing failed
E/SoftFFmpegVideo(  474): Deinterlacing failed
E/SoftFFmpegVideo(  474): Deinterlacing failed
E/SoftFFmpegVideo(  474): Deinterlacing failed
E/SoftFFmpegVideo(  474): Deinterlacing failed
E/SoftFFmpegVideo(  474): Deinterlacing failed
E/SoftFFmpegVideo(  474): Deinterlacing failed
E/SoftFFmpegVideo(  474): Deinterlacing failed
E/SoftFFmpegVideo(  474): Deinterlacing failed
E/SoftFFmpegVideo(  474): Deinterlacing failed
E/SoftFFmpegVideo(  474): Deinterlacing failed
E/SoftFFmpegVideo(  474): Deinterlacing failed
E/SoftFFmpegVideo(  474): Deinterlacing failed
I/chromium( 2151): [INFO:CONSOLE(56574)] "about.ts.22", source: file:///android_asset/www/build/main.js (56574)
I/chromium( 2151): [INFO:CONSOLE(56575)] "AboutPage is active ", source: file:///android_asset/www/build/main.js (56575)
E/SoftFFmpegVideo(  474): Deinterlacing failed
E/SoftFFmpegVideo(  474): Deinterlacing failed
E/SoftFFmpegVideo(  474): Deinterlacing failed
E/SoftFFmpegVideo(  474): Deinterlacing failed
I/chromium( 2151): [INFO:CONSOLE(0)] "event.returnValue is deprecated. Please use the standard event.preventDefault() instead.", source:  (0)
I/chromium( 2151): [INFO:CONSOLE(56578)] "about.ts.ready.26", source: file:///android_asset/www/build/main.js (56578)
I/chromium( 2151): [INFO:CONSOLE(56585)] "about.ts loadMap.34", source: file:///android_asset/www/build/main.js (56585)
I/chromium( 2151): [INFO:CONSOLE(56580)] "about.ts.ready.28", source: file:///android_asset/www/build/main.js (56580)
I/chromium( 2151): [INFO:CONSOLE(56617)] "about.ts setupGoogleMap.67", source: file:///android_asset/www/build/main.js (56617)
E/SoftFFmpegVideo(  474): Deinterlacing failed
E/SoftFFmpegVideo(  474): Deinterlacing failed
I/dalvikvm( 2151): Could not find method android.content.ContextWrapper.createCredentialProtectedStorageContext, referenced from method gyt.createCredentialProtectedStorageContext
W/dalvikvm( 2151): VFY: unable to resolve virtual method 2291: Landroid/content/ContextWrapper;.createCredentialProtectedStorageContext ()Landroid/content/Context;
D/dalvikvm( 2151): VFY: replacing opcode 0x6f at 0x0002
I/dalvikvm( 2151): Could not find method android.content.ContextWrapper.createDeviceProtectedStorageContext, referenced from method gyt.createDeviceProtectedStorageContext
W/dalvikvm( 2151): VFY: unable to resolve virtual method 2292: Landroid/content/ContextWrapper;.createDeviceProtectedStorageContext ()Landroid/content/Context;
D/dalvikvm( 2151): VFY: replacing opcode 0x6f at 0x0002
I/dalvikvm( 2151): Could not find method android.content.ContextWrapper.createCredentialProtectedStorageContext, referenced from method com.google.android.chimera.ModuleContext.createCredentialProtectedStorageContext
W/dalvikvm( 2151): VFY: unable to resolve virtual method 2291: Landroid/content/ContextWrapper;.createCredentialProtectedStorageContext ()Landroid/content/Context;
D/dalvikvm( 2151): VFY: replacing opcode 0x6f at 0x0002
I/dalvikvm( 2151): Could not find method android.content.ContextWrapper.createDeviceProtectedStorageContext, referenced from method com.google.android.chimera.ModuleContext.createDeviceProtectedStorageContext
W/dalvikvm( 2151): VFY: unable to resolve virtual method 2292: Landroid/content/ContextWrapper;.createDeviceProtectedStorageContext ()Landroid/content/Context;
D/dalvikvm( 2151): VFY: replacing opcode 0x6f at 0x0002
I/dalvikvm( 2151): Could not find method android.content.Context.isCredentialProtectedStorage, referenced from method bvv.a
W/dalvikvm( 2151): VFY: unable to resolve virtual method 2271: Landroid/content/Context;.isCredentialProtectedStorage ()Z
D/dalvikvm( 2151): VFY: replacing opcode 0x6e at 0x0000
I/dalvikvm( 2151): Could not find method android.os.UserManager.isUserUnlocked, referenced from method bvv.a
W/dalvikvm( 2151): VFY: unable to resolve virtual method 2867: Landroid/os/UserManager;.isUserUnlocked ()Z
D/dalvikvm( 2151): VFY: replacing opcode 0x6e at 0x001a
I/dalvikvm( 2151): Could not find method android.content.Context.isDeviceProtectedStorage, referenced from method bvv.b
