I/libEGL  ( 1297): 	EGL_BUFFER_SIZE                 :         32 (0x00000020)
I/libEGL  ( 1297): 	EGL_ALPHA_SIZE                  :          8 (0x00000008)
I/libEGL  ( 1297): 	EGL_BLUE_SIZE                   :          8 (0x00000008)
I/libEGL  ( 1297): 	EGL_GREEN_SIZE                  :          8 (0x00000008)
I/libEGL  ( 1297): 	EGL_RED_SIZE                    :          8 (0x00000008)
I/libEGL  ( 1297): 	EGL_DEPTH_SIZE                  :          0 (0x00000000)
I/libEGL  ( 1297): 	EGL_STENCIL_SIZE                :          0 (0x00000000)
I/libEGL  ( 1297): 	EGL_CONFIG_CAVEAT               :      12344 (0x00003038)
I/libEGL  ( 1297): 	EGL_CONFIG_ID                   :          1 (0x00000001)
I/libEGL  ( 1297): 	EGL_LEVEL                       :          0 (0x00000000)
I/libEGL  ( 1297): 	EGL_MAX_PBUFFER_HEIGHT          :      16384 (0x00004000)
I/libEGL  ( 1297): 	EGL_MAX_PBUFFER_WIDTH           :      16384 (0x00004000)
I/libEGL  ( 1297): 	EGL_MAX_PBUFFER_PIXELS          :  268435456 (0x10000000)
I/libEGL  ( 1297): 	EGL_NATIVE_RENDERABLE           :          0 (0x00000000)
I/libEGL  ( 1297): 	EGL_NATIVE_VISUAL_ID            :          1 (0x00000001)
I/libEGL  ( 1297): 	EGL_NATIVE_VISUAL_TYPE          :      12344 (0x00003038)
I/libEGL  ( 1297): 	EGL_SAMPLES                     :          0 (0x00000000)
I/libEGL  ( 1297): 	EGL_SAMPLE_BUFFERS              :          0 (0x00000000)
I/libEGL  ( 1297): 	EGL_SURFACE_TYPE                :       1029 (0x00000405)
I/libEGL  ( 1297): 	EGL_TRANSPARENT_TYPE            :      12344 (0x00003038)
I/libEGL  ( 1297): 	EGL_TRANSPARENT_BLUE_VALUE      :          0 (0x00000000)
I/libEGL  ( 1297): 	EGL_TRANSPARENT_GREEN_VALUE     :          0 (0x00000000)
I/libEGL  ( 1297): 	EGL_TRANSPARENT_RED_VALUE       :          0 (0x00000000)
I/libEGL  ( 1297): 	EGL_BIND_TO_TEXTURE_RGB         :          0 (0x00000000)
I/libEGL  ( 1297): 	EGL_BIND_TO_TEXTURE_RGBA        :          1 (0x00000001)
I/libEGL  ( 1297): 	EGL_MIN_SWAP_INTERVAL           :          0 (0x00000000)
I/libEGL  ( 1297): 	EGL_MAX_SWAP_INTERVAL           :          4 (0x00000004)
I/libEGL  ( 1297): 	EGL_LUMINANCE_SIZE              :          0 (0x00000000)
I/libEGL  ( 1297): 	EGL_ALPHA_MASK_SIZE             :          0 (0x00000000)
I/libEGL  ( 1297): 	EGL_COLOR_BUFFER_TYPE           :      12430 (0x0000308e)
I/libEGL  ( 1297): 	EGL_RENDERABLE_TYPE             :         68 (0x00000044)
I/libEGL  ( 1297): 	EGL_CONFORMANT                  :         68 (0x00000044)
E/EGL_emulation( 1297): [getAttribValue] Bad attribute idx
I/libEGL  ( 1297): 	EGL_FRAMEBUFFER_TARGET_ANDROID  :          0 (0x00000000)
E/EGL_emulation( 1297): [getAttribValue] Bad attribute idx
I/libEGL  ( 1297): 	EGL_RECORDABLE_ANDROID          :          0 (0x00000000)
E/libEGL  ( 1297): eglCreateContext: config chosen
I/libEGL  ( 1297): 	EGL_BUFFER_SIZE                 :         32 (0x00000020)
I/libEGL  ( 1297): 	EGL_ALPHA_SIZE                  :          8 (0x00000008)
I/libEGL  ( 1297): 	EGL_BLUE_SIZE                   :          8 (0x00000008)
I/libEGL  ( 1297): 	EGL_GREEN_SIZE                  :          8 (0x00000008)
I/libEGL  ( 1297): 	EGL_RED_SIZE                    :          8 (0x00000008)
I/libEGL  ( 1297): 	EGL_DEPTH_SIZE                  :          0 (0x00000000)
I/libEGL  ( 1297): 	EGL_STENCIL_SIZE                :          0 (0x00000000)
I/libEGL  ( 1297): 	EGL_CONFIG_CAVEAT               :      12344 (0x00003038)
I/libEGL  ( 1297): 	EGL_CONFIG_ID                   :          1 (0x00000001)
I/libEGL  ( 1297): 	EGL_LEVEL                       :          0 (0x00000000)
I/libEGL  ( 1297): 	EGL_MAX_PBUFFER_HEIGHT          :      16384 (0x00004000)
I/libEGL  ( 1297): 	EGL_MAX_PBUFFER_WIDTH           :      16384 (0x00004000)
I/libEGL  ( 1297): 	EGL_MAX_PBUFFER_PIXELS          :  268435456 (0x10000000)
I/libEGL  ( 1297): 	EGL_NATIVE_RENDERABLE           :          0 (0x00000000)
I/libEGL  ( 1297): 	EGL_NATIVE_VISUAL_ID            :          1 (0x00000001)
I/libEGL  ( 1297): 	EGL_NATIVE_VISUAL_TYPE          :      12344 (0x00003038)
I/libEGL  ( 1297): 	EGL_SAMPLES                     :          0 (0x00000000)
I/libEGL  ( 1297): 	EGL_SAMPLE_BUFFERS              :          0 (0x00000000)
I/libEGL  ( 1297): 	EGL_SURFACE_TYPE                :       1029 (0x00000405)
I/libEGL  ( 1297): 	EGL_TRANSPARENT_TYPE            :      12344 (0x00003038)
I/libEGL  ( 1297): 	EGL_TRANSPARENT_BLUE_VALUE      :          0 (0x00000000)
I/libEGL  ( 1297): 	EGL_TRANSPARENT_GREEN_VALUE     :          0 (0x00000000)
I/libEGL  ( 1297): 	EGL_TRANSPARENT_RED_VALUE       :          0 (0x00000000)
I/libEGL  ( 1297): 	EGL_BIND_TO_TEXTURE_RGB         :          0 (0x00000000)
I/libEGL  ( 1297): 	EGL_BIND_TO_TEXTURE_RGBA        :          1 (0x00000001)
I/libEGL  ( 1297): 	EGL_MIN_SWAP_INTERVAL           :          0 (0x00000000)
I/libEGL  ( 1297): 	EGL_MAX_SWAP_INTERVAL           :          4 (0x00000004)
I/libEGL  ( 1297): 	EGL_LUMINANCE_SIZE              :          0 (0x00000000)
I/libEGL  ( 1297): 	EGL_ALPHA_MASK_SIZE             :          0 (0x00000000)
I/libEGL  ( 1297): 	EGL_COLOR_BUFFER_TYPE           :      12430 (0x0000308e)
I/libEGL  ( 1297): 	EGL_RENDERABLE_TYPE             :         68 (0x00000044)
I/libEGL  ( 1297): 	EGL_CONFORMANT                  :         68 (0x00000044)
E/EGL_emulation( 1297): [getAttribValue] Bad attribute idx
I/libEGL  ( 1297): 	EGL_FRAMEBUFFER_TARGET_ANDROID  :          0 (0x00000000)
E/EGL_emulation( 1297): [getAttribValue] Bad attribute idx
I/libEGL  ( 1297): 	EGL_RECORDABLE_ANDROID          :          0 (0x00000000)
I/AwesomePlayer(  474): Prepare cancelled while waiting for initial cache fill.
I/MediaFocusControl(  535):  AudioFocus  abandonAudioFocus() from android.media.AudioManager@527d51d4com.android.org.chromium.media.MediaPlayerListener@52886a28
E/chromium( 2151): [ERROR:in_process_view_renderer.cc(189)] Failed to request GL process. Deadlock likely: 0
W/MediaPlayer( 2151): mediaplayer went away with unhandled events
E/chromium( 2151): [ERROR:in_process_view_renderer.cc(189)] Failed to request GL process. Deadlock likely: 0
E/chromium( 2151): [ERROR:in_process_view_renderer.cc(189)] Failed to request GL process. Deadlock likely: 0
E/chromium( 2151): [ERROR:in_process_view_renderer.cc(189)] Failed to request GL process. Deadlock likely: 0
E/chromium( 2151): [ERROR:in_process_view_renderer.cc(189)] Failed to request GL process. Deadlock likely: 0
E/chromium( 2151): [ERROR:in_process_view_renderer.cc(189)] Failed to request GL process. Deadlock likely: 0
E/chromium( 2151): [ERROR:in_process_view_renderer.cc(189)] Failed to request GL process. Deadlock likely: 0
E/chromium( 2151): [ERROR:in_process_view_renderer.cc(189)] Failed to request GL process. Deadlock likely: 0
W/MediaPlayer( 2151): mediaplayer went away with unhandled events
W/MediaPlayer( 2151): mediaplayer went away with unhandled events
E/linker  ( 1297): Will try to dlopen() filename: /system/lib/egl/libGLESv1_CM_emulation.so
E/linker  ( 1297): dlopen() succeeded
E/linker  ( 1297): Will try to dlopen() filename: /system/lib/egl/libGLESv2_emulation.so
E/linker  ( 1297): dlopen() succeeded
I/libEGL  ( 1297): eglChooseConfig
I/libEGL  ( 1297): 	EGL_RED_SIZE                    :          8 (0x00000008)
I/libEGL  ( 1297): 	EGL_GREEN_SIZE                  :          8 (0x00000008)
I/libEGL  ( 1297): 	EGL_BLUE_SIZE                   :          8 (0x00000008)
I/libEGL  ( 1297): 	EGL_ALPHA_SIZE                  :          8 (0x00000008)
I/libEGL  ( 1297): 	EGL_SURFACE_TYPE                :          1 (0x00000001)
I/libEGL  ( 1297): 	EGL_RENDERABLE_TYPE             :          4 (0x00000004)
I/libEGL  ( 1297): EGLConfig[0]
I/libEGL  ( 1297): 	EGL_BUFFER_SIZE                 :         32 (0x00000020)
I/libEGL  ( 1297): 	EGL_ALPHA_SIZE                  :          8 (0x00000008)
I/libEGL  ( 1297): 	EGL_BLUE_SIZE                   :          8 (0x00000008)
I/libEGL  ( 1297): 	EGL_GREEN_SIZE                  :          8 (0x00000008)
I/libEGL  ( 1297): 	EGL_RED_SIZE                    :          8 (0x00000008)
I/libEGL  ( 1297): 	EGL_DEPTH_SIZE                  :          0 (0x00000000)
I/libEGL  ( 1297): 	EGL_STENCIL_SIZE                :          0 (0x00000000)
I/libEGL  ( 1297): 	EGL_CONFIG_CAVEAT               :      12344 (0x00003038)
I/libEGL  ( 1297): 	EGL_CONFIG_ID                   :          1 (0x00000001)
I/libEGL  ( 1297): 	EGL_LEVEL                       :          0 (0x00000000)
I/libEGL  ( 1297): 	EGL_MAX_PBUFFER_HEIGHT          :      16384 (0x00004000)
I/libEGL  ( 1297): 	EGL_MAX_PBUFFER_WIDTH           :      16384 (0x00004000)
I/libEGL  ( 1297): 	EGL_MAX_PBUFFER_PIXELS          :  268435456 (0x10000000)
I/libEGL  ( 1297): 	EGL_NATIVE_RENDERABLE           :          0 (0x00000000)
I/libEGL  ( 1297): 	EGL_NATIVE_VISUAL_ID            :          1 (0x00000001)
I/libEGL  ( 1297): 	EGL_NATIVE_VISUAL_TYPE          :      12344 (0x00003038)
I/libEGL  ( 1297): 	EGL_SAMPLES                     :          0 (0x00000000)
I/libEGL  ( 1297): 	EGL_SAMPLE_BUFFERS              :          0 (0x00000000)
I/libEGL  ( 1297): 	EGL_SURFACE_TYPE                :       1029 (0x00000405)
I/libEGL  ( 1297): 	EGL_TRANSPARENT_TYPE            :      12344 (0x00003038)
I/libEGL  ( 1297): 	EGL_TRANSPARENT_BLUE_VALUE      :          0 (0x00000000)
I/libEGL  ( 1297): 	EGL_TRANSPARENT_GREEN_VALUE     :          0 (0x00000000)
I/libEGL  ( 1297): 	EGL_TRANSPARENT_RED_VALUE       :          0 (0x00000000)
I/libEGL  ( 1297): 	EGL_BIND_TO_TEXTURE_RGB         :          0 (0x00000000)
I/libEGL  ( 1297): 	EGL_BIND_TO_TEXTURE_RGBA        :          1 (0x00000001)
I/libEGL  ( 1297): 	EGL_MIN_SWAP_INTERVAL           :          0 (0x00000000)
I/libEGL  ( 1297): 	EGL_MAX_SWAP_INTERVAL           :          4 (0x00000004)
I/libEGL  ( 1297): 	EGL_LUMINANCE_SIZE              :          0 (0x00000000)
I/libEGL  ( 1297): 	EGL_ALPHA_MASK_SIZE             :          0 (0x00000000)
I/libEGL  ( 1297): 	EGL_COLOR_BUFFER_TYPE           :      12430 (0x0000308e)
I/libEGL  ( 1297): 	EGL_RENDERABLE_TYPE             :         68 (0x00000044)
I/libEGL  ( 1297): 	EGL_CONFORMANT                  :         68 (0x00000044)
E/EGL_emulation( 1297): [getAttribValue] Bad attribute idx
I/libEGL  ( 1297): 	EGL_FRAMEBUFFER_TARGET_ANDROID  :          0 (0x00000000)
E/EGL_emulation( 1297): [getAttribValue] Bad attribute idx
I/libEGL  ( 1297): 	EGL_RECORDABLE_ANDROID          :          0 (0x00000000)
E/libEGL  ( 1297): eglCreateContext: config chosen
I/libEGL  ( 1297): 	EGL_BUFFER_SIZE                 :         32 (0x00000020)
I/libEGL  ( 1297): 	EGL_ALPHA_SIZE                  :          8 (0x00000008)
I/libEGL  ( 1297): 	EGL_BLUE_SIZE                   :          8 (0x00000008)
I/libEGL  ( 1297): 	EGL_GREEN_SIZE                  :          8 (0x00000008)
I/libEGL  ( 1297): 	EGL_RED_SIZE                    :          8 (0x00000008)
I/libEGL  ( 1297): 	EGL_DEPTH_SIZE                  :          0 (0x00000000)
I/libEGL  ( 1297): 	EGL_STENCIL_SIZE                :          0 (0x00000000)
I/libEGL  ( 1297): 	EGL_CONFIG_CAVEAT               :      12344 (0x00003038)
I/libEGL  ( 1297): 	EGL_CONFIG_ID                   :          1 (0x00000001)
I/libEGL  ( 1297): 	EGL_LEVEL                       :          0 (0x00000000)
I/libEGL  ( 1297): 	EGL_MAX_PBUFFER_HEIGHT          :      16384 (0x00004000)
I/libEGL  ( 1297): 	EGL_MAX_PBUFFER_WIDTH           :      16384 (0x00004000)
I/libEGL  ( 1297): 	EGL_MAX_PBUFFER_PIXELS          :  268435456 (0x10000000)
I/libEGL  ( 1297): 	EGL_NATIVE_RENDERABLE           :          0 (0x00000000)
I/libEGL  ( 1297): 	EGL_NATIVE_VISUAL_ID            :          1 (0x00000001)
I/libEGL  ( 1297): 	EGL_NATIVE_VISUAL_TYPE          :      12344 (0x00003038)
I/libEGL  ( 1297): 	EGL_SAMPLES                     :          0 (0x00000000)
I/libEGL  ( 1297): 	EGL_SAMPLE_BUFFERS              :          0 (0x00000000)
I/libEGL  ( 1297): 	EGL_SURFACE_TYPE                :       1029 (0x00000405)
I/libEGL  ( 1297): 	EGL_TRANSPARENT_TYPE            :      12344 (0x00003038)
I/libEGL  ( 1297): 	EGL_TRANSPARENT_BLUE_VALUE      :          0 (0x00000000)
I/libEGL  ( 1297): 	EGL_TRANSPARENT_GREEN_VALUE     :          0 (0x00000000)
I/libEGL  ( 1297): 	EGL_TRANSPARENT_RED_VALUE       :          0 (0x00000000)
I/libEGL  ( 1297): 	EGL_BIND_TO_TEXTURE_RGB         :          0 (0x00000000)
I/libEGL  ( 1297): 	EGL_BIND_TO_TEXTURE_RGBA        :          1 (0x00000001)
I/libEGL  ( 1297): 	EGL_MIN_SWAP_INTERVAL           :          0 (0x00000000)
I/libEGL  ( 1297): 	EGL_MAX_SWAP_INTERVAL           :          4 (0x00000004)
I/libEGL  ( 1297): 	EGL_LUMINANCE_SIZE              :          0 (0x00000000)
I/libEGL  ( 1297): 	EGL_ALPHA_MASK_SIZE             :          0 (0x00000000)
I/libEGL  ( 1297): 	EGL_COLOR_BUFFER_TYPE           :      12430 (0x0000308e)
I/libEGL  ( 1297): 	EGL_RENDERABLE_TYPE             :         68 (0x00000044)
I/libEGL  ( 1297): 	EGL_CONFORMANT                  :         68 (0x00000044)
E/EGL_emulation( 1297): [getAttribValue] Bad attribute idx
I/libEGL  ( 1297): 	EGL_FRAMEBUFFER_TARGET_ANDROID  :          0 (0x00000000)
E/EGL_emulation( 1297): [getAttribValue] Bad attribute idx
I/libEGL  ( 1297): 	EGL_RECORDABLE_ANDROID          :          0 (0x00000000)
D/dalvikvm( 2151): GC_CONCURRENT freed 493K, 12% free 4420K/5008K, paused 19ms+1ms, total 46ms
W/GLSUser (  901): [AppCertManager] IOException while requesting key: 
W/GLSUser (  901): java.io.IOException: Invalid device key response.
W/GLSUser (  901): 	at erd.a(:com.google.android.gms:10)
W/GLSUser (  901): 	at erd.a(:com.google.android.gms:69)
W/GLSUser (  901): 	at erd.a(:com.google.android.gms:21)
W/GLSUser (  901): 	at erb.a(:com.google.android.gms:5)
W/GLSUser (  901): 	at erb.onTransact(:com.google.android.gms:4)
W/GLSUser (  901): 	at android.os.Binder.transact(Binder.java:361)
W/GLSUser (  901): 	at bvj.onTransact(:com.google.android.gms:2)
W/GLSUser (  901): 	at android.os.Binder.execTransact(Binder.java:404)
W/GLSUser (  901): 	at dalvik.system.NativeStart.run(Native Method)
W/GLSUser (  901): [DeviceKeyStore] Cannot load key: Device key file not found.
E/ctxmgr  (  722): [BaseServerTask]Server task (FetchAclSet) got error statusCode=-1.
E/ctxmgr  (  722): com.android.volley.VolleyError: Unable to obtain auth token - is the device online?
E/ctxmgr  (  722): 	at cir.a(:com.google.android.gms:66)
E/ctxmgr  (  722): 	at cdv.run(:com.google.android.gms:1)
E/ctxmgr  (  722): 	at cdt.handleMessage(:com.google.android.gms:2)
E/ctxmgr  (  722): 	at jca.run(:com.google.android.gms:5)
E/ctxmgr  (  722): 	at jck.run(:com.google.android.gms:24)
E/ctxmgr  (  722): 	at java.util.concurrent.ThreadPoolExecutor.runWorker(ThreadPoolExecutor.java:1112)
E/ctxmgr  (  722): 	at java.util.concurrent.ThreadPoolExecutor$Worker.run(ThreadPoolExecutor.java:587)
E/ctxmgr  (  722): 	at jho.run(:com.google.android.gms:0)
E/ctxmgr  (  722): 	at java.lang.Thread.run(Thread.java:841)
W/ctxmgr  (  722): [WorkManager]Long workInfo: pkg=com.google.android.gms, lbl=NetworkManager#getAcl, start=2017-07-17 19:09:44.366-0700, stop=2017-07-17 19:09:45.831-0700, durtn=1465ms
E/ctxmgr  (  722): [AccountAclCallback]Failed Acl fetch: network status=-1
E/NetworkScheduler.ATC(  901): Unable to resolve correct action against com.google.android.gms/.auth.be.cron.AuthCronService for user #0 to instantiate callback. Not executing task.
I/Process ( 2151): Sending signal. PID: 2151 SIG: 9
D/leapdroid_hostime(  704): noticeInputStart cmd:0
I/ActivityManager(  535): Process com.ionicframework.ionic2restauth891032 (pid 2151) has died.
E/leapdroid(  704): inputType:0
E/leapdroid(  704): s_bStartInput:true s_bFinishInput:true
D/dalvikvm( 1146): GC_CONCURRENT freed 376K, 15% free 3436K/4004K, paused 1ms+0ms, total 8ms
E/Auth    (  901): [GoogleAccountDataServiceImpl] getToken() -> BAD_AUTHENTICATION. Account: <ELLIDED:667224816>, App: com.android.vending, Service: androidsecure
E/Auth    (  901): ebt: Long live credential not available.
E/Auth    (  901): 	at ebu.b(:com.google.android.gms:0)
E/Auth    (  901): 	at ebu.a(:com.google.android.gms:17)
E/Auth    (  901): 	at eah.a(:com.google.android.gms:51)
E/Auth    (  901): 	at fgf.a(:com.google.android.gms:7)
E/Auth    (  901): 	at fgf.a(:com.google.android.gms:3)
E/Auth    (  901): 	at ffg.a(:com.google.android.gms:1)
E/Auth    (  901): 	at ffe.a(:com.google.android.gms:17)
E/Auth    (  901): 	at ffe.a(:com.google.android.gms:5)
E/Auth    (  901): 	at bty.a(:com.google.android.gms:192)
E/Auth    (  901): 	at bty.a(:com.google.android.gms:67)
E/Auth    (  901): 	at bty.a(:com.google.android.gms:171)
E/Auth    (  901): 	at bty.onTransact(:com.google.android.gms:7)
E/Auth    (  901): 	at android.os.Binder.transact(Binder.java:361)
E/Auth    (  901): 	at bvj.onTransact(:com.google.android.gms:2)
E/Auth    (  901): 	at android.os.Binder.transact(Binder.java:361)
E/Auth    (  901): 	at com.google.android.gms.internal.o$a$a.a(Unknown Source)
E/Auth    (  901): 	at com.google.android.gms.auth.GoogleAuthUtil.getToken(Unknown Source)
E/Auth    (  901): 	at com.google.android.gsf.loginservice.GoogleLoginService$AccountAuthenticatorImpl.getAuthToken(GoogleLoginService.java:302)
E/Auth    (  901): 	at android.accounts.AbstractAccountAuthenticator$Transport.getAuthToken(AbstractAccountAuthenticator.java:196)
E/Auth    (  901): 	at android.accounts.IAccountAuthenticator$Stub.onTransact(IAccountAuthenticator.java:113)
E/Auth    (  901): 	at android.os.Binder.execTransact(Binder.java:404)
E/Auth    (  901): 	at dalvik.system.NativeStart.run(Native Method)
W/Auth    (  901): [GetToken] GetToken failed with status code: BadAuthentication
I/Auth    (  901): [DefaultAuthDelegateChimeraService] Use browser flow? false
D/Finsky  ( 1146): [1] AppStatesReplicator.handleContentSyncResponse: Completed 1 account content syncs with 0 successful.
D/Finsky  ( 1146): [1] ContentSyncService$5.onFinished: Installation state replication failed.
D/Finsky  ( 1146): [1] ContentSyncService$5.onFinished: Scheduling replication attempt 5.
D/dalvikvm( 1146): GC_CONCURRENT freed 320K, 13% free 3505K/3988K, paused 2ms+0ms, total 6ms
D/dalvikvm(  535): GC_CONCURRENT freed 959K, 18% free 7675K/9284K, paused 0ms+2ms, total 14ms
E/Auth    (  901): [GoogleAccountDataServiceImpl] getToken() -> BAD_AUTHENTICATION. Account: <ELLIDED:667224816>, App: com.android.vending, Service: androidsecure
E/Auth    (  901): ebt: Long live credential not available.
E/Auth    (  901): 	at ebu.b(:com.google.android.gms:0)
E/Auth    (  901): 	at ebu.a(:com.google.android.gms:17)
E/Auth    (  901): 	at eah.a(:com.google.android.gms:51)
E/Auth    (  901): 	at fgf.a(:com.google.android.gms:7)
E/Auth    (  901): 	at fgf.a(:com.google.android.gms:3)
E/Auth    (  901): 	at ffg.a(:com.google.android.gms:1)
E/Auth    (  901): 	at ffe.a(:com.google.android.gms:17)
E/Auth    (  901): 	at ffe.a(:com.google.android.gms:5)
E/Auth    (  901): 	at bty.a(:com.google.android.gms:192)
E/Auth    (  901): 	at bty.a(:com.google.android.gms:67)
E/Auth    (  901): 	at bty.a(:com.google.android.gms:171)
E/Auth    (  901): 	at bty.onTransact(:com.google.android.gms:7)
E/Auth    (  901): 	at android.os.Binder.transact(Binder.java:361)
E/Auth    (  901): 	at bvj.onTransact(:com.google.android.gms:2)
E/Auth    (  901): 	at android.os.Binder.transact(Binder.java:361)
E/Auth    (  901): 	at com.google.android.gms.internal.o$a$a.a(Unknown Source)
E/Auth    (  901): 	at com.google.android.gms.auth.GoogleAuthUtil.getToken(Unknown Source)
E/Auth    (  901): 	at com.google.android.gsf.loginservice.GoogleLoginService$AccountAuthenticatorImpl.getAuthToken(GoogleLoginService.java:302)
E/Auth    (  901): 	at android.accounts.AbstractAccountAuthenticator$Transport.getAuthToken(AbstractAccountAuthenticator.java:196)
E/Auth    (  901): 	at android.accounts.IAccountAuthenticator$Stub.onTransact(IAccountAuthenticator.java:113)
E/Auth    (  901): 	at android.os.Binder.execTransact(Binder.java:404)
E/Auth    (  901): 	at dalvik.system.NativeStart.run(Native Method)
W/Auth    (  901): [GetToken] GetToken failed with status code: BadAuthentication
D/dalvikvm(  901): GC_CONCURRENT freed 683K, 22% free 4978K/6360K, paused 2ms+1ms, total 11ms
I/Auth    (  901): [DefaultAuthDelegateChimeraService] Use browser flow? false
D/Finsky  ( 1146): [1] AppStatesReplicator.handleContentSyncResponse: Completed 1 account content syncs with 0 successful.
D/Finsky  ( 1146): [1] ContentSyncService$5.onFinished: Installation state replication failed.
D/Finsky  ( 1146): [1] ContentSyncService$5.onFinished: Giving up after 6 failures.
