07-19 23:15:16.720   899   899 D PhoneStatusBar: setSystemUiVisibility vis=8600 mask=ffffffff oldVal=8000 newVal=8600 diff=600
07-19 23:15:16.720  1251  1251 D XT9IME  : onStartInput isInputViewShown() = false isShowInputRequested() = false
07-19 23:15:16.725   201   224 I KERNEL  : [294120.469672] type=1400 audit(1500516916.710:42150): avc: denied { ioctl } for pid=722 comm="Binder_1" path="socket:[1728156]" dev="sockfs" ino=1728156 ioctlcmd=7704 scontext=u:r:system_server:s0 tcontext=u:r:system_server:s0 tclass=unix_stream_socket permissive=1
07-19 23:15:16.730  1275  1275 V GoogleTagManager: Dispatch call queued. Dispatch will run once initialization is complete.
07-19 23:15:16.740  1304  1316 D ForegroundUtils: Foreground changed, PID: 1275 UID: 10016 foreground: false
07-19 23:15:16.750  1304  1316 D ForegroundUtils: Foreground UID/PID combinations:
07-19 23:15:16.750  1304  1316 D ForegroundUtils: UID: 10223 PID: 13939
07-19 23:15:16.753   313   343 I KERNEL  : [294120.497951] [DISP] brightness level = 15
07-19 23:15:16.774   298   298 I KERNEL  : [294120.519607] mmc2: set SDHCI_TUNE_FOR_CMD52.
07-19 23:15:16.804   313   343 I KERNEL  : [294120.548606] [DISP] brightness level = 15
07-19 23:15:16.854   313   343 I KERNEL  : [294120.598774] [DISP] brightness level = 15
07-19 23:15:16.904   313   343 I KERNEL  : [294120.648865] [DISP] brightness level = 15
07-19 23:15:16.954   313   343 I KERNEL  : [294120.699126] [DISP] brightness level = 15
07-19 23:15:17.004   313   343 I KERNEL  : [294120.749376] [DISP] brightness level = 15
07-19 23:15:17.055   313   343 I KERNEL  : [294120.799622] [DISP] brightness level = 15
07-19 23:15:17.105   313   343 I KERNEL  : [294120.849926] [DISP] brightness level = 15
07-19 23:15:17.155   313   343 I KERNEL  : [294120.900117] [DISP] brightness level = 15
07-19 23:15:17.160   267   293 D hwcomposer: void android::intel::UeventObserver::onUevent(): received Uevent: REPEATED_FRAME
07-19 23:15:17.160   267   293 D hwcomposer: virtual void android::intel::Hwcomposer::invalidate(): invalidating screen...
07-19 23:15:17.160   267   267 D hwcomposer: void android::intel::DisplayAnalyzer::handleIdleEntryEvent(int): handling idle entry event, count 0
07-19 23:15:17.205   313   343 I KERNEL  : [294120.950224] [DISP] brightness level = 15
07-19 23:15:17.255   313   343 I KERNEL  : [294121.000373] [DISP] brightness level = 15
07-19 23:15:17.306   313   343 I KERNEL  : [294121.051048] [DISP] brightness level = 15
07-19 23:15:17.356   313   343 I KERNEL  : [294121.101358] [DISP] brightness level = 15
07-19 23:15:17.407   313   343 I KERNEL  : [294121.151756] [DISP] brightness level = 15
07-19 23:15:17.457   313   343 I KERNEL  : [294121.202285] [DISP] brightness level = 15
07-19 23:15:17.508   313   343 I KERNEL  : [294121.252669] [DISP] brightness level = 15
07-19 23:15:17.558   313   343 I KERNEL  : [294121.303078] [DISP] brightness level = 15
07-19 23:15:17.608   313   343 I KERNEL  : [294121.353327] [DISP] brightness level = 15
07-19 23:15:17.610 11341 11341 D wpa_supplicant: wlan0: Control interface command 'SIGNAL_POLL'
07-19 23:15:17.620 11341 11341 D wpa_supplicant: CTRL-DEBUG: global_ctrl_sock-sendto: sock=12 sndbuf=212992 outq=0 send_len=47
07-19 23:15:17.620   711   837 D ConnectivityService: updateNetworkScore for NetworkAgentInfo [WIFI () - 161] to 57
07-19 23:15:17.626 11341 11341 I KERNEL  : [294121.370420] mmc2: set SDHCI_TUNE_FOR_CMD52.
07-19 23:15:17.659   313   343 I KERNEL  : [294121.403442] [DISP] brightness level = 15
07-19 23:15:17.709   313   343 I KERNEL  : [294121.453572] [DISP] brightness level = 15
07-19 23:15:17.759   313   343 I KERNEL  : [294121.503752] [DISP] brightness level = 15
07-19 23:15:17.809   313   343 I KERNEL  : [294121.553859] [DISP] brightness level = 15
07-19 23:15:17.859   313   343 I KERNEL  : [294121.603984] [DISP] brightness level = 15
07-19 23:15:17.909   313   343 I KERNEL  : [294121.654095] [DISP] brightness level = 15
07-19 23:15:17.959   313   343 I KERNEL  : [294121.704226] [DISP] brightness level = 15
07-19 23:15:18.010   313   343 I KERNEL  : [294121.754346] [DISP] brightness level = 15
07-19 23:15:18.060   313   343 I KERNEL  : [294121.804463] [DISP] brightness level = 15
07-19 23:15:18.110   313   343 I KERNEL  : [294121.854583] [DISP] brightness level = 15
07-19 23:15:18.160   313   343 I KERNEL  : [294121.904731] [DISP] brightness level = 15
07-19 23:15:18.210   313   343 I KERNEL  : [294121.954846] [DISP] brightness level = 15
07-19 23:15:18.260   313   343 I KERNEL  : [294122.004959] [DISP] brightness level = 15
07-19 23:15:18.310   313   343 I KERNEL  : [294122.055067] [DISP] brightness level = 16
07-19 23:15:18.361   313   343 I KERNEL  : [294122.105266] [DISP] brightness level = 16
07-19 23:15:18.411   313   343 I KERNEL  : [294122.155454] [DISP] brightness level = 16
07-19 23:15:18.461   313   343 I KERNEL  : [294122.205663] [DISP] brightness level = 16
07-19 23:15:18.511   313   343 I KERNEL  : [294122.255766] [DISP] brightness level = 16
07-19 23:15:18.526   298   298 I KERNEL  : [294122.270349] mmc2: set SDHCI_TUNE_FOR_CMD52.
07-19 23:15:18.540   711   825 V AlarmManager: triggered: act=com.google.android.location.ALARM_WAKEUP_LOCATOR Pkg: com.google.android.gms
07-19 23:15:18.550   711  1885 I libgps  : [proxy_gps_acquire_wakelock_cb][line = 1441]: acquire_wakelock 1
07-19 23:15:18.550   711   724 I libgps  : proxy_gps_inject_location(-23.472222, -46.652138, 20.881001)
07-19 23:15:18.550   711  1885 I libgps  : [proxy_gps_release_wakelock_cb][line = 1452]: release_wakelock 0
07-19 23:15:18.550   711  1885 I libgps  : [proxy_gps_acquire_wakelock_cb][line = 1441]: acquire_wakelock 1
07-19 23:15:18.550   711  1885 I libgps  : [proxy_gps_release_wakelock_cb][line = 1452]: release_wakelock 0
07-19 23:15:18.560 13939 13939 I chromium: [INFO:CONSOLE(38364)] "tabs.ts.20:null", source: file:///android_asset/www/build/main.js (38364)
07-19 23:15:18.560 13939 13939 I chromium: [INFO:CONSOLE(38366)] "tabs.ts.22", source: file:///android_asset/www/build/main.js (38366)
07-19 23:15:18.561   313   343 I KERNEL  : [294122.305871] [DISP] brightness level = 16
07-19 23:15:18.570   711  1290 D WifiService: releaseWifiLockLocked: WifiLock{NlpWifiLock type=2 binder=android.os.BinderProxy@e3324bb}
07-19 23:15:18.611   313   343 I KERNEL  : [294122.356008] [DISP] brightness level = 16
07-19 23:15:18.620 13939 13939 I chromium: [INFO:CONSOLE(56784)] "HomePage is active ", source: file:///android_asset/www/build/main.js (56784)
07-19 23:15:18.662   313   343 I KERNEL  : [294122.406113] [DISP] brightness level = 16
07-19 23:15:18.680 13939 13939 I chromium: [INFO:CONSOLE(2534)] "Angular 2 is running in the development mode. Call enableProdMode() to enable the production mode.", source: file:///android_asset/www/build/main.js (2534)
07-19 23:15:18.712   313   343 I KERNEL  : [294122.456235] [DISP] brightness level = 16
07-19 23:15:18.762   313   343 I KERNEL  : [294122.506333] [DISP] brightness level = 16
07-19 23:15:18.800 13939 13939 I chromium: [INFO:CONSOLE(71184)] "DEVICE READY FIRED AFTER", source: file:///android_asset/www/build/main.js (71184)
07-19 23:15:18.800   267   267 D hwcomposer: void android::intel::DisplayAnalyzer::handleIdleExitEvent(): handling idle exit event
07-19 23:15:18.812   313   343 I KERNEL  : [294122.556438] [DISP] brightness level = 16
07-19 23:15:18.840 13939 13939 I chromium: [INFO:CONSOLE(38253)] "login.ts.19", source: file:///android_asset/www/build/main.js (38253)
07-19 23:15:18.840 13939 13939 I chromium: [INFO:CONSOLE(38254)] "LoginPage is active ", source: file:///android_asset/www/build/main.js (38254)
07-19 23:15:18.862   313   343 I KERNEL  : [294122.606557] [DISP] brightness level = 16
07-19 23:15:18.870   267   293 D hwcomposer: void android::intel::UeventObserver::onUevent(): received Uevent: REPEATED_FRAME
07-19 23:15:18.870   267   293 D hwcomposer: virtual void android::intel::Hwcomposer::invalidate(): invalidating screen...
07-19 23:15:18.870   267   267 D hwcomposer: void android::intel::DisplayAnalyzer::handleIdleEntryEvent(int): handling idle entry event, count 0
07-19 23:15:18.910 11341 11341 D wpa_supplicant: nl80211: Ignored event (cmd=34) for foreign interface (ifindex 3 wdev 0x0)
07-19 23:15:18.910 11341 11341 D wpa_supplicant: nl80211: Drv Event 34 (NL80211_CMD_NEW_SCAN_RESULTS) received for wlan0
07-19 23:15:18.910 11341 11341 D wpa_supplicant: wlan0: nl80211: New scan results available
07-19 23:15:18.910 11341 11341 D wpa_supplicant: nl80211: Scan probed for SSID ''
07-19 23:15:18.910 11341 11341 D wpa_supplicant: nl80211: Scan included frequencies: 2412 2417 2422 2427 2432 2437 2442 2447 2452 2457 2462 2467 2472 5180 5200 5220 5240 5260 5280 5300 5320 5500 5520 5540 5560 5580 5600 5620 5640 5660 5680 5700 5720 5745 5765 5785 5805 5825
07-19 23:15:18.910 11341 11341 D wpa_supplicant: wlan0: Event SCAN_RESULTS (3) received
07-19 23:15:18.910 11341 11341 D wpa_supplicant: wlan0: Scan completed in 5.312251 seconds
07-19 23:15:18.910 11341 11341 D wpa_supplicant: nl80211: Associated on 2412 MHz
07-19 23:15:18.910 11341 11341 D wpa_supplicant: nl80211: Associated with bc:f6:85:dc:d4:a6
07-19 23:15:18.910 11341 11341 D wpa_supplicant: nl80211: Received scan results (14 BSSes)
07-19 23:15:18.910 11341 11341 D wpa_supplicant: nl80211: Scan results indicate BSS status with bc:f6:85:dc:d4:a6 as associated
07-19 23:15:18.910 11341 11341 D wpa_supplicant: wlan0: BSS: Start scan result update 778
07-19 23:15:18.910 11341 11341 D wpa_supplicant: wlan0: BSS: Add new id 8322 BSSID 94:2c:b3:a6:02:9c SSID 'NET_5GA6028F'
07-19 23:15:18.910 11341 11341 D wpa_supplicant: CTRL-DEBUG: ctrl_sock-sendmsg: sock=12 sndbuf=212992 outq=0 send_len=43
07-19 23:15:18.910 11341 11341 D wpa_supplicant: CTRL_IFACE monitor sent successfully to /data/misc/wifi/sockets/wpa_ctrl_711-9\x00
07-19 23:15:18.910 11341 11341 D wpa_supplicant: wlan0: BSS: Add new id 8323 BSSID 00:04:df:d3:77:5f SSID 'JT'
07-19 23:15:18.910 11341 11341 D wpa_supplicant: CTRL-DEBUG: ctrl_sock-sendmsg: sock=12 sndbuf=212992 outq=768 send_len=43
07-19 23:15:18.910 11341 11341 D wpa_supplicant: CTRL_IFACE monitor sent successfully to /data/misc/wifi/sockets/wpa_ctrl_711-9\x00
07-19 23:15:18.910 11341 11341 D wpa_supplicant: wlan0: BSS: Add new id 8324 BSSID 38:6b:bb:45:4f:e5 SSID 'netvirtuabldap52'
07-19 23:15:18.910 11341 11341 D wpa_supplicant: CTRL-DEBUG: ctrl_sock-sendmsg: sock=12 sndbuf=212992 outq=1536 send_len=43
07-19 23:15:18.910 11341 11341 D wpa_supplicant: CTRL_IFACE monitor sent successfully to /data/misc/wifi/sockets/wpa_ctrl_711-9\x00
07-19 23:15:18.910 11341 11341 D wpa_supplicant: BSS: last_scan_res_used=14/64
07-19 23:15:18.910 11341 11341 E wpa_supplicant: Add access point on channel 100 [UNSUPPORTED]
07-19 23:15:18.910 11341 11341 E wpa_supplicant: Add access point on channel 108 [UNSUPPORTED]
07-19 23:15:18.910 11341 11341 D wpa_supplicant: Add access point on channel 149 [BANNED]
07-19 23:15:18.910 11341 11341 D wpa_supplicant: Best Operating channel is = 157
07-19 23:15:18.910 11341 11341 D wpa_supplicant: wlan0: Scan-only results received
07-19 23:15:18.910 11341 11341 D wpa_supplicant: CTRL-DEBUG: ctrl_sock-sendmsg: sock=12 sndbuf=212992 outq=2304 send_len=24
07-19 23:15:18.910 11341 11341 D wpa_supplicant: CTRL_IFACE monitor sent successfully to /data/misc/wifi/sockets/wpa_ctrl_711-9\x00
07-19 23:15:18.910 11341 11341 D wpa_supplicant: wlan0: Radio work 'scan'@0xf6f0f6f0 done in 5.370457 seconds
07-19 23:15:18.910 11341 11341 D wpa_supplicant: wlan0: Control interface command 'BSS RANGE=0- MASK=0x29d87'
07-19 23:15:18.910 11341 11341 D wpa_supplicant: CTRL-DEBUG: global_ctrl_sock-sendto: sock=12 sndbuf=212992 outq=0 send_len=3543
07-19 23:15:18.910 11341 11341 D wpa_supplicant: wlan0: Control interface command 'BSS RANGE=8296- MASK=0x29d87'
07-19 23:15:18.910 11341 11341 D wpa_supplicant: CTRL-DEBUG: global_ctrl_sock-sendto: sock=12 sndbuf=212992 outq=0 send_len=3748
07-19 23:15:18.910 11341 11341 D wpa_supplicant: wlan0: Control interface command 'BSS RANGE=8316- MASK=0x29d87'
07-19 23:15:18.910 11341 11341 D wpa_supplicant: CTRL-DEBUG: global_ctrl_sock-sendto: sock=12 sndbuf=212992 outq=0 send_len=3848
07-19 23:15:18.910 11341 11341 D wpa_supplicant: wlan0: Control interface command 'BSS RANGE=8323- MASK=0x29d87'
07-19 23:15:18.910 11341 11341 D wpa_supplicant: CTRL-DEBUG: global_ctrl_sock-sendto: sock=12 sndbuf=212992 outq=0 send_len=1189
07-19 23:15:18.912   313   343 I KERNEL  : [294122.656795] [DISP] brightness level = 17
07-19 23:15:18.920   711   725 W BroadcastQueue: Reject to launch app br.com.mobicare.oiwifi/10184 for broadcast: App Op 63
07-19 23:15:18.970   267   267 D hwcomposer: void android::intel::DisplayAnalyzer::handleIdleExitEvent(): handling idle exit event
07-19 23:15:19.120   267   293 D hwcomposer: void android::intel::UeventObserver::onUevent(): received Uevent: REPEATED_FRAME
07-19 23:15:19.120   267   293 D hwcomposer: virtual void android::intel::Hwcomposer::invalidate(): invalidating screen...
07-19 23:15:19.120   267   267 D hwcomposer: void android::intel::DisplayAnalyzer::handleIdleEntryEvent(int): handling idle entry event, count 0
07-19 23:15:19.140   267   267 D hwcomposer: void android::intel::DisplayAnalyzer::handleIdleExitEvent(): handling idle exit event
07-19 23:15:19.220   313   313 I dispmgr : waiting for message from kernel.
07-19 23:15:19.220   313   313 I dispmgr : message from kernel received.
07-19 23:15:19.220   313   313 D         : PwrConsWriteRegisterUlong
07-19 23:15:19.250   267   293 D hwcomposer: void android::intel::UeventObserver::onUevent(): received Uevent: REPEATED_FRAME
07-19 23:15:19.250   267   293 D hwcomposer: virtual void android::intel::Hwcomposer::invalidate(): invalidating screen...
07-19 23:15:19.250   267   267 D hwcomposer: void android::intel::DisplayAnalyzer::handleIdleEntryEvent(int): handling idle entry event, count 0
07-19 23:15:19.350   899   899 D NetworkController.WifiSignalController: Change in state from: connected=true,enabled=true,level=3,inetCondition=1,iconGroup=IconGroup(Wi-Fi Icons),activityIn=false,activityOut=false,rssi=-58,lastModified=07-19 11:15:14,ssid="casa"
07-19 23:15:19.350   899   899 D NetworkController.WifiSignalController: 	to: connected=true,enabled=true,level=3,inetCondition=1,iconGroup=IconGroup(Wi-Fi Icons),activityIn=true,activityOut=true,rssi=-58,lastModified=07-19 11:15:14,ssid="casa"
07-19 23:15:19.350   899   899 D SignalClusterView: vpn: GONE
07-19 23:15:19.350   899   899 D SignalClusterView: ethernet: GONE
07-19 23:15:19.350   899   899 D SignalClusterView: wifi: VISIBLE sig=2130838686 inout=2130838671
07-19 23:15:19.350   899   899 D SignalClusterView: mobile: VISIBLE sig=2130838667 typ=0 inout=0 simoff=false
07-19 23:15:19.350   899   899 D SignalClusterView: vpn: GONE
07-19 23:15:19.350   899   899 D SignalClusterView: ethernet: GONE
07-19 23:15:19.350   899   899 D SignalClusterView: wifi: VISIBLE sig=2130838686 inout=2130838671
07-19 23:15:19.350   899   899 D SignalClusterView: mobile: VISIBLE sig=2130838667 typ=0 inout=0 simoff=false
07-19 23:15:19.370   267   267 D hwcomposer: void android::intel::DisplayAnalyzer::handleIdleExitEvent(): handling idle exit event
07-19 23:15:19.670   267   293 D hwcomposer: void android::intel::UeventObserver::onUevent(): received Uevent: REPEATED_FRAME
07-19 23:15:19.670   267   293 D hwcomposer: virtual void android::intel::Hwcomposer::invalidate(): invalidating screen...
07-19 23:15:19.670   267   267 D hwcomposer: void android::intel::DisplayAnalyzer::handleIdleEntryEvent(int): handling idle entry event, count 0
07-19 23:15:20.070 13939 14033 I OMXClient: Using client-side OMX mux.
07-19 23:15:20.070   304   845 I ISVProfile: static int32_t ISVProfile::getGlobalStatus(): /data/user/0/com.intel.vpp/shared_prefs/vpp_settings.xml
07-19 23:15:20.070   304   845 E ISVProfile: static int32_t ISVProfile::getGlobalStatus(): failed to open file /data/user/0/com.intel.vpp/shared_prefs/vpp_settings.xml
07-19 23:15:20.070   304   845 I ISVProfile: static int32_t ISVProfile::getGlobalStatus(): using the default status: VPP=OFF, FRC=OFF
07-19 23:15:20.070   304   845 I ISVProfile: static int32_t ISVProfile::getGlobalStatus(): /data/user/0/com.intel.vpp/shared_prefs/vpp_settings.xml
07-19 23:15:20.070   304   845 E ISVProfile: static int32_t ISVProfile::getGlobalStatus(): failed to open file /data/user/0/com.intel.vpp/shared_prefs/vpp_settings.xml
07-19 23:15:20.070   304   845 I ISVProfile: static int32_t ISVProfile::getGlobalStatus(): using the default status: VPP=OFF, FRC=OFF
07-19 23:15:20.070   304   845 I cmodule : module libOMXVideoDecoderAVC.so successfully loaded
07-19 23:15:20.070   304   845 I componentbase: OMX.Intel.VideoDecoder.AVC: set working role video_decoder.avc:
07-19 23:15:20.070   304   845 I wrs-omxil-core: get handle of component OMX.Intel.VideoDecoder.AVC successfully
07-19 23:15:20.070   304 17006 I APM::AudioPolicyManager: Stream Type music
07-19 23:15:20.070 13939 14032 I MediaCodec: [OMX.Intel.VideoDecoder.AVC] setting surface generation to 14273537
07-19 23:15:20.070   304   846 I componentbase: OMX.Intel.VideoDecoder.AVC: set working role video_decoder.avc:
07-19 23:15:20.070   304  2579 I OMXVideoDecoder: We are in meta data mode!!!
07-19 23:15:20.080   304  1287 E OMXNodeInstance: getConfig(ff:Intel.Decoder.AVC, ConfigCommonOutputCrop(0x700000f)) ERROR: FormatNotDetected(0x80001020)
07-19 23:15:20.080 13939 14033 I MultiDisplay: Video source Info 480x270@0fps
07-19 23:15:20.080   267   861 I hwcomposer: virtual android::status_t android::intel::MultiDisplayCallback::updateVideoState(int, android::intel::MDS_VIDEO_STATE): state: 2
07-19 23:15:20.080   304   739 D AudioIntelHal: setParameters: key value pair audio_stream_type=music
07-19 23:15:20.080   304   739 D AudioIntelHal/AudioPlatformState: route-parameter-manager: Selection criterion changed event: Criterion name: AudioStreamType, current state: Music
07-19 23:15:20.080   304   739 D AudioIntelHal/AudioPlatformState: route-parameter-manager: Selection criterion changed event: Criterion name: StatesChanged, current state: AudioStreamType
07-19 23:15:20.080   304   739 D AudioIntelHal/AudioPlatformState: route-parameter-manager: Configuration application request {
07-19 23:15:20.080   304   739 D AudioIntelHal/AudioPlatformState: route-parameter-manager:     Applying configurations {
07-19 23:15:20.080   304   739 D AudioIntelHal/AudioPlatformState: route-parameter-manager:         Applying configuration "No" from domain "StreamRoute.NeedReconfigure.Playback"
07-19 23:15:20.080   304   739 D AudioIntelHal/AudioPlatformState: route-parameter-manager:     } Applying configurations
07-19 23:15:20.080   304   739 D AudioIntelHal/AudioPlatformState: route-parameter-manager: } Configuration application request
07-19 23:15:20.080   304   739 D EVENT_THREAD: void CEventThread::trig(void*, uint32_t): in
07-19 23:15:20.080   304   739 D EVENT_THREAD: void CEventThread::trig(void*, uint32_t): out
07-19 23:15:20.080   304   746 D RouteManager: audio-parameter-manager: Selection criterion changed event: Criterion name: AudioStreamType, current state: Music
07-19 23:15:20.080   304   746 D RouteManager: audio-parameter-manager: Configuration application request {
07-19 23:15:20.080   304   746 D RouteManager: audio-parameter-manager:     Applying configurations {
07-19 23:15:20.080   304   746 D RouteManager: audio-parameter-manager:     } Applying configurations
07-19 23:15:20.080   304   746 D RouteManager: audio-parameter-manager: } Configuration application request
07-19 23:15:20.080   304   746 D EVENT_THREAD: void CEventThread::run() Do poll with timeout: -1
07-19 23:15:20.080 13939 14033 D SurfaceUtils: set up nativeWindow 0xd0834908 for 480x270, color 0x7fa00e00, rotation 0, usage 0x2922
07-19 23:15:20.080   304 14035 I VideoDecoder: mParserType = 3
07-19 23:15:20.080   711  1289 V MultiDisplay: Current state: false, false, false
07-19 23:15:20.080   711  1289 V MultiDisplay: Previous state: false, false
07-19 23:15:20.080   711   711 V MultiDisplay: Enable Disable External DP Mode Setting 0
07-19 23:15:20.080   711   711 W ContextImpl: Calling a method in the system process without a qualified user: android.app.ContextImpl.sendBroadcast:784 com.intel.multidisplay.DisplayObserver.enableHdmiSetting:331 com.intel.multidisplay.DisplayObserver.-wrap0:-1 com.intel.multidisplay.DisplayObserver$2.handleMessage:362 android.os.Handler.dispatchMessage:102 
07-19 23:15:20.090   304 14035 W VideoDecoder: No config data to start VA.
07-19 23:15:20.090   304 14035 D componentbase: OMX.Intel.VideoDecoder.AVC:video_decoder.avc: transition from OMX_StateLoaded to OMX_StateIdle completed
07-19 23:15:20.090   304 14035 D componentbase: OMX.Intel.VideoDecoder.AVC:video_decoder.avc: transition from OMX_StateIdle to OMX_StateExecuting completed
07-19 23:15:20.090 13939 14039 I OMXClient: Using client-side OMX mux.
07-19 23:15:20.090   304  1478 I ISVProfile: static int32_t ISVProfile::getGlobalStatus(): /data/user/0/com.intel.vpp/shared_prefs/vpp_settings.xml
07-19 23:15:20.090   304  1478 E ISVProfile: static int32_t ISVProfile::getGlobalStatus(): failed to open file /data/user/0/com.intel.vpp/shared_prefs/vpp_settings.xml
07-19 23:15:20.090   304  1478 I ISVProfile: static int32_t ISVProfile::getGlobalStatus(): using the default status: VPP=OFF, FRC=OFF
07-19 23:15:20.090   304  1478 I ISVProfile: static int32_t ISVProfile::getGlobalStatus(): /data/user/0/com.intel.vpp/shared_prefs/vpp_settings.xml
07-19 23:15:20.090   304  1478 E ISVProfile: static int32_t ISVProfile::getGlobalStatus(): failed to open file /data/user/0/com.intel.vpp/shared_prefs/vpp_settings.xml
07-19 23:15:20.090   304  1478 I ISVProfile: static int32_t ISVProfile::getGlobalStatus(): using the default status: VPP=OFF, FRC=OFF
07-19 23:15:20.090   304  1478 E module  : found opened module libOMXVideoDecoderAVC.so with name
07-19 23:15:20.090   304  1478 I componentbase: OMX.Intel.VideoDecoder.AVC: set working role video_decoder.avc:
07-19 23:15:20.090   304  1478 I wrs-omxil-core: get handle of component OMX.Intel.VideoDecoder.AVC successfully
07-19 23:15:20.100   304   748 W AudioPort: release: Port UNUSED 3
07-19 23:15:20.100   304   748 D AudioIntelHal: setParameters: key value pair android_mode=0;output_devices=2;output_flags=0;output_usecase=0
07-19 23:15:20.100   304   748 D AudioIntelHal/AudioPlatformState: route-parameter-manager: Selection criterion changed event: Criterion name: OutputDevices, current state: Ihf
07-19 23:15:20.100   304   748 D AudioIntelHal: setParameters: audio_mode 0
07-19 23:15:20.100   304   748 W AudioIntelHal/AudioPlatformState: clearKeys: Unhandled argument: output_usecase=0
07-19 23:15:20.100   304   748 D AudioIntelHal/AudioPlatformState: route-parameter-manager: Selection criterion changed event: Criterion name: StatesChanged, current state: OutputDevices
07-19 23:15:20.100   304   748 D AudioIntelHal/AudioPlatformState: route-parameter-manager: Configuration application request {
07-19 23:15:20.100   304   748 D AudioIntelHal/AudioPlatformState: route-parameter-manager:     Applying configurations {
07-19 23:15:20.100   304   748 D AudioIntelHal/AudioPlatformState: route-parameter-manager:         Applying configuration "Yes" from domain "StreamRoute.NeedReconfigure.Playback"
07-19 23:15:20.100   304   748 D AudioIntelHal/AudioPlatformState: route-parameter-manager:         Applying configuration "Selected" from domain "Parameter.OutputDevice.Ihf"
07-19 23:15:20.100   304   748 D AudioIntelHal/AudioPlatformState: route-parameter-manager:     } Applying configurations
07-19 23:15:20.100   304   748 D AudioIntelHal/AudioPlatformState: route-parameter-manager: } Configuration application request
07-19 23:15:20.100   304   748 D EVENT_THREAD: void CEventThread::trig(void*, uint32_t): in
07-19 23:15:20.100   304   748 D EVENT_THREAD: void CEventThread::trig(void*, uint32_t): out
07-19 23:15:20.113   304   748 I KERNEL  : [294123.857177] snd_merr_dpcm_rt5647: switch_ctrl_ioctl: audio_mode 0
07-19 23:15:20.100   304   746 D RouteManager: audio-parameter-manager: Selection criterion changed event: Criterion name: SelectedOutputDevice, current state: IHF
07-19 23:15:20.100   304   746 D RouteManager: audio-parameter-manager: Configuration application request {
07-19 23:15:20.100   304   746 D RouteManager: audio-parameter-manager:     Applying configurations {
07-19 23:15:20.100   304   746 D RouteManager: audio-parameter-manager:         Applying configuration "Play.SPK" from domain "Sst.MediaLoop1.Mdrc"
07-19 23:15:20.100   304   746 D RouteManager: audio-parameter-manager:         Applying configuration "Play.SPK" from domain "Sst.MediaLoop1.Equalizer"
07-19 23:15:20.100   304   746 D RouteManager: audio-parameter-manager:         Applying configuration "SPK" from domain "Sst.Modem.Dcr"
07-19 23:15:20.100   304   746 D RouteManager: audio-parameter-manager:     } Applying configurations
07-19 23:15:20.100   304   746 D RouteManager: audio-parameter-manager: } Configuration application request
07-19 23:15:20.100   304   746 D EVENT_THREAD: void CEventThread::run() Do poll with timeout: -1
07-19 23:15:20.100 13939 14038 I MediaCodec: [OMX.Intel.VideoDecoder.AVC] setting surface generation to 14273538
07-19 23:15:20.110   304 21530 I componentbase: OMX.Intel.VideoDecoder.AVC: set working role video_decoder.avc:
07-19 23:15:20.110   304  2578 I OMXVideoDecoder: We are in meta data mode!!!
07-19 23:15:20.110   304 14040 I OMXVideoDecoder: Buffer has OMX_BUFFERFLAG_CODECCONFIG flag.
07-19 23:15:20.110   304 14040 W VideoDecoder: Can't start VA as either SPS or PPS is still not available.
07-19 23:15:20.110   304 14040 I OMXVideoDecoder: Buffer has OMX_BUFFERFLAG_CODECCONFIG flag.
07-19 23:15:20.110   304 14040 I VideoDecoder: maxDPBSize = 16, num_ref_frame = 6
07-19 23:15:20.110   304 14040 I VideoDecoder: updateFormatInfo: current size: 480 x 270, new size: 480 x 272
07-19 23:15:20.110   304 14040 I VideoDecoder: Cropping: left = 0, top = 0, right = 0, bottom = 2
07-19 23:15:20.110   304 14040 I VideoDecoder: WiDi is not enabled
07-19 23:15:20.110   304 14040 I VideoDecoder: actualBufferNeeded =19
07-19 23:15:20.110   304 14040 W VideoDecoder: startVA failed. status = 2
07-19 23:15:20.110   304 14040 W OMXVideoDecoder: Video format is changed.
07-19 23:15:20.110   304 14040 I OMXVideoDecoder: Flushing port# 0.
07-19 23:15:20.110   304 14040 W OMXVideoDecoder: Flushing video pipeline.
07-19 23:15:20.110   304  1427 E OMXVideoDecoder: buffer header is not in buffer header list
07-19 23:15:20.110   304  2579 E OMXNodeInstance: getConfig(100:Intel.Decoder.AVC, ConfigCommonOutputCrop(0x700000f)) ERROR: FormatNotDetected(0x80001020)
07-19 23:15:20.110 13939 14039 I MultiDisplay: Video source Info 480x270@0fps
07-19 23:15:20.110   304   304 E OMXVideoDecoder: buffer header is not in buffer header list
07-19 23:15:20.110   267   279 I hwcomposer: virtual android::status_t android::intel::MultiDisplayCallback::updateVideoState(int, android::intel::MDS_VIDEO_STATE): state: 2
07-19 23:15:20.113   304   748 I KERNEL  : [294123.857206] snd_merr_dpcm_rt5647: switch_ctrl_ioctl: is_incall status false
07-19 23:15:20.120   304  1194 E OMXVideoDecoder: buffer header is not in buffer header list
07-19 23:15:20.120 13939 14039 D SurfaceUtils: set up nativeWindow 0xcd3e2008 for 480x270, color 0x7fa00e00, rotation 0, usage 0x2922
07-19 23:15:20.120 13939 14033 D SurfaceUtils: set up nativeWindow 0xd0834908 for 480x272, color 0x7fa00e00, rotation 0, usage 0x2922
07-19 23:15:20.130   304 14041 I VideoDecoder: mParserType = 3
07-19 23:15:20.130   304 14041 W VideoDecoder: No config data to start VA.
07-19 23:15:20.130   304 14041 D componentbase: OMX.Intel.VideoDecoder.AVC:video_decoder.avc: transition from OMX_StateLoaded to OMX_StateIdle completed
07-19 23:15:20.130   304 14041 D componentbase: OMX.Intel.VideoDecoder.AVC:video_decoder.avc: transition from OMX_StateIdle to OMX_StateExecuting completed
07-19 23:15:20.130   304 14044 I OMXVideoDecoder: Buffer has OMX_BUFFERFLAG_CODECCONFIG flag.
07-19 23:15:20.130   304 14044 W VideoDecoder: Can't start VA as either SPS or PPS is still not available.
07-19 23:15:20.140   304 14044 I OMXVideoDecoder: Buffer has OMX_BUFFERFLAG_CODECCONFIG flag.
07-19 23:15:20.140   304 14044 I VideoDecoder: maxDPBSize = 16, num_ref_frame = 6
07-19 23:15:20.140   304 14044 I VideoDecoder: updateFormatInfo: current size: 480 x 270, new size: 480 x 272
07-19 23:15:20.140   304 14044 I VideoDecoder: Cropping: left = 0, top = 0, right = 0, bottom = 2
07-19 23:15:20.140   304 14044 I VideoDecoder: WiDi is not enabled
07-19 23:15:20.140   304 14044 I VideoDecoder: actualBufferNeeded =19
07-19 23:15:20.140   304 14044 W VideoDecoder: startVA failed. status = 2
07-19 23:15:20.140   304 14044 W OMXVideoDecoder: Video format is changed.
07-19 23:15:20.140   304 14044 I OMXVideoDecoder: Flushing port# 0.
07-19 23:15:20.140   304 14044 W OMXVideoDecoder: Flushing video pipeline.
07-19 23:15:20.140   304  1479 E OMXVideoDecoder: buffer header is not in buffer header list
07-19 23:15:20.140   304 14040 I OMXVideoDecoder: Buffer has OMX_BUFFERFLAG_CODECCONFIG flag.
07-19 23:15:20.140   304 14040 I VideoDecoder: maxDPBSize = 16, num_ref_frame = 6
07-19 23:15:20.140   304 14040 I VideoDecoder: updateFormatInfo: current size: 480 x 272, new size: 480 x 272
07-19 23:15:20.140   304 14040 I VideoDecoder: Cropping: left = 0, top = 0, right = 0, bottom = 2
07-19 23:15:20.140   304 14040 I VideoDecoder: WiDi is not enabled
07-19 23:15:20.140   304 14040 I VideoDecoder: actualBufferNeeded =19
07-19 23:15:20.140   304 14040 I libva   : VA-API version 0.34.0
07-19 23:15:20.140   304  1426 E OMXVideoDecoder: buffer header is not in buffer header list
07-19 23:15:20.140   304 14040 I libva   : va_getDriverName() returns 0
07-19 23:15:20.140   304 14040 I libva   : Trying to open /system/lib/pvr_drv_video.so
07-19 23:15:20.140   304 14040 I libva   : Found init function __vaDriverInit_0_32
07-19 23:15:20.140   304   748 D PROPERTY: get media.dump_output.befconv: 0
07-19 23:15:20.140   304   748 D PROPERTY: get media.dump_output.aftconv: 0
07-19 23:15:20.140   304   748 D AudioStream: setStandby: starting output stream
07-19 23:15:20.140   304   748 D AudioIntelHal: setParameters: key value pair android_mode=0;output_devices=2;output_flags=2;output_usecase=0
07-19 23:15:20.140   304   748 D AudioIntelHal/AudioPlatformState: route-parameter-manager: Selection criterion changed event: Criterion name: OutputFlags, current state: Primary
07-19 23:15:20.140   304   748 D AudioIntelHal: setParameters: audio_mode 0
07-19 23:15:20.140   304   748 W AudioIntelHal/AudioPlatformState: clearKeys: Unhandled argument: output_usecase=0
07-19 23:15:20.140   304   748 D AudioIntelHal/AudioPlatformState: route-parameter-manager: Selection criterion changed event: Criterion name: StatesChanged, current state: OutputFlags
07-19 23:15:20.140   304   748 D AudioIntelHal/AudioPlatformState: route-parameter-manager: Configuration application request {
07-19 23:15:20.140   304   748 D AudioIntelHal/AudioPlatformState: route-parameter-manager:     Applying configurations {
07-19 23:15:20.140   304   748 D AudioIntelHal/AudioPlatformState: route-parameter-manager:         Applying configuration "Applicable" from domain "StreamRoute.Media.Playback"
07-19 23:15:20.140   304   748 D AudioIntelHal/AudioPlatformState: route-parameter-manager:         Applying configuration "No" from domain "StreamRoute.NeedReconfigure.Playback"
07-19 23:15:20.140   304   748 D AudioIntelHal/AudioPlatformState: route-parameter-manager:         Applying configuration "Yes" from domain "Route.HwCodecIA.Playback.Applicable"
07-19 23:15:20.140   304   748 D AudioIntelHal/AudioPlatformState: route-parameter-manager:         Applying configuration "Selected" from domain "Parameter.Outputflags.Primary"
07-19 23:15:20.140   304   748 D AudioIntelHal/AudioPlatformState: route-parameter-manager:     } Applying configurations
07-19 23:15:20.140   304   748 D AudioIntelHal/AudioPlatformState: route-parameter-manager: } Configuration application request
07-19 23:15:20.140   304   748 D EVENT_THREAD: void CEventThread::trig(void*, uint32_t): in
07-19 23:15:20.140   304   748 D EVENT_THREAD: void CEventThread::trig(void*, uint32_t): out
07-19 23:15:20.157   304   748 I KERNEL  : [294123.901250] snd_merr_dpcm_rt5647: switch_ctrl_ioctl: audio_mode 0
07-19 23:15:20.150   304   746 D RouteManager: doReconsiderRouting: Route state:
07-19 23:15:20.150   304   746 D RouteManager: 	-Previously Enabled Route in Input = Media|HwCodecIA
07-19 23:15:20.150   304   746 D RouteManager: 	-Previously Enabled Route in Output = <none>
07-19 23:15:20.150   304   746 D RouteManager: 	-Selected Route in Input = Media|HwCodecIA
07-19 23:15:20.150   304   746 D RouteManager: 	-Selected Route in Output = Media|HwCodecIA
07-19 23:15:20.150   304   746 D RouteManager: 		-executeMuteRoutingStage-
07-19 23:15:20.150   304   746 D RouteManager: audio-parameter-manager: Selection criterion changed event: Criterion name: RoutageState, current state: Flow
07-19 23:15:20.150   304   746 D RouteManager: audio-parameter-manager: Configuration application request {
07-19 23:15:20.150   304   746 D RouteManager: audio-parameter-manager:     Applying configurations {
07-19 23:15:20.150   304   746 D RouteManager: audio-parameter-manager:         Applying configuration "Locked" from domain "Routing.Sst.Enable.VoiceProcessingLock.Uplink"
07-19 23:15:20.150   304   746 D RouteManager: audio-parameter-manager:         Applying configuration "Locked" from domain "Routing.Sst.Enable.VoiceProcessingLock.Downlink"
07-19 23:15:20.150   304  1194 E OMXVideoDecoder: buffer header is not in buffer header list
07-19 23:15:20.150   304   746 D RouteManager: audio-parameter-manager:     } Applying configurations
07-19 23:15:20.150   304   746 D RouteManager: audio-parameter-manager: } Configuration application request
07-19 23:15:20.150   304   746 D RouteManager: 		-executeDisableRoutingStage-
07-19 23:15:20.150   304   746 D RouteManager: audio-parameter-manager: Selection criterion changed event: Criterion name: RoutageState, current state: Path
07-19 23:15:20.150   304   746 D RouteManager: audio-parameter-manager: Configuration application request {
07-19 23:15:20.150   304   746 D RouteManager: audio-parameter-manager:     Applying configurations {
07-19 23:15:20.150   304   746 D RouteManager: audio-parameter-manager:     } Applying configurations
07-19 23:15:20.150   304   746 D RouteManager: audio-parameter-manager: } Configuration application request
07-19 23:15:20.150   304   746 D RouteManager: 		-executeConfigureRoutingStage-
07-19 23:15:20.150   304   746 D RouteManager: audio-parameter-manager: Selection criterion changed event: Criterion name: RoutageState, current state: Configure
07-19 23:15:20.150   304   746 D RouteManager: audio-parameter-manager: Selection criterion changed event: Criterion name: OpenedPlaybackRoutes, current state: Media|HwCodecIA
07-19 23:15:20.150   304   746 D RouteManager: audio-parameter-manager: Selection criterion changed event: Criterion name: OutputFlags, current state: primary
07-19 23:15:20.150   304   746 D RouteManager: audio-parameter-manager: Configuration application request {
07-19 23:15:20.150   304   746 D RouteManager: audio-parameter-manager:     Applying configurations {
07-19 23:15:20.150   304   746 D RouteManager: audio-parameter-manager:         Applying configuration "On" from domain "Routing.Configure.HWCodec.Playback.Mixers.Speaker"
07-19 23:15:20.150   267   370 I ISVProfile: static int32_t ISVProfile::getGlobalStatus(): /data/user/0/com.intel.vpp/shared_prefs/vpp_settings.xml
07-19 23:15:20.150   267   370 E ISVProfile: static int32_t ISVProfile::getGlobalStatus(): failed to open file /data/user/0/com.intel.vpp/shared_prefs/vpp_settings.xml
07-19 23:15:20.150   267   370 I ISVProfile: static int32_t ISVProfile::getGlobalStatus(): using the default status: VPP=OFF, FRC=OFF
07-19 23:15:20.150   267   370 I ISVProfile: static int32_t ISVProfile::getGlobalStatus(): /data/user/0/com.intel.vpp/shared_prefs/vpp_settings.xml
07-19 23:15:20.150   267   370 E ISVProfile: static int32_t ISVProfile::getGlobalStatus(): failed to open file /data/user/0/com.intel.vpp/shared_prefs/vpp_settings.xml
07-19 23:15:20.150   267   370 I ISVProfile: static int32_t ISVProfile::getGlobalStatus(): using the default status: VPP=OFF, FRC=OFF
07-19 23:15:20.150   304   746 D RouteManager: audio-parameter-manager:     } Applying configurations
07-19 23:15:20.150   304   746 D RouteManager: audio-parameter-manager: } Configuration application request
07-19 23:15:20.150   304   746 D RouteManager: 		-executeEnableRoutingStage-
07-19 23:15:20.150   304   746 D RouteManager: audio-parameter-manager: Selection criterion changed event: Criterion name: RoutageState, current state: Path|Configure
07-19 23:15:20.150   304 14040 I libva   : va_openDriver() returns 0
07-19 23:15:20.150   304   746 D RouteManager: audio-parameter-manager: Configuration application request {
07-19 23:15:20.150   304 14040 I VideoDecoder: set colorMatrix: 0x0 
07-19 23:15:20.150   304 14040 I VideoDecoder: set videoRange: 0 
07-19 23:15:20.150   304   746 D RouteManager: audio-parameter-manager:     Applying configurations {
07-19 23:15:20.150   304   746 D RouteManager: audio-parameter-manager:         Applying configuration "Bind" from domain "Routing.Sst.Enable.Playback.SpeakerEqToSprot"
07-19 23:15:20.150   304   746 D RouteManager: audio-parameter-manager:         Applying configuration "Bind" from domain "Routing.Sst.Enable.Playback.Media.ToSpeakerEq"
07-19 23:15:20.150   304   746 D RouteManager: audio-parameter-manager:         Applying configuration "Bind" from domain "Routing.Sst.Enable.Playback.HwCodec.SprotToSpeaker"
07-19 23:15:20.150   304   746 D RouteManager: audio-parameter-manager:         Applying configuration "Enable" from domain "Routing.Enable.HwCodec.Playback.Speaker"
07-19 23:15:20.150   304 14040 I VideoDecoder: No slice available for decoding.
07-19 23:15:20.150   304  1426 E OMXVideoDecoder: buffer header is not in buffer header list
07-19 23:15:20.150   304   746 D RouteManager: audio-parameter-manager:     } Applying configurations
07-19 23:15:20.150   304   746 D RouteManager: audio-parameter-manager: } Configuration application request
07-19 23:15:20.150   304   746 D TinyAlsaAudioDevice: open: card (rt5647audio, 0) 
07-19 23:15:20.150   304   746 D TinyAlsaAudioDevice: 	 config (rate=48000 format=0 channels= 2).
07-19 23:15:20.150   304   746 D TinyAlsaAudioDevice: 	 RingBuffer config: periodSize=960 nbPeriod=2startTh=959 stop Th=1920 silence Th=0
07-19 23:15:20.157   304   748 I KERNEL  : [294123.901277] snd_merr_dpcm_rt5647: switch_ctrl_ioctl: is_incall status false
07-19 23:15:20.160 13939 14039 D SurfaceUtils: set up nativeWindow 0xcd3e2008 for 480x272, color 0x7fa00e00, rotation 0, usage 0x2922
07-19 23:15:20.170 11341 11341 D wpa_supplicant: wlan0: BSS: Remove id 8317 BSSID ac:c6:62:1f:97:db SSID 'Wagner08-5G' due to wpa_bss_flush_by_age
07-19 23:15:20.170 11341 11341 D wpa_supplicant: CTRL-DEBUG: ctrl_sock-sendmsg: sock=12 sndbuf=212992 outq=0 send_len=45
07-19 23:15:20.170 11341 11341 D wpa_supplicant: CTRL_IFACE monitor sent successfully to /data/misc/wifi/sockets/wpa_ctrl_711-9\x00
07-19 23:15:20.170 11341 11341 D wpa_supplicant: wlan0: BSS: Remove id 8292 BSSID e0:41:36:fb:c1:2a SSID 'Canada' due to wpa_bss_flush_by_age
07-19 23:15:20.170 11341 11341 D wpa_supplicant: CTRL-DEBUG: ctrl_sock-sendmsg: sock=12 sndbuf=212992 outq=768 send_len=45
07-19 23:15:20.170 11341 11341 D wpa_supplicant: CTRL_IFACE monitor sent successfully to /data/misc/wifi/sockets/wpa_ctrl_711-9\x00
07-19 23:15:20.170 11341 11341 D wpa_supplicant: wlan0: BSS: Remove id 8319 BSSID fc:b0:c4:d2:29:4f SSID 'w-m2120n' due to wpa_bss_flush_by_age
07-19 23:15:20.170 11341 11341 D wpa_supplicant: CTRL-DEBUG: ctrl_sock-sendmsg: sock=12 sndbuf=212992 outq=1536 send_len=45
07-19 23:15:20.170 11341 11341 D wpa_supplicant: CTRL_IFACE monitor sent successfully to /data/misc/wifi/sockets/wpa_ctrl_711-9\x00
07-19 23:15:20.170 11341 11341 D wpa_supplicant: wlan0: BSS: Remove id 8320 BSSID fc:b0:c4:d2:29:4e SSID 'DIEGO' due to wpa_bss_flush_by_age
07-19 23:15:20.170 11341 11341 D wpa_supplicant: CTRL-DEBUG: ctrl_sock-sendmsg: sock=12 sndbuf=212992 outq=2304 send_len=45
07-19 23:15:20.170 11341 11341 D wpa_supplicant: CTRL_IFACE monitor sent successfully to /data/misc/wifi/sockets/wpa_ctrl_711-9\x00
07-19 23:15:20.170 11341 11341 D wpa_supplicant: wlan0: BSS: Remove id 8321 BSSID 18:a6:f7:9a:40:a7 SSID 'Tita38' due to wpa_bss_flush_by_age
07-19 23:15:20.170 11341 11341 D wpa_supplicant: CTRL-DEBUG: ctrl_sock-sendmsg: sock=12 sndbuf=212992 outq=3072 send_len=45
07-19 23:15:20.170 11341 11341 D wpa_supplicant: CTRL_IFACE monitor sent successfully to /data/misc/wifi/sockets/wpa_ctrl_711-9\x00
07-19 23:15:20.190   304 14044 I OMXVideoDecoder: Buffer has OMX_BUFFERFLAG_CODECCONFIG flag.
07-19 23:15:20.190   304 14044 I VideoDecoder: maxDPBSize = 16, num_ref_frame = 6
07-19 23:15:20.190   304 14044 I VideoDecoder: updateFormatInfo: current size: 480 x 272, new size: 480 x 272
07-19 23:15:20.190   304 14044 I VideoDecoder: Cropping: left = 0, top = 0, right = 0, bottom = 2
07-19 23:15:20.190   304 14044 I VideoDecoder: WiDi is not enabled
07-19 23:15:20.190   304 14044 I VideoDecoder: actualBufferNeeded =19
07-19 23:15:20.190   304 14044 I libva   : VA-API version 0.34.0
07-19 23:15:20.190   304 14044 I libva   : va_getDriverName() returns 0
07-19 23:15:20.190   304 14044 I libva   : Trying to open /system/lib/pvr_drv_video.so
07-19 23:15:20.190   304 14044 I libva   : Found init function __vaDriverInit_0_32
07-19 23:15:20.200   267   370 I ISVProfile: static int32_t ISVProfile::getGlobalStatus(): /data/user/0/com.intel.vpp/shared_prefs/vpp_settings.xml
07-19 23:15:20.200   267   370 E ISVProfile: static int32_t ISVProfile::getGlobalStatus(): failed to open file /data/user/0/com.intel.vpp/shared_prefs/vpp_settings.xml
07-19 23:15:20.200   267   370 I ISVProfile: static int32_t ISVProfile::getGlobalStatus(): using the default status: VPP=OFF, FRC=OFF
07-19 23:15:20.200   267   370 I ISVProfile: static int32_t ISVProfile::getGlobalStatus(): /data/user/0/com.intel.vpp/shared_prefs/vpp_settings.xml
07-19 23:15:20.200   267   370 E ISVProfile: static int32_t ISVProfile::getGlobalStatus(): failed to open file /data/user/0/com.intel.vpp/shared_prefs/vpp_settings.xml
07-19 23:15:20.200   267   370 I ISVProfile: static int32_t ISVProfile::getGlobalStatus(): using the default status: VPP=OFF, FRC=OFF
07-19 23:15:20.200   304 14044 I libva   : va_openDriver() returns 0
07-19 23:15:20.200   304 14044 I VideoDecoder: set colorMatrix: 0x0 
07-19 23:15:20.200   304 14044 I VideoDecoder: set videoRange: 0 
07-19 23:15:20.200   304 14044 I VideoDecoder: No slice available for decoding.
07-19 23:15:20.230   267   267 D hwcomposer: void android::intel::DisplayAnalyzer::handleIdleExitEvent(): handling idle exit event
07-19 23:15:20.290   267   293 D hwcomposer: void android::intel::UeventObserver::onUevent(): received Uevent: REPEATED_FRAME
07-19 23:15:20.290   267   293 D hwcomposer: virtual void android::intel::Hwcomposer::invalidate(): invalidating screen...
07-19 23:15:20.290   267   267 W hwcomposer: void android::intel::DisplayAnalyzer::handleVideoEvent(int, int): session number does not match!!
07-19 23:15:20.320  1251  1251 D XT9IME  : onStartInput isInputViewShown() = false isShowInputRequested() = false
07-19 23:15:20.334   201   224 I KERNEL  : [294124.077598] type=1400 audit(1500516920.320:42151): avc: denied { ioctl } for pid=722 comm="Binder_1" path="socket:[1728156]" dev="sockfs" ino=1728156 ioctlcmd=7704 scontext=u:r:system_server:s0 tcontext=u:r:system_server:s0 tclass=unix_stream_socket permissive=1
07-19 23:15:20.320  1251  1251 D ACSDK   : onShowWindow
07-19 23:15:20.330  1251  1251 D ToolbarItemManager: load tb str : 1;2;3;4;5;15;14;13;11;6;7
07-19 23:15:20.334   201   224 I KERNEL  : [294124.077739] type=1400 audit(1500516920.320:42152): avc: denied { ioctl } for pid=722 comm="Binder_1" path="socket:[1728156]" dev="sockfs" ino=1728156 ioctlcmd=7704 scontext=u:r:system_server:s0 tcontext=u:r:system_server:s0 tclass=unix_stream_socket permissive=1
07-19 23:15:20.343   201   224 I KERNEL  : [294124.087360] type=1400 audit(1500516920.330:42153): avc: denied { ioctl } for pid=879 comm="Binder_4" path="socket:[1728156]" dev="sockfs" ino=1728156 ioctlcmd=7704 scontext=u:r:system_server:s0 tcontext=u:r:system_server:s0 tclass=unix_stream_socket permissive=1
07-19 23:15:20.340  1251  1251 I XT9IME.AlphaInputView: AlphaInputView initTrace pageNumber = 0x0
07-19 23:15:20.340 13939 13939 I chromium: [INFO:CONSOLE(101069)] "app.components.ts.25 isApp:", source: file:///android_asset/www/build/main.js (101069)
07-19 23:15:20.343   201   224 I KERNEL  : [294124.087502] type=1400 audit(1500516920.330:42154): avc: denied { ioctl } for pid=879 comm="Binder_4" path="socket:[1728156]" dev="sockfs" ino=1728156 ioctlcmd=7704 scontext=u:r:system_server:s0 tcontext=u:r:system_server:s0 tclass=unix_stream_socket permissive=1
07-19 23:15:20.350   267   293 D hwcomposer: void android::intel::UeventObserver::onUevent(): received Uevent: REPEATED_FRAME
07-19 23:15:20.350   267   293 D hwcomposer: virtual void android::intel::Hwcomposer::invalidate(): invalidating screen...
07-19 23:15:20.350 13939 13939 I chromium: [INFO:CONSOLE(101072)] "app.components.ts.28", source: file:///android_asset/www/build/main.js (101072)
07-19 23:15:20.360 13939 13939 I chromium: [INFO:CONSOLE(335)] "Angular 1 was detected but $q couldn't be retrieved. This is usually when the app is not bootstrapped on the html or body tag. Falling back to native promises which won't trigger an automatic digest when promises resolve.", source: file:///android_asset/www/build/main.js (335)
07-19 23:15:20.360 13939 13939 I chromium: [INFO:CONSOLE(101099)] "app.components.45 Device UUid:", source: file:///android_asset/www/build/main.js (101099)
07-19 23:15:20.370 13939 13939 I chromium: [INFO:CONSOLE(101100)] "app.components.46 Device cordova is: 6.2.3", source: file:///android_asset/www/build/main.js (101100)
07-19 23:15:20.370  1251  1251 D ToolbarItemManager: load tb str : 1;2;3;4;5;15;14;13;11;6;7
07-19 23:15:20.370 13939 13939 I chromium: [INFO:CONSOLE(101101)] "app.components.47 Device model is: ASUS_Z00AD", source: file:///android_asset/www/build/main.js (101101)
07-19 23:15:20.370 13939 13939 I chromium: [INFO:CONSOLE(101102)] "app.components.48 Device platform is: Android", source: file:///android_asset/www/build/main.js (101102)
07-19 23:15:20.370 13939 13939 I chromium: [INFO:CONSOLE(101103)] "app.components.49 Device OS version is: 6.0.1", source: file:///android_asset/www/build/main.js (101103)
07-19 23:15:20.370 13939 13939 I chromium: [INFO:CONSOLE(101104)] "app.components.50 Device manufacturer is: asus", source: file:///android_asset/www/build/main.js (101104)
07-19 23:15:20.370 13939 13939 I chromium: [INFO:CONSOLE(101105)] "app.components.51 Device serial is: G8AZB600J712756", source: file:///android_asset/www/build/main.js (101105)
07-19 23:15:20.370 13939 13939 I chromium: [INFO:CONSOLE(101106)] "app.components.52 Device isVirtual: false", source: file:///android_asset/www/build/main.js (101106)
07-19 23:15:20.370 13939 13939 I chromium: [INFO:CONSOLE(56801)] "home.ts.54 cordova, mobile, android isApp: true", source: file:///android_asset/www/build/main.js (56801)
07-19 23:15:20.380  1251  1251 D XT9IME  : showWindow
07-19 23:15:20.380   899 15732 D StatusBar: onNotificationPosted: StatusBarNotification(pkg=android user=UserHandle{-1} id=17040359 tag=null score=0 key=-1|android|17040359|null|1000: Notification(pri=0 contentView=android/0x10900a2 vibrate=null sound=null defaults=0x0 flags=0x2 color=0xff060059 category=sys vis=PRIVATE))
07-19 23:15:20.390   304   746 D AudioConversion: configure: no convertion required
07-19 23:15:20.390   304   746 D RouteManager: 		-executeUnmuteRoutingStage-
07-19 23:15:20.390   304   746 D RouteManager: audio-parameter-manager: Selection criterion changed event: Criterion name: RoutageState, current state: Flow|Path|Configure
07-19 23:15:20.390   304   746 D RouteManager: audio-parameter-manager: Configuration application request {
07-19 23:15:20.390   304   746 D RouteManager: audio-parameter-manager:     Applying configurations {
07-19 23:15:20.390   304   746 D RouteManager: audio-parameter-manager:         Applying configuration "UnLocked" from domain "Routing.Sst.Enable.VoiceProcessingLock.Uplink"
07-19 23:15:20.390   304   746 D RouteManager: audio-parameter-manager:         Applying configuration "UnLocked" from domain "Routing.Sst.Enable.VoiceProcessingLock.Downlink"
07-19 23:15:20.390   304   746 D RouteManager: audio-parameter-manager:         Applying configuration "Unmute" from domain "Routing.Sst.Mute.HwCodec.Playback.Internal"
07-19 23:15:20.390   304   746 D RouteManager: audio-parameter-manager:         Applying configuration "Unmute" from domain "Routing.Sst.Mute.Media.Playback.Regular"
07-19 23:15:20.390   304   746 D RouteManager: audio-parameter-manager:     } Applying configurations
